Archive member included to satisfy reference by file (symbol)

.\ARM_GCC_541\Debug\DTMF_Decoder.a(ADC_DelSig_1.o)
                              .\ARM_GCC_541\Debug\main.o (ADC_DelSig_1_Start)
.\ARM_GCC_541\Debug\DTMF_Decoder.a(ADC_DelSig_1_INT.o)
                              .\ARM_GCC_541\Debug\DTMF_Decoder.a(ADC_DelSig_1.o) (ADC_DelSig_1_ISR1)
.\ARM_GCC_541\Debug\DTMF_Decoder.a(ADC_DelSig_1_AMux.o)
                              .\ARM_GCC_541\Debug\DTMF_Decoder.a(ADC_DelSig_1.o) (ADC_DelSig_1_AMux_Select)
.\ARM_GCC_541\Debug\DTMF_Decoder.a(ADC_DelSig_1_Ext_CP_Clk.o)
                              .\ARM_GCC_541\Debug\DTMF_Decoder.a(ADC_DelSig_1.o) (ADC_DelSig_1_Ext_CP_Clk_SetDividerRegister)
.\ARM_GCC_541\Debug\DTMF_Decoder.a(ADC_DelSig_1_theACLK.o)
                              .\ARM_GCC_541\Debug\DTMF_Decoder.a(ADC_DelSig_1.o) (ADC_DelSig_1_theACLK_SetDividerRegister)
.\ARM_GCC_541\Debug\DTMF_Decoder.a(CyDmac.o)
                              .\ARM_GCC_541\Debug\Cm3Start.o (CyDmacConfigure)
.\ARM_GCC_541\Debug\DTMF_Decoder.a(CyLib.o)
                              .\ARM_GCC_541\Debug\Cm3Start.o (CyResetStatus)
.\ARM_GCC_541\Debug\DTMF_Decoder.a(cyPm.o)
                              .\ARM_GCC_541\Debug\DTMF_Decoder.a(CyLib.o) (CyPmReadStatus)
.\ARM_GCC_541\Debug\DTMF_Decoder.a(UART_1.o)
                              .\ARM_GCC_541\Debug\main.o (UART_1_Start)
.\ARM_GCC_541\Debug\DTMF_Decoder.a(UART_1_IntClock.o)
                              .\ARM_GCC_541\Debug\DTMF_Decoder.a(UART_1.o) (UART_1_IntClock_Start)
.\ARM_GCC_541\Debug\DTMF_Decoder.a(WaveDAC8.o)
                              .\ARM_GCC_541\Debug\main.o (WaveDAC8_Start)
.\ARM_GCC_541\Debug\DTMF_Decoder.a(WaveDAC8_DacClk.o)
                              .\ARM_GCC_541\Debug\DTMF_Decoder.a(WaveDAC8.o) (WaveDAC8_DacClk_Start)
.\ARM_GCC_541\Debug\DTMF_Decoder.a(WaveDAC8_Wave1_DMA_dma.o)
                              .\ARM_GCC_541\Debug\DTMF_Decoder.a(WaveDAC8.o) (WaveDAC8_Wave1_DMA_DmaInitialize)
.\ARM_GCC_541\Debug\DTMF_Decoder.a(WaveDAC8_Wave2_DMA_dma.o)
                              .\ARM_GCC_541\Debug\DTMF_Decoder.a(WaveDAC8.o) (WaveDAC8_Wave2_DMA_DmaInitialize)
.\ARM_GCC_541\Debug\DTMF_Decoder.a(WaveDAC8_VDAC8.o)
                              .\ARM_GCC_541\Debug\DTMF_Decoder.a(WaveDAC8.o) (WaveDAC8_VDAC8_Init)
.\ARM_GCC_541\Debug\DTMF_Decoder.a(Timer.o)
                              .\ARM_GCC_541\Debug\main.o (Timer_Start)
.\ARM_GCC_541\Debug\DTMF_Decoder.a(isr.o)
                              .\ARM_GCC_541\Debug\main.o (isr_StartEx)
.\ARM_GCC_541\Debug\DTMF_Decoder.a(CyBootAsmGnu.o)
                              .\ARM_GCC_541\Debug\cyfitter_cfg.o (CyDelayCycles)
.\ARM_GCC_541\Debug\DTMF_Decoder.a(CyFlash.o)
                              .\ARM_GCC_541\Debug\DTMF_Decoder.a(cyPm.o) (CyFlash_SetWaitCycles)
.\ARM_GCC_541\Debug\DTMF_Decoder.a(CySpc.o)
                              .\ARM_GCC_541\Debug\DTMF_Decoder.a(CyFlash.o) (CySpcStart)
c:/program files (x86)/cypress/psoc creator/4.1/psoc creator/import/gnu/arm/5.4.1/bin/../lib/gcc/arm-none-eabi/5.4.1/../../../../arm-none-eabi/lib/armv7-m\libm.a(lib_a-s_cos.o)
                              .\ARM_GCC_541\Debug\main.o (cos)
c:/program files (x86)/cypress/psoc creator/4.1/psoc creator/import/gnu/arm/5.4.1/bin/../lib/gcc/arm-none-eabi/5.4.1/../../../../arm-none-eabi/lib/armv7-m\libm.a(lib_a-w_sqrt.o)
                              .\ARM_GCC_541\Debug\main.o (sqrt)
c:/program files (x86)/cypress/psoc creator/4.1/psoc creator/import/gnu/arm/5.4.1/bin/../lib/gcc/arm-none-eabi/5.4.1/../../../../arm-none-eabi/lib/armv7-m\libm.a(lib_a-e_rem_pio2.o)
                              c:/program files (x86)/cypress/psoc creator/4.1/psoc creator/import/gnu/arm/5.4.1/bin/../lib/gcc/arm-none-eabi/5.4.1/../../../../arm-none-eabi/lib/armv7-m\libm.a(lib_a-s_cos.o) (__ieee754_rem_pio2)
c:/program files (x86)/cypress/psoc creator/4.1/psoc creator/import/gnu/arm/5.4.1/bin/../lib/gcc/arm-none-eabi/5.4.1/../../../../arm-none-eabi/lib/armv7-m\libm.a(lib_a-e_sqrt.o)
                              c:/program files (x86)/cypress/psoc creator/4.1/psoc creator/import/gnu/arm/5.4.1/bin/../lib/gcc/arm-none-eabi/5.4.1/../../../../arm-none-eabi/lib/armv7-m\libm.a(lib_a-w_sqrt.o) (__ieee754_sqrt)
c:/program files (x86)/cypress/psoc creator/4.1/psoc creator/import/gnu/arm/5.4.1/bin/../lib/gcc/arm-none-eabi/5.4.1/../../../../arm-none-eabi/lib/armv7-m\libm.a(lib_a-k_cos.o)
                              c:/program files (x86)/cypress/psoc creator/4.1/psoc creator/import/gnu/arm/5.4.1/bin/../lib/gcc/arm-none-eabi/5.4.1/../../../../arm-none-eabi/lib/armv7-m\libm.a(lib_a-s_cos.o) (__kernel_cos)
c:/program files (x86)/cypress/psoc creator/4.1/psoc creator/import/gnu/arm/5.4.1/bin/../lib/gcc/arm-none-eabi/5.4.1/../../../../arm-none-eabi/lib/armv7-m\libm.a(lib_a-k_rem_pio2.o)
[...]
Memory Configuration

Name             Origin             Length             Attributes
rom              0x00000000         0x00040000         xr
ram              0x1fff8000         0x00010000         xrw
*default*        0x00000000         0xffffffff

Linker script and memory map

LOAD c:/program files (x86)/cypress/psoc creator/4.1/psoc creator/import/gnu/arm/5.4.1/bin/../lib/gcc/arm-none-eabi/5.4.1/armv7-m/crti.o
LOAD c:/program files (x86)/cypress/psoc creator/4.1/psoc creator/import/gnu/arm/5.4.1/bin/../lib/gcc/arm-none-eabi/5.4.1/armv7-m/crtbegin.o
LOAD c:/program files (x86)/cypress/psoc creator/4.1/psoc creator/import/gnu/arm/5.4.1/bin/../lib/gcc/arm-none-eabi/5.4.1/../../../../arm-none-eabi/lib/armv7-m/crt0.o
START GROUP
LOAD .\ARM_GCC_541\Debug\main.o
LOAD .\ARM_GCC_541\Debug\cyfitter_cfg.o
LOAD .\ARM_GCC_541\Debug\cymetadata.o
LOAD .\ARM_GCC_541\Debug\Cm3Start.o
LOAD .\ARM_GCC_541\Debug\DTMF_Decoder.a
LOAD C:\Program Files (x86)\Cypress\PSoC Creator\4.1\PSoC Creator\psoc\content\cycomponentlibrary\CyComponentLibrary.cylib\CortexM3\ARM_GCC_541\Debug\CyComponentLibrary.a
LOAD c:/program files (x86)/cypress/psoc creator/4.1/psoc creator/import/gnu/arm/5.4.1/bin/../lib/gcc/arm-none-eabi/5.4.1/../../../../arm-none-eabi/lib/armv7-m\libm.a
END GROUP
START GROUP
LOAD c:/program files (x86)/cypress/psoc creator/4.1/psoc creator/import/gnu/arm/5.4.1/bin/../lib/gcc/arm-none-eabi/5.4.1/armv7-m\libgcc.a
LOAD c:/program files (x86)/cypress/psoc creator/4.1/psoc creator/import/gnu/arm/5.4.1/bin/../lib/gcc/arm-none-eabi/5.4.1/../../../../arm-none-eabi/lib/armv7-m\libg_nano.a
LOAD c:/program files (x86)/cypress/psoc creator/4.1/psoc creator/import/gnu/arm/5.4.1/bin/../lib/gcc/arm-none-eabi/5.4.1/../../../../arm-none-eabi/lib/armv7-m\libc_nano.a
END GROUP
START GROUP
LOAD c:/program files (x86)/cypress/psoc creator/4.1/psoc creator/import/gnu/arm/5.4.1/bin/../lib/gcc/arm-none-eabi/5.4.1/armv7-m\libgcc.a
LOAD c:/program files (x86)/cypress/psoc creator/4.1/psoc creator/import/gnu/arm/5.4.1/bin/../lib/gcc/arm-none-eabi/5.4.1/../../../../arm-none-eabi/lib/armv7-m\libc_nano.a
END GROUP
LOAD c:/program files (x86)/cypress/psoc creator/4.1/psoc creator/import/gnu/arm/5.4.1/bin/../lib/gcc/arm-none-eabi/5.4.1/armv7-m/crtend.o
LOAD c:/program files (x86)/cypress/psoc creator/4.1/psoc creator/import/gnu/arm/5.4.1/bin/../lib/gcc/arm-none-eabi/5.4.1/armv7-m/crtn.o
START GROUP
LOAD c:/program files (x86)/cypress/psoc creator/4.1/psoc creator/import/gnu/arm/5.4.1/bin/../lib/gcc/arm-none-eabi/5.4.1/armv7-m\libgcc.a
LOAD c:/program files (x86)/cypress/psoc creator/4.1/psoc creator/import/gnu/arm/5.4.1/bin/../lib/gcc/arm-none-eabi/5.4.1/../../../../arm-none-eabi/lib/armv7-m\libc.a
LOAD c:/program files (x86)/cypress/psoc creator/4.1/psoc creator/import/gnu/arm/5.4.1/bin/../lib/gcc/arm-none-eabi/5.4.1/../../../../arm-none-eabi/lib/armv7-m\libnosys.a
END GROUP
                0x00000000                CY_APPL_ORIGIN = 0x0
                0x00000100                CY_FLASH_ROW_SIZE = 0x100
                0x00000020                CY_ECC_ROW_SIZE = 0x20
                0x00000000                CY_EE_IN_BTLDR = 0x0
                0x00000000                CY_APPL_LOADABLE = 0x0
                0x00000800                CY_EE_SIZE = 0x800
                0x00000001                CY_APPL_NUM = 0x1
                0x00000001                CY_APPL_MAX = 0x1
                0x00000040                CY_METADATA_SIZE = 0x40
                0x00000000                CY_APPL_LOADABLE = 0x0
                0x00000000                CY_CHECKSUM_EXCLUDE_SIZE = ALIGN (0x0, CY_FLASH_ROW_SIZE)
                [!provide]                PROVIDE (__cy_heap_start, _end)
                0x00000001                PROVIDE (__cy_region_num, ((__cy_regions_end - __cy_regions) / 0x10))
                0x20008000                PROVIDE (__cy_stack, (ORIGIN (ram) + LENGTH (ram)))
                [!provide]                PROVIDE (__cy_heap_end, (__cy_stack - 0x800))

.cybootloader   0x00000000        0x0
 *(.cybootloader)
                0x00000000                appl1_start = CY_APPL_ORIGIN?CY_APPL_ORIGIN:ALIGN (CY_FLASH_ROW_SIZE)
                0x0001ff00                appl2_start = (appl1_start + ALIGN ((((LENGTH (rom) - appl1_start) - (0x2 * CY_FLASH_ROW_SIZE)) / 0x2), CY_FLASH_ROW_SIZE))
                0x00000000                appl_start = (CY_APPL_NUM == 0x1)?appl1_start:appl2_start
                0x00000000                ecc_offset = ((appl_start / CY_FLASH_ROW_SIZE) * CY_ECC_ROW_SIZE)
                0x00000000                ee_offset = (CY_APPL_LOADABLE && ! (CY_EE_IN_BTLDR))?((CY_EE_SIZE / CY_APPL_MAX) * (CY_APPL_NUM - 0x1)):0x0
                0x00000800                ee_size = (CY_APPL_LOADABLE && ! (CY_EE_IN_BTLDR))?(CY_EE_SIZE / CY_APPL_MAX):CY_EE_SIZE
                [!provide]                PROVIDE (CY_ECC_OFFSET, ecc_offset)

.text           0x00000000     0x54a0
 CREATE_OBJECT_SYMBOLS
                0x00000000                PROVIDE (__cy_interrupt_vector, RomVectors)
 *(.romvectors)
 .romvectors    0x00000000       0x10 .\ARM_GCC_541\Debug\Cm3Start.o
                0x00000000                RomVectors
                0x00000001                ASSERT ((. != __cy_interrupt_vector), No interrupt vector)
                0x00000001                ASSERT (CY_APPL_ORIGIN?(SIZEOF (.cybootloader) <= CY_APPL_ORIGIN):0x1, Wrong image location)
                0x00000010                PROVIDE (__cy_reset, Reset)
 *(.text.Reset)
 .text.Reset    0x00000010       0x18 .\ARM_GCC_541\Debug\Cm3Start.o
                0x00000010                Reset
                0x00000001                ASSERT ((. != __cy_reset), No reset code)
 *(.dma_init)
                0x00000001                ASSERT ((((appl_start + .) <= 0x10000) || 0x1), DMA Init must be within the first 64k of flash)
 *(.text .text.* .gnu.linkonce.t.*)
 .text          0x00000028       0x5c c:/program files (x86)/cypress/psoc creator/4.1/psoc creator/import/gnu/arm/5.4.1/bin/../lib/gcc/arm-none-eabi/5.4.1/armv7-m/crtbegin.o
 .text.Transmit
                0x00000084       0x84 .\ARM_GCC_541\Debug\main.o
                0x00000084                Transmit
 .text.goertzel_filter
                0x00000108      0x194 .\ARM_GCC_541\Debug\main.o
                0x00000108                goertzel_filter
 .text.goertzel_coefficient
                0x0000029c       0x70 .\ARM_GCC_541\Debug\main.o
                0x0000029c                goertzel_coefficient
 *fill*         0x0000030c        0x4 
 .text.goertzel_compute
                0x00000310      0x4cc .\ARM_GCC_541\Debug\main.o
                0x00000310                goertzel_compute
 .text.main     0x000007dc       0xc0 .\ARM_GCC_541\Debug\main.o
                0x000007dc                main
 .text.CYMEMZERO
                0x0000089c       0x1c .\ARM_GCC_541\Debug\cyfitter_cfg.o
 .text.CYCONFIGCPY
                0x000008b8       0x20 .\ARM_GCC_541\Debug\cyfitter_cfg.o
 .text.CyClockStartupError
                0x000008d8        0xc .\ARM_GCC_541\Debug\cyfitter_cfg.o
 .text.cfg_write_bytes32
                0x000008e4       0x74 .\ARM_GCC_541\Debug\cyfitter_cfg.o
 .text.ClockSetup
                0x00000958      0x184 .\ARM_GCC_541\Debug\cyfitter_cfg.o
 .text.AnalogSetDefault
                0x00000adc       0x58 .\ARM_GCC_541\Debug\cyfitter_cfg.o
 .text.ADC_DelSig_1_AMux_Set
                0x00000b34       0x40 .\ARM_GCC_541\Debug\cyfitter_cfg.o
                0x00000b34                ADC_DelSig_1_AMux_Set
 .text.ADC_DelSig_1_AMux_Unset
                0x00000b74       0x44 .\ARM_GCC_541\Debug\cyfitter_cfg.o
                0x00000b74                ADC_DelSig_1_AMux_Unset
 .text.cyfitter_cfg
                0x00000bb8      0x158 .\ARM_GCC_541\Debug\cyfitter_cfg.o
                0x00000bb8                cyfitter_cfg
 .text.IntDefaultHandler
                0x00000d10       0x14 .\ARM_GCC_541\Debug\Cm3Start.o
                0x00000d10                IntDefaultHandler
 .text._sbrk    0x00000d24       0x50 .\ARM_GCC_541\Debug\Cm3Start.o
                0x00000d24                _sbrk
 .text.Start_c  0x00000d74       0x98 .\ARM_GCC_541\Debug\Cm3Start.o
                0x00000d74                Start_c
 .text.initialize_psoc
                0x00000e0c       0x94 .\ARM_GCC_541\Debug\Cm3Start.o
                0x00000e0c                initialize_psoc
 .text.ADC_DelSig_1_Init
                0x00000ea0      0x11c .\ARM_GCC_541\Debug\DTMF_Decoder.a(ADC_DelSig_1.o)
                0x00000ea0                ADC_DelSig_1_Init
 .text.ADC_DelSig_1_Enable
                0x00000fbc      0x158 .\ARM_GCC_541\Debug\DTMF_Decoder.a(ADC_DelSig_1.o)
                0x00000fbc                ADC_DelSig_1_Enable
 .text.ADC_DelSig_1_Start
                0x00001114       0x30 .\ARM_GCC_541\Debug\DTMF_Decoder.a(ADC_DelSig_1.o)
                0x00001114                ADC_DelSig_1_Start
 .text.ADC_DelSig_1_StartConvert
                0x00001144       0x20 .\ARM_GCC_541\Debug\DTMF_Decoder.a(ADC_DelSig_1.o)
                0x00001144                ADC_DelSig_1_StartConvert
 .text.ADC_DelSig_1_IsEndConversion
                0x00001164       0x4c .\ARM_GCC_541\Debug\DTMF_Decoder.a(ADC_DelSig_1.o)
                0x00001164                ADC_DelSig_1_IsEndConversion
 .text.ADC_DelSig_1_GetResult16
                0x000011b0       0x7c .\ARM_GCC_541\Debug\DTMF_Decoder.a(ADC_DelSig_1.o)
                0x000011b0                ADC_DelSig_1_GetResult16
 .text.ADC_DelSig_1_InitConfig
                0x0000122c      0x164 .\ARM_GCC_541\Debug\DTMF_Decoder.a(ADC_DelSig_1.o)
 .text.ADC_DelSig_1_GainCompensation
                0x00001390      0x170 .\ARM_GCC_541\Debug\DTMF_Decoder.a(ADC_DelSig_1.o)
 .text.ADC_DelSig_1_SetDSMRef0Reg
                0x00001500       0x7c .\ARM_GCC_541\Debug\DTMF_Decoder.a(ADC_DelSig_1.o)
 .text.ADC_DelSig_1_ISR1
                0x0000157c        0xc .\ARM_GCC_541\Debug\DTMF_Decoder.a(ADC_DelSig_1_INT.o)
                0x0000157c                ADC_DelSig_1_ISR1
 .text.ADC_DelSig_1_AMux_Start
                0x00001588       0x34 .\ARM_GCC_541\Debug\DTMF_Decoder.a(ADC_DelSig_1_AMux.o)
                0x00001588                ADC_DelSig_1_AMux_Start
 .text.ADC_DelSig_1_AMux_Select
                0x000015bc       0x28 .\ARM_GCC_541\Debug\DTMF_Decoder.a(ADC_DelSig_1_AMux.o)
                0x000015bc                ADC_DelSig_1_AMux_Select
 .text.ADC_DelSig_1_Ext_CP_Clk_SetDividerRegister
                0x000015e4      0x164 .\ARM_GCC_541\Debug\DTMF_Decoder.a(ADC_DelSig_1_Ext_CP_Clk.o)
                0x000015e4                ADC_DelSig_1_Ext_CP_Clk_SetDividerRegister
 .text.ADC_DelSig_1_Ext_CP_Clk_GetDividerRegister
                0x00001748       0x18 .\ARM_GCC_541\Debug\DTMF_Decoder.a(ADC_DelSig_1_Ext_CP_Clk.o)
                0x00001748                ADC_DelSig_1_Ext_CP_Clk_GetDividerRegister
 .text.ADC_DelSig_1_Ext_CP_Clk_SetModeRegister
                0x00001760       0x34 .\ARM_GCC_541\Debug\DTMF_Decoder.a(ADC_DelSig_1_Ext_CP_Clk.o)
                0x00001760                ADC_DelSig_1_Ext_CP_Clk_SetModeRegister
 .text.ADC_DelSig_1_Ext_CP_Clk_GetSourceRegister
                0x00001794       0x1c .\ARM_GCC_541\Debug\DTMF_Decoder.a(ADC_DelSig_1_Ext_CP_Clk.o)
                0x00001794                ADC_DelSig_1_Ext_CP_Clk_GetSourceRegister
 .text.ADC_DelSig_1_theACLK_SetDividerRegister
                0x000017b0      0x164 .\ARM_GCC_541\Debug\DTMF_Decoder.a(ADC_DelSig_1_theACLK.o)
                0x000017b0                ADC_DelSig_1_theACLK_SetDividerRegister
 .text.ADC_DelSig_1_theACLK_GetDividerRegister
                0x00001914       0x18 .\ARM_GCC_541\Debug\DTMF_Decoder.a(ADC_DelSig_1_theACLK.o)
                0x00001914                ADC_DelSig_1_theACLK_GetDividerRegister
 .text.ADC_DelSig_1_theACLK_SetModeRegister
                0x0000192c       0x34 .\ARM_GCC_541\Debug\DTMF_Decoder.a(ADC_DelSig_1_theACLK.o)
                0x0000192c                ADC_DelSig_1_theACLK_SetModeRegister
 .text.ADC_DelSig_1_theACLK_GetSourceRegister
                0x00001960       0x1c .\ARM_GCC_541\Debug\DTMF_Decoder.a(ADC_DelSig_1_theACLK.o)
                0x00001960                ADC_DelSig_1_theACLK_GetSourceRegister
 .text.CyDmacConfigure
                0x0000197c       0x5c .\ARM_GCC_541\Debug\DTMF_Decoder.a(CyDmac.o)
                0x0000197c                CyDmacConfigure
 .text.CyDmaChEnable
                0x000019d8       0x8c .\ARM_GCC_541\Debug\DTMF_Decoder.a(CyDmac.o)
                0x000019d8                CyDmaChEnable
 .text.CyDmaChPriority
                0x00001a64       0x64 .\ARM_GCC_541\Debug\DTMF_Decoder.a(CyDmac.o)
                0x00001a64                CyDmaChPriority
 .text.CyDmaChSetExtendedAddress
                0x00001ac8       0x78 .\ARM_GCC_541\Debug\DTMF_Decoder.a(CyDmac.o)
                0x00001ac8                CyDmaChSetExtendedAddress
 .text.CyDmaChSetInitialTd
                0x00001b40       0x3c .\ARM_GCC_541\Debug\DTMF_Decoder.a(CyDmac.o)
                0x00001b40                CyDmaChSetInitialTd
 .text.CyDmaChSetConfiguration
                0x00001b7c       0xa0 .\ARM_GCC_541\Debug\DTMF_Decoder.a(CyDmac.o)
                0x00001b7c                CyDmaChSetConfiguration
 .text.CyDmaTdAllocate
                0x00001c1c       0x5c .\ARM_GCC_541\Debug\DTMF_Decoder.a(CyDmac.o)
                0x00001c1c                CyDmaTdAllocate
 .text.CyDmaTdSetConfiguration
                0x00001c78       0x80 .\ARM_GCC_541\Debug\DTMF_Decoder.a(CyDmac.o)
                0x00001c78                CyDmaTdSetConfiguration
 .text.CyDmaTdSetAddress
                0x00001cf8       0x5c .\ARM_GCC_541\Debug\DTMF_Decoder.a(CyDmac.o)
                0x00001cf8                CyDmaTdSetAddress
 .text.CyHalt   0x00001d54       0x18 .\ARM_GCC_541\Debug\DTMF_Decoder.a(CyLib.o)
                0x00001d54                CyHalt
 .text.CyDelayUs
                0x00001d6c       0x28 .\ARM_GCC_541\Debug\DTMF_Decoder.a(CyLib.o)
                0x00001d6c                CyDelayUs
 .text.CyIntSetVector
                0x00001d94       0x50 .\ARM_GCC_541\Debug\DTMF_Decoder.a(CyLib.o)
                0x00001d94                CyIntSetVector
 .text.CyIntSetPriority
                0x00001de4       0x48 .\ARM_GCC_541\Debug\DTMF_Decoder.a(CyLib.o)
                0x00001de4                CyIntSetPriority
 .text.UART_1_Start
                0x00001e2c       0x24 .\ARM_GCC_541\Debug\DTMF_Decoder.a(UART_1.o)
                0x00001e2c                UART_1_Start
 .text.UART_1_Init
                0x00001e50       0x40 .\ARM_GCC_541\Debug\DTMF_Decoder.a(UART_1.o)
                0x00001e50                UART_1_Init
 .text.UART_1_Enable
                0x00001e90       0x60 .\ARM_GCC_541\Debug\DTMF_Decoder.a(UART_1.o)
                0x00001e90                UART_1_Enable
 .text.UART_1_GetChar
                0x00001ef0       0x44 .\ARM_GCC_541\Debug\DTMF_Decoder.a(UART_1.o)
                0x00001ef0                UART_1_GetChar
 .text.UART_1_PutChar
                0x00001f34       0x34 .\ARM_GCC_541\Debug\DTMF_Decoder.a(UART_1.o)
                0x00001f34                UART_1_PutChar
 .text.UART_1_PutString
                0x00001f68       0x44 .\ARM_GCC_541\Debug\DTMF_Decoder.a(UART_1.o)
                0x00001f68                UART_1_PutString
 .text.UART_1_IntClock_Start
                0x00001fac       0x34 .\ARM_GCC_541\Debug\DTMF_Decoder.a(UART_1_IntClock.o)
                0x00001fac                UART_1_IntClock_Start
 .text.WaveDAC8_Init
                0x00001fe0       0x50 .\ARM_GCC_541\Debug\DTMF_Decoder.a(WaveDAC8.o)
                0x00001fe0                WaveDAC8_Init
 .text.WaveDAC8_Enable
                0x00002030       0x38 .\ARM_GCC_541\Debug\DTMF_Decoder.a(WaveDAC8.o)
                0x00002030                WaveDAC8_Enable
 .text.WaveDAC8_Start
                0x00002068       0x24 .\ARM_GCC_541\Debug\DTMF_Decoder.a(WaveDAC8.o)
                0x00002068                WaveDAC8_Start
 .text.WaveDAC8_Wave1Setup
                0x0000208c       0x68 .\ARM_GCC_541\Debug\DTMF_Decoder.a(WaveDAC8.o)
                0x0000208c                WaveDAC8_Wave1Setup
 .text.WaveDAC8_Wave2Setup
                0x000020f4       0x68 .\ARM_GCC_541\Debug\DTMF_Decoder.a(WaveDAC8.o)
                0x000020f4                WaveDAC8_Wave2Setup
 .text.WaveDAC8_DacClk_Start
                0x0000215c       0x34 .\ARM_GCC_541\Debug\DTMF_Decoder.a(WaveDAC8_DacClk.o)
                0x0000215c                WaveDAC8_DacClk_Start
 .text.WaveDAC8_Wave1_DMA_DmaInitialize
                0x00002190       0x64 .\ARM_GCC_541\Debug\DTMF_Decoder.a(WaveDAC8_Wave1_DMA_dma.o)
                0x00002190                WaveDAC8_Wave1_DMA_DmaInitialize
 .text.WaveDAC8_Wave2_DMA_DmaInitialize
                0x000021f4       0x64 .\ARM_GCC_541\Debug\DTMF_Decoder.a(WaveDAC8_Wave2_DMA_dma.o)
                0x000021f4                WaveDAC8_Wave2_DMA_DmaInitialize
 .text.WaveDAC8_VDAC8_Init
                0x00002258       0x3c .\ARM_GCC_541\Debug\DTMF_Decoder.a(WaveDAC8_VDAC8.o)
                0x00002258                WaveDAC8_VDAC8_Init
 .text.WaveDAC8_VDAC8_Enable
                0x00002294       0x34 .\ARM_GCC_541\Debug\DTMF_Decoder.a(WaveDAC8_VDAC8.o)
                0x00002294                WaveDAC8_VDAC8_Enable
 .text.WaveDAC8_VDAC8_SetSpeed
                0x000022c8       0x40 .\ARM_GCC_541\Debug\DTMF_Decoder.a(WaveDAC8_VDAC8.o)
                0x000022c8                WaveDAC8_VDAC8_SetSpeed
 .text.WaveDAC8_VDAC8_SetRange
                0x00002308       0x40 .\ARM_GCC_541\Debug\DTMF_Decoder.a(WaveDAC8_VDAC8.o)
                0x00002308                WaveDAC8_VDAC8_SetRange
 .text.WaveDAC8_VDAC8_SetValue
                0x00002348       0x20 .\ARM_GCC_541\Debug\DTMF_Decoder.a(WaveDAC8_VDAC8.o)
                0x00002348                WaveDAC8_VDAC8_SetValue
 .text.WaveDAC8_VDAC8_DacTrim
                0x00002368       0x3c .\ARM_GCC_541\Debug\DTMF_Decoder.a(WaveDAC8_VDAC8.o)
                0x00002368                WaveDAC8_VDAC8_DacTrim
 .text.Timer_Init
                0x000023a4       0xa0 .\ARM_GCC_541\Debug\DTMF_Decoder.a(Timer.o)
                0x000023a4                Timer_Init
 .text.Timer_Enable
                0x00002444       0x48 .\ARM_GCC_541\Debug\DTMF_Decoder.a(Timer.o)
                0x00002444                Timer_Enable
 .text.Timer_Start
                0x0000248c       0x24 .\ARM_GCC_541\Debug\DTMF_Decoder.a(Timer.o)
                0x0000248c                Timer_Start
 .text.Timer_SetInterruptMode
                0x000024b0       0x20 .\ARM_GCC_541\Debug\DTMF_Decoder.a(Timer.o)
                0x000024b0                Timer_SetInterruptMode
 .text.Timer_WritePeriod
                0x000024d0       0x24 .\ARM_GCC_541\Debug\DTMF_Decoder.a(Timer.o)
                0x000024d0                Timer_WritePeriod
 .text.Timer_WriteCounter
                0x000024f4       0x20 .\ARM_GCC_541\Debug\DTMF_Decoder.a(Timer.o)
                0x000024f4                Timer_WriteCounter
 .text.isr_StartEx
                0x00002514       0x24 .\ARM_GCC_541\Debug\DTMF_Decoder.a(isr.o)
                0x00002514                isr_StartEx
 .text.isr_SetVector
                0x00002538       0x24 .\ARM_GCC_541\Debug\DTMF_Decoder.a(isr.o)
                0x00002538                isr_SetVector
 .text.isr_SetPriority
                0x0000255c       0x24 .\ARM_GCC_541\Debug\DTMF_Decoder.a(isr.o)
                0x0000255c                isr_SetPriority
 .text.isr_Enable
                0x00002580       0x18 .\ARM_GCC_541\Debug\DTMF_Decoder.a(isr.o)
                0x00002580                isr_Enable
 .text.isr_Disable
                0x00002598       0x18 .\ARM_GCC_541\Debug\DTMF_Decoder.a(isr.o)
                0x00002598                isr_Disable
 .text          0x000025b0       0x54 .\ARM_GCC_541\Debug\DTMF_Decoder.a(CyBootAsmGnu.o)
                0x000025b0                CyDelayCycles
                0x000025ee                CyEnterCriticalSection
                0x000025f6                CyExitCriticalSection
 .text.cos      0x00002604       0x90 c:/program files (x86)/cypress/psoc creator/4.1/psoc creator/import/gnu/arm/5.4.1/bin/../lib/gcc/arm-none-eabi/5.4.1/../../../../arm-none-eabi/lib/armv7-m\libm.a(lib_a-s_cos.o)
                0x00002604                cos
 .text.sqrt     0x00002694       0xb8 c:/program files (x86)/cypress/psoc creator/4.1/psoc creator/import/gnu/arm/5.4.1/bin/../lib/gcc/arm-none-eabi/5.4.1/../../../../arm-none-eabi/lib/armv7-m\libm.a(lib_a-w_sqrt.o)
                0x00002694                sqrt
 *fill*         0x0000274c        0x4 
 .text.__ieee754_rem_pio2
                0x00002750      0x42c c:/program files (x86)/cypress/psoc creator/4.1/psoc creator/import/gnu/arm/5.4.1/bin/../lib/gcc/arm-none-eabi/5.4.1/../../../../arm-none-eabi/lib/armv7-m\libm.a(lib_a-e_rem_pio2.o)
                0x00002750                __ieee754_rem_pio2
 .text.__ieee754_sqrt
                0x00002b7c      0x188 c:/program files (x86)/cypress/psoc creator/4.1/psoc creator/import/gnu/arm/5.4.1/bin/../lib/gcc/arm-none-eabi/5.4.1/../../../../arm-none-eabi/lib/armv7-m\libm.a(lib_a-e_sqrt.o)
                0x00002b7c                __ieee754_sqrt
 *fill*         0x00002d04        0x4 
 .text.__kernel_cos
                0x00002d08      0x248 c:/program files (x86)/cypress/psoc creator/4.1/psoc creator/import/gnu/arm/5.4.1/bin/../lib/gcc/arm-none-eabi/5.4.1/../../../../arm-none-eabi/lib/armv7-m\libm.a(lib_a-k_cos.o)
                0x00002d08                __kernel_cos
 .text.__kernel_rem_pio2
                0x00002f50      0x7f0 c:/program files (x86)/cypress/psoc creator/4.1/psoc creator/import/gnu/arm/5.4.1/bin/../lib/gcc/arm-none-eabi/5.4.1/../../../../arm-none-eabi/lib/armv7-m\libm.a(lib_a-k_rem_pio2.o)
                0x00002f50                __kernel_rem_pio2
 .text.__kernel_sin
                0x00003740      0x16c c:/program files (x86)/cypress/psoc creator/4.1/psoc creator/import/gnu/arm/5.4.1/bin/../lib/gcc/arm-none-eabi/5.4.1/../../../../arm-none-eabi/lib/armv7-m\libm.a(lib_a-k_sin.o)
                0x00003740                __kernel_sin
 .text.fabs     0x000038ac        0x8 c:/program files (x86)/cypress/psoc creator/4.1/psoc creator/import/gnu/arm/5.4.1/bin/../lib/gcc/arm-none-eabi/5.4.1/../../../../arm-none-eabi/lib/armv7-m\libm.a(lib_a-s_fabs.o)
                0x000038ac                fabs
 *fill*         0x000038b4        0x4 
 .text.floor    0x000038b8      0x110 c:/program files (x86)/cypress/psoc creator/4.1/psoc creator/import/gnu/arm/5.4.1/bin/../lib/gcc/arm-none-eabi/5.4.1/../../../../arm-none-eabi/lib/armv7-m\libm.a(lib_a-s_floor.o)
                0x000038b8                floor
 .text.matherr  0x000039c8        0x4 c:/program files (x86)/cypress/psoc creator/4.1/psoc creator/import/gnu/arm/5.4.1/bin/../lib/gcc/arm-none-eabi/5.4.1/../../../../arm-none-eabi/lib/armv7-m\libm.a(lib_a-s_matherr.o)
                0x000039c8                matherr
 *fill*         0x000039cc        0x4 
 .text.scalbn   0x000039d0       0xe4 c:/program files (x86)/cypress/psoc creator/4.1/psoc creator/import/gnu/arm/5.4.1/bin/../lib/gcc/arm-none-eabi/5.4.1/../../../../arm-none-eabi/lib/armv7-m\libm.a(lib_a-s_scalbn.o)
                0x000039d0                scalbn
 .text.copysign
                0x00003ab4       0x10 c:/program files (x86)/cypress/psoc creator/4.1/psoc creator/import/gnu/arm/5.4.1/bin/../lib/gcc/arm-none-eabi/5.4.1/../../../../arm-none-eabi/lib/armv7-m\libm.a(lib_a-s_copysign.o)
                0x00003ab4                copysign
 .text          0x00003ac4      0x370 c:/program files (x86)/cypress/psoc creator/4.1/psoc creator/import/gnu/arm/5.4.1/bin/../lib/gcc/arm-none-eabi/5.4.1/armv7-m\libgcc.a(_arm_addsubdf3.o)
                0x00003ac4                __aeabi_drsub
                0x00003acc                __aeabi_dsub
                0x00003acc                __subdf3
                0x00003ad0                __aeabi_dadd
                0x00003ad0                __adddf3
                0x00003d48                __floatunsidf
                0x00003d48                __aeabi_ui2d
                0x00003d68                __floatsidf
                0x00003d68                __aeabi_i2d
                0x00003d8c                __aeabi_f2d
                0x00003d8c                __extendsfdf2
                0x00003dc8                __floatundidf
                0x00003dc8                __aeabi_ul2d
                0x00003dd8                __floatdidf
                0x00003dd8                __aeabi_l2d
 .text          0x00003e34      0x424 c:/program files (x86)/cypress/psoc creator/4.1/psoc creator/import/gnu/arm/5.4.1/bin/../lib/gcc/arm-none-eabi/5.4.1/armv7-m\libgcc.a(_arm_muldivdf3.o)
                0x00003e34                __aeabi_dmul
                0x00003e34                __muldf3
                0x00004088                __divdf3
                0x00004088                __aeabi_ddiv
 .text          0x00004258      0x110 c:/program files (x86)/cypress/psoc creator/4.1/psoc creator/import/gnu/arm/5.4.1/bin/../lib/gcc/arm-none-eabi/5.4.1/armv7-m\libgcc.a(_arm_cmpdf2.o)
                0x00004258                __gtdf2
                0x00004258                __gedf2
                0x00004260                __ltdf2
                0x00004260                __ledf2
                0x00004268                __nedf2
                0x00004268                __eqdf2
                0x00004268                __cmpdf2
                0x000042e4                __aeabi_cdrcmple
                0x000042f4                __aeabi_cdcmpeq
                0x000042f4                __aeabi_cdcmple
                0x00004304                __aeabi_dcmpeq
                0x00004318                __aeabi_dcmplt
                0x0000432c                __aeabi_dcmple
                0x00004340                __aeabi_dcmpge
                0x00004354                __aeabi_dcmpgt
 .text          0x00004368       0x2c c:/program files (x86)/cypress/psoc creator/4.1/psoc creator/import/gnu/arm/5.4.1/bin/../lib/gcc/arm-none-eabi/5.4.1/armv7-m\libgcc.a(_arm_unorddf2.o)
                0x00004368                __unorddf2
                0x00004368                __aeabi_dcmpun
 .text          0x00004394       0x50 c:/program files (x86)/cypress/psoc creator/4.1/psoc creator/import/gnu/arm/5.4.1/bin/../lib/gcc/arm-none-eabi/5.4.1/armv7-m\libgcc.a(_arm_fixdfsi.o)
                0x00004394                __aeabi_d2iz
                0x00004394                __fixdfsi
 .text          0x000043e4       0x40 c:/program files (x86)/cypress/psoc creator/4.1/psoc creator/import/gnu/arm/5.4.1/bin/../lib/gcc/arm-none-eabi/5.4.1/armv7-m\libgcc.a(_arm_fixunsdfsi.o)
                0x000043e4                __aeabi_d2uiz
                0x000043e4                __fixunsdfsi
 .text.__errno  0x00004424        0xc c:/program files (x86)/cypress/psoc creator/4.1/psoc creator/import/gnu/arm/5.4.1/bin/../lib/gcc/arm-none-eabi/5.4.1/../../../../arm-none-eabi/lib/armv7-m\libg_nano.a(lib_a-errno.o)
                0x00004424                __errno
 .text.__libc_init_array
                0x00004430       0x4c c:/program files (x86)/cypress/psoc creator/4.1/psoc creator/import/gnu/arm/5.4.1/bin/../lib/gcc/arm-none-eabi/5.4.1/../../../../arm-none-eabi/lib/armv7-m\libg_nano.a(lib_a-init.o)
                0x00004430                __libc_init_array
 .text.memcpy   0x0000447c       0x16 c:/program files (x86)/cypress/psoc creator/4.1/psoc creator/import/gnu/arm/5.4.1/bin/../lib/gcc/arm-none-eabi/5.4.1/../../../../arm-none-eabi/lib/armv7-m\libg_nano.a(lib_a-memcpy-stub.o)
                0x0000447c                memcpy
 .text.memset   0x00004492       0x10 c:/program files (x86)/cypress/psoc creator/4.1/psoc creator/import/gnu/arm/5.4.1/bin/../lib/gcc/arm-none-eabi/5.4.1/../../../../arm-none-eabi/lib/armv7-m\libg_nano.a(lib_a-memset.o)
                0x00004492                memset
 *fill*         0x000044a2        0x2 
 .text._puts_r  0x000044a4       0xb4 c:/program files (x86)/cypress/psoc creator/4.1/psoc creator/import/gnu/arm/5.4.1/bin/../lib/gcc/arm-none-eabi/5.4.1/../../../../arm-none-eabi/lib/armv7-m\libg_nano.a(lib_a-puts.o)
                0x000044a4                _puts_r
 .text.puts     0x00004558       0x10 c:/program files (x86)/cypress/psoc creator/4.1/psoc creator/import/gnu/arm/5.4.1/bin/../lib/gcc/arm-none-eabi/5.4.1/../../../../arm-none-eabi/lib/armv7-m\libg_nano.a(lib_a-puts.o)
                0x00004558                puts
 .text.sprintf  0x00004568       0x48 c:/program files (x86)/cypress/psoc creator/4.1/psoc creator/import/gnu/arm/5.4.1/bin/../lib/gcc/arm-none-eabi/5.4.1/../../../../arm-none-eabi/lib/armv7-m\libg_nano.a(lib_a-sprintf.o)
                0x00004568                siprintf
                0x00004568                sprintf
 .text.__swbuf_r
                0x000045b0       0xa8 c:/program files (x86)/cypress/psoc creator/4.1/psoc creator/import/gnu/arm/5.4.1/bin/../lib/gcc/arm-none-eabi/5.4.1/../../../../arm-none-eabi/lib/armv7-m\libg_nano.a(lib_a-wbuf.o)
                0x000045b0                __swbuf_r
 .text.__swsetup_r
                0x00004658       0xdc c:/program files (x86)/cypress/psoc creator/4.1/psoc creator/import/gnu/arm/5.4.1/bin/../lib/gcc/arm-none-eabi/5.4.1/../../../../arm-none-eabi/lib/armv7-m\libg_nano.a(lib_a-wsetup.o)
                0x00004658                __swsetup_r
 .text.__sflush_r
                0x00004734      0x10c c:/program files (x86)/cypress/psoc creator/4.1/psoc creator/import/gnu/arm/5.4.1/bin/../lib/gcc/arm-none-eabi/5.4.1/../../../../arm-none-eabi/lib/armv7-m\libg_nano.a(lib_a-fflush.o)
                0x00004734                __sflush_r
 .text._fflush_r
                0x00004840       0x54 c:/program files (x86)/cypress/psoc creator/4.1/psoc creator/import/gnu/arm/5.4.1/bin/../lib/gcc/arm-none-eabi/5.4.1/../../../../arm-none-eabi/lib/armv7-m\libg_nano.a(lib_a-fflush.o)
                0x00004840                _fflush_r
 .text._cleanup_r
                0x00004894        0xc c:/program files (x86)/cypress/psoc creator/4.1/psoc creator/import/gnu/arm/5.4.1/bin/../lib/gcc/arm-none-eabi/5.4.1/../../../../arm-none-eabi/lib/armv7-m\libg_nano.a(lib_a-findfp.o)
                0x00004894                _cleanup_r
 .text.std.isra.0
                0x000048a0       0x48 c:/program files (x86)/cypress/psoc creator/4.1/psoc creator/import/gnu/arm/5.4.1/bin/../lib/gcc/arm-none-eabi/5.4.1/../../../../arm-none-eabi/lib/armv7-m\libg_nano.a(lib_a-findfp.o)
 .text.__sfmoreglue
                0x000048e8       0x2c c:/program files (x86)/cypress/psoc creator/4.1/psoc creator/import/gnu/arm/5.4.1/bin/../lib/gcc/arm-none-eabi/5.4.1/../../../../arm-none-eabi/lib/armv7-m\libg_nano.a(lib_a-findfp.o)
                0x000048e8                __sfmoreglue
 .text.__sinit  0x00004914       0x60 c:/program files (x86)/cypress/psoc creator/4.1/psoc creator/import/gnu/arm/5.4.1/bin/../lib/gcc/arm-none-eabi/5.4.1/../../../../arm-none-eabi/lib/armv7-m\libg_nano.a(lib_a-findfp.o)
                0x00004914                __sinit
 .text.__sfp    0x00004974       0x78 c:/program files (x86)/cypress/psoc creator/4.1/psoc creator/import/gnu/arm/5.4.1/bin/../lib/gcc/arm-none-eabi/5.4.1/../../../../arm-none-eabi/lib/armv7-m\libg_nano.a(lib_a-findfp.o)
                0x00004974                __sfp
 .text._fwalk_reent
                0x000049ec       0x3c c:/program files (x86)/cypress/psoc creator/4.1/psoc creator/import/gnu/arm/5.4.1/bin/../lib/gcc/arm-none-eabi/5.4.1/../../../../arm-none-eabi/lib/armv7-m\libg_nano.a(lib_a-fwalk.o)
                0x000049ec                _fwalk_reent
 .text.__swhatbuf_r
                0x00004a28       0x46 c:/program files (x86)/cypress/psoc creator/4.1/psoc creator/import/gnu/arm/5.4.1/bin/../lib/gcc/arm-none-eabi/5.4.1/../../../../arm-none-eabi/lib/armv7-m\libg_nano.a(lib_a-makebuf.o)
                0x00004a28                __swhatbuf_r
 *fill*         0x00004a6e        0x2 
 .text.__smakebuf_r
                0x00004a70       0x78 c:/program files (x86)/cypress/psoc creator/4.1/psoc creator/import/gnu/arm/5.4.1/bin/../lib/gcc/arm-none-eabi/5.4.1/../../../../arm-none-eabi/lib/armv7-m\libg_nano.a(lib_a-makebuf.o)
                0x00004a70                __smakebuf_r
 .text._free_r  0x00004ae8       0x98 c:/program files (x86)/cypress/psoc creator/4.1/psoc creator/import/gnu/arm/5.4.1/bin/../lib/gcc/arm-none-eabi/5.4.1/../../../../arm-none-eabi/lib/armv7-m\libg_nano.a(lib_a-nano-freer.o)
                0x00004ae8                _free_r
 .text._malloc_r
                0x00004b80       0xbc c:/program files (x86)/cypress/psoc creator/4.1/psoc creator/import/gnu/arm/5.4.1/bin/../lib/gcc/arm-none-eabi/5.4.1/../../../../arm-none-eabi/lib/armv7-m\libg_nano.a(lib_a-nano-mallocr.o)
                0x00004b80                _malloc_r
 .text.__ssputs_r
                0x00004c3c       0xb2 c:/program files (x86)/cypress/psoc creator/4.1/psoc creator/import/gnu/arm/5.4.1/bin/../lib/gcc/arm-none-eabi/5.4.1/../../../../arm-none-eabi/lib/armv7-m\libg_nano.a(lib_a-nano-svfprintf.o)
                0x00004c3c                __ssputs_r
 *fill*         0x00004cee        0x2 
 .text._svfprintf_r
                0x00004cf0      0x1e8 c:/program files (x86)/cypress/psoc creator/4.1/psoc creator/import/gnu/arm/5.4.1/bin/../lib/gcc/arm-none-eabi/5.4.1/../../../../arm-none-eabi/lib/armv7-m\libg_nano.a(lib_a-nano-svfprintf.o)
                0x00004cf0                _svfiprintf_r
                0x00004cf0                _svfprintf_r
 .text._printf_common
                0x00004ed8       0xec c:/program files (x86)/cypress/psoc creator/4.1/psoc creator/import/gnu/arm/5.4.1/bin/../lib/gcc/arm-none-eabi/5.4.1/../../../../arm-none-eabi/lib/armv7-m\libg_nano.a(lib_a-nano-vfprintf_i.o)
                0x00004ed8                _printf_common
 .text._printf_i
                0x00004fc4      0x24c c:/program files (x86)/cypress/psoc creator/4.1/psoc creator/import/gnu/arm/5.4.1/bin/../lib/gcc/arm-none-eabi/5.4.1/../../../../arm-none-eabi/lib/armv7-m\libg_nano.a(lib_a-nano-vfprintf_i.o)
                0x00004fc4                _printf_i
 .text._sbrk_r  0x00005210       0x20 c:/program files (x86)/cypress/psoc creator/4.1/psoc creator/import/gnu/arm/5.4.1/bin/../lib/gcc/arm-none-eabi/5.4.1/../../../../arm-none-eabi/lib/armv7-m\libg_nano.a(lib_a-sbrkr.o)
                0x00005210                _sbrk_r
 .text.__sread  0x00005230       0x22 c:/program files (x86)/cypress/psoc creator/4.1/psoc creator/import/gnu/arm/5.4.1/bin/../lib/gcc/arm-none-eabi/5.4.1/../../../../arm-none-eabi/lib/armv7-m\libg_nano.a(lib_a-stdio.o)
                0x00005230                __sread
 .text.__swrite
                0x00005252       0x38 c:/program files (x86)/cypress/psoc creator/4.1/psoc creator/import/gnu/arm/5.4.1/bin/../lib/gcc/arm-none-eabi/5.4.1/../../../../arm-none-eabi/lib/armv7-m\libg_nano.a(lib_a-stdio.o)
                0x00005252                __swrite
 .text.__sseek  0x0000528a       0x24 c:/program files (x86)/cypress/psoc creator/4.1/psoc creator/import/gnu/arm/5.4.1/bin/../lib/gcc/arm-none-eabi/5.4.1/../../../../arm-none-eabi/lib/armv7-m\libg_nano.a(lib_a-stdio.o)
                0x0000528a                __sseek
 .text.__sclose
                0x000052ae        0x8 c:/program files (x86)/cypress/psoc creator/4.1/psoc creator/import/gnu/arm/5.4.1/bin/../lib/gcc/arm-none-eabi/5.4.1/../../../../arm-none-eabi/lib/armv7-m\libg_nano.a(lib_a-stdio.o)
                0x000052ae                __sclose
 *fill*         0x000052b6        0x2 
 .text._write_r
                0x000052b8       0x24 c:/program files (x86)/cypress/psoc creator/4.1/psoc creator/import/gnu/arm/5.4.1/bin/../lib/gcc/arm-none-eabi/5.4.1/../../../../arm-none-eabi/lib/armv7-m\libg_nano.a(lib_a-writer.o)
                0x000052b8                _write_r
 .text._close_r
                0x000052dc       0x20 c:/program files (x86)/cypress/psoc creator/4.1/psoc creator/import/gnu/arm/5.4.1/bin/../lib/gcc/arm-none-eabi/5.4.1/../../../../arm-none-eabi/lib/armv7-m\libg_nano.a(lib_a-closer.o)
                0x000052dc                _close_r
 .text._fstat_r
                0x000052fc       0x24 c:/program files (x86)/cypress/psoc creator/4.1/psoc creator/import/gnu/arm/5.4.1/bin/../lib/gcc/arm-none-eabi/5.4.1/../../../../arm-none-eabi/lib/armv7-m\libg_nano.a(lib_a-fstatr.o)
                0x000052fc                _fstat_r
 .text._isatty_r
                0x00005320       0x20 c:/program files (x86)/cypress/psoc creator/4.1/psoc creator/import/gnu/arm/5.4.1/bin/../lib/gcc/arm-none-eabi/5.4.1/../../../../arm-none-eabi/lib/armv7-m\libg_nano.a(lib_a-isattyr.o)
                0x00005320                _isatty_r
 .text._lseek_r
                0x00005340       0x24 c:/program files (x86)/cypress/psoc creator/4.1/psoc creator/import/gnu/arm/5.4.1/bin/../lib/gcc/arm-none-eabi/5.4.1/../../../../arm-none-eabi/lib/armv7-m\libg_nano.a(lib_a-lseekr.o)
                0x00005340                _lseek_r
 .text.memchr   0x00005364       0x1c c:/program files (x86)/cypress/psoc creator/4.1/psoc creator/import/gnu/arm/5.4.1/bin/../lib/gcc/arm-none-eabi/5.4.1/../../../../arm-none-eabi/lib/armv7-m\libg_nano.a(lib_a-memchr-stub.o)
                0x00005364                memchr
 .text.memmove  0x00005380       0x36 c:/program files (x86)/cypress/psoc creator/4.1/psoc creator/import/gnu/arm/5.4.1/bin/../lib/gcc/arm-none-eabi/5.4.1/../../../../arm-none-eabi/lib/armv7-m\libg_nano.a(lib_a-memmove.o)
                0x00005380                memmove
 .text.__malloc_lock
                0x000053b6        0x2 c:/program files (x86)/cypress/psoc creator/4.1/psoc creator/import/gnu/arm/5.4.1/bin/../lib/gcc/arm-none-eabi/5.4.1/../../../../arm-none-eabi/lib/armv7-m\libg_nano.a(lib_a-mlock.o)
                0x000053b6                __malloc_lock
 .text.__malloc_unlock
                0x000053b8        0x2 c:/program files (x86)/cypress/psoc creator/4.1/psoc creator/import/gnu/arm/5.4.1/bin/../lib/gcc/arm-none-eabi/5.4.1/../../../../arm-none-eabi/lib/armv7-m\libg_nano.a(lib_a-mlock.o)
                0x000053b8                __malloc_unlock
 .text._realloc_r
                0x000053ba       0x4c c:/program files (x86)/cypress/psoc creator/4.1/psoc creator/import/gnu/arm/5.4.1/bin/../lib/gcc/arm-none-eabi/5.4.1/../../../../arm-none-eabi/lib/armv7-m\libg_nano.a(lib_a-nano-reallocr.o)
                0x000053ba                _realloc_r
 *fill*         0x00005406        0x2 
 .text._read_r  0x00005408       0x24 c:/program files (x86)/cypress/psoc creator/4.1/psoc creator/import/gnu/arm/5.4.1/bin/../lib/gcc/arm-none-eabi/5.4.1/../../../../arm-none-eabi/lib/armv7-m\libg_nano.a(lib_a-readr.o)
                0x00005408                _read_r
 .text._malloc_usable_size_r
                0x0000542c       0x14 c:/program files (x86)/cypress/psoc creator/4.1/psoc creator/import/gnu/arm/5.4.1/bin/../lib/gcc/arm-none-eabi/5.4.1/../../../../arm-none-eabi/lib/armv7-m\libg_nano.a(lib_a-nano-msizer.o)
                0x0000542c                _malloc_usable_size_r
 .text._close   0x00005440       0x10 c:/program files (x86)/cypress/psoc creator/4.1/psoc creator/import/gnu/arm/5.4.1/bin/../lib/gcc/arm-none-eabi/5.4.1/../../../../arm-none-eabi/lib/armv7-m\libnosys.a(close.o)
                0x00005440                _close
 .text._fstat   0x00005450       0x10 c:/program files (x86)/cypress/psoc creator/4.1/psoc creator/import/gnu/arm/5.4.1/bin/../lib/gcc/arm-none-eabi/5.4.1/../../../../arm-none-eabi/lib/armv7-m\libnosys.a(fstat.o)
                0x00005450                _fstat
 .text._isatty  0x00005460       0x10 c:/program files (x86)/cypress/psoc creator/4.1/psoc creator/import/gnu/arm/5.4.1/bin/../lib/gcc/arm-none-eabi/5.4.1/../../../../arm-none-eabi/lib/armv7-m\libnosys.a(isatty.o)
                0x00005460                _isatty
 .text._lseek   0x00005470       0x10 c:/program files (x86)/cypress/psoc creator/4.1/psoc creator/import/gnu/arm/5.4.1/bin/../lib/gcc/arm-none-eabi/5.4.1/../../../../arm-none-eabi/lib/armv7-m\libnosys.a(lseek.o)
                0x00005470                _lseek
 .text._read    0x00005480       0x10 c:/program files (x86)/cypress/psoc creator/4.1/psoc creator/import/gnu/arm/5.4.1/bin/../lib/gcc/arm-none-eabi/5.4.1/../../../../arm-none-eabi/lib/armv7-m\libnosys.a(read.o)
                0x00005480                _read
 .text._write   0x00005490       0x10 c:/program files (x86)/cypress/psoc creator/4.1/psoc creator/import/gnu/arm/5.4.1/bin/../lib/gcc/arm-none-eabi/5.4.1/../../../../arm-none-eabi/lib/armv7-m\libnosys.a(write.o)
                0x00005490                _write
 *(.plt)
 *(.gnu.warning)
 *(.glue_7t)
 .glue_7t       0x000054a0        0x0 linker stubs
 *(.glue_7)
 .glue_7        0x000054a0        0x0 linker stubs
 *(.vfp11_veneer)
 .vfp11_veneer  0x000054a0        0x0 linker stubs
 *(.bootloader)
 *(.ARM.extab* .gnu.linkonce.armextab.*)
 *(.gcc_except_table)

.v4_bx          0x000054a0        0x0
 .v4_bx         0x000054a0        0x0 linker stubs

.iplt           0x000054a0        0x0
 .iplt          0x000054a0        0x0 c:/program files (x86)/cypress/psoc creator/4.1/psoc creator/import/gnu/arm/5.4.1/bin/../lib/gcc/arm-none-eabi/5.4.1/armv7-m/crtbegin.o

.eh_frame_hdr
 *(.eh_frame_hdr)

.eh_frame       0x000054a0        0x4
 *(.eh_frame)
 .eh_frame      0x000054a0        0x0 c:/program files (x86)/cypress/psoc creator/4.1/psoc creator/import/gnu/arm/5.4.1/bin/../lib/gcc/arm-none-eabi/5.4.1/armv7-m/crtbegin.o
 .eh_frame      0x000054a0        0x4 c:/program files (x86)/cypress/psoc creator/4.1/psoc creator/import/gnu/arm/5.4.1/bin/../lib/gcc/arm-none-eabi/5.4.1/armv7-m/crtend.o
                [!provide]                PROVIDE (__exidx_start, .)

.ARM.exidx
 *(.ARM.exidx* .gnu.linkonce.armexidx.*)
                0x000054a4                __exidx_end = .

.rodata         0x000054a8      0x5b0
 *(.rodata .rodata.* .gnu.linkonce.r.*)
 .rodata        0x000054a8      0x1e9 .\ARM_GCC_541\Debug\main.o
 *fill*         0x00005691        0x3 
 .rodata        0x00005694       0x42 .\ARM_GCC_541\Debug\cyfitter_cfg.o
                0x00005694                ADC_DelSig_1_AMux__addrTable
                0x0000569c                ADC_DelSig_1_AMux__maskTable
 *fill*         0x000056d6        0x2 
 .rodata        0x000056d8       0xcc .\ARM_GCC_541\Debug\DTMF_Decoder.a(WaveDAC8.o)
                0x000056d8                WaveDAC8_wave1
                0x00005740                WaveDAC8_wave2
 .rodata.str1.4
                0x000057a4        0x8 c:/program files (x86)/cypress/psoc creator/4.1/psoc creator/import/gnu/arm/5.4.1/bin/../lib/gcc/arm-none-eabi/5.4.1/../../../../arm-none-eabi/lib/armv7-m\libm.a(lib_a-w_sqrt.o)
                                  0x5 (size before relaxing)
 .rodata.npio2_hw
                0x000057ac       0x80 c:/program files (x86)/cypress/psoc creator/4.1/psoc creator/import/gnu/arm/5.4.1/bin/../lib/gcc/arm-none-eabi/5.4.1/../../../../arm-none-eabi/lib/armv7-m\libm.a(lib_a-e_rem_pio2.o)
 .rodata.two_over_pi
                0x0000582c      0x108 c:/program files (x86)/cypress/psoc creator/4.1/psoc creator/import/gnu/arm/5.4.1/bin/../lib/gcc/arm-none-eabi/5.4.1/../../../../arm-none-eabi/lib/armv7-m\libm.a(lib_a-e_rem_pio2.o)
 .rodata.init_jk
                0x00005934       0x10 c:/program files (x86)/cypress/psoc creator/4.1/psoc creator/import/gnu/arm/5.4.1/bin/../lib/gcc/arm-none-eabi/5.4.1/../../../../arm-none-eabi/lib/armv7-m\libm.a(lib_a-k_rem_pio2.o)
 *fill*         0x00005944        0x4 
 .rodata.PIo2   0x00005948       0x40 c:/program files (x86)/cypress/psoc creator/4.1/psoc creator/import/gnu/arm/5.4.1/bin/../lib/gcc/arm-none-eabi/5.4.1/../../../../arm-none-eabi/lib/armv7-m\libm.a(lib_a-k_rem_pio2.o)
 .rodata.str1.1
                0x00005988        0x2 c:/program files (x86)/cypress/psoc creator/4.1/psoc creator/import/gnu/arm/5.4.1/bin/../lib/gcc/arm-none-eabi/5.4.1/../../../../arm-none-eabi/lib/armv7-m\libg_nano.a(lib_a-impure.o)
 *fill*         0x0000598a        0x2 
 .rodata._global_impure_ptr
                0x0000598c        0x4 c:/program files (x86)/cypress/psoc creator/4.1/psoc creator/import/gnu/arm/5.4.1/bin/../lib/gcc/arm-none-eabi/5.4.1/../../../../arm-none-eabi/lib/armv7-m\libg_nano.a(lib_a-impure.o)
                0x0000598c                _global_impure_ptr
 .rodata.__sf_fake_stdin
                0x00005990       0x20 c:/program files (x86)/cypress/psoc creator/4.1/psoc creator/import/gnu/arm/5.4.1/bin/../lib/gcc/arm-none-eabi/5.4.1/../../../../arm-none-eabi/lib/armv7-m\libg_nano.a(lib_a-findfp.o)
                0x00005990                __sf_fake_stdin
 .rodata.__sf_fake_stdout
                0x000059b0       0x20 c:/program files (x86)/cypress/psoc creator/4.1/psoc creator/import/gnu/arm/5.4.1/bin/../lib/gcc/arm-none-eabi/5.4.1/../../../../arm-none-eabi/lib/armv7-m\libg_nano.a(lib_a-findfp.o)
                0x000059b0                __sf_fake_stdout
 .rodata.__sf_fake_stderr
                0x000059d0       0x20 c:/program files (x86)/cypress/psoc creator/4.1/psoc creator/import/gnu/arm/5.4.1/bin/../lib/gcc/arm-none-eabi/5.4.1/../../../../arm-none-eabi/lib/armv7-m\libg_nano.a(lib_a-findfp.o)
                0x000059d0                __sf_fake_stderr
 .rodata.str1.1
                0x000059f0       0x11 c:/program files (x86)/cypress/psoc creator/4.1/psoc creator/import/gnu/arm/5.4.1/bin/../lib/gcc/arm-none-eabi/5.4.1/../../../../arm-none-eabi/lib/armv7-m\libg_nano.a(lib_a-nano-svfprintf.o)
 .rodata.str1.1
                0x00005a01       0x22 c:/program files (x86)/cypress/psoc creator/4.1/psoc creator/import/gnu/arm/5.4.1/bin/../lib/gcc/arm-none-eabi/5.4.1/../../../../arm-none-eabi/lib/armv7-m\libg_nano.a(lib_a-nano-vfprintf_i.o)
                0x00005a24                . = ALIGN (0x4)
 *fill*         0x00005a23        0x1 
 *(.init)
 .init          0x00005a24        0x4 c:/program files (x86)/cypress/psoc creator/4.1/psoc creator/import/gnu/arm/5.4.1/bin/../lib/gcc/arm-none-eabi/5.4.1/armv7-m/crti.o
                0x00005a24                _init
 .init          0x00005a28        0x8 c:/program files (x86)/cypress/psoc creator/4.1/psoc creator/import/gnu/arm/5.4.1/bin/../lib/gcc/arm-none-eabi/5.4.1/armv7-m/crtn.o
                0x00005a30                . = ALIGN (0x4)
                0x00005a30                __preinit_array_start = .
 *(.preinit_array)
                0x00005a30                __preinit_array_end = .
                0x00005a30                . = ALIGN (0x4)
                0x00005a30                __init_array_start = .
 *(SORT(.init_array.*))
 *(.init_array)
 .init_array    0x00005a30        0x4 c:/program files (x86)/cypress/psoc creator/4.1/psoc creator/import/gnu/arm/5.4.1/bin/../lib/gcc/arm-none-eabi/5.4.1/armv7-m/crtbegin.o
 .init_array    0x00005a34        0x4 .\ARM_GCC_541\Debug\Cm3Start.o
                0x00005a38                __init_array_end = .
                0x00005a38                . = ALIGN (0x4)
 *(.fini)
 .fini          0x00005a38        0x4 c:/program files (x86)/cypress/psoc creator/4.1/psoc creator/import/gnu/arm/5.4.1/bin/../lib/gcc/arm-none-eabi/5.4.1/armv7-m/crti.o
                0x00005a38                _fini
 .fini          0x00005a3c        0x8 c:/program files (x86)/cypress/psoc creator/4.1/psoc creator/import/gnu/arm/5.4.1/bin/../lib/gcc/arm-none-eabi/5.4.1/armv7-m/crtn.o
                0x00005a44                . = ALIGN (0x4)
                0x00005a44                __fini_array_start = .
 *(.fini_array)
 .fini_array    0x00005a44        0x4 c:/program files (x86)/cypress/psoc creator/4.1/psoc creator/import/gnu/arm/5.4.1/bin/../lib/gcc/arm-none-eabi/5.4.1/armv7-m/crtbegin.o
 *(SORT(.fini_array.*))
                0x00005a48                __fini_array_end = .
                0x00005a48                . = ALIGN (0x4)
 *crtbegin.o(.ctors)
 *(EXCLUDE_FILE(*crtend.o) .ctors)
 *(SORT(.ctors.*))
 *crtend.o(.ctors)
                0x00005a48                . = ALIGN (0x4)
 *crtbegin.o(.dtors)
 *(EXCLUDE_FILE(*crtend.o) .dtors)
 *(SORT(.dtors.*))
 *crtend.o(.dtors)
                0x00005a48                . = ALIGN (0x4)
                0x00005a48                __cy_regions = .
                0x00005a48        0x4 LONG 0x5a58 __cy_region_init_ram
                0x00005a4c        0x4 LONG 0x1fff80c8 __cy_region_start_data
                0x00005a50        0x4 LONG 0x90 __cy_region_init_size_ram
                0x00005a54        0x4 LONG 0x1000 __cy_region_zero_size_ram
                0x00005a58                __cy_regions_end = .
                0x00005a58                . = ALIGN (0x8)
                0x00005a58                _etext = .

.cy_checksum_exclude
                0x00005a58        0x0
 *(.cy_checksum_exclude)

.ramvectors     0x1fff8000       0xc0
                0x1fff8000                __cy_region_start_ram = .
 *(.ramvectors)
 .ramvectors    0x1fff8000       0xc0 .\ARM_GCC_541\Debug\Cm3Start.o
                0x1fff8000                CyRamVectors

.noinit         0x1fff80c0        0x5
 *(.noinit)
 .noinit        0x1fff80c0        0x4 .\ARM_GCC_541\Debug\Cm3Start.o
 .noinit        0x1fff80c4        0x1 .\ARM_GCC_541\Debug\DTMF_Decoder.a(CyLib.o)
                0x1fff80c4                CyResetStatus

.data           0x1fff80c8       0x90 load address 0x00005a58
                0x1fff80c8                __cy_region_start_data = .
 *(.jcr)
 .jcr           0x1fff80c8        0x0 c:/program files (x86)/cypress/psoc creator/4.1/psoc creator/import/gnu/arm/5.4.1/bin/../lib/gcc/arm-none-eabi/5.4.1/armv7-m/crtbegin.o
 .jcr           0x1fff80c8        0x4 c:/program files (x86)/cypress/psoc creator/4.1/psoc creator/import/gnu/arm/5.4.1/bin/../lib/gcc/arm-none-eabi/5.4.1/armv7-m/crtend.o
 *(.got.plt)
 *(.got)
 *(.shdata)
 *(.data .data.* .gnu.linkonce.d.*)
 .data          0x1fff80cc        0x4 .\ARM_GCC_541\Debug\Cm3Start.o
 .data          0x1fff80d0        0x1 .\ARM_GCC_541\Debug\DTMF_Decoder.a(ADC_DelSig_1.o)
                0x1fff80d0                ADC_DelSig_1_Config
 .data          0x1fff80d1        0x1 .\ARM_GCC_541\Debug\DTMF_Decoder.a(ADC_DelSig_1_AMux.o)
 *fill*         0x1fff80d2        0x2 
 .data          0x1fff80d4        0x8 .\ARM_GCC_541\Debug\DTMF_Decoder.a(CyDmac.o)
 .data          0x1fff80dc       0x10 .\ARM_GCC_541\Debug\DTMF_Decoder.a(CyLib.o)
                0x1fff80dc                cydelay_freq_hz
                0x1fff80e0                cydelay_freq_khz
                0x1fff80e4                cydelay_freq_mhz
                0x1fff80e8                cydelay_32k_ms
 .data          0x1fff80ec        0x1 .\ARM_GCC_541\Debug\DTMF_Decoder.a(WaveDAC8_Wave1_DMA_dma.o)
                0x1fff80ec                WaveDAC8_Wave1_DMA_DmaHandle
 .data          0x1fff80ed        0x1 .\ARM_GCC_541\Debug\DTMF_Decoder.a(WaveDAC8_Wave2_DMA_dma.o)
                0x1fff80ed                WaveDAC8_Wave2_DMA_DmaHandle
 .data.__fdlib_version
                0x1fff80ee        0x1 c:/program files (x86)/cypress/psoc creator/4.1/psoc creator/import/gnu/arm/5.4.1/bin/../lib/gcc/arm-none-eabi/5.4.1/../../../../arm-none-eabi/lib/armv7-m\libm.a(lib_a-s_lib_ver.o)
                0x1fff80ee                __fdlib_version
 *fill*         0x1fff80ef        0x1 
 .data.impure_data
                0x1fff80f0       0x60 c:/program files (x86)/cypress/psoc creator/4.1/psoc creator/import/gnu/arm/5.4.1/bin/../lib/gcc/arm-none-eabi/5.4.1/../../../../arm-none-eabi/lib/armv7-m\libg_nano.a(lib_a-impure.o)
 .data._impure_ptr
                0x1fff8150        0x4 c:/program files (x86)/cypress/psoc creator/4.1/psoc creator/import/gnu/arm/5.4.1/bin/../lib/gcc/arm-none-eabi/5.4.1/../../../../arm-none-eabi/lib/armv7-m\libg_nano.a(lib_a-impure.o)
                0x1fff8150                _impure_ptr
                0x1fff8158                . = ALIGN (0x8)
 *fill*         0x1fff8154        0x4 
 *(.ram)
                0x1fff8158                _edata = .

.igot.plt       0x1fff8158        0x0 load address 0x00005ae8
 .igot.plt      0x1fff8158        0x0 c:/program files (x86)/cypress/psoc creator/4.1/psoc creator/import/gnu/arm/5.4.1/bin/../lib/gcc/arm-none-eabi/5.4.1/armv7-m/crtbegin.o

.bss            0x1fff8158     0x1000 load address 0x00005ae8
                0x1fff8158                PROVIDE (__bss_start__, .)
 *(.shbss)
 *(.bss .bss.* .gnu.linkonce.b.*)
 .bss           0x1fff8158       0x1c c:/program files (x86)/cypress/psoc creator/4.1/psoc creator/import/gnu/arm/5.4.1/bin/../lib/gcc/arm-none-eabi/5.4.1/armv7-m/crtbegin.o
 .bss           0x1fff8174        0x2 .\ARM_GCC_541\Debug\main.o
                0x1fff8174                internalCounter
 *fill*         0x1fff8176        0x2 
 .bss           0x1fff8178        0xc .\ARM_GCC_541\Debug\DTMF_Decoder.a(ADC_DelSig_1.o)
                0x1fff8178                ADC_DelSig_1_convDone
                0x1fff8179                ADC_DelSig_1_stopConversion
                0x1fff817a                ADC_DelSig_1_initVar
                0x1fff817b                ADC_DelSig_1_started
                0x1fff817c                ADC_DelSig_1_Offset
 .bss           0x1fff8184        0x2 .\ARM_GCC_541\Debug\DTMF_Decoder.a(UART_1.o)
                0x1fff8184                UART_1_initVar
 .bss           0x1fff8186        0x5 .\ARM_GCC_541\Debug\DTMF_Decoder.a(WaveDAC8.o)
                0x1fff8186                WaveDAC8_initVar
 .bss           0x1fff818b        0x1 .\ARM_GCC_541\Debug\DTMF_Decoder.a(Timer.o)
                0x1fff818b                Timer_initVar
 .bss.__malloc_sbrk_start
                0x1fff818c        0x4 c:/program files (x86)/cypress/psoc creator/4.1/psoc creator/import/gnu/arm/5.4.1/bin/../lib/gcc/arm-none-eabi/5.4.1/../../../../arm-none-eabi/lib/armv7-m\libg_nano.a(lib_a-nano-mallocr.o)
                0x1fff818c                __malloc_sbrk_start
 .bss.__malloc_free_list
                0x1fff8190        0x4 c:/program files (x86)/cypress/psoc creator/4.1/psoc creator/import/gnu/arm/5.4.1/bin/../lib/gcc/arm-none-eabi/5.4.1/../../../../arm-none-eabi/lib/armv7-m\libg_nano.a(lib_a-nano-mallocr.o)
                0x1fff8190                __malloc_free_list
 *(COMMON)
 COMMON         0x1fff8194      0xfb6 .\ARM_GCC_541\Debug\main.o
                0x1fff8194                TransmitBuffer
                0x1fff81a4                a_signal
                0x1fff9144                ContinuouslySendData
                0x1fff9145                SendEmulatedData
                0x1fff9146                Output
                0x1fff9148                SendSingleByte
                0x1fff9149                EmulatedData
 *fill*         0x1fff914a        0x2 
 COMMON         0x1fff914c        0x4 .\ARM_GCC_541\Debug\DTMF_Decoder.a(ADC_DelSig_1.o)
                0x1fff914c                ADC_DelSig_1_CountsPerVolt
 COMMON         0x1fff9150        0x4 c:/program files (x86)/cypress/psoc creator/4.1/psoc creator/import/gnu/arm/5.4.1/bin/../lib/gcc/arm-none-eabi/5.4.1/../../../../arm-none-eabi/lib/armv7-m\libg_nano.a(lib_a-reent.o)
                0x1fff9150                errno
                0x1fff9158                . = ALIGN (0x8)
 *fill*         0x1fff9154        0x4 
 *(.ram.b)
                0x1fff9158                _end = .
                0x1fff9158                __end = .
                0x1fff9158                PROVIDE (end, .)
                0x1fff9158                PROVIDE (__bss_end__, .)
                0x00005a58                __cy_region_init_ram = LOADADDR (.data)
                0x00000090                __cy_region_init_size_ram = (_edata - ADDR (.data))
                0x00001000                __cy_region_zero_size_ram = (_end - _edata)

.heap           0x1fff9158       0x80 load address 0x00005ae8
                0x1fff9158                . = _end
                0x1fff91d8                . = (. + 0x80)
 *fill*         0x1fff9158       0x80 
                0x1fff91d8                __cy_heap_limit = .

.stack          0x20007800      0x800
                0x20007800                __cy_stack_limit = .
                0x20008000                . = (. + 0x800)
 *fill*         0x20007800      0x800 
                0x00000001                ASSERT ((__cy_stack_limit >= __cy_heap_limit), region RAM overflowed with stack)
                0x00000000                cy_checksum_exclude_size = (CY_APPL_LOADABLE == 0x1)?SIZEOF (.cy_checksum_exclude):0x0
                0x00000001                ASSERT ((cy_checksum_exclude_size <= CY_CHECKSUM_EXCLUDE_SIZE), CY_BOOT: Section .cy_checksum_exclude size exceedes specified limit.)

.cyloadermeta
 *(.cyloadermeta)

.cyloadablemeta
 *(.cyloadablemeta)

.cyconfigecc    0x80000000      0x4b4
 *(.cyconfigecc)
 .cyconfigecc   0x80000000      0x4b4 .\ARM_GCC_541\Debug\cymetadata.o
                0x80000000                cy_meta_configecc

.cycustnvl      0x90000000        0x4
 *(.cycustnvl)
 .cycustnvl     0x90000000        0x4 .\ARM_GCC_541\Debug\cymetadata.o
                0x90000000                cy_meta_custnvl

.cywolatch      0x90100000        0x4
 *(.cywolatch)
 .cywolatch     0x90100000        0x4 .\ARM_GCC_541\Debug\cymetadata.o
                0x90100000                cy_meta_wonvl

.cyeeprom       0x90200000        0x0
 *(.cyeeprom)
                0x00000001                ASSERT ((. <= ((0x90200000 + ee_offset) + ee_size)), .cyeeprom data will not fit in EEPROM)

.cyflashprotect
                0x90400000      0x100
 *(.cyflashprotect)
 .cyflashprotect
                0x90400000      0x100 .\ARM_GCC_541\Debug\cymetadata.o
                0x90400000                cy_meta_flashprotect

.cymeta         0x90500000        0xc
 *(.cymeta)
 .cymeta        0x90500000        0xc .\ARM_GCC_541\Debug\cymetadata.o
                0x90500000                cy_metadata

.rel.dyn        0x00005ae8        0x0 load address 0x9050000c
 .rel.iplt      0x00005ae8        0x0 c:/program files (x86)/cypress/psoc creator/4.1/psoc creator/import/gnu/arm/5.4.1/bin/../lib/gcc/arm-none-eabi/5.4.1/armv7-m/crtbegin.o

.stab           0x00000000       0x9c
 *(.stab)
 .stab          0x00000000       0x24 c:/program files (x86)/cypress/psoc creator/4.1/psoc creator/import/gnu/arm/5.4.1/bin/../lib/gcc/arm-none-eabi/5.4.1/../../../../arm-none-eabi/lib/armv7-m\libnosys.a(close.o)
 .stab          0x00000024       0x18 c:/program files (x86)/cypress/psoc creator/4.1/psoc creator/import/gnu/arm/5.4.1/bin/../lib/gcc/arm-none-eabi/5.4.1/../../../../arm-none-eabi/lib/armv7-m\libnosys.a(fstat.o)
                                 0x24 (size before relaxing)
 .stab          0x0000003c       0x18 c:/program files (x86)/cypress/psoc creator/4.1/psoc creator/import/gnu/arm/5.4.1/bin/../lib/gcc/arm-none-eabi/5.4.1/../../../../arm-none-eabi/lib/armv7-m\libnosys.a(isatty.o)
                                 0x24 (size before relaxing)
 .stab          0x00000054       0x18 c:/program files (x86)/cypress/psoc creator/4.1/psoc creator/import/gnu/arm/5.4.1/bin/../lib/gcc/arm-none-eabi/5.4.1/../../../../arm-none-eabi/lib/armv7-m\libnosys.a(lseek.o)
                                 0x24 (size before relaxing)
 .stab          0x0000006c       0x18 c:/program files (x86)/cypress/psoc creator/4.1/psoc creator/import/gnu/arm/5.4.1/bin/../lib/gcc/arm-none-eabi/5.4.1/../../../../arm-none-eabi/lib/armv7-m\libnosys.a(read.o)
                                 0x24 (size before relaxing)
 .stab          0x00000084       0x18 c:/program files (x86)/cypress/psoc creator/4.1/psoc creator/import/gnu/arm/5.4.1/bin/../lib/gcc/arm-none-eabi/5.4.1/../../../../arm-none-eabi/lib/armv7-m\libnosys.a(write.o)
                                 0x24 (size before relaxing)

.stabstr        0x00000000      0x14d
 *(.stabstr)
 .stabstr       0x00000000      0x14d c:/program files (x86)/cypress/psoc creator/4.1/psoc creator/import/gnu/arm/5.4.1/bin/../lib/gcc/arm-none-eabi/5.4.1/../../../../arm-none-eabi/lib/armv7-m\libnosys.a(close.o)

.debug
 *(.debug)

.line
 *(.line)

.debug_srcinfo
 *(.debug_srcinfo)

.debug_sfnames
 *(.debug_sfnames)

.debug_aranges  0x00000000      0xc48
 *(.debug_aranges)
 .debug_aranges
                0x00000000       0x40 .\ARM_GCC_541\Debug\main.o
 .debug_aranges
                0x00000040       0x70 .\ARM_GCC_541\Debug\cyfitter_cfg.o
 .debug_aranges
                0x000000b0       0x18 .\ARM_GCC_541\Debug\cymetadata.o
 .debug_aranges
                0x000000c8       0x48 .\ARM_GCC_541\Debug\Cm3Start.o
 .debug_aranges
                0x00000110       0xe8 .\ARM_GCC_541\Debug\DTMF_Decoder.a(ADC_DelSig_1.o)
 .debug_aranges
                0x000001f8       0x38 .\ARM_GCC_541\Debug\DTMF_Decoder.a(ADC_DelSig_1_INT.o)
 .debug_aranges
                0x00000230       0x30 .\ARM_GCC_541\Debug\DTMF_Decoder.a(ADC_DelSig_1_AMux.o)
 .debug_aranges
                0x00000260       0x70 .\ARM_GCC_541\Debug\DTMF_Decoder.a(ADC_DelSig_1_Ext_CP_Clk.o)
 .debug_aranges
                0x000002d0       0x80 .\ARM_GCC_541\Debug\DTMF_Decoder.a(ADC_DelSig_1_theACLK.o)
 .debug_aranges
                0x00000350       0xd8 .\ARM_GCC_541\Debug\DTMF_Decoder.a(CyDmac.o)
 .debug_aranges
                0x00000428      0x2a0 .\ARM_GCC_541\Debug\DTMF_Decoder.a(CyLib.o)
 .debug_aranges
                0x000006c8       0x98 .\ARM_GCC_541\Debug\DTMF_Decoder.a(cyPm.o)
 .debug_aranges
                0x00000760       0xf0 .\ARM_GCC_541\Debug\DTMF_Decoder.a(UART_1.o)
 .debug_aranges
                0x00000850       0x70 .\ARM_GCC_541\Debug\DTMF_Decoder.a(UART_1_IntClock.o)
 .debug_aranges
                0x000008c0       0x50 .\ARM_GCC_541\Debug\DTMF_Decoder.a(WaveDAC8.o)
 .debug_aranges
                0x00000910       0x70 .\ARM_GCC_541\Debug\DTMF_Decoder.a(WaveDAC8_DacClk.o)
 .debug_aranges
                0x00000980       0x28 .\ARM_GCC_541\Debug\DTMF_Decoder.a(WaveDAC8_Wave1_DMA_dma.o)
 .debug_aranges
                0x000009a8       0x28 .\ARM_GCC_541\Debug\DTMF_Decoder.a(WaveDAC8_Wave2_DMA_dma.o)
 .debug_aranges
                0x000009d0       0x58 .\ARM_GCC_541\Debug\DTMF_Decoder.a(WaveDAC8_VDAC8.o)
 .debug_aranges
                0x00000a28       0x88 .\ARM_GCC_541\Debug\DTMF_Decoder.a(Timer.o)
 .debug_aranges
                0x00000ab0       0x80 .\ARM_GCC_541\Debug\DTMF_Decoder.a(isr.o)
 .debug_aranges
                0x00000b30       0x20 .\ARM_GCC_541\Debug\DTMF_Decoder.a(CyBootAsmGnu.o)
 .debug_aranges
                0x00000b50       0x80 .\ARM_GCC_541\Debug\DTMF_Decoder.a(CyFlash.o)
 .debug_aranges
                0x00000bd0       0x78 .\ARM_GCC_541\Debug\DTMF_Decoder.a(CySpc.o)

.debug_pubnames
 *(.debug_pubnames)

.debug_info     0x00000000     0x5388
 *(.debug_info .gnu.linkonce.wi.*)
 .debug_info    0x00000000      0x38e .\ARM_GCC_541\Debug\main.o
 .debug_info    0x0000038e      0x448 .\ARM_GCC_541\Debug\cyfitter_cfg.o
 .debug_info    0x000007d6      0x136 .\ARM_GCC_541\Debug\cymetadata.o
 .debug_info    0x0000090c      0x32b .\ARM_GCC_541\Debug\Cm3Start.o
 .debug_info    0x00000c37      0x72c .\ARM_GCC_541\Debug\DTMF_Decoder.a(ADC_DelSig_1.o)
 .debug_info    0x00001363       0xd3 .\ARM_GCC_541\Debug\DTMF_Decoder.a(ADC_DelSig_1_INT.o)
 .debug_info    0x00001436      0x10a .\ARM_GCC_541\Debug\DTMF_Decoder.a(ADC_DelSig_1_AMux.o)
 .debug_info    0x00001540      0x25d .\ARM_GCC_541\Debug\DTMF_Decoder.a(ADC_DelSig_1_Ext_CP_Clk.o)
 .debug_info    0x0000179d      0x299 .\ARM_GCC_541\Debug\DTMF_Decoder.a(ADC_DelSig_1_theACLK.o)
 .debug_info    0x00001a36      0x8c0 .\ARM_GCC_541\Debug\DTMF_Decoder.a(CyDmac.o)
 .debug_info    0x000022f6      0xe51 .\ARM_GCC_541\Debug\DTMF_Decoder.a(CyLib.o)
 .debug_info    0x00003147      0x57a .\ARM_GCC_541\Debug\DTMF_Decoder.a(cyPm.o)
 .debug_info    0x000036c1      0x50a .\ARM_GCC_541\Debug\DTMF_Decoder.a(UART_1.o)
 .debug_info    0x00003bcb      0x25d .\ARM_GCC_541\Debug\DTMF_Decoder.a(UART_1_IntClock.o)
 .debug_info    0x00003e28      0x258 .\ARM_GCC_541\Debug\DTMF_Decoder.a(WaveDAC8.o)
 .debug_info    0x00004080      0x25d .\ARM_GCC_541\Debug\DTMF_Decoder.a(WaveDAC8_DacClk.o)
 .debug_info    0x000042dd      0x11b .\ARM_GCC_541\Debug\DTMF_Decoder.a(WaveDAC8_Wave1_DMA_dma.o)
 .debug_info    0x000043f8      0x11b .\ARM_GCC_541\Debug\DTMF_Decoder.a(WaveDAC8_Wave2_DMA_dma.o)
 .debug_info    0x00004513      0x185 .\ARM_GCC_541\Debug\DTMF_Decoder.a(WaveDAC8_VDAC8.o)
 .debug_info    0x00004698      0x245 .\ARM_GCC_541\Debug\DTMF_Decoder.a(Timer.o)
 .debug_info    0x000048dd      0x241 .\ARM_GCC_541\Debug\DTMF_Decoder.a(isr.o)
 .debug_info    0x00004b1e       0x9f .\ARM_GCC_541\Debug\DTMF_Decoder.a(CyBootAsmGnu.o)
 .debug_info    0x00004bbd      0x371 .\ARM_GCC_541\Debug\DTMF_Decoder.a(CyFlash.o)
 .debug_info    0x00004f2e      0x45a .\ARM_GCC_541\Debug\DTMF_Decoder.a(CySpc.o)

.debug_abbrev   0x00000000     0x1a7a
 *(.debug_abbrev)
 .debug_abbrev  0x00000000      0x151 .\ARM_GCC_541\Debug\main.o
 .debug_abbrev  0x00000151      0x1b0 .\ARM_GCC_541\Debug\cyfitter_cfg.o
 .debug_abbrev  0x00000301       0x77 .\ARM_GCC_541\Debug\cymetadata.o
 .debug_abbrev  0x00000378      0x1d6 .\ARM_GCC_541\Debug\Cm3Start.o
 .debug_abbrev  0x0000054e      0x19d .\ARM_GCC_541\Debug\DTMF_Decoder.a(ADC_DelSig_1.o)
 .debug_abbrev  0x000006eb       0x42 .\ARM_GCC_541\Debug\DTMF_Decoder.a(ADC_DelSig_1_INT.o)
 .debug_abbrev  0x0000072d       0x6f .\ARM_GCC_541\Debug\DTMF_Decoder.a(ADC_DelSig_1_AMux.o)
 .debug_abbrev  0x0000079c      0x11d .\ARM_GCC_541\Debug\DTMF_Decoder.a(ADC_DelSig_1_Ext_CP_Clk.o)
 .debug_abbrev  0x000008b9      0x11d .\ARM_GCC_541\Debug\DTMF_Decoder.a(ADC_DelSig_1_theACLK.o)
 .debug_abbrev  0x000009d6      0x194 .\ARM_GCC_541\Debug\DTMF_Decoder.a(CyDmac.o)
 .debug_abbrev  0x00000b6a      0x217 .\ARM_GCC_541\Debug\DTMF_Decoder.a(CyLib.o)
 .debug_abbrev  0x00000d81      0x161 .\ARM_GCC_541\Debug\DTMF_Decoder.a(cyPm.o)
 .debug_abbrev  0x00000ee2      0x163 .\ARM_GCC_541\Debug\DTMF_Decoder.a(UART_1.o)
 .debug_abbrev  0x00001045      0x11d .\ARM_GCC_541\Debug\DTMF_Decoder.a(UART_1_IntClock.o)
 .debug_abbrev  0x00001162       0xe3 .\ARM_GCC_541\Debug\DTMF_Decoder.a(WaveDAC8.o)
 .debug_abbrev  0x00001245      0x11d .\ARM_GCC_541\Debug\DTMF_Decoder.a(WaveDAC8_DacClk.o)
 .debug_abbrev  0x00001362       0x8b .\ARM_GCC_541\Debug\DTMF_Decoder.a(WaveDAC8_Wave1_DMA_dma.o)
 .debug_abbrev  0x000013ed       0x8b .\ARM_GCC_541\Debug\DTMF_Decoder.a(WaveDAC8_Wave2_DMA_dma.o)
 .debug_abbrev  0x00001478       0xeb .\ARM_GCC_541\Debug\DTMF_Decoder.a(WaveDAC8_VDAC8.o)
 .debug_abbrev  0x00001563       0xe9 .\ARM_GCC_541\Debug\DTMF_Decoder.a(Timer.o)
 .debug_abbrev  0x0000164c      0x172 .\ARM_GCC_541\Debug\DTMF_Decoder.a(isr.o)
 .debug_abbrev  0x000017be       0x14 .\ARM_GCC_541\Debug\DTMF_Decoder.a(CyBootAsmGnu.o)
 .debug_abbrev  0x000017d2      0x13c .\ARM_GCC_541\Debug\DTMF_Decoder.a(CyFlash.o)
 .debug_abbrev  0x0000190e      0x16c .\ARM_GCC_541\Debug\DTMF_Decoder.a(CySpc.o)

.debug_line     0x00000000     0x2f43
 *(.debug_line)
 .debug_line    0x00000000      0x2ac .\ARM_GCC_541\Debug\main.o
 .debug_line    0x000002ac      0x226 .\ARM_GCC_541\Debug\cyfitter_cfg.o
 .debug_line    0x000004d2      0x141 .\ARM_GCC_541\Debug\cymetadata.o
 .debug_line    0x00000613      0x1db .\ARM_GCC_541\Debug\Cm3Start.o
 .debug_line    0x000007ee      0x365 .\ARM_GCC_541\Debug\DTMF_Decoder.a(ADC_DelSig_1.o)
 .debug_line    0x00000b53       0x95 .\ARM_GCC_541\Debug\DTMF_Decoder.a(ADC_DelSig_1_INT.o)
 .debug_line    0x00000be8       0xa6 .\ARM_GCC_541\Debug\DTMF_Decoder.a(ADC_DelSig_1_AMux.o)
 .debug_line    0x00000c8e      0x1b6 .\ARM_GCC_541\Debug\DTMF_Decoder.a(ADC_DelSig_1_Ext_CP_Clk.o)
 .debug_line    0x00000e44      0x1d7 .\ARM_GCC_541\Debug\DTMF_Decoder.a(ADC_DelSig_1_theACLK.o)
 .debug_line    0x0000101b      0x2b6 .\ARM_GCC_541\Debug\DTMF_Decoder.a(CyDmac.o)
 .debug_line    0x000012d1      0x883 .\ARM_GCC_541\Debug\DTMF_Decoder.a(CyLib.o)
 .debug_line    0x00001b54      0x38e .\ARM_GCC_541\Debug\DTMF_Decoder.a(cyPm.o)
 .debug_line    0x00001ee2      0x2e4 .\ARM_GCC_541\Debug\DTMF_Decoder.a(UART_1.o)
 .debug_line    0x000021c6      0x1ae .\ARM_GCC_541\Debug\DTMF_Decoder.a(UART_1_IntClock.o)
 .debug_line    0x00002374       0xf2 .\ARM_GCC_541\Debug\DTMF_Decoder.a(WaveDAC8.o)
 .debug_line    0x00002466      0x1ae .\ARM_GCC_541\Debug\DTMF_Decoder.a(WaveDAC8_DacClk.o)
 .debug_line    0x00002614       0x85 .\ARM_GCC_541\Debug\DTMF_Decoder.a(WaveDAC8_Wave1_DMA_dma.o)
 .debug_line    0x00002699       0x85 .\ARM_GCC_541\Debug\DTMF_Decoder.a(WaveDAC8_Wave2_DMA_dma.o)
 .debug_line    0x0000271e       0xf6 .\ARM_GCC_541\Debug\DTMF_Decoder.a(WaveDAC8_VDAC8.o)
 .debug_line    0x00002814      0x15d .\ARM_GCC_541\Debug\DTMF_Decoder.a(Timer.o)
 .debug_line    0x00002971      0x13e .\ARM_GCC_541\Debug\DTMF_Decoder.a(isr.o)
 .debug_line    0x00002aaf       0x7d .\ARM_GCC_541\Debug\DTMF_Decoder.a(CyBootAsmGnu.o)
 .debug_line    0x00002b2c      0x205 .\ARM_GCC_541\Debug\DTMF_Decoder.a(CyFlash.o)
 .debug_line    0x00002d31      0x212 .\ARM_GCC_541\Debug\DTMF_Decoder.a(CySpc.o)

.debug_frame    0x00000000     0x3c68
 *(.debug_frame)
 .debug_frame   0x00000000       0xd4 .\ARM_GCC_541\Debug\main.o
 .debug_frame   0x000000d4      0x1bc .\ARM_GCC_541\Debug\cyfitter_cfg.o
 .debug_frame   0x00000290       0xd8 .\ARM_GCC_541\Debug\Cm3Start.o
 .debug_frame   0x00000368      0x40c .\ARM_GCC_541\Debug\DTMF_Decoder.a(ADC_DelSig_1.o)
 .debug_frame   0x00000774       0xa0 .\ARM_GCC_541\Debug\DTMF_Decoder.a(ADC_DelSig_1_INT.o)
 .debug_frame   0x00000814       0x88 .\ARM_GCC_541\Debug\DTMF_Decoder.a(ADC_DelSig_1_AMux.o)
 .debug_frame   0x0000089c      0x1b4 .\ARM_GCC_541\Debug\DTMF_Decoder.a(ADC_DelSig_1_Ext_CP_Clk.o)
 .debug_frame   0x00000a50      0x200 .\ARM_GCC_541\Debug\DTMF_Decoder.a(ADC_DelSig_1_theACLK.o)
 .debug_frame   0x00000c50      0x3d0 .\ARM_GCC_541\Debug\DTMF_Decoder.a(CyDmac.o)
 .debug_frame   0x00001020      0xc0c .\ARM_GCC_541\Debug\DTMF_Decoder.a(CyLib.o)
 .debug_frame   0x00001c2c      0x234 .\ARM_GCC_541\Debug\DTMF_Decoder.a(cyPm.o)
 .debug_frame   0x00001e60      0x42c .\ARM_GCC_541\Debug\DTMF_Decoder.a(UART_1.o)
 .debug_frame   0x0000228c      0x1b4 .\ARM_GCC_541\Debug\DTMF_Decoder.a(UART_1_IntClock.o)
 .debug_frame   0x00002440       0xf8 .\ARM_GCC_541\Debug\DTMF_Decoder.a(WaveDAC8.o)
 .debug_frame   0x00002538      0x1b4 .\ARM_GCC_541\Debug\DTMF_Decoder.a(WaveDAC8_DacClk.o)
 .debug_frame   0x000026ec       0x58 .\ARM_GCC_541\Debug\DTMF_Decoder.a(WaveDAC8_Wave1_DMA_dma.o)
 .debug_frame   0x00002744       0x58 .\ARM_GCC_541\Debug\DTMF_Decoder.a(WaveDAC8_Wave2_DMA_dma.o)
 .debug_frame   0x0000279c      0x130 .\ARM_GCC_541\Debug\DTMF_Decoder.a(WaveDAC8_VDAC8.o)
 .debug_frame   0x000028cc      0x208 .\ARM_GCC_541\Debug\DTMF_Decoder.a(Timer.o)
 .debug_frame   0x00002ad4      0x1e8 .\ARM_GCC_541\Debug\DTMF_Decoder.a(isr.o)
 .debug_frame   0x00002cbc      0x210 .\ARM_GCC_541\Debug\DTMF_Decoder.a(CyFlash.o)
 .debug_frame   0x00002ecc      0x1f8 .\ARM_GCC_541\Debug\DTMF_Decoder.a(CySpc.o)
 .debug_frame   0x000030c4       0x38 c:/program files (x86)/cypress/psoc creator/4.1/psoc creator/import/gnu/arm/5.4.1/bin/../lib/gcc/arm-none-eabi/5.4.1/../../../../arm-none-eabi/lib/armv7-m\libm.a(lib_a-s_cos.o)
 .debug_frame   0x000030fc       0x44 c:/program files (x86)/cypress/psoc creator/4.1/psoc creator/import/gnu/arm/5.4.1/bin/../lib/gcc/arm-none-eabi/5.4.1/../../../../arm-none-eabi/lib/armv7-m\libm.a(lib_a-w_sqrt.o)
 .debug_frame   0x00003140       0x48 c:/program files (x86)/cypress/psoc creator/4.1/psoc creator/import/gnu/arm/5.4.1/bin/../lib/gcc/arm-none-eabi/5.4.1/../../../../arm-none-eabi/lib/armv7-m\libm.a(lib_a-e_rem_pio2.o)
 .debug_frame   0x00003188       0x30 c:/program files (x86)/cypress/psoc creator/4.1/psoc creator/import/gnu/arm/5.4.1/bin/../lib/gcc/arm-none-eabi/5.4.1/../../../../arm-none-eabi/lib/armv7-m\libm.a(lib_a-e_sqrt.o)
 .debug_frame   0x000031b8       0x4c c:/program files (x86)/cypress/psoc creator/4.1/psoc creator/import/gnu/arm/5.4.1/bin/../lib/gcc/arm-none-eabi/5.4.1/../../../../arm-none-eabi/lib/armv7-m\libm.a(lib_a-k_cos.o)
 .debug_frame   0x00003204       0x50 c:/program files (x86)/cypress/psoc creator/4.1/psoc creator/import/gnu/arm/5.4.1/bin/../lib/gcc/arm-none-eabi/5.4.1/../../../../arm-none-eabi/lib/armv7-m\libm.a(lib_a-k_rem_pio2.o)
 .debug_frame   0x00003254       0x48 c:/program files (x86)/cypress/psoc creator/4.1/psoc creator/import/gnu/arm/5.4.1/bin/../lib/gcc/arm-none-eabi/5.4.1/../../../../arm-none-eabi/lib/armv7-m\libm.a(lib_a-k_sin.o)
 .debug_frame   0x0000329c       0x20 c:/program files (x86)/cypress/psoc creator/4.1/psoc creator/import/gnu/arm/5.4.1/bin/../lib/gcc/arm-none-eabi/5.4.1/../../../../arm-none-eabi/lib/armv7-m\libm.a(lib_a-s_fabs.o)
 .debug_frame   0x000032bc       0x34 c:/program files (x86)/cypress/psoc creator/4.1/psoc creator/import/gnu/arm/5.4.1/bin/../lib/gcc/arm-none-eabi/5.4.1/../../../../arm-none-eabi/lib/armv7-m\libm.a(lib_a-s_floor.o)
 .debug_frame   0x000032f0       0x20 c:/program files (x86)/cypress/psoc creator/4.1/psoc creator/import/gnu/arm/5.4.1/bin/../lib/gcc/arm-none-eabi/5.4.1/../../../../arm-none-eabi/lib/armv7-m\libm.a(lib_a-s_matherr.o)
 .debug_frame   0x00003310       0x30 c:/program files (x86)/cypress/psoc creator/4.1/psoc creator/import/gnu/arm/5.4.1/bin/../lib/gcc/arm-none-eabi/5.4.1/../../../../arm-none-eabi/lib/armv7-m\libm.a(lib_a-s_scalbn.o)
 .debug_frame   0x00003340       0x20 c:/program files (x86)/cypress/psoc creator/4.1/psoc creator/import/gnu/arm/5.4.1/bin/../lib/gcc/arm-none-eabi/5.4.1/../../../../arm-none-eabi/lib/armv7-m\libm.a(lib_a-s_copysign.o)
 .debug_frame   0x00003360       0x20 c:/program files (x86)/cypress/psoc creator/4.1/psoc creator/import/gnu/arm/5.4.1/bin/../lib/gcc/arm-none-eabi/5.4.1/../../../../arm-none-eabi/lib/armv7-m\libg_nano.a(lib_a-errno.o)
 .debug_frame   0x00003380       0x28 c:/program files (x86)/cypress/psoc creator/4.1/psoc creator/import/gnu/arm/5.4.1/bin/../lib/gcc/arm-none-eabi/5.4.1/../../../../arm-none-eabi/lib/armv7-m\libg_nano.a(lib_a-exit.o)
 .debug_frame   0x000033a8       0x2c c:/program files (x86)/cypress/psoc creator/4.1/psoc creator/import/gnu/arm/5.4.1/bin/../lib/gcc/arm-none-eabi/5.4.1/../../../../arm-none-eabi/lib/armv7-m\libg_nano.a(lib_a-init.o)
 .debug_frame   0x000033d4       0x28 c:/program files (x86)/cypress/psoc creator/4.1/psoc creator/import/gnu/arm/5.4.1/bin/../lib/gcc/arm-none-eabi/5.4.1/../../../../arm-none-eabi/lib/armv7-m\libg_nano.a(lib_a-memcpy-stub.o)
 .debug_frame   0x000033fc       0x20 c:/program files (x86)/cypress/psoc creator/4.1/psoc creator/import/gnu/arm/5.4.1/bin/../lib/gcc/arm-none-eabi/5.4.1/../../../../arm-none-eabi/lib/armv7-m\libg_nano.a(lib_a-memset.o)
 .debug_frame   0x0000341c       0x3c c:/program files (x86)/cypress/psoc creator/4.1/psoc creator/import/gnu/arm/5.4.1/bin/../lib/gcc/arm-none-eabi/5.4.1/../../../../arm-none-eabi/lib/armv7-m\libg_nano.a(lib_a-puts.o)
 .debug_frame   0x00003458       0x70 c:/program files (x86)/cypress/psoc creator/4.1/psoc creator/import/gnu/arm/5.4.1/bin/../lib/gcc/arm-none-eabi/5.4.1/../../../../arm-none-eabi/lib/armv7-m\libg_nano.a(lib_a-sprintf.o)
 .debug_frame   0x000034c8       0x40 c:/program files (x86)/cypress/psoc creator/4.1/psoc creator/import/gnu/arm/5.4.1/bin/../lib/gcc/arm-none-eabi/5.4.1/../../../../arm-none-eabi/lib/armv7-m\libg_nano.a(lib_a-wbuf.o)
 .debug_frame   0x00003508       0x2c c:/program files (x86)/cypress/psoc creator/4.1/psoc creator/import/gnu/arm/5.4.1/bin/../lib/gcc/arm-none-eabi/5.4.1/../../../../arm-none-eabi/lib/armv7-m\libg_nano.a(lib_a-wsetup.o)
 .debug_frame   0x00003534       0x68 c:/program files (x86)/cypress/psoc creator/4.1/psoc creator/import/gnu/arm/5.4.1/bin/../lib/gcc/arm-none-eabi/5.4.1/../../../../arm-none-eabi/lib/armv7-m\libg_nano.a(lib_a-fflush.o)
 .debug_frame   0x0000359c      0x11c c:/program files (x86)/cypress/psoc creator/4.1/psoc creator/import/gnu/arm/5.4.1/bin/../lib/gcc/arm-none-eabi/5.4.1/../../../../arm-none-eabi/lib/armv7-m\libg_nano.a(lib_a-findfp.o)
 .debug_frame   0x000036b8       0x54 c:/program files (x86)/cypress/psoc creator/4.1/psoc creator/import/gnu/arm/5.4.1/bin/../lib/gcc/arm-none-eabi/5.4.1/../../../../arm-none-eabi/lib/armv7-m\libg_nano.a(lib_a-fwalk.o)
 .debug_frame   0x0000370c       0x54 c:/program files (x86)/cypress/psoc creator/4.1/psoc creator/import/gnu/arm/5.4.1/bin/../lib/gcc/arm-none-eabi/5.4.1/../../../../arm-none-eabi/lib/armv7-m\libg_nano.a(lib_a-makebuf.o)
 .debug_frame   0x00003760       0x38 c:/program files (x86)/cypress/psoc creator/4.1/psoc creator/import/gnu/arm/5.4.1/bin/../lib/gcc/arm-none-eabi/5.4.1/../../../../arm-none-eabi/lib/armv7-m\libg_nano.a(lib_a-nano-freer.o)
 .debug_frame   0x00003798       0x2c c:/program files (x86)/cypress/psoc creator/4.1/psoc creator/import/gnu/arm/5.4.1/bin/../lib/gcc/arm-none-eabi/5.4.1/../../../../arm-none-eabi/lib/armv7-m\libg_nano.a(lib_a-nano-mallocr.o)
 .debug_frame   0x000037c4       0x90 c:/program files (x86)/cypress/psoc creator/4.1/psoc creator/import/gnu/arm/5.4.1/bin/../lib/gcc/arm-none-eabi/5.4.1/../../../../arm-none-eabi/lib/armv7-m\libg_nano.a(lib_a-nano-svfprintf.o)
 .debug_frame   0x00003854       0x60 c:/program files (x86)/cypress/psoc creator/4.1/psoc creator/import/gnu/arm/5.4.1/bin/../lib/gcc/arm-none-eabi/5.4.1/../../../../arm-none-eabi/lib/armv7-m\libg_nano.a(lib_a-nano-vfprintf_i.o)
 .debug_frame   0x000038b4       0x2c c:/program files (x86)/cypress/psoc creator/4.1/psoc creator/import/gnu/arm/5.4.1/bin/../lib/gcc/arm-none-eabi/5.4.1/../../../../arm-none-eabi/lib/armv7-m\libg_nano.a(lib_a-sbrkr.o)
 .debug_frame   0x000038e0       0x88 c:/program files (x86)/cypress/psoc creator/4.1/psoc creator/import/gnu/arm/5.4.1/bin/../lib/gcc/arm-none-eabi/5.4.1/../../../../arm-none-eabi/lib/armv7-m\libg_nano.a(lib_a-stdio.o)
 .debug_frame   0x00003968       0x2c c:/program files (x86)/cypress/psoc creator/4.1/psoc creator/import/gnu/arm/5.4.1/bin/../lib/gcc/arm-none-eabi/5.4.1/../../../../arm-none-eabi/lib/armv7-m\libg_nano.a(lib_a-writer.o)
 .debug_frame   0x00003994       0x2c c:/program files (x86)/cypress/psoc creator/4.1/psoc creator/import/gnu/arm/5.4.1/bin/../lib/gcc/arm-none-eabi/5.4.1/../../../../arm-none-eabi/lib/armv7-m\libg_nano.a(lib_a-closer.o)
 .debug_frame   0x000039c0       0x2c c:/program files (x86)/cypress/psoc creator/4.1/psoc creator/import/gnu/arm/5.4.1/bin/../lib/gcc/arm-none-eabi/5.4.1/../../../../arm-none-eabi/lib/armv7-m\libg_nano.a(lib_a-fstatr.o)
 .debug_frame   0x000039ec       0x2c c:/program files (x86)/cypress/psoc creator/4.1/psoc creator/import/gnu/arm/5.4.1/bin/../lib/gcc/arm-none-eabi/5.4.1/../../../../arm-none-eabi/lib/armv7-m\libg_nano.a(lib_a-isattyr.o)
 .debug_frame   0x00003a18       0x2c c:/program files (x86)/cypress/psoc creator/4.1/psoc creator/import/gnu/arm/5.4.1/bin/../lib/gcc/arm-none-eabi/5.4.1/../../../../arm-none-eabi/lib/armv7-m\libg_nano.a(lib_a-lseekr.o)
 .debug_frame   0x00003a44       0x28 c:/program files (x86)/cypress/psoc creator/4.1/psoc creator/import/gnu/arm/5.4.1/bin/../lib/gcc/arm-none-eabi/5.4.1/../../../../arm-none-eabi/lib/armv7-m\libg_nano.a(lib_a-memchr-stub.o)
 .debug_frame   0x00003a6c       0x28 c:/program files (x86)/cypress/psoc creator/4.1/psoc creator/import/gnu/arm/5.4.1/bin/../lib/gcc/arm-none-eabi/5.4.1/../../../../arm-none-eabi/lib/armv7-m\libg_nano.a(lib_a-memmove.o)
 .debug_frame   0x00003a94       0x30 c:/program files (x86)/cypress/psoc creator/4.1/psoc creator/import/gnu/arm/5.4.1/bin/../lib/gcc/arm-none-eabi/5.4.1/../../../../arm-none-eabi/lib/armv7-m\libg_nano.a(lib_a-mlock.o)
 .debug_frame   0x00003ac4       0x3c c:/program files (x86)/cypress/psoc creator/4.1/psoc creator/import/gnu/arm/5.4.1/bin/../lib/gcc/arm-none-eabi/5.4.1/../../../../arm-none-eabi/lib/armv7-m\libg_nano.a(lib_a-nano-reallocr.o)
 .debug_frame   0x00003b00       0x2c c:/program files (x86)/cypress/psoc creator/4.1/psoc creator/import/gnu/arm/5.4.1/bin/../lib/gcc/arm-none-eabi/5.4.1/../../../../arm-none-eabi/lib/armv7-m\libg_nano.a(lib_a-readr.o)
 .debug_frame   0x00003b2c       0x5c c:/program files (x86)/cypress/psoc creator/4.1/psoc creator/import/gnu/arm/5.4.1/bin/../lib/gcc/arm-none-eabi/5.4.1/../../../../arm-none-eabi/lib/armv7-m\libg_nano.a(lib_a-reent.o)
 .debug_frame   0x00003b88       0x20 c:/program files (x86)/cypress/psoc creator/4.1/psoc creator/import/gnu/arm/5.4.1/bin/../lib/gcc/arm-none-eabi/5.4.1/../../../../arm-none-eabi/lib/armv7-m\libg_nano.a(lib_a-nano-msizer.o)
 .debug_frame   0x00003ba8       0x20 c:/program files (x86)/cypress/psoc creator/4.1/psoc creator/import/gnu/arm/5.4.1/bin/../lib/gcc/arm-none-eabi/5.4.1/../../../../arm-none-eabi/lib/armv7-m\libnosys.a(close.o)
 .debug_frame   0x00003bc8       0x20 c:/program files (x86)/cypress/psoc creator/4.1/psoc creator/import/gnu/arm/5.4.1/bin/../lib/gcc/arm-none-eabi/5.4.1/../../../../arm-none-eabi/lib/armv7-m\libnosys.a(fstat.o)
 .debug_frame   0x00003be8       0x20 c:/program files (x86)/cypress/psoc creator/4.1/psoc creator/import/gnu/arm/5.4.1/bin/../lib/gcc/arm-none-eabi/5.4.1/../../../../arm-none-eabi/lib/armv7-m\libnosys.a(isatty.o)
 .debug_frame   0x00003c08       0x20 c:/program files (x86)/cypress/psoc creator/4.1/psoc creator/import/gnu/arm/5.4.1/bin/../lib/gcc/arm-none-eabi/5.4.1/../../../../arm-none-eabi/lib/armv7-m\libnosys.a(lseek.o)
 .debug_frame   0x00003c28       0x20 c:/program files (x86)/cypress/psoc creator/4.1/psoc creator/import/gnu/arm/5.4.1/bin/../lib/gcc/arm-none-eabi/5.4.1/../../../../arm-none-eabi/lib/armv7-m\libnosys.a(read.o)
 .debug_frame   0x00003c48       0x20 c:/program files (x86)/cypress/psoc creator/4.1/psoc creator/import/gnu/arm/5.4.1/bin/../lib/gcc/arm-none-eabi/5.4.1/../../../../arm-none-eabi/lib/armv7-m\libnosys.a(write.o)

.debug_str      0x00000000     0x2bb5
 *(.debug_str)
 .debug_str     0x00000000      0x25a .\ARM_GCC_541\Debug\main.o
                                0x2af (size before relaxing)
 .debug_str     0x0000025a      0x1de .\ARM_GCC_541\Debug\cyfitter_cfg.o
                                0x382 (size before relaxing)
 .debug_str     0x00000438       0x7f .\ARM_GCC_541\Debug\cymetadata.o
                                0x1f3 (size before relaxing)
 .debug_str     0x000004b7      0x123 .\ARM_GCC_541\Debug\Cm3Start.o
                                0x2e6 (size before relaxing)
 .debug_str     0x000005da      0x43e .\ARM_GCC_541\Debug\DTMF_Decoder.a(ADC_DelSig_1.o)
                                0x632 (size before relaxing)
 .debug_str     0x00000a18       0x72 .\ARM_GCC_541\Debug\DTMF_Decoder.a(ADC_DelSig_1_INT.o)
                                0x1fc (size before relaxing)
 .debug_str     0x00000a8a       0x9c .\ARM_GCC_541\Debug\DTMF_Decoder.a(ADC_DelSig_1_AMux.o)
                                0x21f (size before relaxing)
 .debug_str     0x00000b26      0x220 .\ARM_GCC_541\Debug\DTMF_Decoder.a(ADC_DelSig_1_Ext_CP_Clk.o)
                                0x3bd (size before relaxing)
 .debug_str     0x00000d46      0x208 .\ARM_GCC_541\Debug\DTMF_Decoder.a(ADC_DelSig_1_theACLK.o)
                                0x3ee (size before relaxing)
 .debug_str     0x00000f4e      0x367 .\ARM_GCC_541\Debug\DTMF_Decoder.a(CyDmac.o)
                                0x52c (size before relaxing)
 .debug_str     0x000012b5      0x7de .\ARM_GCC_541\Debug\DTMF_Decoder.a(CyLib.o)
                                0x9f9 (size before relaxing)
 .debug_str     0x00001a93      0x371 .\ARM_GCC_541\Debug\DTMF_Decoder.a(cyPm.o)
                                0x552 (size before relaxing)
 .debug_str     0x00001e04      0x2a1 .\ARM_GCC_541\Debug\DTMF_Decoder.a(UART_1.o)
                                0x46a (size before relaxing)
 .debug_str     0x000020a5      0x177 .\ARM_GCC_541\Debug\DTMF_Decoder.a(UART_1_IntClock.o)
                                0x35d (size before relaxing)
 .debug_str     0x0000221c      0x14a .\ARM_GCC_541\Debug\DTMF_Decoder.a(WaveDAC8.o)
                                0x2e8 (size before relaxing)
 .debug_str     0x00002366      0x177 .\ARM_GCC_541\Debug\DTMF_Decoder.a(WaveDAC8_DacClk.o)
                                0x35d (size before relaxing)
 .debug_str     0x000024dd       0xc7 .\ARM_GCC_541\Debug\DTMF_Decoder.a(WaveDAC8_Wave1_DMA_dma.o)
                                0x25e (size before relaxing)
 .debug_str     0x000025a4       0x8c .\ARM_GCC_541\Debug\DTMF_Decoder.a(WaveDAC8_Wave2_DMA_dma.o)
                                0x25e (size before relaxing)
 .debug_str     0x00002630       0xfd .\ARM_GCC_541\Debug\DTMF_Decoder.a(WaveDAC8_VDAC8.o)
                                0x288 (size before relaxing)
 .debug_str     0x0000272d      0x15a .\ARM_GCC_541\Debug\DTMF_Decoder.a(Timer.o)
                                0x304 (size before relaxing)
 .debug_str     0x00002887       0xca .\ARM_GCC_541\Debug\DTMF_Decoder.a(isr.o)
                                0x299 (size before relaxing)
 .debug_str     0x00002951      0x145 .\ARM_GCC_541\Debug\DTMF_Decoder.a(CyFlash.o)
                                0x305 (size before relaxing)
 .debug_str     0x00002a96      0x11f .\ARM_GCC_541\Debug\DTMF_Decoder.a(CySpc.o)
                                0x302 (size before relaxing)

.debug_loc
 *(.debug_loc)

.debug_macinfo
 *(.debug_macinfo)

.debug_ranges   0x00000000      0xab0
 *(.debug_ranges)
 .debug_ranges  0x00000000       0x30 .\ARM_GCC_541\Debug\main.o
 .debug_ranges  0x00000030       0x60 .\ARM_GCC_541\Debug\cyfitter_cfg.o
 .debug_ranges  0x00000090       0x38 .\ARM_GCC_541\Debug\Cm3Start.o
 .debug_ranges  0x000000c8       0xd8 .\ARM_GCC_541\Debug\DTMF_Decoder.a(ADC_DelSig_1.o)
 .debug_ranges  0x000001a0       0x28 .\ARM_GCC_541\Debug\DTMF_Decoder.a(ADC_DelSig_1_INT.o)
 .debug_ranges  0x000001c8       0x20 .\ARM_GCC_541\Debug\DTMF_Decoder.a(ADC_DelSig_1_AMux.o)
 .debug_ranges  0x000001e8       0x60 .\ARM_GCC_541\Debug\DTMF_Decoder.a(ADC_DelSig_1_Ext_CP_Clk.o)
 .debug_ranges  0x00000248       0x70 .\ARM_GCC_541\Debug\DTMF_Decoder.a(ADC_DelSig_1_theACLK.o)
 .debug_ranges  0x000002b8       0xc8 .\ARM_GCC_541\Debug\DTMF_Decoder.a(CyDmac.o)
 .debug_ranges  0x00000380      0x290 .\ARM_GCC_541\Debug\DTMF_Decoder.a(CyLib.o)
 .debug_ranges  0x00000610       0x88 .\ARM_GCC_541\Debug\DTMF_Decoder.a(cyPm.o)
 .debug_ranges  0x00000698       0xe0 .\ARM_GCC_541\Debug\DTMF_Decoder.a(UART_1.o)
 .debug_ranges  0x00000778       0x60 .\ARM_GCC_541\Debug\DTMF_Decoder.a(UART_1_IntClock.o)
 .debug_ranges  0x000007d8       0x40 .\ARM_GCC_541\Debug\DTMF_Decoder.a(WaveDAC8.o)
 .debug_ranges  0x00000818       0x60 .\ARM_GCC_541\Debug\DTMF_Decoder.a(WaveDAC8_DacClk.o)
 .debug_ranges  0x00000878       0x18 .\ARM_GCC_541\Debug\DTMF_Decoder.a(WaveDAC8_Wave1_DMA_dma.o)
 .debug_ranges  0x00000890       0x18 .\ARM_GCC_541\Debug\DTMF_Decoder.a(WaveDAC8_Wave2_DMA_dma.o)
 .debug_ranges  0x000008a8       0x48 .\ARM_GCC_541\Debug\DTMF_Decoder.a(WaveDAC8_VDAC8.o)
 .debug_ranges  0x000008f0       0x78 .\ARM_GCC_541\Debug\DTMF_Decoder.a(Timer.o)
 .debug_ranges  0x00000968       0x70 .\ARM_GCC_541\Debug\DTMF_Decoder.a(isr.o)
 .debug_ranges  0x000009d8       0x70 .\ARM_GCC_541\Debug\DTMF_Decoder.a(CyFlash.o)
 .debug_ranges  0x00000a48       0x68 .\ARM_GCC_541\Debug\DTMF_Decoder.a(CySpc.o)

.comment        0x00000000       0x6e
 .comment       0x00000000       0x6e .\ARM_GCC_541\Debug\main.o
                                 0x6f (size before relaxing)
 .comment       0x0000006e       0x6f .\ARM_GCC_541\Debug\cyfitter_cfg.o
 .comment       0x0000006e       0x6f .\ARM_GCC_541\Debug\cymetadata.o
 .comment       0x0000006e       0x6f .\ARM_GCC_541\Debug\Cm3Start.o
 .comment       0x0000006e       0x6f .\ARM_GCC_541\Debug\DTMF_Decoder.a(ADC_DelSig_1.o)
 .comment       0x0000006e       0x6f .\ARM_GCC_541\Debug\DTMF_Decoder.a(ADC_DelSig_1_INT.o)
 .comment       0x0000006e       0x6f .\ARM_GCC_541\Debug\DTMF_Decoder.a(ADC_DelSig_1_AMux.o)
 .comment       0x0000006e       0x6f .\ARM_GCC_541\Debug\DTMF_Decoder.a(ADC_DelSig_1_Ext_CP_Clk.o)
 .comment       0x0000006e       0x6f .\ARM_GCC_541\Debug\DTMF_Decoder.a(ADC_DelSig_1_theACLK.o)
 .comment       0x0000006e       0x6f .\ARM_GCC_541\Debug\DTMF_Decoder.a(CyDmac.o)
 .comment       0x0000006e       0x6f .\ARM_GCC_541\Debug\DTMF_Decoder.a(CyLib.o)
 .comment       0x0000006e       0x6f .\ARM_GCC_541\Debug\DTMF_Decoder.a(cyPm.o)
 .comment       0x0000006e       0x6f .\ARM_GCC_541\Debug\DTMF_Decoder.a(UART_1.o)
 .comment       0x0000006e       0x6f .\ARM_GCC_541\Debug\DTMF_Decoder.a(UART_1_IntClock.o)
 .comment       0x0000006e       0x6f .\ARM_GCC_541\Debug\DTMF_Decoder.a(WaveDAC8.o)
 .comment       0x0000006e       0x6f .\ARM_GCC_541\Debug\DTMF_Decoder.a(WaveDAC8_DacClk.o)
 .comment       0x0000006e       0x6f .\ARM_GCC_541\Debug\DTMF_Decoder.a(WaveDAC8_Wave1_DMA_dma.o)
 .comment       0x0000006e       0x6f .\ARM_GCC_541\Debug\DTMF_Decoder.a(WaveDAC8_Wave2_DMA_dma.o)
 .comment       0x0000006e       0x6f .\ARM_GCC_541\Debug\DTMF_Decoder.a(WaveDAC8_VDAC8.o)
 .comment       0x0000006e       0x6f .\ARM_GCC_541\Debug\DTMF_Decoder.a(Timer.o)
 .comment       0x0000006e       0x6f .\ARM_GCC_541\Debug\DTMF_Decoder.a(isr.o)
 .comment       0x0000006e       0x6f .\ARM_GCC_541\Debug\DTMF_Decoder.a(CyFlash.o)
 .comment       0x0000006e       0x6f .\ARM_GCC_541\Debug\DTMF_Decoder.a(CySpc.o)

.debug_weaknames
 *(.debug_weaknames)

.debug_funcnames
 *(.debug_funcnames)

.debug_typenames
 *(.debug_typenames)

.debug_varnames
 *(.debug_varnames)

.note.gnu.arm.ident
 *(.note.gnu.arm.ident)

.ARM.attributes
                0x00000000       0x29
 *(.ARM.attributes)
 .ARM.attributes
                0x00000000       0x1d c:/program files (x86)/cypress/psoc creator/4.1/psoc creator/import/gnu/arm/5.4.1/bin/../lib/gcc/arm-none-eabi/5.4.1/armv7-m/crti.o
 .ARM.attributes
                0x0000001d       0x2d c:/program files (x86)/cypress/psoc creator/4.1/psoc creator/import/gnu/arm/5.4.1/bin/../lib/gcc/arm-none-eabi/5.4.1/armv7-m/crtbegin.o
 .ARM.attributes
                0x0000004a       0x1b c:/program files (x86)/cypress/psoc creator/4.1/psoc creator/import/gnu/arm/5.4.1/bin/../lib/gcc/arm-none-eabi/5.4.1/../../../../arm-none-eabi/lib/armv7-m/crt0.o
 .ARM.attributes
                0x00000065       0x33 .\ARM_GCC_541\Debug\main.o
 .ARM.attributes
                0x00000098       0x33 .\ARM_GCC_541\Debug\cyfitter_cfg.o
 .ARM.attributes
                0x000000cb       0x33 .\ARM_GCC_541\Debug\cymetadata.o
 .ARM.attributes
                0x000000fe       0x33 .\ARM_GCC_541\Debug\Cm3Start.o
 .ARM.attributes
                0x00000131       0x33 .\ARM_GCC_541\Debug\DTMF_Decoder.a(ADC_DelSig_1.o)
 .ARM.attributes
                0x00000164       0x33 .\ARM_GCC_541\Debug\DTMF_Decoder.a(ADC_DelSig_1_INT.o)
 .ARM.attributes
                0x00000197       0x33 .\ARM_GCC_541\Debug\DTMF_Decoder.a(ADC_DelSig_1_AMux.o)
 .ARM.attributes
                0x000001ca       0x33 .\ARM_GCC_541\Debug\DTMF_Decoder.a(ADC_DelSig_1_Ext_CP_Clk.o)
 .ARM.attributes
                0x000001fd       0x33 .\ARM_GCC_541\Debug\DTMF_Decoder.a(ADC_DelSig_1_theACLK.o)
 .ARM.attributes
                0x00000230       0x33 .\ARM_GCC_541\Debug\DTMF_Decoder.a(CyDmac.o)
 .ARM.attributes
                0x00000263       0x33 .\ARM_GCC_541\Debug\DTMF_Decoder.a(CyLib.o)
 .ARM.attributes
                0x00000296       0x33 .\ARM_GCC_541\Debug\DTMF_Decoder.a(cyPm.o)
 .ARM.attributes
                0x000002c9       0x33 .\ARM_GCC_541\Debug\DTMF_Decoder.a(UART_1.o)
 .ARM.attributes
                0x000002fc       0x33 .\ARM_GCC_541\Debug\DTMF_Decoder.a(UART_1_IntClock.o)
 .ARM.attributes
                0x0000032f       0x33 .\ARM_GCC_541\Debug\DTMF_Decoder.a(WaveDAC8.o)
 .ARM.attributes
                0x00000362       0x33 .\ARM_GCC_541\Debug\DTMF_Decoder.a(WaveDAC8_DacClk.o)
 .ARM.attributes
                0x00000395       0x33 .\ARM_GCC_541\Debug\DTMF_Decoder.a(WaveDAC8_Wave1_DMA_dma.o)
 .ARM.attributes
                0x000003c8       0x33 .\ARM_GCC_541\Debug\DTMF_Decoder.a(WaveDAC8_Wave2_DMA_dma.o)
 .ARM.attributes
                0x000003fb       0x33 .\ARM_GCC_541\Debug\DTMF_Decoder.a(WaveDAC8_VDAC8.o)
 .ARM.attributes
                0x0000042e       0x33 .\ARM_GCC_541\Debug\DTMF_Decoder.a(Timer.o)
 .ARM.attributes
                0x00000461       0x33 .\ARM_GCC_541\Debug\DTMF_Decoder.a(isr.o)
 .ARM.attributes
                0x00000494       0x21 .\ARM_GCC_541\Debug\DTMF_Decoder.a(CyBootAsmGnu.o)
 .ARM.attributes
                0x000004b5       0x33 .\ARM_GCC_541\Debug\DTMF_Decoder.a(CyFlash.o)
 .ARM.attributes
                0x000004e8       0x33 .\ARM_GCC_541\Debug\DTMF_Decoder.a(CySpc.o)
 .ARM.attributes
                0x0000051b       0x2d c:/program files (x86)/cypress/psoc creator/4.1/psoc creator/import/gnu/arm/5.4.1/bin/../lib/gcc/arm-none-eabi/5.4.1/../../../../arm-none-eabi/lib/armv7-m\libm.a(lib_a-s_cos.o)
 .ARM.attributes
                0x00000548       0x2d c:/program files (x86)/cypress/psoc creator/4.1/psoc creator/import/gnu/arm/5.4.1/bin/../lib/gcc/arm-none-eabi/5.4.1/../../../../arm-none-eabi/lib/armv7-m\libm.a(lib_a-w_sqrt.o)
 .ARM.attributes
                0x00000575       0x2d c:/program files (x86)/cypress/psoc creator/4.1/psoc creator/import/gnu/arm/5.4.1/bin/../lib/gcc/arm-none-eabi/5.4.1/../../../../arm-none-eabi/lib/armv7-m\libm.a(lib_a-e_rem_pio2.o)
 .ARM.attributes
                0x000005a2       0x2d c:/program files (x86)/cypress/psoc creator/4.1/psoc creator/import/gnu/arm/5.4.1/bin/../lib/gcc/arm-none-eabi/5.4.1/../../../../arm-none-eabi/lib/armv7-m\libm.a(lib_a-e_sqrt.o)
 .ARM.attributes
                0x000005cf       0x2d c:/program files (x86)/cypress/psoc creator/4.1/psoc creator/import/gnu/arm/5.4.1/bin/../lib/gcc/arm-none-eabi/5.4.1/../../../../arm-none-eabi/lib/armv7-m\libm.a(lib_a-k_cos.o)
 .ARM.attributes
                0x000005fc       0x2d c:/program files (x86)/cypress/psoc creator/4.1/psoc creator/import/gnu/arm/5.4.1/bin/../lib/gcc/arm-none-eabi/5.4.1/../../../../arm-none-eabi/lib/armv7-m\libm.a(lib_a-k_rem_pio2.o)
 .ARM.attributes
                0x00000629       0x2d c:/program files (x86)/cypress/psoc creator/4.1/psoc creator/import/gnu/arm/5.4.1/bin/../lib/gcc/arm-none-eabi/5.4.1/../../../../arm-none-eabi/lib/armv7-m\libm.a(lib_a-k_sin.o)
 .ARM.attributes
                0x00000656       0x2d c:/program files (x86)/cypress/psoc creator/4.1/psoc creator/import/gnu/arm/5.4.1/bin/../lib/gcc/arm-none-eabi/5.4.1/../../../../arm-none-eabi/lib/armv7-m\libm.a(lib_a-s_fabs.o)
 .ARM.attributes
                0x00000683       0x2d c:/program files (x86)/cypress/psoc creator/4.1/psoc creator/import/gnu/arm/5.4.1/bin/../lib/gcc/arm-none-eabi/5.4.1/../../../../arm-none-eabi/lib/armv7-m\libm.a(lib_a-s_floor.o)
 .ARM.attributes