Archive member included to satisfy reference by file (symbol)

.\CortexM3\ARM_GCC_541\Debug\CE210558_GPIO_Interrupt.a(Rows.o)
                              .\CortexM3\ARM_GCC_541\Debug\InterruptRoutine.o (Rows_Read)
.\CortexM3\ARM_GCC_541\Debug\CE210558_GPIO_Interrupt.a(Notification.o)
                              .\CortexM3\ARM_GCC_541\Debug\InterruptRoutine.o (Notification_Write)
.\CortexM3\ARM_GCC_541\Debug\CE210558_GPIO_Interrupt.a(Columns.o)
                              .\CortexM3\ARM_GCC_541\Debug\InterruptRoutine.o (Columns_Read)
.\CortexM3\ARM_GCC_541\Debug\CE210558_GPIO_Interrupt.a(CyLib.o)
                              .\CortexM3\ARM_GCC_541\Debug\Cm3Start.o (CyResetStatus)
.\CortexM3\ARM_GCC_541\Debug\CE210558_GPIO_Interrupt.a(cyPm.o)
                              .\CortexM3\ARM_GCC_541\Debug\CE210558_GPIO_Interrupt.a(CyLib.o) (CyPmReadStatus)
.\CortexM3\ARM_GCC_541\Debug\CE210558_GPIO_Interrupt.a(UART_1.o)
                              .\CortexM3\ARM_GCC_541\Debug\main.o (UART_1_Start)
.\CortexM3\ARM_GCC_541\Debug\CE210558_GPIO_Interrupt.a(UART_1_IntClock.o)
                              .\CortexM3\ARM_GCC_541\Debug\CE210558_GPIO_Interrupt.a(UART_1.o) (UART_1_IntClock_Start)
.\CortexM3\ARM_GCC_541\Debug\CE210558_GPIO_Interrupt.a(KeyPad.o)
                              .\CortexM3\ARM_GCC_541\Debug\main.o (KeyPad_Read)
.\CortexM3\ARM_GCC_541\Debug\CE210558_GPIO_Interrupt.a(CyBootAsmGnu.o)
                              .\CortexM3\ARM_GCC_541\Debug\cyfitter_cfg.o (CyDelayCycles)
.\CortexM3\ARM_GCC_541\Debug\CE210558_GPIO_Interrupt.a(CyScBoostClk.o)
                              .\CortexM3\ARM_GCC_541\Debug\CE210558_GPIO_Interrupt.a(CyLib.o) (CyScBoostClk_Start)
.\CortexM3\ARM_GCC_541\Debug\CE210558_GPIO_Interrupt.a(CyFlash.o)
                              .\CortexM3\ARM_GCC_541\Debug\CE210558_GPIO_Interrupt.a(cyPm.o) (CyFlash_SetWaitCycles)
.\CortexM3\ARM_GCC_541\Debug\CE210558_GPIO_Interrupt.a(CySpc.o)
                              .\CortexM3\ARM_GCC_541\Debug\CE210558_GPIO_Interrupt.a(CyFlash.o) (CySpcStart)
c:/program files (x86)/cypress/psoc creator/4.2/psoc creator/import/gnu/arm/5.4.1/bin/../lib/gcc/arm-none-eabi/5.4.1/../../../../arm-none-eabi/lib/armv7-m\libg_nano.a(lib_a-errno.o)
                              .\CortexM3\ARM_GCC_541\Debug\Cm3Start.o (__errno)
c:/program files (x86)/cypress/psoc creator/4.2/psoc creator/import/gnu/arm/5.4.1/bin/../lib/gcc/arm-none-eabi/5.4.1/../../../../arm-none-eabi/lib/armv7-m\libg_nano.a(lib_a-exit.o)
                              c:/program files (x86)/cypress/psoc creator/4.2/psoc creator/import/gnu/arm/5.4.1/bin/../lib/gcc/arm-none-eabi/5.4.1/../../../../arm-none-eabi/lib/armv7-m/crt0.o (exit)
c:/program files (x86)/cypress/psoc creator/4.2/psoc creator/import/gnu/arm/5.4.1/bin/../lib/gcc/arm-none-eabi/5.4.1/../../../../arm-none-eabi/lib/armv7-m\libg_nano.a(lib_a-impure.o)
                              c:/program files (x86)/cypress/psoc creator/4.2/psoc creator/import/gnu/arm/5.4.1/bin/../lib/gcc/arm-none-eabi/5.4.1/../../../../arm-none-eabi/lib/armv7-m\libg_nano.a(lib_a-exit.o) (_global_impure_ptr)
c:/program files (x86)/cypress/psoc creator/4.2/psoc creator/import/gnu/arm/5.4.1/bin/../lib/gcc/arm-none-eabi/5.4.1/../../../../arm-none-eabi/lib/armv7-m\libg_nano.a(lib_a-init.o)
                              c:/program files (x86)/cypress/psoc creator/4.2/psoc creator/import/gnu/arm/5.4.1/bin/../lib/gcc/arm-none-eabi/5.4.1/../../../../arm-none-eabi/lib/armv7-m/crt0.o (__libc_init_array)
c:/program files (x86)/cypress/psoc creator/4.2/psoc creator/import/gnu/arm/5.4.1/bin/../lib/gcc/arm-none-eabi/5.4.1/../../../../arm-none-eabi/lib/armv7-m\libg_nano.a(lib_a-memcpy-stub.o)
                              .\CortexM3\ARM_GCC_541\Debug\cyfitter_cfg.o (memcpy)
c:/program files (x86)/cypress/psoc creator/4.2/psoc creator/import/gnu/arm/5.4.1/bin/../lib/gcc/arm-none-eabi/5.4.1/../../../../arm-none-eabi/lib/armv7-m\libg_nano.a(lib_a-memset.o)
                              c:/program files (x86)/cypress/psoc creator/4.2/psoc creator/import/gnu/arm/5.4.1/bin/../lib/gcc/arm-none-eabi/5.4.1/../../../../arm-none-eabi/lib/armv7-m/crt0.o (memset)

Allocating common symbols
Common symbol       size              file

dieTemperature      0x2               .\CortexM3\ARM_GCC_541\Debug\CE210558_GPIO_Interrupt.a(CyFlash.o)

Discarded input sections

 .text          0x00000000        0x0 c:/program files (x86)/cypress/psoc creator/4.2/psoc creator/import/gnu/arm/5.4.1/bin/../lib/gcc/arm-none-eabi/5.4.1/armv7-m/crti.o
 .data          0x00000000        0x0 c:/program files (x86)/cypress/psoc creator/4.2/psoc creator/import/gnu/arm/5.4.1/bin/../lib/gcc/arm-none-eabi/5.4.1/armv7-m/crti.o
 .bss           0x00000000        0x0 c:/program files (x86)/cypress/psoc creator/4.2/psoc creator/import/gnu/arm/5.4.1/bin/../lib/gcc/arm-none-eabi/5.4.1/armv7-m/crti.o
 .data          0x00000000        0x4 c:/program files (x86)/cypress/psoc creator/4.2/psoc creator/import/gnu/arm/5.4.1/bin/../lib/gcc/arm-none-eabi/5.4.1/armv7-m/crtbegin.o
 .text          0x00000000       0x74 c:/program files (x86)/cypress/psoc creator/4.2/psoc creator/import/gnu/arm/5.4.1/bin/../lib/gcc/arm-none-eabi/5.4.1/../../../../arm-none-eabi/lib/armv7-m/crt0.o
 .data          0x00000000        0x0 c:/program files (x86)/cypress/psoc creator/4.2/psoc creator/import/gnu/arm/5.4.1/bin/../lib/gcc/arm-none-eabi/5.4.1/../../../../arm-none-eabi/lib/armv7-m/crt0.o
 .bss           0x00000000        0x0 c:/program files (x86)/cypress/psoc creator/4.2/psoc creator/import/gnu/arm/5.4.1/bin/../lib/gcc/arm-none-eabi/5.4.1/../../../../arm-none-eabi/lib/armv7-m/crt0.o
 .ARM.extab     0x00000000        0x0 c:/program files (x86)/cypress/psoc creator/4.2/psoc creator/import/gnu/arm/5.4.1/bin/../lib/gcc/arm-none-eabi/5.4.1/../../../../arm-none-eabi/lib/armv7-m/crt0.o
 .ARM.exidx     0x00000000        0x8 c:/program files (x86)/cypress/psoc creator/4.2/psoc creator/import/gnu/arm/5.4.1/bin/../lib/gcc/arm-none-eabi/5.4.1/../../../../arm-none-eabi/lib/armv7-m/crt0.o
 .text          0x00000000        0x0 .\CortexM3\ARM_GCC_541\Debug\main.o
 .bss           0x00000000        0x0 .\CortexM3\ARM_GCC_541\Debug\main.o
 .text          0x00000000        0x0 .\CortexM3\ARM_GCC_541\Debug\InterruptRoutine.o
 .data          0x00000000        0x0 .\CortexM3\ARM_GCC_541\Debug\InterruptRoutine.o
 .bss           0x00000000        0x0 .\CortexM3\ARM_GCC_541\Debug\InterruptRoutine.o
 .text.GPIO_ISR
                0x00000000       0x38 .\CortexM3\ARM_GCC_541\Debug\InterruptRoutine.o
 .text          0x00000000        0x0 .\CortexM3\ARM_GCC_541\Debug\cyfitter_cfg.o
 .data          0x00000000        0x0 .\CortexM3\ARM_GCC_541\Debug\cyfitter_cfg.o
 .bss           0x00000000        0x0 .\CortexM3\ARM_GCC_541\Debug\cyfitter_cfg.o
 .text.CYCONFIGCPYCODE
                0x00000000       0x20 .\CortexM3\ARM_GCC_541\Debug\cyfitter_cfg.o
 .text.SetAnalogRoutingPumps
                0x00000000       0x28 .\CortexM3\ARM_GCC_541\Debug\cyfitter_cfg.o
 .text          0x00000000        0x0 .\CortexM3\ARM_GCC_541\Debug\cymetadata.o
 .data          0x00000000        0x0 .\CortexM3\ARM_GCC_541\Debug\cymetadata.o
 .bss           0x00000000        0x0 .\CortexM3\ARM_GCC_541\Debug\cymetadata.o
 .text          0x00000000        0x0 .\CortexM3\ARM_GCC_541\Debug\Cm3Start.o
 .data          0x00000000        0x4 .\CortexM3\ARM_GCC_541\Debug\Cm3Start.o
 .bss           0x00000000        0x0 .\CortexM3\ARM_GCC_541\Debug\Cm3Start.o
 .text._exit    0x00000000       0x14 .\CortexM3\ARM_GCC_541\Debug\Cm3Start.o
 .text._sbrk    0x00000000       0x50 .\CortexM3\ARM_GCC_541\Debug\Cm3Start.o
 .text          0x00000000        0x0 .\CortexM3\ARM_GCC_541\Debug\CE210558_GPIO_Interrupt.a(Rows.o)
 .data          0x00000000        0x0 .\CortexM3\ARM_GCC_541\Debug\CE210558_GPIO_Interrupt.a(Rows.o)
 .bss           0x00000000        0x0 .\CortexM3\ARM_GCC_541\Debug\CE210558_GPIO_Interrupt.a(Rows.o)
 .text.Rows_Write
                0x00000000       0x38 .\CortexM3\ARM_GCC_541\Debug\CE210558_GPIO_Interrupt.a(Rows.o)
 .text.Rows_SetDriveMode
                0x00000000       0xac .\CortexM3\ARM_GCC_541\Debug\CE210558_GPIO_Interrupt.a(Rows.o)
 .text.Rows_Read
                0x00000000       0x1c .\CortexM3\ARM_GCC_541\Debug\CE210558_GPIO_Interrupt.a(Rows.o)
 .text.Rows_ReadDataReg
                0x00000000       0x1c .\CortexM3\ARM_GCC_541\Debug\CE210558_GPIO_Interrupt.a(Rows.o)
 .text.Rows_SetInterruptMode
                0x00000000       0x74 .\CortexM3\ARM_GCC_541\Debug\CE210558_GPIO_Interrupt.a(Rows.o)
 .text.Rows_ClearInterrupt
                0x00000000       0x1c .\CortexM3\ARM_GCC_541\Debug\CE210558_GPIO_Interrupt.a(Rows.o)
 .text          0x00000000        0x0 .\CortexM3\ARM_GCC_541\Debug\CE210558_GPIO_Interrupt.a(Notification.o)
 .data          0x00000000        0x0 .\CortexM3\ARM_GCC_541\Debug\CE210558_GPIO_Interrupt.a(Notification.o)
 .bss           0x00000000        0x0 .\CortexM3\ARM_GCC_541\Debug\CE210558_GPIO_Interrupt.a(Notification.o)
 .text.Notification_Write
                0x00000000       0x3c .\CortexM3\ARM_GCC_541\Debug\CE210558_GPIO_Interrupt.a(Notification.o)
 .text.Notification_SetDriveMode
                0x00000000       0x3c .\CortexM3\ARM_GCC_541\Debug\CE210558_GPIO_Interrupt.a(Notification.o)
 .text.Notification_Read
                0x00000000       0x20 .\CortexM3\ARM_GCC_541\Debug\CE210558_GPIO_Interrupt.a(Notification.o)
 .text.Notification_ReadDataReg
                0x00000000       0x20 .\CortexM3\ARM_GCC_541\Debug\CE210558_GPIO_Interrupt.a(Notification.o)
 .text          0x00000000        0x0 .\CortexM3\ARM_GCC_541\Debug\CE210558_GPIO_Interrupt.a(Columns.o)
 .data          0x00000000        0x0 .\CortexM3\ARM_GCC_541\Debug\CE210558_GPIO_Interrupt.a(Columns.o)
 .bss           0x00000000        0x0 .\CortexM3\ARM_GCC_541\Debug\CE210558_GPIO_Interrupt.a(Columns.o)
 .text.Columns_Write
                0x00000000       0x3c .\CortexM3\ARM_GCC_541\Debug\CE210558_GPIO_Interrupt.a(Columns.o)
 .text.Columns_SetDriveMode
                0x00000000       0xac .\CortexM3\ARM_GCC_541\Debug\CE210558_GPIO_Interrupt.a(Columns.o)
 .text.Columns_Read
                0x00000000       0x20 .\CortexM3\ARM_GCC_541\Debug\CE210558_GPIO_Interrupt.a(Columns.o)
 .text.Columns_ReadDataReg
                0x00000000       0x20 .\CortexM3\ARM_GCC_541\Debug\CE210558_GPIO_Interrupt.a(Columns.o)
 .text.Columns_SetInterruptMode
                0x00000000       0x74 .\CortexM3\ARM_GCC_541\Debug\CE210558_GPIO_Interrupt.a(Columns.o)
 .text.Columns_ClearInterrupt
                0x00000000       0x20 .\CortexM3\ARM_GCC_541\Debug\CE210558_GPIO_Interrupt.a(Columns.o)
 .text          0x00000000        0x0 .\CortexM3\ARM_GCC_541\Debug\CE210558_GPIO_Interrupt.a(CyLib.o)
 .data          0x00000000       0x10 .\CortexM3\ARM_GCC_541\Debug\CE210558_GPIO_Interrupt.a(CyLib.o)
 .bss           0x00000000       0x1d .\CortexM3\ARM_GCC_541\Debug\CE210558_GPIO_Interrupt.a(CyLib.o)
 .text.CyPLL_OUT_Start
                0x00000000       0xb0 .\CortexM3\ARM_GCC_541\Debug\CE210558_GPIO_Interrupt.a(CyLib.o)
 .text.CyPLL_OUT_Stop
                0x00000000       0x20 .\CortexM3\ARM_GCC_541\Debug\CE210558_GPIO_Interrupt.a(CyLib.o)
 .text.CyPLL_OUT_SetPQ
                0x00000000       0x94 .\CortexM3\ARM_GCC_541\Debug\CE210558_GPIO_Interrupt.a(CyLib.o)
 .text.CyPLL_OUT_SetSource
                0x00000000       0x58 .\CortexM3\ARM_GCC_541\Debug\CE210558_GPIO_Interrupt.a(CyLib.o)
 .text.CyIMO_Start
                0x00000000       0x94 .\CortexM3\ARM_GCC_541\Debug\CE210558_GPIO_Interrupt.a(CyLib.o)
 .text.CyIMO_Stop
                0x00000000       0x34 .\CortexM3\ARM_GCC_541\Debug\CE210558_GPIO_Interrupt.a(CyLib.o)
 .text.CyUSB_PowerOnCheck
                0x00000000       0x60 .\CortexM3\ARM_GCC_541\Debug\CE210558_GPIO_Interrupt.a(CyLib.o)
 .text.CyIMO_SetTrimValue
                0x00000000      0x108 .\CortexM3\ARM_GCC_541\Debug\CE210558_GPIO_Interrupt.a(CyLib.o)
 .text.CyIMO_SetFreq
                0x00000000      0x1b0 .\CortexM3\ARM_GCC_541\Debug\CE210558_GPIO_Interrupt.a(CyLib.o)
 .text.CyIMO_SetSource
                0x00000000       0x8c .\CortexM3\ARM_GCC_541\Debug\CE210558_GPIO_Interrupt.a(CyLib.o)
 .text.CyIMO_EnableDoubler
                0x00000000       0x20 .\CortexM3\ARM_GCC_541\Debug\CE210558_GPIO_Interrupt.a(CyLib.o)
 .text.CyIMO_DisableDoubler
                0x00000000       0x20 .\CortexM3\ARM_GCC_541\Debug\CE210558_GPIO_Interrupt.a(CyLib.o)
 .text.CyMasterClk_SetSource
                0x00000000       0x34 .\CortexM3\ARM_GCC_541\Debug\CE210558_GPIO_Interrupt.a(CyLib.o)
 .text.CyMasterClk_SetDivider
                0x00000000       0x20 .\CortexM3\ARM_GCC_541\Debug\CE210558_GPIO_Interrupt.a(CyLib.o)
 .text.CyBusClk_Internal_SetDivider
                0x00000000       0x78 .\CortexM3\ARM_GCC_541\Debug\CE210558_GPIO_Interrupt.a(CyLib.o)
 .text.CyBusClk_SetDivider
                0x00000000       0xb4 .\CortexM3\ARM_GCC_541\Debug\CE210558_GPIO_Interrupt.a(CyLib.o)
 .text.CyUsbClk_SetSource
                0x00000000       0x34 .\CortexM3\ARM_GCC_541\Debug\CE210558_GPIO_Interrupt.a(CyLib.o)
 .text.CyILO_Start1K
                0x00000000       0x20 .\CortexM3\ARM_GCC_541\Debug\CE210558_GPIO_Interrupt.a(CyLib.o)
 .text.CyILO_Stop1K
                0x00000000       0x20 .\CortexM3\ARM_GCC_541\Debug\CE210558_GPIO_Interrupt.a(CyLib.o)
 .text.CyILO_Start100K
                0x00000000       0x20 .\CortexM3\ARM_GCC_541\Debug\CE210558_GPIO_Interrupt.a(CyLib.o)
 .text.CyILO_Stop100K
                0x00000000       0x20 .\CortexM3\ARM_GCC_541\Debug\CE210558_GPIO_Interrupt.a(CyLib.o)
 .text.CyILO_Enable33K
                0x00000000       0x20 .\CortexM3\ARM_GCC_541\Debug\CE210558_GPIO_Interrupt.a(CyLib.o)
 .text.CyILO_Disable33K
                0x00000000       0x20 .\CortexM3\ARM_GCC_541\Debug\CE210558_GPIO_Interrupt.a(CyLib.o)
 .text.CyILO_SetSource
                0x00000000       0x38 .\CortexM3\ARM_GCC_541\Debug\CE210558_GPIO_Interrupt.a(CyLib.o)
 .text.CyILO_SetPowerMode
                0x00000000       0x4c .\CortexM3\ARM_GCC_541\Debug\CE210558_GPIO_Interrupt.a(CyLib.o)
 .text.CyXTAL_32KHZ_Start
                0x00000000       0x88 .\CortexM3\ARM_GCC_541\Debug\CE210558_GPIO_Interrupt.a(CyLib.o)
 .text.CyXTAL_32KHZ_Stop
                0x00000000       0x50 .\CortexM3\ARM_GCC_541\Debug\CE210558_GPIO_Interrupt.a(CyLib.o)
 .text.CyXTAL_32KHZ_ReadStatus
                0x00000000       0x1c .\CortexM3\ARM_GCC_541\Debug\CE210558_GPIO_Interrupt.a(CyLib.o)
 .text.CyXTAL_32KHZ_SetPowerMode
                0x00000000       0xb4 .\CortexM3\ARM_GCC_541\Debug\CE210558_GPIO_Interrupt.a(CyLib.o)
 .text.CyXTAL_Start
                0x00000000       0xd0 .\CortexM3\ARM_GCC_541\Debug\CE210558_GPIO_Interrupt.a(CyLib.o)
 .text.CyXTAL_Stop
                0x00000000       0x20 .\CortexM3\ARM_GCC_541\Debug\CE210558_GPIO_Interrupt.a(CyLib.o)
 .text.CyXTAL_EnableErrStatus
                0x00000000       0x20 .\CortexM3\ARM_GCC_541\Debug\CE210558_GPIO_Interrupt.a(CyLib.o)
 .text.CyXTAL_DisableErrStatus
                0x00000000       0x20 .\CortexM3\ARM_GCC_541\Debug\CE210558_GPIO_Interrupt.a(CyLib.o)
 .text.CyXTAL_ReadStatus
                0x00000000       0x24 .\CortexM3\ARM_GCC_541\Debug\CE210558_GPIO_Interrupt.a(CyLib.o)
 .text.CyXTAL_EnableFaultRecovery
                0x00000000       0x20 .\CortexM3\ARM_GCC_541\Debug\CE210558_GPIO_Interrupt.a(CyLib.o)
 .text.CyXTAL_DisableFaultRecovery
                0x00000000       0x20 .\CortexM3\ARM_GCC_541\Debug\CE210558_GPIO_Interrupt.a(CyLib.o)
 .text.CyXTAL_SetStartup
                0x00000000       0x34 .\CortexM3\ARM_GCC_541\Debug\CE210558_GPIO_Interrupt.a(CyLib.o)
 .text.CyXTAL_SetFbVoltage
                0x00000000       0x34 .\CortexM3\ARM_GCC_541\Debug\CE210558_GPIO_Interrupt.a(CyLib.o)
 .text.CyXTAL_SetWdVoltage
                0x00000000       0x38 .\CortexM3\ARM_GCC_541\Debug\CE210558_GPIO_Interrupt.a(CyLib.o)
 .text.CyHalt   0x00000000       0x18 .\CortexM3\ARM_GCC_541\Debug\CE210558_GPIO_Interrupt.a(CyLib.o)
 .text.CySoftwareReset
                0x00000000       0x20 .\CortexM3\ARM_GCC_541\Debug\CE210558_GPIO_Interrupt.a(CyLib.o)
 .text.CyDelay  0x00000000       0x44 .\CortexM3\ARM_GCC_541\Debug\CE210558_GPIO_Interrupt.a(CyLib.o)
 .text.CyDelayUs
                0x00000000       0x28 .\CortexM3\ARM_GCC_541\Debug\CE210558_GPIO_Interrupt.a(CyLib.o)
 .text.CyDelayFreq
                0x00000000       0x7c .\CortexM3\ARM_GCC_541\Debug\CE210558_GPIO_Interrupt.a(CyLib.o)
 .text.CyWdtStart
                0x00000000       0x8c .\CortexM3\ARM_GCC_541\Debug\CE210558_GPIO_Interrupt.a(CyLib.o)
 .text.CyWdtClear
                0x00000000       0x18 .\CortexM3\ARM_GCC_541\Debug\CE210558_GPIO_Interrupt.a(CyLib.o)
 .text.CyVdLvDigitEnable
                0x00000000       0xcc .\CortexM3\ARM_GCC_541\Debug\CE210558_GPIO_Interrupt.a(CyLib.o)
 .text.CyVdLvAnalogEnable
                0x00000000       0xcc .\CortexM3\ARM_GCC_541\Debug\CE210558_GPIO_Interrupt.a(CyLib.o)
 .text.CyVdLvDigitDisable
                0x00000000       0x48 .\CortexM3\ARM_GCC_541\Debug\CE210558_GPIO_Interrupt.a(CyLib.o)
 .text.CyVdLvAnalogDisable
                0x00000000       0x44 .\CortexM3\ARM_GCC_541\Debug\CE210558_GPIO_Interrupt.a(CyLib.o)
 .text.CyVdHvAnalogEnable
                0x00000000       0x7c .\CortexM3\ARM_GCC_541\Debug\CE210558_GPIO_Interrupt.a(CyLib.o)
 .text.CyVdHvAnalogDisable
                0x00000000       0x30 .\CortexM3\ARM_GCC_541\Debug\CE210558_GPIO_Interrupt.a(CyLib.o)
 .text.CyVdStickyStatus
                0x00000000       0x5c .\CortexM3\ARM_GCC_541\Debug\CE210558_GPIO_Interrupt.a(CyLib.o)
 .text.CyVdRealTimeStatus
                0x00000000       0x30 .\CortexM3\ARM_GCC_541\Debug\CE210558_GPIO_Interrupt.a(CyLib.o)
 .text.CyDisableInts
                0x00000000       0x34 .\CortexM3\ARM_GCC_541\Debug\CE210558_GPIO_Interrupt.a(CyLib.o)
 .text.CyEnableInts
                0x00000000       0x2c .\CortexM3\ARM_GCC_541\Debug\CE210558_GPIO_Interrupt.a(CyLib.o)
 .text.CyFlushCache
                0x00000000       0x5c .\CortexM3\ARM_GCC_541\Debug\CE210558_GPIO_Interrupt.a(CyLib.o)
 .text.CyIntSetSysVector
                0x00000000       0x4c .\CortexM3\ARM_GCC_541\Debug\CE210558_GPIO_Interrupt.a(CyLib.o)
 .text.CyIntGetSysVector
                0x00000000       0x38 .\CortexM3\ARM_GCC_541\Debug\CE210558_GPIO_Interrupt.a(CyLib.o)
 .text.CyIntSetVector
                0x00000000       0x50 .\CortexM3\ARM_GCC_541\Debug\CE210558_GPIO_Interrupt.a(CyLib.o)
 .text.CyIntGetVector
                0x00000000       0x38 .\CortexM3\ARM_GCC_541\Debug\CE210558_GPIO_Interrupt.a(CyLib.o)
 .text.CyIntSetPriority
                0x00000000       0x48 .\CortexM3\ARM_GCC_541\Debug\CE210558_GPIO_Interrupt.a(CyLib.o)
 .text.CyIntGetPriority
                0x00000000       0x38 .\CortexM3\ARM_GCC_541\Debug\CE210558_GPIO_Interrupt.a(CyLib.o)
 .text.CyIntGetState
                0x00000000       0x44 .\CortexM3\ARM_GCC_541\Debug\CE210558_GPIO_Interrupt.a(CyLib.o)
 .text.CySetScPumps
                0x00000000      0x1b0 .\CortexM3\ARM_GCC_541\Debug\CE210558_GPIO_Interrupt.a(CyLib.o)
 .text.CySysTickStart
                0x00000000       0x24 .\CortexM3\ARM_GCC_541\Debug\CE210558_GPIO_Interrupt.a(CyLib.o)
 .text.CySysTickInit
                0x00000000       0x6c .\CortexM3\ARM_GCC_541\Debug\CE210558_GPIO_Interrupt.a(CyLib.o)
 .text.CySysTickEnable
                0x00000000       0x1c .\CortexM3\ARM_GCC_541\Debug\CE210558_GPIO_Interrupt.a(CyLib.o)
 .text.CySysTickStop
                0x00000000       0x1c .\CortexM3\ARM_GCC_541\Debug\CE210558_GPIO_Interrupt.a(CyLib.o)
 .text.CySysTickEnableInterrupt
                0x00000000       0x1c .\CortexM3\ARM_GCC_541\Debug\CE210558_GPIO_Interrupt.a(CyLib.o)
 .text.CySysTickDisableInterrupt
                0x00000000       0x1c .\CortexM3\ARM_GCC_541\Debug\CE210558_GPIO_Interrupt.a(CyLib.o)
 .text.CySysTickSetReload
                0x00000000       0x20 .\CortexM3\ARM_GCC_541\Debug\CE210558_GPIO_Interrupt.a(CyLib.o)
 .text.CySysTickGetReload
                0x00000000       0x18 .\CortexM3\ARM_GCC_541\Debug\CE210558_GPIO_Interrupt.a(CyLib.o)
 .text.CySysTickGetValue
                0x00000000       0x18 .\CortexM3\ARM_GCC_541\Debug\CE210558_GPIO_Interrupt.a(CyLib.o)
 .text.CySysTickSetClockSource
                0x00000000       0x38 .\CortexM3\ARM_GCC_541\Debug\CE210558_GPIO_Interrupt.a(CyLib.o)
 .text.CySysTickGetCountFlag
                0x00000000       0x1c .\CortexM3\ARM_GCC_541\Debug\CE210558_GPIO_Interrupt.a(CyLib.o)
 .text.CySysTickClear
                0x00000000       0x18 .\CortexM3\ARM_GCC_541\Debug\CE210558_GPIO_Interrupt.a(CyLib.o)
 .text.CySysTickSetCallback
                0x00000000       0x30 .\CortexM3\ARM_GCC_541\Debug\CE210558_GPIO_Interrupt.a(CyLib.o)
 .text.CySysTickGetCallback
                0x00000000       0x20 .\CortexM3\ARM_GCC_541\Debug\CE210558_GPIO_Interrupt.a(CyLib.o)
 .text.CySysTickServiceCallbacks
                0x00000000       0x44 .\CortexM3\ARM_GCC_541\Debug\CE210558_GPIO_Interrupt.a(CyLib.o)
 .text.CyGetUniqueId
                0x00000000       0xc4 .\CortexM3\ARM_GCC_541\Debug\CE210558_GPIO_Interrupt.a(CyLib.o)
 .text          0x00000000        0x0 .\CortexM3\ARM_GCC_541\Debug\CE210558_GPIO_Interrupt.a(cyPm.o)
 .data          0x00000000        0x0 .\CortexM3\ARM_GCC_541\Debug\CE210558_GPIO_Interrupt.a(cyPm.o)
 .bss           0x00000000       0x43 .\CortexM3\ARM_GCC_541\Debug\CE210558_GPIO_Interrupt.a(cyPm.o)
 .rodata        0x00000000        0xf .\CortexM3\ARM_GCC_541\Debug\CE210558_GPIO_Interrupt.a(cyPm.o)
 .text.CyPmSaveClocks
                0x00000000      0x288 .\CortexM3\ARM_GCC_541\Debug\CE210558_GPIO_Interrupt.a(cyPm.o)
 .text.CyPmRestoreClocks
                0x00000000      0x2f0 .\CortexM3\ARM_GCC_541\Debug\CE210558_GPIO_Interrupt.a(cyPm.o)
 .text.CyPmAltAct
                0x00000000       0xbc .\CortexM3\ARM_GCC_541\Debug\CE210558_GPIO_Interrupt.a(cyPm.o)
 .text.CyPmSleep
                0x00000000      0x170 .\CortexM3\ARM_GCC_541\Debug\CE210558_GPIO_Interrupt.a(cyPm.o)
 .text.CyPmHibernate
                0x00000000       0x10 .\CortexM3\ARM_GCC_541\Debug\CE210558_GPIO_Interrupt.a(cyPm.o)
 .text.CyPmHibernateEx
                0x00000000      0x158 .\CortexM3\ARM_GCC_541\Debug\CE210558_GPIO_Interrupt.a(cyPm.o)
 .text.CyPmReadStatus
                0x00000000       0x5c .\CortexM3\ARM_GCC_541\Debug\CE210558_GPIO_Interrupt.a(cyPm.o)
 .text.CyPmHibSaveSet
                0x00000000       0xd4 .\CortexM3\ARM_GCC_541\Debug\CE210558_GPIO_Interrupt.a(cyPm.o)
 .text.CyPmHibRestore
                0x00000000       0x6c .\CortexM3\ARM_GCC_541\Debug\CE210558_GPIO_Interrupt.a(cyPm.o)
 .text.CyPmCtwSetInterval
                0x00000000       0x94 .\CortexM3\ARM_GCC_541\Debug\CE210558_GPIO_Interrupt.a(cyPm.o)
 .text.CyPmOppsSet
                0x00000000       0x44 .\CortexM3\ARM_GCC_541\Debug\CE210558_GPIO_Interrupt.a(cyPm.o)
 .text.CyPmFtwSetInterval
                0x00000000       0x94 .\CortexM3\ARM_GCC_541\Debug\CE210558_GPIO_Interrupt.a(cyPm.o)
 .text.CyPmHibSlpSaveSet
                0x00000000      0x280 .\CortexM3\ARM_GCC_541\Debug\CE210558_GPIO_Interrupt.a(cyPm.o)
 .text.CyPmHibSlpRestore
                0x00000000      0x188 .\CortexM3\ARM_GCC_541\Debug\CE210558_GPIO_Interrupt.a(cyPm.o)
 .text.CyPmHviLviSaveDisable
                0x00000000       0xd8 .\CortexM3\ARM_GCC_541\Debug\CE210558_GPIO_Interrupt.a(cyPm.o)
 .text.CyPmHviLviRestore
                0x00000000       0x58 .\CortexM3\ARM_GCC_541\Debug\CE210558_GPIO_Interrupt.a(cyPm.o)
 .text          0x00000000        0x0 .\CortexM3\ARM_GCC_541\Debug\CE210558_GPIO_Interrupt.a(UART_1.o)
 .data          0x00000000        0x0 .\CortexM3\ARM_GCC_541\Debug\CE210558_GPIO_Interrupt.a(UART_1.o)
 .text.UART_1_Stop
                0x00000000       0x60 .\CortexM3\ARM_GCC_541\Debug\CE210558_GPIO_Interrupt.a(UART_1.o)
 .text.UART_1_ReadControlRegister
                0x00000000       0x10 .\CortexM3\ARM_GCC_541\Debug\CE210558_GPIO_Interrupt.a(UART_1.o)
 .text.UART_1_WriteControlRegister
                0x00000000       0x14 .\CortexM3\ARM_GCC_541\Debug\CE210558_GPIO_Interrupt.a(UART_1.o)
 .text.UART_1_SetRxInterruptMode
                0x00000000       0x20 .\CortexM3\ARM_GCC_541\Debug\CE210558_GPIO_Interrupt.a(UART_1.o)
 .text.UART_1_ReadRxData
                0x00000000       0x1c .\CortexM3\ARM_GCC_541\Debug\CE210558_GPIO_Interrupt.a(UART_1.o)
 .text.UART_1_ReadRxStatus
                0x00000000       0x24 .\CortexM3\ARM_GCC_541\Debug\CE210558_GPIO_Interrupt.a(UART_1.o)
 .text.UART_1_GetChar
                0x00000000       0x44 .\CortexM3\ARM_GCC_541\Debug\CE210558_GPIO_Interrupt.a(UART_1.o)
 .text.UART_1_GetByte
                0x00000000       0x20 .\CortexM3\ARM_GCC_541\Debug\CE210558_GPIO_Interrupt.a(UART_1.o)
 .text.UART_1_GetRxBufferSize
                0x00000000       0x2c .\CortexM3\ARM_GCC_541\Debug\CE210558_GPIO_Interrupt.a(UART_1.o)
 .text.UART_1_ClearRxBuffer
                0x00000000       0x44 .\CortexM3\ARM_GCC_541\Debug\CE210558_GPIO_Interrupt.a(UART_1.o)
 .text.UART_1_SetRxAddressMode
                0x00000000       0x14 .\CortexM3\ARM_GCC_541\Debug\CE210558_GPIO_Interrupt.a(UART_1.o)
 .text.UART_1_SetRxAddress1
                0x00000000       0x20 .\CortexM3\ARM_GCC_541\Debug\CE210558_GPIO_Interrupt.a(UART_1.o)
 .text.UART_1_SetRxAddress2
                0x00000000       0x20 .\CortexM3\ARM_GCC_541\Debug\CE210558_GPIO_Interrupt.a(UART_1.o)
 .text.UART_1_SetTxInterruptMode
                0x00000000       0x20 .\CortexM3\ARM_GCC_541\Debug\CE210558_GPIO_Interrupt.a(UART_1.o)
 .text.UART_1_WriteTxData
                0x00000000       0x2c .\CortexM3\ARM_GCC_541\Debug\CE210558_GPIO_Interrupt.a(UART_1.o)
 .text.UART_1_ReadTxStatus
                0x00000000       0x18 .\CortexM3\ARM_GCC_541\Debug\CE210558_GPIO_Interrupt.a(UART_1.o)
 .text.UART_1_PutArray
                0x00000000       0x44 .\CortexM3\ARM_GCC_541\Debug\CE210558_GPIO_Interrupt.a(UART_1.o)
 .text.UART_1_PutCRLF
                0x00000000       0x34 .\CortexM3\ARM_GCC_541\Debug\CE210558_GPIO_Interrupt.a(UART_1.o)
 .text.UART_1_GetTxBufferSize
                0x00000000       0x40 .\CortexM3\ARM_GCC_541\Debug\CE210558_GPIO_Interrupt.a(UART_1.o)
 .text.UART_1_ClearTxBuffer
                0x00000000       0x44 .\CortexM3\ARM_GCC_541\Debug\CE210558_GPIO_Interrupt.a(UART_1.o)
 .text.UART_1_SendBreak
                0x00000000       0x9c .\CortexM3\ARM_GCC_541\Debug\CE210558_GPIO_Interrupt.a(UART_1.o)
 .text.UART_1_SetTxAddressMode
                0x00000000       0x14 .\CortexM3\ARM_GCC_541\Debug\CE210558_GPIO_Interrupt.a(UART_1.o)
 .text          0x00000000        0x0 .\CortexM3\ARM_GCC_541\Debug\CE210558_GPIO_Interrupt.a(UART_1_IntClock.o)
 .data          0x00000000        0x0 .\CortexM3\ARM_GCC_541\Debug\CE210558_GPIO_Interrupt.a(UART_1_IntClock.o)
 .bss           0x00000000        0x0 .\CortexM3\ARM_GCC_541\Debug\CE210558_GPIO_Interrupt.a(UART_1_IntClock.o)
 .text.UART_1_IntClock_Stop
                0x00000000       0x34 .\CortexM3\ARM_GCC_541\Debug\CE210558_GPIO_Interrupt.a(UART_1_IntClock.o)
 .text.UART_1_IntClock_StopBlock
                0x00000000       0xb0 .\CortexM3\ARM_GCC_541\Debug\CE210558_GPIO_Interrupt.a(UART_1_IntClock.o)
 .text.UART_1_IntClock_StandbyPower
                0x00000000       0x40 .\CortexM3\ARM_GCC_541\Debug\CE210558_GPIO_Interrupt.a(UART_1_IntClock.o)
 .text.UART_1_IntClock_SetDividerRegister
                0x00000000      0x164 .\CortexM3\ARM_GCC_541\Debug\CE210558_GPIO_Interrupt.a(UART_1_IntClock.o)
 .text.UART_1_IntClock_GetDividerRegister
                0x00000000       0x18 .\CortexM3\ARM_GCC_541\Debug\CE210558_GPIO_Interrupt.a(UART_1_IntClock.o)
 .text.UART_1_IntClock_SetModeRegister
                0x00000000       0x34 .\CortexM3\ARM_GCC_541\Debug\CE210558_GPIO_Interrupt.a(UART_1_IntClock.o)
 .text.UART_1_IntClock_ClearModeRegister
                0x00000000       0x34 .\CortexM3\ARM_GCC_541\Debug\CE210558_GPIO_Interrupt.a(UART_1_IntClock.o)
 .text.UART_1_IntClock_GetModeRegister
                0x00000000       0x1c .\CortexM3\ARM_GCC_541\Debug\CE210558_GPIO_Interrupt.a(UART_1_IntClock.o)
 .text.UART_1_IntClock_SetSourceRegister
                0x00000000       0xc4 .\CortexM3\ARM_GCC_541\Debug\CE210558_GPIO_Interrupt.a(UART_1_IntClock.o)
 .text.UART_1_IntClock_GetSourceRegister
                0x00000000       0x1c .\CortexM3\ARM_GCC_541\Debug\CE210558_GPIO_Interrupt.a(UART_1_IntClock.o)
 .text          0x00000000        0x0 .\CortexM3\ARM_GCC_541\Debug\CE210558_GPIO_Interrupt.a(KeyPad.o)
 .data          0x00000000        0x0 .\CortexM3\ARM_GCC_541\Debug\CE210558_GPIO_Interrupt.a(KeyPad.o)
 .bss           0x00000000        0x0 .\CortexM3\ARM_GCC_541\Debug\CE210558_GPIO_Interrupt.a(KeyPad.o)
 .text.KeyPad_Write
                0x00000000       0x2c .\CortexM3\ARM_GCC_541\Debug\CE210558_GPIO_Interrupt.a(KeyPad.o)
 .text.KeyPad_SetDriveMode
                0x00000000      0x144 .\CortexM3\ARM_GCC_541\Debug\CE210558_GPIO_Interrupt.a(KeyPad.o)
 .text.KeyPad_ReadDataReg
                0x00000000       0x18 .\CortexM3\ARM_GCC_541\Debug\CE210558_GPIO_Interrupt.a(KeyPad.o)
 .data          0x00000000        0x0 .\CortexM3\ARM_GCC_541\Debug\CE210558_GPIO_Interrupt.a(CyBootAsmGnu.o)
 .bss           0x00000000        0x0 .\CortexM3\ARM_GCC_541\Debug\CE210558_GPIO_Interrupt.a(CyBootAsmGnu.o)
 .text          0x00000000        0x0 .\CortexM3\ARM_GCC_541\Debug\CE210558_GPIO_Interrupt.a(CyScBoostClk.o)
 .data          0x00000000        0x0 .\CortexM3\ARM_GCC_541\Debug\CE210558_GPIO_Interrupt.a(CyScBoostClk.o)
 .bss           0x00000000        0x0 .\CortexM3\ARM_GCC_541\Debug\CE210558_GPIO_Interrupt.a(CyScBoostClk.o)
 .text.CyScBoostClk_Start
                0x00000000       0x34 .\CortexM3\ARM_GCC_541\Debug\CE210558_GPIO_Interrupt.a(CyScBoostClk.o)
 .text.CyScBoostClk_Stop
                0x00000000       0x34 .\CortexM3\ARM_GCC_541\Debug\CE210558_GPIO_Interrupt.a(CyScBoostClk.o)
 .text.CyScBoostClk_StopBlock
                0x00000000       0xb0 .\CortexM3\ARM_GCC_541\Debug\CE210558_GPIO_Interrupt.a(CyScBoostClk.o)
 .text.CyScBoostClk_StandbyPower
                0x00000000       0x40 .\CortexM3\ARM_GCC_541\Debug\CE210558_GPIO_Interrupt.a(CyScBoostClk.o)
 .text.CyScBoostClk_SetDividerRegister
                0x00000000      0x164 .\CortexM3\ARM_GCC_541\Debug\CE210558_GPIO_Interrupt.a(CyScBoostClk.o)
 .text.CyScBoostClk_GetDividerRegister
                0x00000000       0x18 .\CortexM3\ARM_GCC_541\Debug\CE210558_GPIO_Interrupt.a(CyScBoostClk.o)
 .text.CyScBoostClk_SetModeRegister
                0x00000000       0x34 .\CortexM3\ARM_GCC_541\Debug\CE210558_GPIO_Interrupt.a(CyScBoostClk.o)
 .text.CyScBoostClk_ClearModeRegister
                0x00000000       0x34 .\CortexM3\ARM_GCC_541\Debug\CE210558_GPIO_Interrupt.a(CyScBoostClk.o)
 .text.CyScBoostClk_GetModeRegister
                0x00000000       0x1c .\CortexM3\ARM_GCC_541\Debug\CE210558_GPIO_Interrupt.a(CyScBoostClk.o)
 .text.CyScBoostClk_SetSourceRegister
                0x00000000       0xc4 .\CortexM3\ARM_GCC_541\Debug\CE210558_GPIO_Interrupt.a(CyScBoostClk.o)
 .text.CyScBoostClk_GetSourceRegister
                0x00000000       0x1c .\CortexM3\ARM_GCC_541\Debug\CE210558_GPIO_Interrupt.a(CyScBoostClk.o)
 .text.CyScBoostClk_SetPhaseRegister
                0x00000000       0x24 .\CortexM3\ARM_GCC_541\Debug\CE210558_GPIO_Interrupt.a(CyScBoostClk.o)
 .text.CyScBoostClk_GetPhaseRegister
                0x00000000       0x1c .\CortexM3\ARM_GCC_541\Debug\CE210558_GPIO_Interrupt.a(CyScBoostClk.o)
 .text          0x00000000        0x0 .\CortexM3\ARM_GCC_541\Debug\CE210558_GPIO_Interrupt.a(CyFlash.o)
 .data          0x00000000        0x0 .\CortexM3\ARM_GCC_541\Debug\CE210558_GPIO_Interrupt.a(CyFlash.o)
 .bss           0x00000000        0x4 .\CortexM3\ARM_GCC_541\Debug\CE210558_GPIO_Interrupt.a(CyFlash.o)
 .text.CyFlash_Start
                0x00000000       0x8c .\CortexM3\ARM_GCC_541\Debug\CE210558_GPIO_Interrupt.a(CyFlash.o)
 .text.CyFlash_Stop
                0x00000000       0x48 .\CortexM3\ARM_GCC_541\Debug\CE210558_GPIO_Interrupt.a(CyFlash.o)
 .text.CySetTempInt
                0x00000000       0x7c .\CortexM3\ARM_GCC_541\Debug\CE210558_GPIO_Interrupt.a(CyFlash.o)
 .text.CyFlashGetSpcAlgorithm
                0x00000000       0x70 .\CortexM3\ARM_GCC_541\Debug\CE210558_GPIO_Interrupt.a(CyFlash.o)
 .text.CySetTemp
                0x00000000       0x24 .\CortexM3\ARM_GCC_541\Debug\CE210558_GPIO_Interrupt.a(CyFlash.o)
 .text.CySetFlashEEBuffer
                0x00000000       0x54 .\CortexM3\ARM_GCC_541\Debug\CE210558_GPIO_Interrupt.a(CyFlash.o)
 .text.CyWriteRowData
                0x00000000       0x38 .\CortexM3\ARM_GCC_541\Debug\CE210558_GPIO_Interrupt.a(CyFlash.o)
 .text.CyWriteRowFull
                0x00000000      0x154 .\CortexM3\ARM_GCC_541\Debug\CE210558_GPIO_Interrupt.a(CyFlash.o)
 .text.CyFlash_SetWaitCycles
                0x00000000       0xbc .\CortexM3\ARM_GCC_541\Debug\CE210558_GPIO_Interrupt.a(CyFlash.o)
 .text.CyEEPROM_Start
                0x00000000       0x8c .\CortexM3\ARM_GCC_541\Debug\CE210558_GPIO_Interrupt.a(CyFlash.o)
 .text.CyEEPROM_Stop
                0x00000000       0x48 .\CortexM3\ARM_GCC_541\Debug\CE210558_GPIO_Interrupt.a(CyFlash.o)
 .text.CyEEPROM_ReadReserve
                0x00000000       0x30 .\CortexM3\ARM_GCC_541\Debug\CE210558_GPIO_Interrupt.a(CyFlash.o)
 .text.CyEEPROM_ReadRelease
                0x00000000       0x20 .\CortexM3\ARM_GCC_541\Debug\CE210558_GPIO_Interrupt.a(CyFlash.o)
 COMMON         0x00000000        0x2 .\CortexM3\ARM_GCC_541\Debug\CE210558_GPIO_Interrupt.a(CyFlash.o)
 .text          0x00000000        0x0 .\CortexM3\ARM_GCC_541\Debug\CE210558_GPIO_Interrupt.a(CySpc.o)
 .data          0x00000000        0x0 .\CortexM3\ARM_GCC_541\Debug\CE210558_GPIO_Interrupt.a(CySpc.o)
 .bss           0x00000000        0x8 .\CortexM3\ARM_GCC_541\Debug\CE210558_GPIO_Interrupt.a(CySpc.o)
 .text.CySpcStart
                0x00000000       0x48 .\CortexM3\ARM_GCC_541\Debug\CE210558_GPIO_Interrupt.a(CySpc.o)
 .text.CySpcStop
                0x00000000       0x48 .\CortexM3\ARM_GCC_541\Debug\CE210558_GPIO_Interrupt.a(CySpc.o)
 .text.CySpcReadData
                0x00000000       0x54 .\CortexM3\ARM_GCC_541\Debug\CE210558_GPIO_Interrupt.a(CySpc.o)
 .text.CySpcLoadMultiByte
                0x00000000       0xd0 .\CortexM3\ARM_GCC_541\Debug\CE210558_GPIO_Interrupt.a(CySpc.o)
 .text.CySpcLoadRow
                0x00000000       0x88 .\CortexM3\ARM_GCC_541\Debug\CE210558_GPIO_Interrupt.a(CySpc.o)
 .text.CySpcLoadRowFull
                0x00000000       0xcc .\CortexM3\ARM_GCC_541\Debug\CE210558_GPIO_Interrupt.a(CySpc.o)
 .text.CySpcWriteRow
                0x00000000       0x98 .\CortexM3\ARM_GCC_541\Debug\CE210558_GPIO_Interrupt.a(CySpc.o)
 .text.CySpcEraseSector
                0x00000000       0x70 .\CortexM3\ARM_GCC_541\Debug\CE210558_GPIO_Interrupt.a(CySpc.o)
 .text.CySpcGetTemp
                0x00000000       0x64 .\CortexM3\ARM_GCC_541\Debug\CE210558_GPIO_Interrupt.a(CySpc.o)
 .text.CySpcLock
                0x00000000       0x68 .\CortexM3\ARM_GCC_541\Debug\CE210558_GPIO_Interrupt.a(CySpc.o)
 .text.CySpcUnlock
                0x00000000       0x50 .\CortexM3\ARM_GCC_541\Debug\CE210558_GPIO_Interrupt.a(CySpc.o)
 .text.CySpcGetAlgorithm
                0x00000000       0x44 .\CortexM3\ARM_GCC_541\Debug\CE210558_GPIO_Interrupt.a(CySpc.o)
 .text          0x00000000        0x0 c:/program files (x86)/cypress/psoc creator/4.2/psoc creator/import/gnu/arm/5.4.1/bin/../lib/gcc/arm-none-eabi/5.4.1/../../../../arm-none-eabi/lib/armv7-m\libg_nano.a(lib_a-errno.o)
 .data          0x00000000        0x0 c:/program files (x86)/cypress/psoc creator/4.2/psoc creator/import/gnu/arm/5.4.1/bin/../lib/gcc/arm-none-eabi/5.4.1/../../../../arm-none-eabi/lib/armv7-m\libg_nano.a(lib_a-errno.o)
 .bss           0x00000000        0x0 c:/program files (x86)/cypress/psoc creator/4.2/psoc creator/import/gnu/arm/5.4.1/bin/../lib/gcc/arm-none-eabi/5.4.1/../../../../arm-none-eabi/lib/armv7-m\libg_nano.a(lib_a-errno.o)
 .text.__errno  0x00000000        0xc c:/program files (x86)/cypress/psoc creator/4.2/psoc creator/import/gnu/arm/5.4.1/bin/../lib/gcc/arm-none-eabi/5.4.1/../../../../arm-none-eabi/lib/armv7-m\libg_nano.a(lib_a-errno.o)
 .text          0x00000000        0x0 c:/program files (x86)/cypress/psoc creator/4.2/psoc creator/import/gnu/arm/5.4.1/bin/../lib/gcc/arm-none-eabi/5.4.1/../../../../arm-none-eabi/lib/armv7-m\libg_nano.a(lib_a-exit.o)
 .data          0x00000000        0x0 c:/program files (x86)/cypress/psoc creator/4.2/psoc creator/import/gnu/arm/5.4.1/bin/../lib/gcc/arm-none-eabi/5.4.1/../../../../arm-none-eabi/lib/armv7-m\libg_nano.a(lib_a-exit.o)
 .bss           0x00000000        0x0 c:/program files (x86)/cypress/psoc creator/4.2/psoc creator/import/gnu/arm/5.4.1/bin/../lib/gcc/arm-none-eabi/5.4.1/../../../../arm-none-eabi/lib/armv7-m\libg_nano.a(lib_a-exit.o)
 .text.exit     0x00000000       0x28 c:/program files (x86)/cypress/psoc creator/4.2/psoc creator/import/gnu/arm/5.4.1/bin/../lib/gcc/arm-none-eabi/5.4.1/../../../../arm-none-eabi/lib/armv7-m\libg_nano.a(lib_a-exit.o)
 .text          0x00000000        0x0 c:/program files (x86)/cypress/psoc creator/4.2/psoc creator/import/gnu/arm/5.4.1/bin/../lib/gcc/arm-none-eabi/5.4.1/../../../../arm-none-eabi/lib/armv7-m\libg_nano.a(lib_a-impure.o)
 .data          0x00000000        0x0 c:/program files (x86)/cypress/psoc creator/4.2/psoc creator/import/gnu/arm/5.4.1/bin/../lib/gcc/arm-none-eabi/5.4.1/../../../../arm-none-eabi/lib/armv7-m\libg_nano.a(lib_a-impure.o)
 .bss           0x00000000        0x0 c:/program files (x86)/cypress/psoc creator/4.2/psoc creator/import/gnu/arm/5.4.1/bin/../lib/gcc/arm-none-eabi/5.4.1/../../../../arm-none-eabi/lib/armv7-m\libg_nano.a(lib_a-impure.o)
 .data.impure_data
                0x00000000       0x60 c:/program files (x86)/cypress/psoc creator/4.2/psoc creator/import/gnu/arm/5.4.1/bin/../lib/gcc/arm-none-eabi/5.4.1/../../../../arm-none-eabi/lib/armv7-m\libg_nano.a(lib_a-impure.o)
 .data._impure_ptr
                0x00000000        0x4 c:/program files (x86)/cypress/psoc creator/4.2/psoc creator/import/gnu/arm/5.4.1/bin/../lib/gcc/arm-none-eabi/5.4.1/../../../../arm-none-eabi/lib/armv7-m\libg_nano.a(lib_a-impure.o)
 .rodata.str1.1
                0x00000000        0x2 c:/program files (x86)/cypress/psoc creator/4.2/psoc creator/import/gnu/arm/5.4.1/bin/../lib/gcc/arm-none-eabi/5.4.1/../../../../arm-none-eabi/lib/armv7-m\libg_nano.a(lib_a-impure.o)
 .rodata._global_impure_ptr
                0x00000000        0x4 c:/program files (x86)/cypress/psoc creator/4.2/psoc creator/import/gnu/arm/5.4.1/bin/../lib/gcc/arm-none-eabi/5.4.1/../../../../arm-none-eabi/lib/armv7-m\libg_nano.a(lib_a-impure.o)
 .text          0x00000000        0x0 c:/program files (x86)/cypress/psoc creator/4.2/psoc creator/import/gnu/arm/5.4.1/bin/../lib/gcc/arm-none-eabi/5.4.1/../../../../arm-none-eabi/lib/armv7-m\libg_nano.a(lib_a-init.o)
 .data          0x00000000        0x0 c:/program files (x86)/cypress/psoc creator/4.2/psoc creator/import/gnu/arm/5.4.1/bin/../lib/gcc/arm-none-eabi/5.4.1/../../../../arm-none-eabi/lib/armv7-m\libg_nano.a(lib_a-init.o)
 .bss           0x00000000        0x0 c:/program files (x86)/cypress/psoc creator/4.2/psoc creator/import/gnu/arm/5.4.1/bin/../lib/gcc/arm-none-eabi/5.4.1/../../../../arm-none-eabi/lib/armv7-m\libg_nano.a(lib_a-init.o)
 .text          0x00000000        0x0 c:/program files (x86)/cypress/psoc creator/4.2/psoc creator/import/gnu/arm/5.4.1/bin/../lib/gcc/arm-none-eabi/5.4.1/../../../../arm-none-eabi/lib/armv7-m\libg_nano.a(lib_a-memcpy-stub.o)
 .data          0x00000000        0x0 c:/program files (x86)/cypress/psoc creator/4.2/psoc creator/import/gnu/arm/5.4.1/bin/../lib/gcc/arm-none-eabi/5.4.1/../../../../arm-none-eabi/lib/armv7-m\libg_nano.a(lib_a-memcpy-stub.o)
 .bss           0x00000000        0x0 c:/program files (x86)/cypress/psoc creator/4.2/psoc creator/import/gnu/arm/5.4.1/bin/../lib/gcc/arm-none-eabi/5.4.1/../../../../arm-none-eabi/lib/armv7-m\libg_nano.a(lib_a-memcpy-stub.o)
 .text          0x00000000        0x0 c:/program files (x86)/cypress/psoc creator/4.2/psoc creator/import/gnu/arm/5.4.1/bin/../lib/gcc/arm-none-eabi/5.4.1/../../../../arm-none-eabi/lib/armv7-m\libg_nano.a(lib_a-memset.o)
 .data          0x00000000        0x0 c:/program files (x86)/cypress/psoc creator/4.2/psoc creator/import/gnu/arm/5.4.1/bin/../lib/gcc/arm-none-eabi/5.4.1/../../../../arm-none-eabi/lib/armv7-m\libg_nano.a(lib_a-memset.o)
 .bss           0x00000000        0x0 c:/program files (x86)/cypress/psoc creator/4.2/psoc creator/import/gnu/arm/5.4.1/bin/../lib/gcc/arm-none-eabi/5.4.1/../../../../arm-none-eabi/lib/armv7-m\libg_nano.a(lib_a-memset.o)
 .text          0x00000000        0x0 c:/program files (x86)/cypress/psoc creator/4.2/psoc creator/import/gnu/arm/5.4.1/bin/../lib/gcc/arm-none-eabi/5.4.1/armv7-m/crtend.o
 .data          0x00000000        0x0 c:/program files (x86)/cypress/psoc creator/4.2/psoc creator/import/gnu/arm/5.4.1/bin/../lib/gcc/arm-none-eabi/5.4.1/armv7-m/crtend.o
 .bss           0x00000000        0x0 c:/program files (x86)/cypress/psoc creator/4.2/psoc creator/import/gnu/arm/5.4.1/bin/../lib/gcc/arm-none-eabi/5.4.1/armv7-m/crtend.o
 .text          0x00000000        0x0 c:/program files (x86)/cypress/psoc creator/4.2/psoc creator/import/gnu/arm/5.4.1/bin/../lib/gcc/arm-none-eabi/5.4.1/armv7-m/crtn.o
 .data          0x00000000        0x0 c:/program files (x86)/cypress/psoc creator/4.2/psoc creator/import/gnu/arm/5.4.1/bin/../lib/gcc/arm-none-eabi/5.4.1/armv7-m/crtn.o
 .bss           0x00000000        0x0 c:/program files (x86)/cypress/psoc creator/4.2/psoc creator/import/gnu/arm/5.4.1/bin/../lib/gcc/arm-none-eabi/5.4.1/armv7-m/crtn.o

Memory Configuration

Name             Origin             Length             Attributes
rom              0x00000000         0x00040000         xr
ram              0x1fff8000         0x00010000         xrw
*default*        0x00000000         0xffffffff

Linker script and memory map

LOAD c:/program files (x86)/cypress/psoc creator/4.2/psoc creator/import/gnu/arm/5.4.1/bin/../lib/gcc/arm-none-eabi/5.4.1/armv7-m/crti.o
LOAD c:/program files (x86)/cypress/psoc creator/4.2/psoc creator/import/gnu/arm/5.4.1/bin/../lib/gcc/arm-none-eabi/5.4.1/armv7-m/crtbegin.o
LOAD c:/program files (x86)/cypress/psoc creator/4.2/psoc creator/import/gnu/arm/5.4.1/bin/../lib/gcc/arm-none-eabi/5.4.1/../../../../arm-none-eabi/lib/armv7-m/crt0.o
START GROUP
LOAD .\CortexM3\ARM_GCC_541\Debug\main.o
LOAD .\CortexM3\ARM_GCC_541\Debug\InterruptRoutine.o
LOAD .\CortexM3\ARM_GCC_541\Debug\cyfitter_cfg.o
LOAD .\CortexM3\ARM_GCC_541\Debug\cymetadata.o
LOAD .\CortexM3\ARM_GCC_541\Debug\Cm3Start.o
LOAD .\CortexM3\ARM_GCC_541\Debug\CE210558_GPIO_Interrupt.a
LOAD C:\Program Files (x86)\Cypress\PSoC Creator\4.2\PSoC Creator\psoc\content\cycomponentlibrary\CyComponentLibrary.cylib\CortexM3\ARM_GCC_541\Debug\CyComponentLibrary.a
END GROUP
START GROUP
LOAD c:/program files (x86)/cypress/psoc creator/4.2/psoc creator/import/gnu/arm/5.4.1/bin/../lib/gcc/arm-none-eabi/5.4.1/armv7-m\libgcc.a
LOAD c:/program files (x86)/cypress/psoc creator/4.2/psoc creator/import/gnu/arm/5.4.1/bin/../lib/gcc/arm-none-eabi/5.4.1/../../../../arm-none-eabi/lib/armv7-m\libg_nano.a
LOAD c:/program files (x86)/cypress/psoc creator/4.2/psoc creator/import/gnu/arm/5.4.1/bin/../lib/gcc/arm-none-eabi/5.4.1/../../../../arm-none-eabi/lib/armv7-m\libc_nano.a
END GROUP
START GROUP
LOAD c:/program files (x86)/cypress/psoc creator/4.2/psoc creator/import/gnu/arm/5.4.1/bin/../lib/gcc/arm-none-eabi/5.4.1/armv7-m\libgcc.a
LOAD c:/program files (x86)/cypress/psoc creator/4.2/psoc creator/import/gnu/arm/5.4.1/bin/../lib/gcc/arm-none-eabi/5.4.1/../../../../arm-none-eabi/lib/armv7-m\libc_nano.a
END GROUP
LOAD c:/program files (x86)/cypress/psoc creator/4.2/psoc creator/import/gnu/arm/5.4.1/bin/../lib/gcc/arm-none-eabi/5.4.1/armv7-m/crtend.o
LOAD c:/program files (x86)/cypress/psoc creator/4.2/psoc creator/import/gnu/arm/5.4.1/bin/../lib/gcc/arm-none-eabi/5.4.1/armv7-m/crtn.o
START GROUP
LOAD c:/program files (x86)/cypress/psoc creator/4.2/psoc creator/import/gnu/arm/5.4.1/bin/../lib/gcc/arm-none-eabi/5.4.1/armv7-m\libgcc.a
LOAD c:/program files (x86)/cypress/psoc creator/4.2/psoc creator/import/gnu/arm/5.4.1/bin/../lib/gcc/arm-none-eabi/5.4.1/../../../../arm-none-eabi/lib/armv7-m\libc.a
LOAD c:/program files (x86)/cypress/psoc creator/4.2/psoc creator/import/gnu/arm/5.4.1/bin/../lib/gcc/arm-none-eabi/5.4.1/../../../../arm-none-eabi/lib/armv7-m\libnosys.a
END GROUP
                0x00000000                CY_APPL_ORIGIN = 0x0
                0x00000100                CY_FLASH_ROW_SIZE = 0x100
                0x00000020                CY_ECC_ROW_SIZE = 0x20
                0x00000000                CY_EE_IN_BTLDR = 0x0
                0x00000000                CY_APPL_LOADABLE = 0x0
                0x00000800                CY_EE_SIZE = 0x800
                0x00000001                CY_APPL_NUM = 0x1
                0x00000001                CY_APPL_MAX = 0x1
                0x00000040                CY_METADATA_SIZE = 0x40
                0x00000000                CY_APPL_LOADABLE = 0x0
                0x00000000                CY_CHECKSUM_EXCLUDE_SIZE = ALIGN (0x0, CY_FLASH_ROW_SIZE)
                [!provide]                PROVIDE (__cy_heap_start, _end)
                0x00000001                PROVIDE (__cy_region_num, ((__cy_regions_end - __cy_regions) / 0x10))
                0x20008000                PROVIDE (__cy_stack, (ORIGIN (ram) + LENGTH (ram)))
                [!provide]                PROVIDE (__cy_heap_end, (__cy_stack - 0x400))

.cybootloader   0x00000000        0x0
 *(.cybootloader)
                0x00000000                appl1_start = CY_APPL_ORIGIN?CY_APPL_ORIGIN:ALIGN (CY_FLASH_ROW_SIZE)
                0x0001ff00                appl2_start = (appl1_start + ALIGN ((((LENGTH (rom) - appl1_start) - (0x2 * CY_FLASH_ROW_SIZE)) / 0x2), CY_FLASH_ROW_SIZE))
                0x00000000                appl_start = (CY_APPL_NUM == 0x1)?appl1_start:appl2_start
                0x00000000                ecc_offset = ((appl_start / CY_FLASH_ROW_SIZE) * CY_ECC_ROW_SIZE)
                0x00000000                ee_offset = (CY_APPL_LOADABLE && ! (CY_EE_IN_BTLDR))?((CY_EE_SIZE / CY_APPL_MAX) * (CY_APPL_NUM - 0x1)):0x0
                0x00000800                ee_size = (CY_APPL_LOADABLE && ! (CY_EE_IN_BTLDR))?(CY_EE_SIZE / CY_APPL_MAX):CY_EE_SIZE
                [!provide]                PROVIDE (CY_ECC_OFFSET, ecc_offset)

.text           0x00000000      0x852
 CREATE_OBJECT_SYMBOLS
                0x00000000                PROVIDE (__cy_interrupt_vector, RomVectors)
 *(.romvectors)
 .romvectors    0x00000000       0x10 .\CortexM3\ARM_GCC_541\Debug\Cm3Start.o
                0x00000000                RomVectors
                0x00000001                ASSERT ((. != __cy_interrupt_vector), No interrupt vector)
                0x00000001                ASSERT (CY_APPL_ORIGIN?(SIZEOF (.cybootloader) <= CY_APPL_ORIGIN):0x1, Wrong image location)
                0x00000010                PROVIDE (__cy_reset, Reset)
 *(.text.Reset)
 .text.Reset    0x00000010       0x18 .\CortexM3\ARM_GCC_541\Debug\Cm3Start.o
                0x00000010                Reset
                0x00000001                ASSERT ((. != __cy_reset), No reset code)
 *(.dma_init)
                0x00000001                ASSERT ((((appl_start + .) <= 0x10000) || 0x1), DMA Init must be within the first 64k of flash)
 *(.text .text.* .gnu.linkonce.t.*)
 .text          0x00000028       0x5c c:/program files (x86)/cypress/psoc creator/4.2/psoc creator/import/gnu/arm/5.4.1/bin/../lib/gcc/arm-none-eabi/5.4.1/armv7-m/crtbegin.o
 .text.KeyPad_GetCol
                0x00000084       0x40 .\CortexM3\ARM_GCC_541\Debug\main.o
                0x00000084                KeyPad_GetCol
 .text.KeyPad_GetRow
                0x000000c4       0x44 .\CortexM3\ARM_GCC_541\Debug\main.o
                0x000000c4                KeyPad_GetRow
 .text.KeyPad_GetButton
                0x00000108       0x44 .\CortexM3\ARM_GCC_541\Debug\main.o
                0x00000108                KeyPad_GetButton
 .text.main     0x0000014c       0x28 .\CortexM3\ARM_GCC_541\Debug\main.o
                0x0000014c                main
 .text.CYMEMZERO
                0x00000174       0x1c .\CortexM3\ARM_GCC_541\Debug\cyfitter_cfg.o
 .text.CYCONFIGCPY
                0x00000190       0x20 .\CortexM3\ARM_GCC_541\Debug\cyfitter_cfg.o
 .text.CyClockStartupError
                0x000001b0        0xc .\CortexM3\ARM_GCC_541\Debug\cyfitter_cfg.o
 .text.cfg_write_bytes32
                0x000001bc       0x74 .\CortexM3\ARM_GCC_541\Debug\cyfitter_cfg.o
 .text.ClockSetup
                0x00000230      0x114 .\CortexM3\ARM_GCC_541\Debug\cyfitter_cfg.o
 .text.AnalogSetDefault
                0x00000344       0x44 .\CortexM3\ARM_GCC_541\Debug\cyfitter_cfg.o
 .text.cyfitter_cfg
                0x00000388      0x17c .\CortexM3\ARM_GCC_541\Debug\cyfitter_cfg.o
                0x00000388                cyfitter_cfg
 .text.IntDefaultHandler
                0x00000504        0x8 .\CortexM3\ARM_GCC_541\Debug\Cm3Start.o
                0x00000504                IntDefaultHandler
 .text.Start_c  0x0000050c       0x98 .\CortexM3\ARM_GCC_541\Debug\Cm3Start.o
                0x0000050c                Start_c
 .text.initialize_psoc
                0x000005a4       0x90 .\CortexM3\ARM_GCC_541\Debug\Cm3Start.o
                0x000005a4                initialize_psoc
 .text.UART_1_Start
                0x00000634       0x24 .\CortexM3\ARM_GCC_541\Debug\CE210558_GPIO_Interrupt.a(UART_1.o)
                0x00000634                UART_1_Start
 .text.UART_1_Init
                0x00000658       0x40 .\CortexM3\ARM_GCC_541\Debug\CE210558_GPIO_Interrupt.a(UART_1.o)
                0x00000658                UART_1_Init
 .text.UART_1_Enable
                0x00000698       0x60 .\CortexM3\ARM_GCC_541\Debug\CE210558_GPIO_Interrupt.a(UART_1.o)
                0x00000698                UART_1_Enable
 .text.UART_1_PutChar
                0x000006f8       0x34 .\CortexM3\ARM_GCC_541\Debug\CE210558_GPIO_Interrupt.a(UART_1.o)
                0x000006f8                UART_1_PutChar
 .text.UART_1_PutString
                0x0000072c       0x44 .\CortexM3\ARM_GCC_541\Debug\CE210558_GPIO_Interrupt.a(UART_1.o)
                0x0000072c                UART_1_PutString
 .text.UART_1_IntClock_Start
                0x00000770       0x34 .\CortexM3\ARM_GCC_541\Debug\CE210558_GPIO_Interrupt.a(UART_1_IntClock.o)
                0x00000770                UART_1_IntClock_Start
 .text.KeyPad_Read
                0x000007a4       0x18 .\CortexM3\ARM_GCC_541\Debug\CE210558_GPIO_Interrupt.a(KeyPad.o)
                0x000007a4                KeyPad_Read
 *fill*         0x000007bc        0x4 
 .text          0x000007c0       0x20 .\CortexM3\ARM_GCC_541\Debug\CE210558_GPIO_Interrupt.a(CyBootAsmGnu.o)
                0x000007c0                CyDelayCycles
                0x000007d0                CyEnterCriticalSection
                0x000007d8                CyExitCriticalSection
 .text.__libc_init_array
                0x000007e0       0x4c c:/program files (x86)/cypress/psoc creator/4.2/psoc creator/import/gnu/arm/5.4.1/bin/../lib/gcc/arm-none-eabi/5.4.1/../../../../arm-none-eabi/lib/armv7-m\libg_nano.a(lib_a-init.o)
                0x000007e0                __libc_init_array
 .text.memcpy   0x0000082c       0x16 c:/program files (x86)/cypress/psoc creator/4.2/psoc creator/import/gnu/arm/5.4.1/bin/../lib/gcc/arm-none-eabi/5.4.1/../../../../arm-none-eabi/lib/armv7-m\libg_nano.a(lib_a-memcpy-stub.o)
                0x0000082c                memcpy
 .text.memset   0x00000842       0x10 c:/program files (x86)/cypress/psoc creator/4.2/psoc creator/import/gnu/arm/5.4.1/bin/../lib/gcc/arm-none-eabi/5.4.1/../../../../arm-none-eabi/lib/armv7-m\libg_nano.a(lib_a-memset.o)
                0x00000842                memset
 *(.plt)
 *(.gnu.warning)
 *(.glue_7t)
 .glue_7t       0x00000852        0x0 linker stubs
 *(.glue_7)
 .glue_7        0x00000852        0x0 linker stubs
 *(.vfp11_veneer)
 .vfp11_veneer  0x00000852        0x0 linker stubs
 *(.bootloader)
 *(.ARM.extab* .gnu.linkonce.armextab.*)
 *(.gcc_except_table)

.v4_bx          0x00000854        0x0
 .v4_bx         0x00000854        0x0 linker stubs

.iplt           0x00000854        0x0
 .iplt          0x00000854        0x0 c:/program files (x86)/cypress/psoc creator/4.2/psoc creator/import/gnu/arm/5.4.1/bin/../lib/gcc/arm-none-eabi/5.4.1/armv7-m/crtbegin.o

.eh_frame_hdr
 *(.eh_frame_hdr)

.eh_frame       0x00000854        0x4
 *(.eh_frame)
 .eh_frame      0x00000854        0x0 c:/program files (x86)/cypress/psoc creator/4.2/psoc creator/import/gnu/arm/5.4.1/bin/../lib/gcc/arm-none-eabi/5.4.1/armv7-m/crtbegin.o
 .eh_frame      0x00000854        0x4 c:/program files (x86)/cypress/psoc creator/4.2/psoc creator/import/gnu/arm/5.4.1/bin/../lib/gcc/arm-none-eabi/5.4.1/armv7-m/crtend.o
                [!provide]                PROVIDE (__exidx_start, .)

.ARM.exidx
 *(.ARM.exidx* .gnu.linkonce.armexidx.*)
                0x00000858                __exidx_end = .

.rodata         0x00000858       0x88
 *(.rodata .rodata.* .gnu.linkonce.r.*)
 .rodata        0x00000858        0xe .\CortexM3\ARM_GCC_541\Debug\main.o
 *fill*         0x00000866        0x2 
 .rodata        0x00000868       0x40 .\CortexM3\ARM_GCC_541\Debug\cyfitter_cfg.o
                0x000008a8                . = ALIGN (0x4)
 *(.init)
 .init          0x000008a8        0x4 c:/program files (x86)/cypress/psoc creator/4.2/psoc creator/import/gnu/arm/5.4.1/bin/../lib/gcc/arm-none-eabi/5.4.1/armv7-m/crti.o
                0x000008a8                _init
 .init          0x000008ac        0x8 c:/program files (x86)/cypress/psoc creator/4.2/psoc creator/import/gnu/arm/5.4.1/bin/../lib/gcc/arm-none-eabi/5.4.1/armv7-m/crtn.o
                0x000008b4                . = ALIGN (0x4)
                0x000008b4                __preinit_array_start = .
 *(.preinit_array)
                0x000008b4                __preinit_array_end = .
                0x000008b4                . = ALIGN (0x4)
                0x000008b4                __init_array_start = .
 *(SORT(.init_array.*))
 *(.init_array)
 .init_array    0x000008b4        0x4 c:/program files (x86)/cypress/psoc creator/4.2/psoc creator/import/gnu/arm/5.4.1/bin/../lib/gcc/arm-none-eabi/5.4.1/armv7-m/crtbegin.o
 .init_array    0x000008b8        0x4 .\CortexM3\ARM_GCC_541\Debug\Cm3Start.o
                0x000008bc                __init_array_end = .
                0x000008bc                . = ALIGN (0x4)
 *(.fini)
 .fini          0x000008bc        0x4 c:/program files (x86)/cypress/psoc creator/4.2/psoc creator/import/gnu/arm/5.4.1/bin/../lib/gcc/arm-none-eabi/5.4.1/armv7-m/crti.o
                0x000008bc                _fini
 .fini          0x000008c0        0x8 c:/program files (x86)/cypress/psoc creator/4.2/psoc creator/import/gnu/arm/5.4.1/bin/../lib/gcc/arm-none-eabi/5.4.1/armv7-m/crtn.o
                0x000008c8                . = ALIGN (0x4)
                0x000008c8                __fini_array_start = .
 *(.fini_array)
 .fini_array    0x000008c8        0x4 c:/program files (x86)/cypress/psoc creator/4.2/psoc creator/import/gnu/arm/5.4.1/bin/../lib/gcc/arm-none-eabi/5.4.1/armv7-m/crtbegin.o
 *(SORT(.fini_array.*))
                0x000008cc                __fini_array_end = .
                0x000008cc                . = ALIGN (0x4)
 *crtbegin.o(.ctors)
 *(EXCLUDE_FILE(*crtend.o) .ctors)
 *(SORT(.ctors.*))
 *crtend.o(.ctors)
                0x000008cc                . = ALIGN (0x4)
 *crtbegin.o(.dtors)
 *(EXCLUDE_FILE(*crtend.o) .dtors)
 *(SORT(.dtors.*))
 *crtend.o(.dtors)
                0x000008cc                . = ALIGN (0x4)
                0x000008cc                __cy_regions = .
                0x000008cc        0x4 LONG 0x8e0 __cy_region_init_ram
                0x000008d0        0x4 LONG 0x1fff80c8 __cy_region_start_data
                0x000008d4        0x4 LONG 0x18 __cy_region_init_size_ram
                0x000008d8        0x4 LONG 0x20 __cy_region_zero_size_ram
                0x000008dc                __cy_regions_end = .
                0x000008e0                . = ALIGN (0x8)
 *fill*         0x000008dc        0x4 
                0x000008e0                _etext = .

.cy_checksum_exclude
                0x000008e0        0x0
 *(.cy_checksum_exclude)

.ramvectors     0x1fff8000       0xc0
                0x1fff8000                __cy_region_start_ram = .
 *(.ramvectors)
 .ramvectors    0x1fff8000       0xc0 .\CortexM3\ARM_GCC_541\Debug\Cm3Start.o
                0x1fff8000                CyRamVectors

.noinit         0x1fff80c0        0x5
 *(.noinit)
 .noinit        0x1fff80c0        0x4 .\CortexM3\ARM_GCC_541\Debug\Cm3Start.o
 .noinit        0x1fff80c4        0x1 .\CortexM3\ARM_GCC_541\Debug\CE210558_GPIO_Interrupt.a(CyLib.o)
                0x1fff80c4                CyResetStatus

.data           0x1fff80c8       0x18 load address 0x000008e0
                0x1fff80c8                __cy_region_start_data = .
 *(.jcr)
 .jcr           0x1fff80c8        0x0 c:/program files (x86)/cypress/psoc creator/4.2/psoc creator/import/gnu/arm/5.4.1/bin/../lib/gcc/arm-none-eabi/5.4.1/armv7-m/crtbegin.o
 .jcr           0x1fff80c8        0x4 c:/program files (x86)/cypress/psoc creator/4.2/psoc creator/import/gnu/arm/5.4.1/bin/../lib/gcc/arm-none-eabi/5.4.1/armv7-m/crtend.o
 *(.got.plt)
 *(.got)
 *(.shdata)
 *(.data .data.* .gnu.linkonce.d.*)
 .data          0x1fff80cc       0x10 .\CortexM3\ARM_GCC_541\Debug\main.o
                0x1fff80cc                KeyPad_Key
                0x1fff80e0                . = ALIGN (0x8)
 *fill*         0x1fff80dc        0x4 
 *(.ram)
                0x1fff80e0                _edata = .

.igot.plt       0x1fff80e0        0x0 load address 0x000008f8
 .igot.plt      0x1fff80e0        0x0 c:/program files (x86)/cypress/psoc creator/4.2/psoc creator/import/gnu/arm/5.4.1/bin/../lib/gcc/arm-none-eabi/5.4.1/armv7-m/crtbegin.o

.bss            0x1fff80e0       0x20 load address 0x000008f8
                0x1fff80e0                PROVIDE (__bss_start__, .)
 *(.shbss)
 *(.bss .bss.* .gnu.linkonce.b.*)
 .bss           0x1fff80e0       0x1c c:/program files (x86)/cypress/psoc creator/4.2/psoc creator/import/gnu/arm/5.4.1/bin/../lib/gcc/arm-none-eabi/5.4.1/armv7-m/crtbegin.o
 .bss           0x1fff80fc        0x2 .\CortexM3\ARM_GCC_541\Debug\CE210558_GPIO_Interrupt.a(UART_1.o)
                0x1fff80fc                UART_1_initVar
 *(COMMON)
                0x1fff8100                . = ALIGN (0x8)
 *fill*         0x1fff80fe        0x2 
 *(.ram.b)
                0x1fff8100                _end = .
                0x1fff8100                __end = .
                0x1fff8100                PROVIDE (end, .)
                0x1fff8100                PROVIDE (__bss_end__, .)
                0x000008e0                __cy_region_init_ram = LOADADDR (.data)
                0x00000018                __cy_region_init_size_ram = (_edata - ADDR (.data))
                0x00000020                __cy_region_zero_size_ram = (_end - _edata)

.heap           0x1fff8100       0x80 load address 0x000008f8
                0x1fff8100                . = _end
                0x1fff8180                . = (. + 0x80)
 *fill*         0x1fff8100       0x80 
                0x1fff8180                __cy_heap_limit = .

.stack          0x20007c00      0x400
                0x20007c00                __cy_stack_limit = .
                0x20008000                . = (. + 0x400)
 *fill*         0x20007c00      0x400 
                0x00000001                ASSERT ((__cy_stack_limit >= __cy_heap_limit), region RAM overflowed with stack)
                0x00000000                cy_checksum_exclude_size = (CY_APPL_LOADABLE == 0x1)?SIZEOF (.cy_checksum_exclude):0x0
                0x00000001                ASSERT ((cy_checksum_exclude_size <= CY_CHECKSUM_EXCLUDE_SIZE), CY_BOOT: Section .cy_checksum_exclude size exceedes specified limit.)

.cyloadermeta
 *(.cyloadermeta)

.cyloadablemeta
 *(.cyloadablemeta)

.cyconfigecc    0x80000000      0x3bc
 *(.cyconfigecc)
 .cyconfigecc   0x80000000      0x3bc .\CortexM3\ARM_GCC_541\Debug\cymetadata.o
                0x80000000                cy_meta_configecc

.cycustnvl      0x90000000        0x4
 *(.cycustnvl)
 .cycustnvl     0x90000000        0x4 .\CortexM3\ARM_GCC_541\Debug\cymetadata.o
                0x90000000                cy_meta_custnvl

.cywolatch      0x90100000        0x4
 *(.cywolatch)
 .cywolatch     0x90100000        0x4 .\CortexM3\ARM_GCC_541\Debug\cymetadata.o
                0x90100000                cy_meta_wonvl

.cyeeprom       0x90200000        0x0
 *(.cyeeprom)
                0x00000001                ASSERT ((. <= ((0x90200000 + ee_offset) + ee_size)), .cyeeprom data will not fit in EEPROM)

.cyflashprotect
                0x90400000      0x100
 *(.cyflashprotect)
 .cyflashprotect
                0x90400000      0x100 .\CortexM3\ARM_GCC_541\Debug\cymetadata.o
                0x90400000                cy_meta_flashprotect

.cymeta         0x90500000        0xc
 *(.cymeta)
 .cymeta        0x90500000        0xc .\CortexM3\ARM_GCC_541\Debug\cymetadata.o
                0x90500000                cy_metadata

.rel.dyn        0x000008f8        0x0 load address 0x9050000c
 .rel.iplt      0x000008f8        0x0 c:/program files (x86)/cypress/psoc creator/4.2/psoc creator/import/gnu/arm/5.4.1/bin/../lib/gcc/arm-none-eabi/5.4.1/armv7-m/crtbegin.o

.stab
 *(.stab)

.stabstr
 *(.stabstr)

.debug
 *(.debug)

.line
 *(.line)

.debug_srcinfo
 *(.debug_srcinfo)

.debug_sfnames
 *(.debug_sfnames)

.debug_aranges  0x00000000      0x848
 *(.debug_aranges)
 .debug_aranges
                0x00000000       0x38 .\CortexM3\ARM_GCC_541\Debug\main.o
 .debug_aranges
                0x00000038       0x20 .\CortexM3\ARM_GCC_541\Debug\InterruptRoutine.o
 .debug_aranges
                0x00000058       0x60 .\CortexM3\ARM_GCC_541\Debug\cyfitter_cfg.o
 .debug_aranges
                0x000000b8       0x18 .\CortexM3\ARM_GCC_541\Debug\cymetadata.o
 .debug_aranges
                0x000000d0       0x48 .\CortexM3\ARM_GCC_541\Debug\Cm3Start.o
 .debug_aranges
                0x00000118       0x48 .\CortexM3\ARM_GCC_541\Debug\CE210558_GPIO_Interrupt.a(Rows.o)
 .debug_aranges
                0x00000160       0x38 .\CortexM3\ARM_GCC_541\Debug\CE210558_GPIO_Interrupt.a(Notification.o)
 .debug_aranges
                0x00000198       0x48 .\CortexM3\ARM_GCC_541\Debug\CE210558_GPIO_Interrupt.a(Columns.o)
 .debug_aranges
                0x000001e0      0x2a0 .\CortexM3\ARM_GCC_541\Debug\CE210558_GPIO_Interrupt.a(CyLib.o)
 .debug_aranges
                0x00000480       0x98 .\CortexM3\ARM_GCC_541\Debug\CE210558_GPIO_Interrupt.a(cyPm.o)
 .debug_aranges
                0x00000518       0xf0 .\CortexM3\ARM_GCC_541\Debug\CE210558_GPIO_Interrupt.a(UART_1.o)
 .debug_aranges
                0x00000608       0x70 .\CortexM3\ARM_GCC_541\Debug\CE210558_GPIO_Interrupt.a(UART_1_IntClock.o)
 .debug_aranges
                0x00000678       0x38 .\CortexM3\ARM_GCC_541\Debug\CE210558_GPIO_Interrupt.a(KeyPad.o)
 .debug_aranges
                0x000006b0       0x20 .\CortexM3\ARM_GCC_541\Debug\CE210558_GPIO_Interrupt.a(CyBootAsmGnu.o)
 .debug_aranges
                0x000006d0       0x80 .\CortexM3\ARM_GCC_541\Debug\CE210558_GPIO_Interrupt.a(CyScBoostClk.o)
 .debug_aranges
                0x00000750       0x80 .\CortexM3\ARM_GCC_541\Debug\CE210558_GPIO_Interrupt.a(CyFlash.o)
 .debug_aranges
                0x000007d0       0x78 .\CortexM3\ARM_GCC_541\Debug\CE210558_GPIO_Interrupt.a(CySpc.o)

.debug_pubnames
 *(.debug_pubnames)

.debug_info     0x00000000     0x36b1
 *(.debug_info .gnu.linkonce.wi.*)
 .debug_info    0x00000000      0x1bb .\CortexM3\ARM_GCC_541\Debug\main.o
 .debug_info    0x000001bb       0xf4 .\CortexM3\ARM_GCC_541\Debug\InterruptRoutine.o
 .debug_info    0x000002af      0x452 .\CortexM3\ARM_GCC_541\Debug\cyfitter_cfg.o
 .debug_info    0x00000701      0x135 .\CortexM3\ARM_GCC_541\Debug\cymetadata.o
 .debug_info    0x00000836      0x325 .\CortexM3\ARM_GCC_541\Debug\Cm3Start.o
 .debug_info    0x00000b5b      0x171 .\CortexM3\ARM_GCC_541\Debug\CE210558_GPIO_Interrupt.a(Rows.o)
 .debug_info    0x00000ccc      0x11e .\CortexM3\ARM_GCC_541\Debug\CE210558_GPIO_Interrupt.a(Notification.o)
 .debug_info    0x00000dea      0x171 .\CortexM3\ARM_GCC_541\Debug\CE210558_GPIO_Interrupt.a(Columns.o)
 .debug_info    0x00000f5b      0xe74 .\CortexM3\ARM_GCC_541\Debug\CE210558_GPIO_Interrupt.a(CyLib.o)
 .debug_info    0x00001dcf      0x56e .\CortexM3\ARM_GCC_541\Debug\CE210558_GPIO_Interrupt.a(cyPm.o)
 .debug_info    0x0000233d      0x50a .\CortexM3\ARM_GCC_541\Debug\CE210558_GPIO_Interrupt.a(UART_1.o)
 .debug_info    0x00002847      0x25d .\CortexM3\ARM_GCC_541\Debug\CE210558_GPIO_Interrupt.a(UART_1_IntClock.o)
 .debug_info    0x00002aa4      0x11e .\CortexM3\ARM_GCC_541\Debug\CE210558_GPIO_Interrupt.a(KeyPad.o)
 .debug_info    0x00002bc2       0x83 .\CortexM3\ARM_GCC_541\Debug\CE210558_GPIO_Interrupt.a(CyBootAsmGnu.o)
 .debug_info    0x00002c45      0x299 .\CortexM3\ARM_GCC_541\Debug\CE210558_GPIO_Interrupt.a(CyScBoostClk.o)
 .debug_info    0x00002ede      0x373 .\CortexM3\ARM_GCC_541\Debug\CE210558_GPIO_Interrupt.a(CyFlash.o)
 .debug_info    0x00003251      0x460 .\CortexM3\ARM_GCC_541\Debug\CE210558_GPIO_Interrupt.a(CySpc.o)

.debug_abbrev   0x00000000     0x1149
 *(.debug_abbrev)
 .debug_abbrev  0x00000000       0xdc .\CortexM3\ARM_GCC_541\Debug\main.o
 .debug_abbrev  0x000000dc       0x85 .\CortexM3\ARM_GCC_541\Debug\InterruptRoutine.o
 .debug_abbrev  0x00000161      0x1b7 .\CortexM3\ARM_GCC_541\Debug\cyfitter_cfg.o
 .debug_abbrev  0x00000318       0x66 .\CortexM3\ARM_GCC_541\Debug\cymetadata.o
 .debug_abbrev  0x0000037e      0x1d6 .\CortexM3\ARM_GCC_541\Debug\Cm3Start.o
 .debug_abbrev  0x00000554       0x90 .\CortexM3\ARM_GCC_541\Debug\CE210558_GPIO_Interrupt.a(Rows.o)
 .debug_abbrev  0x000005e4       0x90 .\CortexM3\ARM_GCC_541\Debug\CE210558_GPIO_Interrupt.a(Notification.o)
 .debug_abbrev  0x00000674       0x90 .\CortexM3\ARM_GCC_541\Debug\CE210558_GPIO_Interrupt.a(Columns.o)
 .debug_abbrev  0x00000704      0x217 .\CortexM3\ARM_GCC_541\Debug\CE210558_GPIO_Interrupt.a(CyLib.o)
 .debug_abbrev  0x0000091b      0x161 .\CortexM3\ARM_GCC_541\Debug\CE210558_GPIO_Interrupt.a(cyPm.o)
 .debug_abbrev  0x00000a7c      0x163 .\CortexM3\ARM_GCC_541\Debug\CE210558_GPIO_Interrupt.a(UART_1.o)
 .debug_abbrev  0x00000bdf      0x11d .\CortexM3\ARM_GCC_541\Debug\CE210558_GPIO_Interrupt.a(UART_1_IntClock.o)
 .debug_abbrev  0x00000cfc       0x90 .\CortexM3\ARM_GCC_541\Debug\CE210558_GPIO_Interrupt.a(KeyPad.o)
 .debug_abbrev  0x00000d8c       0x14 .\CortexM3\ARM_GCC_541\Debug\CE210558_GPIO_Interrupt.a(CyBootAsmGnu.o)
 .debug_abbrev  0x00000da0      0x11d .\CortexM3\ARM_GCC_541\Debug\CE210558_GPIO_Interrupt.a(CyScBoostClk.o)
 .debug_abbrev  0x00000ebd      0x120 .\CortexM3\ARM_GCC_541\Debug\CE210558_GPIO_Interrupt.a(CyFlash.o)
 .debug_abbrev  0x00000fdd      0x16c .\CortexM3\ARM_GCC_541\Debug\CE210558_GPIO_Interrupt.a(CySpc.o)

.debug_line     0x00000000     0x2258
 *(.debug_line)
 .debug_line    0x00000000      0x1d1 .\CortexM3\ARM_GCC_541\Debug\main.o
 .debug_line    0x000001d1      0x180 .\CortexM3\ARM_GCC_541\Debug\InterruptRoutine.o
 .debug_line    0x00000351      0x219 .\CortexM3\ARM_GCC_541\Debug\cyfitter_cfg.o
 .debug_line    0x0000056a      0x141 .\CortexM3\ARM_GCC_541\Debug\cymetadata.o
 .debug_line    0x000006ab      0x1d4 .\CortexM3\ARM_GCC_541\Debug\Cm3Start.o
 .debug_line    0x0000087f       0xc5 .\CortexM3\ARM_GCC_541\Debug\CE210558_GPIO_Interrupt.a(Rows.o)
 .debug_line    0x00000944       0x9c .\CortexM3\ARM_GCC_541\Debug\CE210558_GPIO_Interrupt.a(Notification.o)
 .debug_line    0x000009e0       0xc8 .\CortexM3\ARM_GCC_541\Debug\CE210558_GPIO_Interrupt.a(Columns.o)
 .debug_line    0x00000aa8      0x8a3 .\CortexM3\ARM_GCC_541\Debug\CE210558_GPIO_Interrupt.a(CyLib.o)
 .debug_line    0x0000134b      0x38b .\CortexM3\ARM_GCC_541\Debug\CE210558_GPIO_Interrupt.a(cyPm.o)
 .debug_line    0x000016d6      0x2e4 .\CortexM3\ARM_GCC_541\Debug\CE210558_GPIO_Interrupt.a(UART_1.o)
 .debug_line    0x000019ba      0x1ae .\CortexM3\ARM_GCC_541\Debug\CE210558_GPIO_Interrupt.a(UART_1_IntClock.o)
 .debug_line    0x00001b68       0xa4 .\CortexM3\ARM_GCC_541\Debug\CE210558_GPIO_Interrupt.a(KeyPad.o)
 .debug_line    0x00001c0c       0x66 .\CortexM3\ARM_GCC_541\Debug\CE210558_GPIO_Interrupt.a(CyBootAsmGnu.o)
 .debug_line    0x00001c72      0x1cf .\CortexM3\ARM_GCC_541\Debug\CE210558_GPIO_Interrupt.a(CyScBoostClk.o)
 .debug_line    0x00001e41      0x205 .\CortexM3\ARM_GCC_541\Debug\CE210558_GPIO_Interrupt.a(CyFlash.o)
 .debug_line    0x00002046      0x212 .\CortexM3\ARM_GCC_541\Debug\CE210558_GPIO_Interrupt.a(CySpc.o)

.debug_frame    0x00000000     0x2144
 *(.debug_frame)
 .debug_frame   0x00000000       0xa8 .\CortexM3\ARM_GCC_541\Debug\main.o
 .debug_frame   0x000000a8       0x38 .\CortexM3\ARM_GCC_541\Debug\InterruptRoutine.o
 .debug_frame   0x000000e0      0x16c .\CortexM3\ARM_GCC_541\Debug\cyfitter_cfg.o
 .debug_frame   0x0000024c       0xd8 .\CortexM3\ARM_GCC_541\Debug\Cm3Start.o
 .debug_frame   0x00000324       0xf4 .\CortexM3\ARM_GCC_541\Debug\CE210558_GPIO_Interrupt.a(Rows.o)
 .debug_frame   0x00000418       0xa8 .\CortexM3\ARM_GCC_541\Debug\CE210558_GPIO_Interrupt.a(Notification.o)
 .debug_frame   0x000004c0       0xf4 .\CortexM3\ARM_GCC_541\Debug\CE210558_GPIO_Interrupt.a(Columns.o)
 .debug_frame   0x000005b4      0xc10 .\CortexM3\ARM_GCC_541\Debug\CE210558_GPIO_Interrupt.a(CyLib.o)
 .debug_frame   0x000011c4      0x234 .\CortexM3\ARM_GCC_541\Debug\CE210558_GPIO_Interrupt.a(cyPm.o)
 .debug_frame   0x000013f8      0x42c .\CortexM3\ARM_GCC_541\Debug\CE210558_GPIO_Interrupt.a(UART_1.o)
 .debug_frame   0x00001824      0x1b4 .\CortexM3\ARM_GCC_541\Debug\CE210558_GPIO_Interrupt.a(UART_1_IntClock.o)
 .debug_frame   0x000019d8       0xa8 .\CortexM3\ARM_GCC_541\Debug\CE210558_GPIO_Interrupt.a(KeyPad.o)
 .debug_frame   0x00001a80      0x200 .\CortexM3\ARM_GCC_541\Debug\CE210558_GPIO_Interrupt.a(CyScBoostClk.o)
 .debug_frame   0x00001c80      0x210 .\CortexM3\ARM_GCC_541\Debug\CE210558_GPIO_Interrupt.a(CyFlash.o)
 .debug_frame   0x00001e90      0x1f8 .\CortexM3\ARM_GCC_541\Debug\CE210558_GPIO_Interrupt.a(CySpc.o)
 .debug_frame   0x00002088       0x20 c:/program files (x86)/cypress/psoc creator/4.2/psoc creator/import/gnu/arm/5.4.1/bin/../lib/gcc/arm-none-eabi/5.4.1/../../../../arm-none-eabi/lib/armv7-m\libg_nano.a(lib_a-errno.o)
 .debug_frame   0x000020a8       0x28 c:/program files (x86)/cypress/psoc creator/4.2/psoc creator/import/gnu/arm/5.4.1/bin/../lib/gcc/arm-none-eabi/5.4.1/../../../../arm-none-eabi/lib/armv7-m\libg_nano.a(lib_a-exit.o)
 .debug_frame   0x000020d0       0x2c c:/program files (x86)/cypress/psoc creator/4.2/psoc creator/import/gnu/arm/5.4.1/bin/../lib/gcc/arm-none-eabi/5.4.1/../../../../arm-none-eabi/lib/armv7-m\libg_nano.a(lib_a-init.o)
 .debug_frame   0x000020fc       0x28 c:/program files (x86)/cypress/psoc creator/4.2/psoc creator/import/gnu/arm/5.4.1/bin/../lib/gcc/arm-none-eabi/5.4.1/../../../../arm-none-eabi/lib/armv7-m\libg_nano.a(lib_a-memcpy-stub.o)
 .debug_frame   0x00002124       0x20 c:/program files (x86)/cypress/psoc creator/4.2/psoc creator/import/gnu/arm/5.4.1/bin/../lib/gcc/arm-none-eabi/5.4.1/../../../../arm-none-eabi/lib/armv7-m\libg_nano.a(lib_a-memset.o)

.debug_str      0x00000000     0x1b1f
 *(.debug_str)
 .debug_str     0x00000000      0x1ae .\CortexM3\ARM_GCC_541\Debug\main.o
                                0x1f6 (size before relaxing)
 .debug_str     0x000001ae       0x2f .\CortexM3\ARM_GCC_541\Debug\InterruptRoutine.o
                                0x1c2 (size before relaxing)
 .debug_str     0x000001dd      0x1aa .\CortexM3\ARM_GCC_541\Debug\cyfitter_cfg.o
                                0x32b (size before relaxing)
 .debug_str     0x00000387       0x7f .\CortexM3\ARM_GCC_541\Debug\cymetadata.o
                                0x1d7 (size before relaxing)
 .debug_str     0x00000406      0x123 .\CortexM3\ARM_GCC_541\Debug\Cm3Start.o
                                0x2ca (size before relaxing)
 .debug_str     0x00000529       0x99 .\CortexM3\ARM_GCC_541\Debug\CE210558_GPIO_Interrupt.a(Rows.o)
                                0x20a (size before relaxing)
 .debug_str     0x000005c2       0x7e .\CortexM3\ARM_GCC_541\Debug\CE210558_GPIO_Interrupt.a(Notification.o)
                                0x1f8 (size before relaxing)
 .debug_str     0x00000640       0x95 .\CortexM3\ARM_GCC_541\Debug\CE210558_GPIO_Interrupt.a(Columns.o)
                                0x21f (size before relaxing)
 .debug_str     0x000006d5      0x813 .\CortexM3\ARM_GCC_541\Debug\CE210558_GPIO_Interrupt.a(CyLib.o)
                                0x9e9 (size before relaxing)
 .debug_str     0x00000ee8      0x365 .\CortexM3\ARM_GCC_541\Debug\CE210558_GPIO_Interrupt.a(cyPm.o)
                                0x52a (size before relaxing)
 .debug_str     0x0000124d      0x2b4 .\CortexM3\ARM_GCC_541\Debug\CE210558_GPIO_Interrupt.a(UART_1.o)
                                0x44e (size before relaxing)
 .debug_str     0x00001501      0x1c2 .\CortexM3\ARM_GCC_541\Debug\CE210558_GPIO_Interrupt.a(UART_1_IntClock.o)
                                0x341 (size before relaxing)
 .debug_str     0x000016c3       0x60 .\CortexM3\ARM_GCC_541\Debug\CE210558_GPIO_Interrupt.a(KeyPad.o)
                                0x1da (size before relaxing)
 .debug_str     0x00001723      0x198 .\CortexM3\ARM_GCC_541\Debug\CE210558_GPIO_Interrupt.a(CyScBoostClk.o)
                                0x362 (size before relaxing)
 .debug_str     0x000018bb      0x145 .\CortexM3\ARM_GCC_541\Debug\CE210558_GPIO_Interrupt.a(CyFlash.o)
                                0x2e9 (size before relaxing)
 .debug_str     0x00001a00      0x11f .\CortexM3\ARM_GCC_541\Debug\CE210558_GPIO_Interrupt.a(CySpc.o)
                                0x2e6 (size before relaxing)

.debug_loc
 *(.debug_loc)

.debug_macinfo
 *(.debug_macinfo)

.debug_ranges   0x00000000      0x720
 *(.debug_ranges)
 .debug_ranges  0x00000000       0x28 .\CortexM3\ARM_GCC_541\Debug\main.o
 .debug_ranges  0x00000028       0x10 .\CortexM3\ARM_GCC_541\Debug\InterruptRoutine.o
 .debug_ranges  0x00000038       0x50 .\CortexM3\ARM_GCC_541\Debug\cyfitter_cfg.o
 .debug_ranges  0x00000088       0x38 .\CortexM3\ARM_GCC_541\Debug\Cm3Start.o
 .debug_ranges  0x000000c0       0x38 .\CortexM3\ARM_GCC_541\Debug\CE210558_GPIO_Interrupt.a(Rows.o)
 .debug_ranges  0x000000f8       0x28 .\CortexM3\ARM_GCC_541\Debug\CE210558_GPIO_Interrupt.a(Notification.o)
 .debug_ranges  0x00000120       0x38 .\CortexM3\ARM_GCC_541\Debug\CE210558_GPIO_Interrupt.a(Columns.o)
 .debug_ranges  0x00000158      0x290 .\CortexM3\ARM_GCC_541\Debug\CE210558_GPIO_Interrupt.a(CyLib.o)
 .debug_ranges  0x000003e8       0x88 .\CortexM3\ARM_GCC_541\Debug\CE210558_GPIO_Interrupt.a(cyPm.o)
 .debug_ranges  0x00000470       0xe0 .\CortexM3\ARM_GCC_541\Debug\CE210558_GPIO_Interrupt.a(UART_1.o)
 .debug_ranges  0x00000550       0x60 .\CortexM3\ARM_GCC_541\Debug\CE210558_GPIO_Interrupt.a(UART_1_IntClock.o)
 .debug_ranges  0x000005b0       0x28 .\CortexM3\ARM_GCC_541\Debug\CE210558_GPIO_Interrupt.a(KeyPad.o)
 .debug_ranges  0x000005d8       0x70 .\CortexM3\ARM_GCC_541\Debug\CE210558_GPIO_Interrupt.a(CyScBoostClk.o)
 .debug_ranges  0x00000648       0x70 .\CortexM3\ARM_GCC_541\Debug\CE210558_GPIO_Interrupt.a(CyFlash.o)
 .debug_ranges  0x000006b8       0x68 .\CortexM3\ARM_GCC_541\Debug\CE210558_GPIO_Interrupt.a(CySpc.o)

.comment        0x00000000       0x6e
 .comment       0x00000000       0x6e .\CortexM3\ARM_GCC_541\Debug\main.o
                                 0x6f (size before relaxing)
 .comment       0x0000006e       0x6f .\CortexM3\ARM_GCC_541\Debug\InterruptRoutine.o
 .comment       0x0000006e       0x6f .\CortexM3\ARM_GCC_541\Debug\cyfitter_cfg.o
 .comment       0x0000006e       0x6f .\CortexM3\ARM_GCC_541\Debug\cymetadata.o
 .comment       0x0000006e       0x6f .\CortexM3\ARM_GCC_541\Debug\Cm3Start.o
 .comment       0x0000006e       0x6f .\CortexM3\ARM_GCC_541\Debug\CE210558_GPIO_Interrupt.a(Rows.o)
 .comment       0x0000006e       0x6f .\CortexM3\ARM_GCC_541\Debug\CE210558_GPIO_Interrupt.a(Notification.o)
 .comment       0x0000006e       0x6f .\CortexM3\ARM_GCC_541\Debug\CE210558_GPIO_Interrupt.a(Columns.o)
 .comment       0x0000006e       0x6f .\CortexM3\ARM_GCC_541\Debug\CE210558_GPIO_Interrupt.a(CyLib.o)
 .comment       0x0000006e       0x6f .\CortexM3\ARM_GCC_541\Debug\CE210558_GPIO_Interrupt.a(cyPm.o)
 .comment       0x0000006e       0x6f .\CortexM3\ARM_GCC_541\Debug\CE210558_GPIO_Interrupt.a(UART_1.o)
 .comment       0x0000006e       0x6f .\CortexM3\ARM_GCC_541\Debug\CE210558_GPIO_Interrupt.a(UART_1_IntClock.o)
 .comment       0x0000006e       0x6f .\CortexM3\ARM_GCC_541\Debug\CE210558_GPIO_Interrupt.a(KeyPad.o)
 .comment       0x0000006e       0x6f .\CortexM3\ARM_GCC_541\Debug\CE210558_GPIO_Interrupt.a(CyScBoostClk.o)
 .comment       0x0000006e       0x6f .\CortexM3\ARM_GCC_541\Debug\CE210558_GPIO_Interrupt.a(CyFlash.o)
 .comment       0x0000006e       0x6f .\CortexM3\ARM_GCC_541\Debug\CE210558_GPIO_Interrupt.a(CySpc.o)

.debug_weaknames
 *(.debug_weaknames)

.debug_funcnames
 *(.debug_funcnames)

.debug_typenames
 *(.debug_typenames)

.debug_varnames
 *(.debug_varnames)

.note.gnu.arm.ident
 *(.note.gnu.arm.ident)

.ARM.attributes
                0x00000000       0x29
 *(.ARM.attributes)
 .ARM.attributes
                0x00000000       0x1d c:/program files (x86)/cypress/psoc creator/4.2/psoc creator/import/gnu/arm/5.4.1/bin/../lib/gcc/arm-none-eabi/5.4.1/armv7-m/crti.o
 .ARM.attributes
                0x0000001d       0x2d c:/program files (x86)/cypress/psoc creator/4.2/psoc creator/import/gnu/arm/5.4.1/bin/../lib/gcc/arm-none-eabi/5.4.1/armv7-m/crtbegin.o
 .ARM.attributes
                0x0000004a       0x1b c:/program files (x86)/cypress/psoc creator/4.2/psoc creator/import/gnu/arm/5.4.1/bin/../lib/gcc/arm-none-eabi/5.4.1/../../../../arm-none-eabi/lib/armv7-m/crt0.o
 .ARM.attributes
                0x00000065       0x33 .\CortexM3\ARM_GCC_541\Debug\main.o
 .ARM.attributes
                0x00000098       0x33 .\CortexM3\ARM_GCC_541\Debug\InterruptRoutine.o
 .ARM.attributes
                0x000000cb       0x33 .\CortexM3\ARM_GCC_541\Debug\cyfitter_cfg.o
 .ARM.attributes
                0x000000fe       0x33 .\CortexM3\ARM_GCC_541\Debug\cymetadata.o
 .ARM.attributes
                0x00000131       0x33 .\CortexM3\ARM_GCC_541\Debug\Cm3Start.o
 .ARM.attributes
                0x00000164       0x33 .\CortexM3\ARM_GCC_541\Debug\CE210558_GPIO_Interrupt.a(Rows.o)
 .ARM.attributes
                0x00000197       0x33 .\CortexM3\ARM_GCC_541\Debug\CE210558_GPIO_Interrupt.a(Notification.o)
 .ARM.attributes
                0x000001ca       0x33 .\CortexM3\ARM_GCC_541\Debug\CE210558_GPIO_Interrupt.a(Columns.o)
 .ARM.attributes
                0x000001fd       0x33 .\CortexM3\ARM_GCC_541\Debug\CE210558_GPIO_Interrupt.a(CyLib.o)
 .ARM.attributes
                0x00000230       0x33 .\CortexM3\ARM_GCC_541\Debug\CE210558_GPIO_Interrupt.a(cyPm.o)
 .ARM.attributes
                0x00000263       0x33 .\CortexM3\ARM_GCC_541\Debug\CE210558_GPIO_Interrupt.a(UART_1.o)
 .ARM.attributes
                0x00000296       0x33 .\CortexM3\ARM_GCC_541\Debug\CE210558_GPIO_Interrupt.a(UART_1_IntClock.o)
 .ARM.attributes
                0x000002c9       0x33 .\CortexM3\ARM_GCC_541\Debug\CE210558_GPIO_Interrupt.a(KeyPad.o)
 .ARM.attributes
                0x000002fc       0x21 .\CortexM3\ARM_GCC_541\Debug\CE210558_GPIO_Interrupt.a(CyBootAsmGnu.o)
 .ARM.attributes
                0x0000031d       0x33 .\CortexM3\ARM_GCC_541\Debug\CE210558_GPIO_Interrupt.a(CyScBoostClk.o)
 .ARM.attributes
                0x00000350       0x33 .\CortexM3\ARM_GCC_541\Debug\CE210558_GPIO_Interrupt.a(CyFlash.o)
 .ARM.attributes
                0x00000383       0x33 .\CortexM3\ARM_GCC_541\Debug\CE210558_GPIO_Interrupt.a(CySpc.o)
 .ARM.attributes
                0x000003b6       0x2d c:/program files (x86)/cypress/psoc creator/4.2/psoc creator/import/gnu/arm/5.4.1/bin/../lib/gcc/arm-none-eabi/5.4.1/../../../../arm-none-eabi/lib/armv7-m\libg_nano.a(lib_a-errno.o)
 .ARM.attributes
                0x000003e3       0x2d c:/program files (x86)/cypress/psoc creator/4.2/psoc creator/import/gnu/arm/5.4.1/bin/../lib/gcc/arm-none-eabi/5.4.1/../../../../arm-none-eabi/lib/armv7-m\libg_nano.a(lib_a-exit.o)
 .ARM.attributes
                0x00000410       0x2d c:/program files (x86)/cypress/psoc creator/4.2/psoc creator/import/gnu/arm/5.4.1/bin/../lib/gcc/arm-none-eabi/5.4.1/../../../../arm-none-eabi/lib/armv7-m\libg_nano.a(lib_a-impure.o)
 .ARM.attributes
                0x0000043d       0x2d c:/program files (x86)/cypress/psoc creator/4.2/psoc creator/import/gnu/arm/5.4.1/bin/../lib/gcc/arm-none-eabi/5.4.1/../../../../arm-none-eabi/lib/armv7-m\libg_nano.a(lib_a-init.o)
 .ARM.attributes
                0x0000046a       0x2d c:/program files (x86)/cypress/psoc creator/4.2/psoc creator/import/gnu/arm/5.4.1/bin/../lib/gcc/arm-none-eabi/5.4.1/../../../../arm-none-eabi/lib/armv7-m\libg_nano.a(lib_a-memcpy-stub.o)
 .ARM.attributes
                0x00000497       0x2d c:/program files (x86)/cypress/psoc creator/4.2/psoc creator/import/gnu/arm/5.4.1/bin/../lib/gcc/arm-none-eabi/5.4.1/../../../../arm-none-eabi/lib/armv7-m\libg_nano.a(lib_a-memset.o)
 .ARM.attributes
                0x000004c4       0x2d c:/program files (x86)/cypress/psoc creator/4.2/psoc creator/import/gnu/arm/5.4.1/bin/../lib/gcc/arm-none-eabi/5.4.1/armv7-m/crtend.o
 .ARM.attributes
                0x000004f1       0x1d c:/program files (x86)/cypress/psoc creator/4.2/psoc creator/import/gnu/arm/5.4.1/bin/../lib/gcc/arm-none-eabi/5.4.1/armv7-m/crtn.o

/DISCARD/
 *(.note.GNU-stack)
OUTPUT(C:\Users\fabis\Desktop\CE210558_GPIO_Interrupt.cydsn\CortexM3\ARM_GCC_541\Debug\CE210558_GPIO_Interrupt.elf elf32-littlearm)
