Archive member included to satisfy reference by file (symbol)

.\CortexM3\ARM_GCC_541\Debug\CE210558_GPIO_Interrupt.a(Rows.o)
                              .\CortexM3\ARM_GCC_541\Debug\InterruptRoutine.o (Rows_Read)
.\CortexM3\ARM_GCC_541\Debug\CE210558_GPIO_Interrupt.a(Notification.o)
                              .\CortexM3\ARM_GCC_541\Debug\InterruptRoutine.o (Notification_Write)
.\CortexM3\ARM_GCC_541\Debug\CE210558_GPIO_Interrupt.a(Columns.o)
                              .\CortexM3\ARM_GCC_541\Debug\InterruptRoutine.o (Columns_Read)
.\CortexM3\ARM_GCC_541\Debug\CE210558_GPIO_Interrupt.a(CyLib.o)
                              .\CortexM3\ARM_GCC_541\Debug\Cm3Start.o (CyResetStatus)
.\CortexM3\ARM_GCC_541\Debug\CE210558_GPIO_Interrupt.a(cyPm.o)
                              .\CortexM3\ARM_GCC_541\Debug\CE210558_GPIO_Interrupt.a(CyLib.o) (CyPmReadStatus)
.\CortexM3\ARM_GCC_541\Debug\CE210558_GPIO_Interrupt.a(UART_1.o)
                              .\CortexM3\ARM_GCC_541\Debug\main.o (UART_1_Start)
.\CortexM3\ARM_GCC_541\Debug\CE210558_GPIO_Interrupt.a(UART_1_IntClock.o)
                              .\CortexM3\ARM_GCC_541\Debug\CE210558_GPIO_Interrupt.a(UART_1.o) (UART_1_IntClock_Start)
.\CortexM3\ARM_GCC_541\Debug\CE210558_GPIO_Interrupt.a(KeyPad.o)
                              .\CortexM3\ARM_GCC_541\Debug\main.o (KeyPad_Read)
.\CortexM3\ARM_GCC_541\Debug\CE210558_GPIO_Interrupt.a(CyBootAsmGnu.o)
                              .\CortexM3\ARM_GCC_541\Debug\cyfitter_cfg.o (CyDelayCycles)
.\CortexM3\ARM_GCC_541\Debug\CE210558_GPIO_Interrupt.a(CyScBoostClk.o)
                              .\CortexM3\ARM_GCC_541\Debug\CE210558_GPIO_Interrupt.a(CyLib.o) (CyScBoostClk_Start)
.\CortexM3\ARM_GCC_541\Debug\CE210558_GPIO_Interrupt.a(CyFlash.o)
                              .\CortexM3\ARM_GCC_541\Debug\CE210558_GPIO_Interrupt.a(cyPm.o) (CyFlash_SetWaitCycles)
.\CortexM3\ARM_GCC_541\Debug\CE210558_GPIO_Interrupt.a(CySpc.o)
                              .\CortexM3\ARM_GCC_541\Debug\CE210558_GPIO_Interrupt.a(CyFlash.o) (CySpcStart)
c:/program files (x86)/cypress/psoc creator/4.2/psoc creator/import/gnu/arm/5.4.1/bin/../lib/gcc/arm-none-eabi/5.4.1/../../../../arm-none-eabi/lib/armv7-m\libg_nano.a(lib_a-errno.o)
                              .\CortexM3\ARM_GCC_541\Debug\Cm3Start.o (__errno)
c:/program files (x86)/cypress/psoc creator/4.2/psoc creator/import/gnu/arm/5.4.1/bin/../lib/gcc/arm-none-eabi/5.4.1/../../../../arm-none-eabi/lib/armv7-m\libg_nano.a(lib_a-exit.o)
                              c:/program files (x86)/cypress/psoc creator/4.2/psoc creator/import/gnu/arm/5.4.1/bin/../lib/gcc/arm-none-eabi/5.4.1/../../../../arm-none-eabi/lib/armv7-m/crt0.o (exit)
c:/program files (x86)/cypress/psoc creator/4.2/psoc creator/import/gnu/arm/5.4.1/bin/../lib/gcc/arm-none-eabi/5.4.1/../../../../arm-none-eabi/lib/armv7-m\libg_nano.a(lib_a-impure.o)
                              c:/program files (x86)/cypress/psoc creator/4.2/psoc creator/import/gnu/arm/5.4.1/bin/../lib/gcc/arm-none-eabi/5.4.1/../../../../arm-none-eabi/lib/armv7-m\libg_nano.a(lib_a-exit.o) (_global_impure_ptr)
c:/program files (x86)/cypress/psoc creator/4.2/psoc creator/import/gnu/arm/5.4.1/bin/../lib/gcc/arm-none-eabi/5.4.1/../../../../arm-none-eabi/lib/armv7-m\libg_nano.a(lib_a-init.o)
                              c:/program files (x86)/cypress/psoc creator/4.2/psoc creator/import/gnu/arm/5.4.1/bin/../lib/gcc/arm-none-eabi/5.4.1/../../../../arm-none-eabi/lib/armv7-m/crt0.o (__libc_init_array)
c:/program files (x86)/cypress/psoc creator/4.2/psoc creator/import/gnu/arm/5.4.1/bin/../lib/gcc/arm-none-eabi/5.4.1/../../../../arm-none-eabi/lib/armv7-m\libg_nano.a(lib_a-memcpy-stub.o)
                              .\CortexM3\ARM_GCC_541\Debug\cyfitter_cfg.o (memcpy)
c:/program files (x86)/cypress/psoc creator/4.2/psoc creator/import/gnu/arm/5.4.1/bin/../lib/gcc/arm-none-eabi/5.4.1/../../../../arm-none-eabi/lib/armv7-m\libg_nano.a(lib_a-memset.o)
                              c:/program files (x86)/cypress/psoc creator/4.2/psoc creator/import/gnu/arm/5.4.1/bin/../lib/gcc/arm-none-eabi/5.4.1/../../../../arm-none-eabi/lib/armv7-m/crt0.o (memset)
c:/program files (x86)/cypress/psoc creator/4.2/psoc creator/import/gnu/arm/5.4.1/bin/../lib/gcc/arm-none-eabi/5.4.1/../../../../arm-none-eabi/lib/armv7-m\libg_nano.a(lib_a-sprintf.o)
                              .\CortexM3\ARM_GCC_541\Debug\main.o (sprintf)
c:/program files (x86)/cypress/psoc creator/4.2/psoc creator/import/gnu/arm/5.4.1/bin/../lib/gcc/arm-none-eabi/5.4.1/../../../../arm-none-eabi/lib/armv7-m\libg_nano.a(lib_a-nano-svfprintf.o)
                              c:/program files (x86)/cypress/psoc creator/4.2/psoc creator/import/gnu/arm/5.4.1/bin/../lib/gcc/arm-none-eabi/5.4.1/../../../../arm-none-eabi/lib/armv7-m\libg_nano.a(lib_a-sprintf.o) (_svfprintf_r)
[...]
Memory Configuration

Name             Origin             Length             Attributes
rom              0x00000000         0x00040000         xr
ram              0x1fff8000         0x00010000         xrw
*default*        0x00000000         0xffffffff

Linker script and memory map

LOAD c:/program files (x86)/cypress/psoc creator/4.2/psoc creator/import/gnu/arm/5.4.1/bin/../lib/gcc/arm-none-eabi/5.4.1/armv7-m/crti.o
LOAD c:/program files (x86)/cypress/psoc creator/4.2/psoc creator/import/gnu/arm/5.4.1/bin/../lib/gcc/arm-none-eabi/5.4.1/armv7-m/crtbegin.o
LOAD c:/program files (x86)/cypress/psoc creator/4.2/psoc creator/import/gnu/arm/5.4.1/bin/../lib/gcc/arm-none-eabi/5.4.1/../../../../arm-none-eabi/lib/armv7-m/crt0.o
START GROUP
LOAD .\CortexM3\ARM_GCC_541\Debug\main.o
LOAD .\CortexM3\ARM_GCC_541\Debug\InterruptRoutine.o
LOAD .\CortexM3\ARM_GCC_541\Debug\cyfitter_cfg.o
LOAD .\CortexM3\ARM_GCC_541\Debug\cymetadata.o
LOAD .\CortexM3\ARM_GCC_541\Debug\Cm3Start.o
LOAD .\CortexM3\ARM_GCC_541\Debug\CE210558_GPIO_Interrupt.a
LOAD C:\Program Files (x86)\Cypress\PSoC Creator\4.2\PSoC Creator\psoc\content\cycomponentlibrary\CyComponentLibrary.cylib\CortexM3\ARM_GCC_541\Debug\CyComponentLibrary.a
END GROUP
START GROUP
LOAD c:/program files (x86)/cypress/psoc creator/4.2/psoc creator/import/gnu/arm/5.4.1/bin/../lib/gcc/arm-none-eabi/5.4.1/armv7-m\libgcc.a
LOAD c:/program files (x86)/cypress/psoc creator/4.2/psoc creator/import/gnu/arm/5.4.1/bin/../lib/gcc/arm-none-eabi/5.4.1/../../../../arm-none-eabi/lib/armv7-m\libg_nano.a
LOAD c:/program files (x86)/cypress/psoc creator/4.2/psoc creator/import/gnu/arm/5.4.1/bin/../lib/gcc/arm-none-eabi/5.4.1/../../../../arm-none-eabi/lib/armv7-m\libc_nano.a
END GROUP
START GROUP
LOAD c:/program files (x86)/cypress/psoc creator/4.2/psoc creator/import/gnu/arm/5.4.1/bin/../lib/gcc/arm-none-eabi/5.4.1/armv7-m\libgcc.a
LOAD c:/program files (x86)/cypress/psoc creator/4.2/psoc creator/import/gnu/arm/5.4.1/bin/../lib/gcc/arm-none-eabi/5.4.1/../../../../arm-none-eabi/lib/armv7-m\libc_nano.a
END GROUP
LOAD c:/program files (x86)/cypress/psoc creator/4.2/psoc creator/import/gnu/arm/5.4.1/bin/../lib/gcc/arm-none-eabi/5.4.1/armv7-m/crtend.o
LOAD c:/program files (x86)/cypress/psoc creator/4.2/psoc creator/import/gnu/arm/5.4.1/bin/../lib/gcc/arm-none-eabi/5.4.1/armv7-m/crtn.o
START GROUP
LOAD c:/program files (x86)/cypress/psoc creator/4.2/psoc creator/import/gnu/arm/5.4.1/bin/../lib/gcc/arm-none-eabi/5.4.1/armv7-m\libgcc.a
LOAD c:/program files (x86)/cypress/psoc creator/4.2/psoc creator/import/gnu/arm/5.4.1/bin/../lib/gcc/arm-none-eabi/5.4.1/../../../../arm-none-eabi/lib/armv7-m\libc.a
LOAD c:/program files (x86)/cypress/psoc creator/4.2/psoc creator/import/gnu/arm/5.4.1/bin/../lib/gcc/arm-none-eabi/5.4.1/../../../../arm-none-eabi/lib/armv7-m\libnosys.a
END GROUP
                0x00000000                CY_APPL_ORIGIN = 0x0
                0x00000100                CY_FLASH_ROW_SIZE = 0x100
                0x00000020                CY_ECC_ROW_SIZE = 0x20
                0x00000000                CY_EE_IN_BTLDR = 0x0
                0x00000000                CY_APPL_LOADABLE = 0x0
                0x00000800                CY_EE_SIZE = 0x800
                0x00000001                CY_APPL_NUM = 0x1
                0x00000001                CY_APPL_MAX = 0x1
                0x00000040                CY_METADATA_SIZE = 0x40
                0x00000000                CY_APPL_LOADABLE = 0x0
                0x00000000                CY_CHECKSUM_EXCLUDE_SIZE = ALIGN (0x0, CY_FLASH_ROW_SIZE)
                [!provide]                PROVIDE (__cy_heap_start, _end)
                0x00000001                PROVIDE (__cy_region_num, ((__cy_regions_end - __cy_regions) / 0x10))
                0x20008000                PROVIDE (__cy_stack, (ORIGIN (ram) + LENGTH (ram)))
                [!provide]                PROVIDE (__cy_heap_end, (__cy_stack - 0x400))

.cybootloader   0x00000000        0x0
 *(.cybootloader)
                0x00000000                appl1_start = CY_APPL_ORIGIN?CY_APPL_ORIGIN:ALIGN (CY_FLASH_ROW_SIZE)
                0x0001ff00                appl2_start = (appl1_start + ALIGN ((((LENGTH (rom) - appl1_start) - (0x2 * CY_FLASH_ROW_SIZE)) / 0x2), CY_FLASH_ROW_SIZE))
                0x00000000                appl_start = (CY_APPL_NUM == 0x1)?appl1_start:appl2_start
                0x00000000                ecc_offset = ((appl_start / CY_FLASH_ROW_SIZE) * CY_ECC_ROW_SIZE)
                0x00000000                ee_offset = (CY_APPL_LOADABLE && ! (CY_EE_IN_BTLDR))?((CY_EE_SIZE / CY_APPL_MAX) * (CY_APPL_NUM - 0x1)):0x0
                0x00000800                ee_size = (CY_APPL_LOADABLE && ! (CY_EE_IN_BTLDR))?(CY_EE_SIZE / CY_APPL_MAX):CY_EE_SIZE
                [!provide]                PROVIDE (CY_ECC_OFFSET, ecc_offset)

.text           0x00000000     0x10a0
 CREATE_OBJECT_SYMBOLS
                0x00000000                PROVIDE (__cy_interrupt_vector, RomVectors)
 *(.romvectors)
 .romvectors    0x00000000       0x10 .\CortexM3\ARM_GCC_541\Debug\Cm3Start.o
                0x00000000                RomVectors
                0x00000001                ASSERT ((. != __cy_interrupt_vector), No interrupt vector)
                0x00000001                ASSERT (CY_APPL_ORIGIN?(SIZEOF (.cybootloader) <= CY_APPL_ORIGIN):0x1, Wrong image location)
                0x00000010                PROVIDE (__cy_reset, Reset)
 *(.text.Reset)
 .text.Reset    0x00000010       0x18 .\CortexM3\ARM_GCC_541\Debug\Cm3Start.o
                0x00000010                Reset
                0x00000001                ASSERT ((. != __cy_reset), No reset code)
 *(.dma_init)
                0x00000001                ASSERT ((((appl_start + .) <= 0x10000) || 0x1), DMA Init must be within the first 64k of flash)
 *(.text .text.* .gnu.linkonce.t.*)
 .text          0x00000028       0x5c c:/program files (x86)/cypress/psoc creator/4.2/psoc creator/import/gnu/arm/5.4.1/bin/../lib/gcc/arm-none-eabi/5.4.1/armv7-m/crtbegin.o
 .text.main     0x00000084       0x54 .\CortexM3\ARM_GCC_541\Debug\main.o
                0x00000084                main
 .text.CYMEMZERO
                0x000000d8       0x1c .\CortexM3\ARM_GCC_541\Debug\cyfitter_cfg.o
 .text.CYCONFIGCPY
                0x000000f4       0x20 .\CortexM3\ARM_GCC_541\Debug\cyfitter_cfg.o
 .text.CyClockStartupError
                0x00000114        0xc .\CortexM3\ARM_GCC_541\Debug\cyfitter_cfg.o
 .text.cfg_write_bytes32
                0x00000120       0x74 .\CortexM3\ARM_GCC_541\Debug\cyfitter_cfg.o
 .text.ClockSetup
                0x00000194      0x114 .\CortexM3\ARM_GCC_541\Debug\cyfitter_cfg.o
 .text.AnalogSetDefault
                0x000002a8       0x44 .\CortexM3\ARM_GCC_541\Debug\cyfitter_cfg.o
 .text.cyfitter_cfg
                0x000002ec      0x17c .\CortexM3\ARM_GCC_541\Debug\cyfitter_cfg.o
                0x000002ec                cyfitter_cfg
 .text.IntDefaultHandler
                0x00000468        0x8 .\CortexM3\ARM_GCC_541\Debug\Cm3Start.o
                0x00000468                IntDefaultHandler
 .text._sbrk    0x00000470       0x50 .\CortexM3\ARM_GCC_541\Debug\Cm3Start.o
                0x00000470                _sbrk
 .text.Start_c  0x000004c0       0x98 .\CortexM3\ARM_GCC_541\Debug\Cm3Start.o
                0x000004c0                Start_c
 .text.initialize_psoc
                0x00000558       0x90 .\CortexM3\ARM_GCC_541\Debug\Cm3Start.o
                0x00000558                initialize_psoc
 .text.CyDelay  0x000005e8       0x44 .\CortexM3\ARM_GCC_541\Debug\CE210558_GPIO_Interrupt.a(CyLib.o)
                0x000005e8                CyDelay
 .text.UART_1_Start
                0x0000062c       0x24 .\CortexM3\ARM_GCC_541\Debug\CE210558_GPIO_Interrupt.a(UART_1.o)
                0x0000062c                UART_1_Start
 .text.UART_1_Init
                0x00000650       0x40 .\CortexM3\ARM_GCC_541\Debug\CE210558_GPIO_Interrupt.a(UART_1.o)
                0x00000650                UART_1_Init
 .text.UART_1_Enable
                0x00000690       0x60 .\CortexM3\ARM_GCC_541\Debug\CE210558_GPIO_Interrupt.a(UART_1.o)
                0x00000690                UART_1_Enable
 .text.UART_1_PutChar
                0x000006f0       0x34 .\CortexM3\ARM_GCC_541\Debug\CE210558_GPIO_Interrupt.a(UART_1.o)
                0x000006f0                UART_1_PutChar
 .text.UART_1_PutString
                0x00000724       0x44 .\CortexM3\ARM_GCC_541\Debug\CE210558_GPIO_Interrupt.a(UART_1.o)
                0x00000724                UART_1_PutString
 .text.UART_1_IntClock_Start
                0x00000768       0x34 .\CortexM3\ARM_GCC_541\Debug\CE210558_GPIO_Interrupt.a(UART_1_IntClock.o)
                0x00000768                UART_1_IntClock_Start
 .text.KeyPad_Read
                0x0000079c       0x18 .\CortexM3\ARM_GCC_541\Debug\CE210558_GPIO_Interrupt.a(KeyPad.o)
                0x0000079c                KeyPad_Read
 *fill*         0x000007b4        0x4 
 .text          0x000007b8       0x20 .\CortexM3\ARM_GCC_541\Debug\CE210558_GPIO_Interrupt.a(CyBootAsmGnu.o)
                0x000007b8                CyDelayCycles
                0x000007c8                CyEnterCriticalSection
                0x000007d0                CyExitCriticalSection
 .text.__errno  0x000007d8        0xc c:/program files (x86)/cypress/psoc creator/4.2/psoc creator/import/gnu/arm/5.4.1/bin/../lib/gcc/arm-none-eabi/5.4.1/../../../../arm-none-eabi/lib/armv7-m\libg_nano.a(lib_a-errno.o)
                0x000007d8                __errno
 .text.__libc_init_array
                0x000007e4       0x4c c:/program files (x86)/cypress/psoc creator/4.2/psoc creator/import/gnu/arm/5.4.1/bin/../lib/gcc/arm-none-eabi/5.4.1/../../../../arm-none-eabi/lib/armv7-m\libg_nano.a(lib_a-init.o)
                0x000007e4                __libc_init_array
 .text.memcpy   0x00000830       0x16 c:/program files (x86)/cypress/psoc creator/4.2/psoc creator/import/gnu/arm/5.4.1/bin/../lib/gcc/arm-none-eabi/5.4.1/../../../../arm-none-eabi/lib/armv7-m\libg_nano.a(lib_a-memcpy-stub.o)
                0x00000830                memcpy
 .text.memset   0x00000846       0x10 c:/program files (x86)/cypress/psoc creator/4.2/psoc creator/import/gnu/arm/5.4.1/bin/../lib/gcc/arm-none-eabi/5.4.1/../../../../arm-none-eabi/lib/armv7-m\libg_nano.a(lib_a-memset.o)
                0x00000846                memset
 *fill*         0x00000856        0x2 
 .text.sprintf  0x00000858       0x48 c:/program files (x86)/cypress/psoc creator/4.2/psoc creator/import/gnu/arm/5.4.1/bin/../lib/gcc/arm-none-eabi/5.4.1/../../../../arm-none-eabi/lib/armv7-m\libg_nano.a(lib_a-sprintf.o)
                0x00000858                siprintf
                0x00000858                sprintf
 .text.__ssputs_r
                0x000008a0       0xb2 c:/program files (x86)/cypress/psoc creator/4.2/psoc creator/import/gnu/arm/5.4.1/bin/../lib/gcc/arm-none-eabi/5.4.1/../../../../arm-none-eabi/lib/armv7-m\libg_nano.a(lib_a-nano-svfprintf.o)
                0x000008a0                __ssputs_r
 *fill*         0x00000952        0x2 
 .text._svfprintf_r
                0x00000954      0x1e8 c:/program files (x86)/cypress/psoc creator/4.2/psoc creator/import/gnu/arm/5.4.1/bin/../lib/gcc/arm-none-eabi/5.4.1/../../../../arm-none-eabi/lib/armv7-m\libg_nano.a(lib_a-nano-svfprintf.o)
                0x00000954                _svfiprintf_r
                0x00000954                _svfprintf_r
 .text._printf_common
                0x00000b3c       0xec c:/program files (x86)/cypress/psoc creator/4.2/psoc creator/import/gnu/arm/5.4.1/bin/../lib/gcc/arm-none-eabi/5.4.1/../../../../arm-none-eabi/lib/armv7-m\libg_nano.a(lib_a-nano-vfprintf_i.o)
                0x00000b3c                _printf_common
 .text._printf_i
                0x00000c28      0x24c c:/program files (x86)/cypress/psoc creator/4.2/psoc creator/import/gnu/arm/5.4.1/bin/../lib/gcc/arm-none-eabi/5.4.1/../../../../arm-none-eabi/lib/armv7-m\libg_nano.a(lib_a-nano-vfprintf_i.o)
                0x00000c28                _printf_i
 .text.memchr   0x00000e74       0x1c c:/program files (x86)/cypress/psoc creator/4.2/psoc creator/import/gnu/arm/5.4.1/bin/../lib/gcc/arm-none-eabi/5.4.1/../../../../arm-none-eabi/lib/armv7-m\libg_nano.a(lib_a-memchr-stub.o)
                0x00000e74                memchr
 .text.memmove  0x00000e90       0x36 c:/program files (x86)/cypress/psoc creator/4.2/psoc creator/import/gnu/arm/5.4.1/bin/../lib/gcc/arm-none-eabi/5.4.1/../../../../arm-none-eabi/lib/armv7-m\libg_nano.a(lib_a-memmove.o)
                0x00000e90                memmove
 *fill*         0x00000ec6        0x2 
 .text._free_r  0x00000ec8       0x98 c:/program files (x86)/cypress/psoc creator/4.2/psoc creator/import/gnu/arm/5.4.1/bin/../lib/gcc/arm-none-eabi/5.4.1/../../../../arm-none-eabi/lib/armv7-m\libg_nano.a(lib_a-nano-freer.o)
                0x00000ec8                _free_r
 .text._malloc_r
                0x00000f60       0xbc c:/program files (x86)/cypress/psoc creator/4.2/psoc creator/import/gnu/arm/5.4.1/bin/../lib/gcc/arm-none-eabi/5.4.1/../../../../arm-none-eabi/lib/armv7-m\libg_nano.a(lib_a-nano-mallocr.o)
                0x00000f60                _malloc_r
 .text._realloc_r
                0x0000101c       0x4c c:/program files (x86)/cypress/psoc creator/4.2/psoc creator/import/gnu/arm/5.4.1/bin/../lib/gcc/arm-none-eabi/5.4.1/../../../../arm-none-eabi/lib/armv7-m\libg_nano.a(lib_a-nano-reallocr.o)
                0x0000101c                _realloc_r
 .text._sbrk_r  0x00001068       0x20 c:/program files (x86)/cypress/psoc creator/4.2/psoc creator/import/gnu/arm/5.4.1/bin/../lib/gcc/arm-none-eabi/5.4.1/../../../../arm-none-eabi/lib/armv7-m\libg_nano.a(lib_a-sbrkr.o)
                0x00001068                _sbrk_r
 .text.__malloc_lock
                0x00001088        0x2 c:/program files (x86)/cypress/psoc creator/4.2/psoc creator/import/gnu/arm/5.4.1/bin/../lib/gcc/arm-none-eabi/5.4.1/../../../../arm-none-eabi/lib/armv7-m\libg_nano.a(lib_a-mlock.o)
                0x00001088                __malloc_lock
 .text.__malloc_unlock
                0x0000108a        0x2 c:/program files (x86)/cypress/psoc creator/4.2/psoc creator/import/gnu/arm/5.4.1/bin/../lib/gcc/arm-none-eabi/5.4.1/../../../../arm-none-eabi/lib/armv7-m\libg_nano.a(lib_a-mlock.o)
                0x0000108a                __malloc_unlock
 .text._malloc_usable_size_r
                0x0000108c       0x14 c:/program files (x86)/cypress/psoc creator/4.2/psoc creator/import/gnu/arm/5.4.1/bin/../lib/gcc/arm-none-eabi/5.4.1/../../../../arm-none-eabi/lib/armv7-m\libg_nano.a(lib_a-nano-msizer.o)
                0x0000108c                _malloc_usable_size_r
 *(.plt)
 *(.gnu.warning)
 *(.glue_7t)
 .glue_7t       0x000010a0        0x0 linker stubs
 *(.glue_7)
 .glue_7        0x000010a0        0x0 linker stubs
 *(.vfp11_veneer)
 .vfp11_veneer  0x000010a0        0x0 linker stubs
 *(.bootloader)
 *(.ARM.extab* .gnu.linkonce.armextab.*)
 *(.gcc_except_table)

.v4_bx          0x000010a0        0x0
 .v4_bx         0x000010a0        0x0 linker stubs

.iplt           0x000010a0        0x0
 .iplt          0x000010a0        0x0 c:/program files (x86)/cypress/psoc creator/4.2/psoc creator/import/gnu/arm/5.4.1/bin/../lib/gcc/arm-none-eabi/5.4.1/armv7-m/crtbegin.o

.eh_frame_hdr
 *(.eh_frame_hdr)

.eh_frame       0x000010a0        0x4
 *(.eh_frame)
 .eh_frame      0x000010a0        0x0 c:/program files (x86)/cypress/psoc creator/4.2/psoc creator/import/gnu/arm/5.4.1/bin/../lib/gcc/arm-none-eabi/5.4.1/armv7-m/crtbegin.o
 .eh_frame      0x000010a0        0x4 c:/program files (x86)/cypress/psoc creator/4.2/psoc creator/import/gnu/arm/5.4.1/bin/../lib/gcc/arm-none-eabi/5.4.1/armv7-m/crtend.o
                [!provide]                PROVIDE (__exidx_start, .)

.ARM.exidx
 *(.ARM.exidx* .gnu.linkonce.armexidx.*)
                0x000010a4                __exidx_end = .

.rodata         0x000010a4       0xc4
 *(.rodata .rodata.* .gnu.linkonce.r.*)
 .rodata        0x000010a4       0x15 .\CortexM3\ARM_GCC_541\Debug\main.o
 *fill*         0x000010b9        0x3 
 .rodata        0x000010bc       0x40 .\CortexM3\ARM_GCC_541\Debug\cyfitter_cfg.o
 .rodata.str1.1
                0x000010fc        0x2 c:/program files (x86)/cypress/psoc creator/4.2/psoc creator/import/gnu/arm/5.4.1/bin/../lib/gcc/arm-none-eabi/5.4.1/../../../../arm-none-eabi/lib/armv7-m\libg_nano.a(lib_a-impure.o)
 .rodata.str1.1
                0x000010fe       0x11 c:/program files (x86)/cypress/psoc creator/4.2/psoc creator/import/gnu/arm/5.4.1/bin/../lib/gcc/arm-none-eabi/5.4.1/../../../../arm-none-eabi/lib/armv7-m\libg_nano.a(lib_a-nano-svfprintf.o)
 .rodata.str1.1
                0x0000110f       0x22 c:/program files (x86)/cypress/psoc creator/4.2/psoc creator/import/gnu/arm/5.4.1/bin/../lib/gcc/arm-none-eabi/5.4.1/../../../../arm-none-eabi/lib/armv7-m\libg_nano.a(lib_a-nano-vfprintf_i.o)
                0x00001134                . = ALIGN (0x4)
 *fill*         0x00001131        0x3 
 *(.init)
 .init          0x00001134        0x4 c:/program files (x86)/cypress/psoc creator/4.2/psoc creator/import/gnu/arm/5.4.1/bin/../lib/gcc/arm-none-eabi/5.4.1/armv7-m/crti.o
                0x00001134                _init
 .init          0x00001138        0x8 c:/program files (x86)/cypress/psoc creator/4.2/psoc creator/import/gnu/arm/5.4.1/bin/../lib/gcc/arm-none-eabi/5.4.1/armv7-m/crtn.o
                0x00001140                . = ALIGN (0x4)
                0x00001140                __preinit_array_start = .
 *(.preinit_array)
                0x00001140                __preinit_array_end = .
                0x00001140                . = ALIGN (0x4)
                0x00001140                __init_array_start = .
 *(SORT(.init_array.*))
 *(.init_array)
 .init_array    0x00001140        0x4 c:/program files (x86)/cypress/psoc creator/4.2/psoc creator/import/gnu/arm/5.4.1/bin/../lib/gcc/arm-none-eabi/5.4.1/armv7-m/crtbegin.o
 .init_array    0x00001144        0x4 .\CortexM3\ARM_GCC_541\Debug\Cm3Start.o
                0x00001148                __init_array_end = .
                0x00001148                . = ALIGN (0x4)
 *(.fini)
 .fini          0x00001148        0x4 c:/program files (x86)/cypress/psoc creator/4.2/psoc creator/import/gnu/arm/5.4.1/bin/../lib/gcc/arm-none-eabi/5.4.1/armv7-m/crti.o
                0x00001148                _fini
 .fini          0x0000114c        0x8 c:/program files (x86)/cypress/psoc creator/4.2/psoc creator/import/gnu/arm/5.4.1/bin/../lib/gcc/arm-none-eabi/5.4.1/armv7-m/crtn.o
                0x00001154                . = ALIGN (0x4)
                0x00001154                __fini_array_start = .
 *(.fini_array)
 .fini_array    0x00001154        0x4 c:/program files (x86)/cypress/psoc creator/4.2/psoc creator/import/gnu/arm/5.4.1/bin/../lib/gcc/arm-none-eabi/5.4.1/armv7-m/crtbegin.o
 *(SORT(.fini_array.*))
                0x00001158                __fini_array_end = .
                0x00001158                . = ALIGN (0x4)
 *crtbegin.o(.ctors)
 *(EXCLUDE_FILE(*crtend.o) .ctors)
 *(SORT(.ctors.*))
 *crtend.o(.ctors)
                0x00001158                . = ALIGN (0x4)
 *crtbegin.o(.dtors)
 *(EXCLUDE_FILE(*crtend.o) .dtors)
 *(SORT(.dtors.*))
 *crtend.o(.dtors)
                0x00001158                . = ALIGN (0x4)
                0x00001158                __cy_regions = .
                0x00001158        0x4 LONG 0x1168 __cy_region_init_ram
                0x0000115c        0x4 LONG 0x1fff80c8 __cy_region_start_data
                0x00001160        0x4 LONG 0x80 __cy_region_init_size_ram
                0x00001164        0x4 LONG 0x40 __cy_region_zero_size_ram
                0x00001168                __cy_regions_end = .
                0x00001168                . = ALIGN (0x8)
                0x00001168                _etext = .

.cy_checksum_exclude
                0x00001168        0x0
 *(.cy_checksum_exclude)

.ramvectors     0x1fff8000       0xc0
                0x1fff8000                __cy_region_start_ram = .
 *(.ramvectors)
 .ramvectors    0x1fff8000       0xc0 .\CortexM3\ARM_GCC_541\Debug\Cm3Start.o
                0x1fff8000                CyRamVectors

.noinit         0x1fff80c0        0x5
 *(.noinit)
 .noinit        0x1fff80c0        0x4 .\CortexM3\ARM_GCC_541\Debug\Cm3Start.o
 .noinit        0x1fff80c4        0x1 .\CortexM3\ARM_GCC_541\Debug\CE210558_GPIO_Interrupt.a(CyLib.o)
                0x1fff80c4                CyResetStatus

.data           0x1fff80c8       0x80 load address 0x00001168
                0x1fff80c8                __cy_region_start_data = .
 *(.jcr)
 .jcr           0x1fff80c8        0x0 c:/program files (x86)/cypress/psoc creator/4.2/psoc creator/import/gnu/arm/5.4.1/bin/../lib/gcc/arm-none-eabi/5.4.1/armv7-m/crtbegin.o
 .jcr           0x1fff80c8        0x4 c:/program files (x86)/cypress/psoc creator/4.2/psoc creator/import/gnu/arm/5.4.1/bin/../lib/gcc/arm-none-eabi/5.4.1/armv7-m/crtend.o
 *(.got.plt)
 *(.got)
 *(.shdata)
 *(.data .data.* .gnu.linkonce.d.*)
 .data          0x1fff80cc        0x4 .\CortexM3\ARM_GCC_541\Debug\Cm3Start.o
 .data          0x1fff80d0       0x10 .\CortexM3\ARM_GCC_541\Debug\CE210558_GPIO_Interrupt.a(CyLib.o)
                0x1fff80d0                cydelay_freq_hz
                0x1fff80d4                cydelay_freq_khz
                0x1fff80d8                cydelay_freq_mhz
                0x1fff80dc                cydelay_32k_ms
 .data.impure_data
                0x1fff80e0       0x60 c:/program files (x86)/cypress/psoc creator/4.2/psoc creator/import/gnu/arm/5.4.1/bin/../lib/gcc/arm-none-eabi/5.4.1/../../../../arm-none-eabi/lib/armv7-m\libg_nano.a(lib_a-impure.o)
 .data._impure_ptr
                0x1fff8140        0x4 c:/program files (x86)/cypress/psoc creator/4.2/psoc creator/import/gnu/arm/5.4.1/bin/../lib/gcc/arm-none-eabi/5.4.1/../../../../arm-none-eabi/lib/armv7-m\libg_nano.a(lib_a-impure.o)
                0x1fff8140                _impure_ptr
                0x1fff8148                . = ALIGN (0x8)
 *fill*         0x1fff8144        0x4 
 *(.ram)
                0x1fff8148                _edata = .

.igot.plt       0x1fff8148        0x0 load address 0x000011e8
 .igot.plt      0x1fff8148        0x0 c:/program files (x86)/cypress/psoc creator/4.2/psoc creator/import/gnu/arm/5.4.1/bin/../lib/gcc/arm-none-eabi/5.4.1/armv7-m/crtbegin.o

.bss            0x1fff8148       0x40 load address 0x000011e8
                0x1fff8148                PROVIDE (__bss_start__, .)
 *(.shbss)
 *(.bss .bss.* .gnu.linkonce.b.*)
 .bss           0x1fff8148       0x1c c:/program files (x86)/cypress/psoc creator/4.2/psoc creator/import/gnu/arm/5.4.1/bin/../lib/gcc/arm-none-eabi/5.4.1/armv7-m/crtbegin.o
 .bss           0x1fff8164        0x2 .\CortexM3\ARM_GCC_541\Debug\CE210558_GPIO_Interrupt.a(UART_1.o)
                0x1fff8164                UART_1_initVar
 *fill*         0x1fff8166        0x2 
 .bss.__malloc_sbrk_start
                0x1fff8168        0x4 c:/program files (x86)/cypress/psoc creator/4.2/psoc creator/import/gnu/arm/5.4.1/bin/../lib/gcc/arm-none-eabi/5.4.1/../../../../arm-none-eabi/lib/armv7-m\libg_nano.a(lib_a-nano-mallocr.o)
                0x1fff8168                __malloc_sbrk_start
 .bss.__malloc_free_list
                0x1fff816c        0x4 c:/program files (x86)/cypress/psoc creator/4.2/psoc creator/import/gnu/arm/5.4.1/bin/../lib/gcc/arm-none-eabi/5.4.1/../../../../arm-none-eabi/lib/armv7-m\libg_nano.a(lib_a-nano-mallocr.o)
                0x1fff816c                __malloc_free_list
 *(COMMON)
 COMMON         0x1fff8170       0x14 .\CortexM3\ARM_GCC_541\Debug\main.o
                0x1fff8170                keyPadOutput
                0x1fff8174                keyPadBuffer
 COMMON         0x1fff8184        0x4 c:/program files (x86)/cypress/psoc creator/4.2/psoc creator/import/gnu/arm/5.4.1/bin/../lib/gcc/arm-none-eabi/5.4.1/../../../../arm-none-eabi/lib/armv7-m\libg_nano.a(lib_a-reent.o)
                0x1fff8184                errno
                0x1fff8188                . = ALIGN (0x8)
 *(.ram.b)
                0x1fff8188                _end = .
                0x1fff8188                __end = .
                0x1fff8188                PROVIDE (end, .)
                0x1fff8188                PROVIDE (__bss_end__, .)
                0x00001168                __cy_region_init_ram = LOADADDR (.data)
                0x00000080                __cy_region_init_size_ram = (_edata - ADDR (.data))
                0x00000040                __cy_region_zero_size_ram = (_end - _edata)

.heap           0x1fff8188       0x80 load address 0x000011e8
                0x1fff8188                . = _end
                0x1fff8208                . = (. + 0x80)
 *fill*         0x1fff8188       0x80 
                0x1fff8208                __cy_heap_limit = .

.stack          0x20007c00      0x400
                0x20007c00                __cy_stack_limit = .
                0x20008000                . = (. + 0x400)
 *fill*         0x20007c00      0x400 
                0x00000001                ASSERT ((__cy_stack_limit >= __cy_heap_limit), region RAM overflowed with stack)
                0x00000000                cy_checksum_exclude_size = (CY_APPL_LOADABLE == 0x1)?SIZEOF (.cy_checksum_exclude):0x0
                0x00000001                ASSERT ((cy_checksum_exclude_size <= CY_CHECKSUM_EXCLUDE_SIZE), CY_BOOT: Section .cy_checksum_exclude size exceedes specified limit.)

.cyloadermeta
 *(.cyloadermeta)

.cyloadablemeta
 *(.cyloadablemeta)

.cyconfigecc    0x80000000      0x3bc
 *(.cyconfigecc)
 .cyconfigecc   0x80000000      0x3bc .\CortexM3\ARM_GCC_541\Debug\cymetadata.o
                0x80000000                cy_meta_configecc

.cycustnvl      0x90000000        0x4
 *(.cycustnvl)
 .cycustnvl     0x90000000        0x4 .\CortexM3\ARM_GCC_541\Debug\cymetadata.o
                0x90000000                cy_meta_custnvl

.cywolatch      0x90100000        0x4
 *(.cywolatch)
 .cywolatch     0x90100000        0x4 .\CortexM3\ARM_GCC_541\Debug\cymetadata.o
                0x90100000                cy_meta_wonvl

.cyeeprom       0x90200000        0x0
 *(.cyeeprom)
                0x00000001                ASSERT ((. <= ((0x90200000 + ee_offset) + ee_size)), .cyeeprom data will not fit in EEPROM)

.cyflashprotect
                0x90400000      0x100
 *(.cyflashprotect)
 .cyflashprotect
                0x90400000      0x100 .\CortexM3\ARM_GCC_541\Debug\cymetadata.o
                0x90400000                cy_meta_flashprotect

.cymeta         0x90500000        0xc
 *(.cymeta)
 .cymeta        0x90500000        0xc .\CortexM3\ARM_GCC_541\Debug\cymetadata.o
                0x90500000                cy_metadata

.rel.dyn        0x000011e8        0x0 load address 0x9050000c
 .rel.iplt      0x000011e8        0x0 c:/program files (x86)/cypress/psoc creator/4.2/psoc creator/import/gnu/arm/5.4.1/bin/../lib/gcc/arm-none-eabi/5.4.1/armv7-m/crtbegin.o

.stab
 *(.stab)

.stabstr
 *(.stabstr)

.debug
 *(.debug)

.line
 *(.line)

.debug_srcinfo
 *(.debug_srcinfo)

.debug_sfnames
 *(.debug_sfnames)

.debug_aranges  0x00000000      0x830
 *(.debug_aranges)
 .debug_aranges
                0x00000000       0x20 .\CortexM3\ARM_GCC_541\Debug\main.o
 .debug_aranges
                0x00000020       0x20 .\CortexM3\ARM_GCC_541\Debug\InterruptRoutine.o
 .debug_aranges
                0x00000040       0x60 .\CortexM3\ARM_GCC_541\Debug\cyfitter_cfg.o
 .debug_aranges
                0x000000a0       0x18 .\CortexM3\ARM_GCC_541\Debug\cymetadata.o
 .debug_aranges
                0x000000b8       0x48 .\CortexM3\ARM_GCC_541\Debug\Cm3Start.o
 .debug_aranges
                0x00000100       0x48 .\CortexM3\ARM_GCC_541\Debug\CE210558_GPIO_Interrupt.a(Rows.o)
 .debug_aranges
                0x00000148       0x38 .\CortexM3\ARM_GCC_541\Debug\CE210558_GPIO_Interrupt.a(Notification.o)
 .debug_aranges
                0x00000180       0x48 .\CortexM3\ARM_GCC_541\Debug\CE210558_GPIO_Interrupt.a(Columns.o)
 .debug_aranges
                0x000001c8      0x2a0 .\CortexM3\ARM_GCC_541\Debug\CE210558_GPIO_Interrupt.a(CyLib.o)
 .debug_aranges
                0x00000468       0x98 .\CortexM3\ARM_GCC_541\Debug\CE210558_GPIO_Interrupt.a(cyPm.o)
 .debug_aranges
                0x00000500       0xf0 .\CortexM3\ARM_GCC_541\Debug\CE210558_GPIO_Interrupt.a(UART_1.o)
 .debug_aranges
                0x000005f0       0x70 .\CortexM3\ARM_GCC_541\Debug\CE210558_GPIO_Interrupt.a(UART_1_IntClock.o)
 .debug_aranges
                0x00000660       0x38 .\CortexM3\ARM_GCC_541\Debug\CE210558_GPIO_Interrupt.a(KeyPad.o)
 .debug_aranges
                0x00000698       0x20 .\CortexM3\ARM_GCC_541\Debug\CE210558_GPIO_Interrupt.a(CyBootAsmGnu.o)
 .debug_aranges
                0x000006b8       0x80 .\CortexM3\ARM_GCC_541\Debug\CE210558_GPIO_Interrupt.a(CyScBoostClk.o)
 .debug_aranges
                0x00000738       0x80 .\CortexM3\ARM_GCC_541\Debug\CE210558_GPIO_Interrupt.a(CyFlash.o)
 .debug_aranges
                0x000007b8       0x78 .\CortexM3\ARM_GCC_541\Debug\CE210558_GPIO_Interrupt.a(CySpc.o)

.debug_pubnames
 *(.debug_pubnames)

.debug_info     0x00000000     0x35ff
 *(.debug_info .gnu.linkonce.wi.*)
 .debug_info    0x00000000      0x109 .\CortexM3\ARM_GCC_541\Debug\main.o
 .debug_info    0x00000109       0xf4 .\CortexM3\ARM_GCC_541\Debug\InterruptRoutine.o
 .debug_info    0x000001fd      0x452 .\CortexM3\ARM_GCC_541\Debug\cyfitter_cfg.o
 .debug_info    0x0000064f      0x135 .\CortexM3\ARM_GCC_541\Debug\cymetadata.o
 .debug_info    0x00000784      0x325 .\CortexM3\ARM_GCC_541\Debug\Cm3Start.o
 .debug_info    0x00000aa9      0x171 .\CortexM3\ARM_GCC_541\Debug\CE210558_GPIO_Interrupt.a(Rows.o)
 .debug_info    0x00000c1a      0x11e .\CortexM3\ARM_GCC_541\Debug\CE210558_GPIO_Interrupt.a(Notification.o)
 .debug_info    0x00000d38      0x171 .\CortexM3\ARM_GCC_541\Debug\CE210558_GPIO_Interrupt.a(Columns.o)
 .debug_info    0x00000ea9      0xe74 .\CortexM3\ARM_GCC_541\Debug\CE210558_GPIO_Interrupt.a(CyLib.o)
 .debug_info    0x00001d1d      0x56e .\CortexM3\ARM_GCC_541\Debug\CE210558_GPIO_Interrupt.a(cyPm.o)
 .debug_info    0x0000228b      0x50a .\CortexM3\ARM_GCC_541\Debug\CE210558_GPIO_Interrupt.a(UART_1.o)
 .debug_info    0x00002795      0x25d .\CortexM3\ARM_GCC_541\Debug\CE210558_GPIO_Interrupt.a(UART_1_IntClock.o)
 .debug_info    0x000029f2      0x11e .\CortexM3\ARM_GCC_541\Debug\CE210558_GPIO_Interrupt.a(KeyPad.o)
 .debug_info    0x00002b10       0x83 .\CortexM3\ARM_GCC_541\Debug\CE210558_GPIO_Interrupt.a(CyBootAsmGnu.o)
 .debug_info    0x00002b93      0x299 .\CortexM3\ARM_GCC_541\Debug\CE210558_GPIO_Interrupt.a(CyScBoostClk.o)
 .debug_info    0x00002e2c      0x373 .\CortexM3\ARM_GCC_541\Debug\CE210558_GPIO_Interrupt.a(CyFlash.o)
 .debug_info    0x0000319f      0x460 .\CortexM3\ARM_GCC_541\Debug\CE210558_GPIO_Interrupt.a(CySpc.o)

.debug_abbrev   0x00000000     0x1104
 *(.debug_abbrev)
 .debug_abbrev  0x00000000       0x97 .\CortexM3\ARM_GCC_541\Debug\main.o
 .debug_abbrev  0x00000097       0x85 .\CortexM3\ARM_GCC_541\Debug\InterruptRoutine.o
 .debug_abbrev  0x0000011c      0x1b7 .\CortexM3\ARM_GCC_541\Debug\cyfitter_cfg.o
 .debug_abbrev  0x000002d3       0x66 .\CortexM3\ARM_GCC_541\Debug\cymetadata.o
 .debug_abbrev  0x00000339      0x1d6 .\CortexM3\ARM_GCC_541\Debug\Cm3Start.o
 .debug_abbrev  0x0000050f       0x90 .\CortexM3\ARM_GCC_541\Debug\CE210558_GPIO_Interrupt.a(Rows.o)
 .debug_abbrev  0x0000059f       0x90 .\CortexM3\ARM_GCC_541\Debug\CE210558_GPIO_Interrupt.a(Notification.o)
 .debug_abbrev  0x0000062f       0x90 .\CortexM3\ARM_GCC_541\Debug\CE210558_GPIO_Interrupt.a(Columns.o)
 .debug_abbrev  0x000006bf      0x217 .\CortexM3\ARM_GCC_541\Debug\CE210558_GPIO_Interrupt.a(CyLib.o)
 .debug_abbrev  0x000008d6      0x161 .\CortexM3\ARM_GCC_541\Debug\CE210558_GPIO_Interrupt.a(cyPm.o)
 .debug_abbrev  0x00000a37      0x163 .\CortexM3\ARM_GCC_541\Debug\CE210558_GPIO_Interrupt.a(UART_1.o)
 .debug_abbrev  0x00000b9a      0x11d .\CortexM3\ARM_GCC_541\Debug\CE210558_GPIO_Interrupt.a(UART_1_IntClock.o)
 .debug_abbrev  0x00000cb7       0x90 .\CortexM3\ARM_GCC_541\Debug\CE210558_GPIO_Interrupt.a(KeyPad.o)
 .debug_abbrev  0x00000d47       0x14 .\CortexM3\ARM_GCC_541\Debug\CE210558_GPIO_Interrupt.a(CyBootAsmGnu.o)
 .debug_abbrev  0x00000d5b      0x11d .\CortexM3\ARM_GCC_541\Debug\CE210558_GPIO_Interrupt.a(CyScBoostClk.o)
 .debug_abbrev  0x00000e78      0x120 .\CortexM3\ARM_GCC_541\Debug\CE210558_GPIO_Interrupt.a(CyFlash.o)
 .debug_abbrev  0x00000f98      0x16c .\CortexM3\ARM_GCC_541\Debug\CE210558_GPIO_Interrupt.a(CySpc.o)

.debug_line     0x00000000     0x21f6
 *(.debug_line)
 .debug_line    0x00000000      0x16f .\CortexM3\ARM_GCC_541\Debug\main.o
 .debug_line    0x0000016f      0x180 .\CortexM3\ARM_GCC_541\Debug\InterruptRoutine.o
 .debug_line    0x000002ef      0x219 .\CortexM3\ARM_GCC_541\Debug\cyfitter_cfg.o
 .debug_line    0x00000508      0x141 .\CortexM3\ARM_GCC_541\Debug\cymetadata.o
 .debug_line    0x00000649      0x1d4 .\CortexM3\ARM_GCC_541\Debug\Cm3Start.o
 .debug_line    0x0000081d       0xc5 .\CortexM3\ARM_GCC_541\Debug\CE210558_GPIO_Interrupt.a(Rows.o)
 .debug_line    0x000008e2       0x9c .\CortexM3\ARM_GCC_541\Debug\CE210558_GPIO_Interrupt.a(Notification.o)
 .debug_line    0x0000097e       0xc8 .\CortexM3\ARM_GCC_541\Debug\CE210558_GPIO_Interrupt.a(Columns.o)
 .debug_line    0x00000a46      0x8a3 .\CortexM3\ARM_GCC_541\Debug\CE210558_GPIO_Interrupt.a(CyLib.o)
 .debug_line    0x000012e9      0x38b .\CortexM3\ARM_GCC_541\Debug\CE210558_GPIO_Interrupt.a(cyPm.o)
 .debug_line    0x00001674      0x2e4 .\CortexM3\ARM_GCC_541\Debug\CE210558_GPIO_Interrupt.a(UART_1.o)
 .debug_line    0x00001958      0x1ae .\CortexM3\ARM_GCC_541\Debug\CE210558_GPIO_Interrupt.a(UART_1_IntClock.o)
 .debug_line    0x00001b06       0xa4 .\CortexM3\ARM_GCC_541\Debug\CE210558_GPIO_Interrupt.a(KeyPad.o)
 .debug_line    0x00001baa       0x66 .\CortexM3\ARM_GCC_541\Debug\CE210558_GPIO_Interrupt.a(CyBootAsmGnu.o)
 .debug_line    0x00001c10      0x1cf .\CortexM3\ARM_GCC_541\Debug\CE210558_GPIO_Interrupt.a(CyScBoostClk.o)
 .debug_line    0x00001ddf      0x205 .\CortexM3\ARM_GCC_541\Debug\CE210558_GPIO_Interrupt.a(CyFlash.o)
 .debug_line    0x00001fe4      0x212 .\CortexM3\ARM_GCC_541\Debug\CE210558_GPIO_Interrupt.a(CySpc.o)

.debug_frame    0x00000000     0x23f0
 *(.debug_frame)
 .debug_frame   0x00000000       0x2c .\CortexM3\ARM_GCC_541\Debug\main.o
 .debug_frame   0x0000002c       0x38 .\CortexM3\ARM_GCC_541\Debug\InterruptRoutine.o
 .debug_frame   0x00000064      0x16c .\CortexM3\ARM_GCC_541\Debug\cyfitter_cfg.o
 .debug_frame   0x000001d0       0xd8 .\CortexM3\ARM_GCC_541\Debug\Cm3Start.o
 .debug_frame   0x000002a8       0xf4 .\CortexM3\ARM_GCC_541\Debug\CE210558_GPIO_Interrupt.a(Rows.o)
 .debug_frame   0x0000039c       0xa8 .\CortexM3\ARM_GCC_541\Debug\CE210558_GPIO_Interrupt.a(Notification.o)
 .debug_frame   0x00000444       0xf4 .\CortexM3\ARM_GCC_541\Debug\CE210558_GPIO_Interrupt.a(Columns.o)
 .debug_frame   0x00000538      0xc10 .\CortexM3\ARM_GCC_541\Debug\CE210558_GPIO_Interrupt.a(CyLib.o)
 .debug_frame   0x00001148      0x234 .\CortexM3\ARM_GCC_541\Debug\CE210558_GPIO_Interrupt.a(cyPm.o)
 .debug_frame   0x0000137c      0x42c .\CortexM3\ARM_GCC_541\Debug\CE210558_GPIO_Interrupt.a(UART_1.o)
 .debug_frame   0x000017a8      0x1b4 .\CortexM3\ARM_GCC_541\Debug\CE210558_GPIO_Interrupt.a(UART_1_IntClock.o)
 .debug_frame   0x0000195c       0xa8 .\CortexM3\ARM_GCC_541\Debug\CE210558_GPIO_Interrupt.a(KeyPad.o)
 .debug_frame   0x00001a04      0x200 .\CortexM3\ARM_GCC_541\Debug\CE210558_GPIO_Interrupt.a(CyScBoostClk.o)
 .debug_frame   0x00001c04      0x210 .\CortexM3\ARM_GCC_541\Debug\CE210558_GPIO_Interrupt.a(CyFlash.o)
 .debug_frame   0x00001e14      0x1f8 .\CortexM3\ARM_GCC_541\Debug\CE210558_GPIO_Interrupt.a(CySpc.o)
 .debug_frame   0x0000200c       0x20 c:/program files (x86)/cypress/psoc creator/4.2/psoc creator/import/gnu/arm/5.4.1/bin/../lib/gcc/arm-none-eabi/5.4.1/../../../../arm-none-eabi/lib/armv7-m\libg_nano.a(lib_a-errno.o)
 .debug_frame   0x0000202c       0x28 c:/program files (x86)/cypress/psoc creator/4.2/psoc creator/import/gnu/arm/5.4.1/bin/../lib/gcc/arm-none-eabi/5.4.1/../../../../arm-none-eabi/lib/armv7-m\libg_nano.a(lib_a-exit.o)
 .debug_frame   0x00002054       0x2c c:/program files (x86)/cypress/psoc creator/4.2/psoc creator/import/gnu/arm/5.4.1/bin/../lib/gcc/arm-none-eabi/5.4.1/../../../../arm-none-eabi/lib/armv7-m\libg_nano.a(lib_a-init.o)
 .debug_frame   0x00002080       0x28 c:/program files (x86)/cypress/psoc creator/4.2/psoc creator/import/gnu/arm/5.4.1/bin/../lib/gcc/arm-none-eabi/5.4.1/../../../../arm-none-eabi/lib/armv7-m\libg_nano.a(lib_a-memcpy-stub.o)
 .debug_frame   0x000020a8       0x20 c:/program files (x86)/cypress/psoc creator/4.2/psoc creator/import/gnu/arm/5.4.1/bin/../lib/gcc/arm-none-eabi/5.4.1/../../../../arm-none-eabi/lib/armv7-m\libg_nano.a(lib_a-memset.o)
 .debug_frame   0x000020c8       0x70 c:/program files (x86)/cypress/psoc creator/4.2/psoc creator/import/gnu/arm/5.4.1/bin/../lib/gcc/arm-none-eabi/5.4.1/../../../../arm-none-eabi/lib/armv7-m\libg_nano.a(lib_a-sprintf.o)
 .debug_frame   0x00002138       0x90 c:/program files (x86)/cypress/psoc creator/4.2/psoc creator/import/gnu/arm/5.4.1/bin/../lib/gcc/arm-none-eabi/5.4.1/../../../../arm-none-eabi/lib/armv7-m\libg_nano.a(lib_a-nano-svfprintf.o)
 .debug_frame   0x000021c8       0x60 c:/program files (x86)/cypress/psoc creator/4.2/psoc creator/import/gnu/arm/5.4.1/bin/../lib/gcc/arm-none-eabi/5.4.1/../../../../arm-none-eabi/lib/armv7-m\libg_nano.a(lib_a-nano-vfprintf_i.o)
 .debug_frame   0x00002228       0x28 c:/program files (x86)/cypress/psoc creator/4.2/psoc creator/import/gnu/arm/5.4.1/bin/../lib/gcc/arm-none-eabi/5.4.1/../../../../arm-none-eabi/lib/armv7-m\libg_nano.a(lib_a-memchr-stub.o)
 .debug_frame   0x00002250       0x28 c:/program files (x86)/cypress/psoc creator/4.2/psoc creator/import/gnu/arm/5.4.1/bin/../lib/gcc/arm-none-eabi/5.4.1/../../../../arm-none-eabi/lib/armv7-m\libg_nano.a(lib_a-memmove.o)
 .debug_frame   0x00002278       0x38 c:/program files (x86)/cypress/psoc creator/4.2/psoc creator/import/gnu/arm/5.4.1/bin/../lib/gcc/arm-none-eabi/5.4.1/../../../../arm-none-eabi/lib/armv7-m\libg_nano.a(lib_a-nano-freer.o)
 .debug_frame   0x000022b0       0x2c c:/program files (x86)/cypress/psoc creator/4.2/psoc creator/import/gnu/arm/5.4.1/bin/../lib/gcc/arm-none-eabi/5.4.1/../../../../arm-none-eabi/lib/armv7-m\libg_nano.a(lib_a-nano-mallocr.o)
 .debug_frame   0x000022dc       0x3c c:/program files (x86)/cypress/psoc creator/4.2/psoc creator/import/gnu/arm/5.4.1/bin/../lib/gcc/arm-none-eabi/5.4.1/../../../../arm-none-eabi/lib/armv7-m\libg_nano.a(lib_a-nano-reallocr.o)
 .debug_frame   0x00002318       0x2c c:/program files (x86)/cypress/psoc creator/4.2/psoc creator/import/gnu/arm/5.4.1/bin/../lib/gcc/arm-none-eabi/5.4.1/../../../../arm-none-eabi/lib/armv7-m\libg_nano.a(lib_a-sbrkr.o)
 .debug_frame   0x00002344       0x30 c:/program files (x86)/cypress/psoc creator/4.2/psoc creator/import/gnu/arm/5.4.1/bin/../lib/gcc/arm-none-eabi/5.4.1/../../../../arm-none-eabi/lib/armv7-m\libg_nano.a(lib_a-mlock.o)
 .debug_frame   0x00002374       0x20 c:/program files (x86)/cypress/psoc creator/4.2/psoc creator/import/gnu/arm/5.4.1/bin/../lib/gcc/arm-none-eabi/5.4.1/../../../../arm-none-eabi/lib/armv7-m\libg_nano.a(lib_a-nano-msizer.o)
 .debug_frame   0x00002394       0x5c c:/program files (x86)/cypress/psoc creator/4.2/psoc creator/import/gnu/arm/5.4.1/bin/../lib/gcc/arm-none-eabi/5.4.1/../../../../arm-none-eabi/lib/armv7-m\libg_nano.a(lib_a-reent.o)

.debug_str      0x00000000     0x1ae8
 *(.debug_str)
 .debug_str     0x00000000      0x171 .\CortexM3\ARM_GCC_541\Debug\main.o
                                0x1b9 (size before relaxing)
 .debug_str     0x00000171       0x2f .\CortexM3\ARM_GCC_541\Debug\InterruptRoutine.o
                                0x1c2 (size before relaxing)
 .debug_str     0x000001a0      0x1aa .\CortexM3\ARM_GCC_541\Debug\cyfitter_cfg.o
                                0x32b (size before relaxing)
 .debug_str     0x0000034a       0x7f .\CortexM3\ARM_GCC_541\Debug\cymetadata.o
                                0x1d7 (size before relaxing)
 .debug_str     0x000003c9      0x123 .\CortexM3\ARM_GCC_541\Debug\Cm3Start.o
                                0x2ca (size before relaxing)
 .debug_str     0x000004ec       0x99 .\CortexM3\ARM_GCC_541\Debug\CE210558_GPIO_Interrupt.a(Rows.o)
                                0x20a (size before relaxing)
 .debug_str     0x00000585       0x7e .\CortexM3\ARM_GCC_541\Debug\CE210558_GPIO_Interrupt.a(Notification.o)
                                0x1f8 (size before relaxing)
 .debug_str     0x00000603       0x95 .\CortexM3\ARM_GCC_541\Debug\CE210558_GPIO_Interrupt.a(Columns.o)
                                0x21f (size before relaxing)
 .debug_str     0x00000698      0x813 .\CortexM3\ARM_GCC_541\Debug\CE210558_GPIO_Interrupt.a(CyLib.o)
                                0x9e9 (size before relaxing)
 .debug_str     0x00000eab      0x365 .\CortexM3\ARM_GCC_541\Debug\CE210558_GPIO_Interrupt.a(cyPm.o)
                                0x52a (size before relaxing)
 .debug_str     0x00001210      0x2ba .\CortexM3\ARM_GCC_541\Debug\CE210558_GPIO_Interrupt.a(UART_1.o)
                                0x44e (size before relaxing)
 .debug_str     0x000014ca      0x1c2 .\CortexM3\ARM_GCC_541\Debug\CE210558_GPIO_Interrupt.a(UART_1_IntClock.o)
                                0x341 (size before relaxing)
 .debug_str     0x0000168c       0x60 .\CortexM3\ARM_GCC_541\Debug\CE210558_GPIO_Interrupt.a(KeyPad.o)
                                0x1da (size before relaxing)
 .debug_str     0x000016ec      0x198 .\CortexM3\ARM_GCC_541\Debug\CE210558_GPIO_Interrupt.a(CyScBoostClk.o)
                                0x362 (size before relaxing)
 .debug_str     0x00001884      0x145 .\CortexM3\ARM_GCC_541\Debug\CE210558_GPIO_Interrupt.a(CyFlash.o)
                                0x2e9 (size before relaxing)
 .debug_str     0x000019c9      0x11f .\CortexM3\ARM_GCC_541\Debug\CE210558_GPIO_Interrupt.a(CySpc.o)
                                0x2e6 (size before relaxing)

.debug_loc
 *(.debug_loc)

.debug_macinfo
 *(.debug_macinfo)

.debug_ranges   0x00000000      0x708
 *(.debug_ranges)
 .debug_ranges  0x00000000       0x10 .\CortexM3\ARM_GCC_541\Debug\main.o
 .debug_ranges  0x00000010       0x10 .\CortexM3\ARM_GCC_541\Debug\InterruptRoutine.o
 .debug_ranges  0x00000020       0x50 .\CortexM3\ARM_GCC_541\Debug\cyfitter_cfg.o
 .debug_ranges  0x00000070       0x38 .\CortexM3\ARM_GCC_541\Debug\Cm3Start.o
 .debug_ranges  0x000000a8       0x38 .\CortexM3\ARM_GCC_541\Debug\CE210558_GPIO_Interrupt.a(Rows.o)
 .debug_ranges  0x000000e0       0x28 .\CortexM3\ARM_GCC_541\Debug\CE210558_GPIO_Interrupt.a(Notification.o)
 .debug_ranges  0x00000108       0x38 .\CortexM3\ARM_GCC_541\Debug\CE210558_GPIO_Interrupt.a(Columns.o)
 .debug_ranges  0x00000140      0x290 .\CortexM3\ARM_GCC_541\Debug\CE210558_GPIO_Interrupt.a(CyLib.o)
 .debug_ranges  0x000003d0       0x88 .\CortexM3\ARM_GCC_541\Debug\CE210558_GPIO_Interrupt.a(cyPm.o)
 .debug_ranges  0x00000458       0xe0 .\CortexM3\ARM_GCC_541\Debug\CE210558_GPIO_Interrupt.a(UART_1.o)
 .debug_ranges  0x00000538       0x60 .\CortexM3\ARM_GCC_541\Debug\CE210558_GPIO_Interrupt.a(UART_1_IntClock.o)
 .debug_ranges  0x00000598       0x28 .\CortexM3\ARM_GCC_541\Debug\CE210558_GPIO_Interrupt.a(KeyPad.o)
 .debug_ranges  0x000005c0       0x70 .\CortexM3\ARM_GCC_541\Debug\CE210558_GPIO_Interrupt.a(CyScBoostClk.o)
 .debug_ranges  0x00000630       0x70 .\CortexM3\ARM_GCC_541\Debug\CE210558_GPIO_Interrupt.a(CyFlash.o)
 .debug_ranges  0x000006a0       0x68 .\CortexM3\ARM_GCC_541\Debug\CE210558_GPIO_Interrupt.a(CySpc.o)

.comment        0x00000000       0x6e
 .comment       0x00000000       0x6e .\CortexM3\ARM_GCC_541\Debug\main.o
                                 0x6f (size before relaxing)
 .comment       0x0000006e       0x6f .\CortexM3\ARM_GCC_541\Debug\InterruptRoutine.o
 .comment       0x0000006e       0x6f .\CortexM3\ARM_GCC_541\Debug\cyfitter_cfg.o
 .comment       0x0000006e       0x6f .\CortexM3\ARM_GCC_541\Debug\cymetadata.o
 .comment       0x0000006e       0x6f .\CortexM3\ARM_GCC_541\Debug\Cm3Start.o
 .comment       0x0000006e       0x6f .\CortexM3\ARM_GCC_541\Debug\CE210558_GPIO_Interrupt.a(Rows.o)
 .comment       0x0000006e       0x6f .\CortexM3\ARM_GCC_541\Debug\CE210558_GPIO_Interrupt.a(Notification.o)
 .comment       0x0000006e       0x6f .\CortexM3\ARM_GCC_541\Debug\CE210558_GPIO_Interrupt.a(Columns.o)
 .comment       0x0000006e       0x6f .\CortexM3\ARM_GCC_541\Debug\CE210558_GPIO_Interrupt.a(CyLib.o)
 .comment       0x0000006e       0x6f .\CortexM3\ARM_GCC_541\Debug\CE210558_GPIO_Interrupt.a(cyPm.o)
 .comment       0x0000006e       0x6f .\CortexM3\ARM_GCC_541\Debug\CE210558_GPIO_Interrupt.a(UART_1.o)
 .comment       0x0000006e       0x6f .\CortexM3\ARM_GCC_541\Debug\CE210558_GPIO_Interrupt.a(UART_1_IntClock.o)
 .comment       0x0000006e       0x6f .\CortexM3\ARM_GCC_541\Debug\CE210558_GPIO_Interrupt.a(KeyPad.o)
 .comment       0x0000006e       0x6f .\CortexM3\ARM_GCC_541\Debug\CE210558_GPIO_Interrupt.a(CyScBoostClk.o)
 .comment       0x0000006e       0x6f .\CortexM3\ARM_GCC_541\Debug\CE210558_GPIO_Interrupt.a(CyFlash.o)
 .comment       0x0000006e       0x6f .\CortexM3\ARM_GCC_541\Debug\CE210558_GPIO_Interrupt.a(CySpc.o)

.debug_weaknames
 *(.debug_weaknames)

.debug_funcnames
 *(.debug_funcnames)

.debug_typenames
 *(.debug_typenames)

.debug_varnames
 *(.debug_varnames)

.note.gnu.arm.ident
 *(.note.gnu.arm.ident)

.ARM.attributes
                0x00000000       0x29
 *(.ARM.attributes)
 .ARM.attributes
                0x00000000       0x1d c:/program files (x86)/cypress/psoc creator/4.2/psoc creator/import/gnu/arm/5.4.1/bin/../lib/gcc/arm-none-eabi/5.4.1/armv7-m/crti.o
 .ARM.attributes
                0x0000001d       0x2d c:/program files (x86)/cypress/psoc creator/4.2/psoc creator/import/gnu/arm/5.4.1/bin/../lib/gcc/arm-none-eabi/5.4.1/armv7-m/crtbegin.o
 .ARM.attributes
                0x0000004a       0x1b c:/program files (x86)/cypress/psoc creator/4.2/psoc creator/import/gnu/arm/5.4.1/bin/../lib/gcc/arm-none-eabi/5.4.1/../../../../arm-none-eabi/lib/armv7-m/crt0.o
 .ARM.attributes
                0x00000065       0x33 .\CortexM3\ARM_GCC_541\Debug\main.o
 .ARM.attributes
                0x00000098       0x33 .\CortexM3\ARM_GCC_541\Debug\InterruptRoutine.o
 .ARM.attributes
                0x000000cb       0x33 .\CortexM3\ARM_GCC_541\Debug\cyfitter_cfg.o
 .ARM.attributes
                0x000000fe       0x33 .\CortexM3\ARM_GCC_541\Debug\cymetadata.o
 .ARM.attributes
                0x00000131       0x33 .\CortexM3\ARM_GCC_541\Debug\Cm3Start.o
 .ARM.attributes
                0x00000164       0x33 .\CortexM3\ARM_GCC_541\Debug\CE210558_GPIO_Interrupt.a(Rows.o)
 .ARM.attributes
                0x00000197       0x33 .\CortexM3\ARM_GCC_541\Debug\CE210558_GPIO_Interrupt.a(Notification.o)
 .ARM.attributes
                0x000001ca       0x33 .\CortexM3\ARM_GCC_541\Debug\CE210558_GPIO_Interrupt.a(Columns.o)
 .ARM.attributes
                0x000001fd       0x33 .\CortexM3\ARM_GCC_541\Debug\CE210558_GPIO_Interrupt.a(CyLib.o)
 .ARM.attributes
                0x00000230       0x33 .\CortexM3\ARM_GCC_541\Debug\CE210558_GPIO_Interrupt.a(cyPm.o)
 .ARM.attributes
                0x00000263       0x33 .\CortexM3\ARM_GCC_541\Debug\CE210558_GPIO_Interrupt.a(UART_1.o)
 .ARM.attributes
                0x00000296       0x33 .\CortexM3\ARM_GCC_541\Debug\CE210558_GPIO_Interrupt.a(UART_1_IntClock.o)
 .ARM.attributes
                0x000002c9       0x33 .\CortexM3\ARM_GCC_541\Debug\CE210558_GPIO_Interrupt.a(KeyPad.o)
 .ARM.attributes
                0x000002fc       0x21 .\CortexM3\ARM_GCC_541\Debug\CE210558_GPIO_Interrupt.a(CyBootAsmGnu.o)
 .ARM.attributes
                0x0000031d       0x33 .\CortexM3\ARM_GCC_541\Debug\CE210558_GPIO_Interrupt.a(CyScBoostClk.o)
 .ARM.attributes
                0x00000350       0x33 .\CortexM3\ARM_GCC_541\Debug\CE210558_GPIO_Interrupt.a(CyFlash.o)
 .ARM.attributes
                0x00000383       0x33 .\CortexM3\ARM_GCC_541\Debug\CE210558_GPIO_Interrupt.a(CySpc.o)
 .ARM.attributes
                0x000003b6       0x2d c:/program files (x86)/cypress/psoc creator/4.2/psoc creator/import/gnu/arm/5.4.1/bin/../lib/gcc/arm-none-eabi/5.4.1/../../../../arm-none-eabi/lib/armv7-m\libg_nano.a(lib_a-errno.o)
 .ARM.attributes
                0x000003e3       0x2d c:/program files (x86)/cypress/psoc creator/4.2/psoc creator/import/gnu/arm/5.4.1/bin/../lib/gcc/arm-none-eabi/5.4.1/../../../../arm-none-eabi/lib/armv7-m\libg_nano.a(lib_a-exit.o)
 .ARM.attributes
                0x00000410       0x2d c:/program files (x86)/cypress/psoc creator/4.2/psoc creator/import/gnu/arm/5.4.1/bin/../lib/gcc/arm-none-eabi/5.4.1/../../../../arm-none-eabi/lib/armv7-m\libg_nano.a(lib_a-impure.o)
 .ARM.attributes
                0x0000043d       0x2d c:/program files (x86)/cypress/psoc creator/4.2/psoc creator/import/gnu/arm/5.4.1/bin/../lib/gcc/arm-none-eabi/5.4.1/../../../../arm-none-eabi/lib/armv7-m\libg_nano.a(lib_a-init.o)
 .ARM.attributes
                0x0000046a       0x2d c:/program files (x86)/cypress/psoc creator/4.2/psoc creator/import/gnu/arm/5.4.1/bin/../lib/gcc/arm-none-eabi/5.4.1/../../../../arm-none-eabi/lib/armv7-m\libg_nano.a(lib_a-memcpy-stub.o)
 .ARM.attributes
                0x00000497       0x2d c:/program files (x86)/cypress/psoc creator/4.2/psoc creator/import/gnu/arm/5.4.1/bin/../lib/gcc/arm-none-eabi/5.4.1/../../../../arm-none-eabi/lib/armv7-m\libg_nano.a(lib_a-memset.o)
 .ARM.attributes
                0x000004c4       0x2d c:/program files (x86)/cypress/psoc creator/4.2/psoc creator/import/gnu/arm/5.4.1/bin/../lib/gcc/arm-none-eabi/5.4.1/../../../../arm-none-eabi/lib/armv7-m\libg_nano.a(lib_a-sprintf.o)
 .ARM.attributes
                0x000004f1       0x2d c:/program files (x86)/cypress/psoc creator/4.2/psoc creator/import/gnu/arm/5.4.1/bin/../lib/gcc/arm-none-eabi/5.4.1/../../../../arm-none-eabi/lib/armv7-m\libg_nano.a(lib_a-nano-svfprintf.o)
 .ARM.attributes
                0x0000051e       0x2d c:/program files (x86)/cypress/psoc creator/4.2/psoc creator/import/gnu/arm/5.4.1/bin/../lib/gcc/arm-none-eabi/5.4.1/../../../../arm-none-eabi/lib/armv7-m\libg_nano.a(lib_a-nano-vfprintf_i.o)
 .ARM.attributes
                0x0000054b       0x2d c:/program files (x86)/cypress/psoc creator/4.2/psoc creator/import/gnu/arm/5.4.1/bin/../lib/gcc/arm-none-eabi/5.4.1/../../../../arm-none-eabi/lib/armv7-m\libg_nano.a(lib_a-memchr-stub.o)
 .ARM.attributes
                0x00000578       0x2d c:/program files (x86)/cypress/psoc creator/4.2/psoc creator/import/gnu/arm/5.4.1/bin/../lib/gcc/arm-none-eabi/5.4.1/../../../../arm-none-eabi/lib/armv7-m\libg_nano.a(lib_a-memmove.o)
 .ARM.attributes
                0x000005a5       0x2d c:/program files (x86)/cypress/psoc creator/4.2/psoc creator/import/gnu/arm/5.4.1/bin/../lib/gcc/arm-none-eabi/5.4.1/../../../../arm-none-eabi/lib/armv7-m\libg_nano.a(lib_a-nano-freer.o)
 .ARM.attributes
                0x000005d2       0x2d c:/program files (x86)/cypress/psoc creator/4.2/psoc creator/import/gnu/arm/5.4.1/bin/../lib/gcc/arm-none-eabi/5.4.1/../../../../arm-none-eabi/lib/armv7-m\libg_nano.a(lib_a-nano-mallocr.o)
 .ARM.attributes
                0x000005ff       0x2d c:/program files (x86)/cypress/psoc creator/4.2/psoc creator/import/gnu/arm/5.4.1/bin/../lib/gcc/arm-none-eabi/5.4.1/../../../../arm-none-eabi/lib/armv7-m\libg_nano.a(lib_a-nano-reallocr.o)
 .ARM.attributes
                0x0000062c       0x2d c:/program files (x86)/cypress/psoc creator/4.2/psoc creator/import/gnu/arm/5.4.1/bin/../lib/gcc/arm-none-eabi/5.4.1/../../../../arm-none-eabi/lib/armv7-m\libg_nano.a(lib_a-sbrkr.o)
 .ARM.attributes
                0x00000659       0x2d c:/program files (x86)/cypress/psoc creator/4.2/psoc creator/import/gnu/arm/5.4.1/bin/../lib/gcc/arm-none-eabi/5.4.1/../../../../arm-none-eabi/lib/armv7-m\libg_nano.a(lib_a-mlock.o)
 .ARM.attributes
                0x00000686       0x2d c:/program files (x86)/cypress/psoc creator/4.2/psoc creator/import/gnu/arm/5.4.1/bin/../lib/gcc/arm-none-eabi/5.4.1/../../../../arm-none-eabi/lib/armv7-m\libg_nano.a(lib_a-nano-msizer.o)
 .ARM.attributes
                0x000006b3       0x2d c:/program files (x86)/cypress/psoc creator/4.2/psoc creator/import/gnu/arm/5.4.1/bin/../lib/gcc/arm-none-eabi/5.4.1/../../../../arm-none-eabi/lib/armv7-m\libg_nano.a(lib_a-reent.o)
 .ARM.attributes
                0x000006e0       0x2d c:/program files (x86)/cypress/psoc creator/4.2/psoc creator/import/gnu/arm/5.4.1/bin/../lib/gcc/arm-none-eabi/5.4.1/armv7-m/crtend.o
 .ARM.attributes
                0x0000070d       0x1d c:/program files (x86)/cypress/psoc creator/4.2/psoc creator/import/gnu/arm/5.4.1/bin/../lib/gcc/arm-none-eabi/5.4.1/armv7-m/crtn.o

/DISCARD/
 *(.note.GNU-stack)
OUTPUT(C:\Users\fabis\Desktop\CE210558_GPIO_Interrupt.cydsn\CortexM3\ARM_GCC_541\Debug\CE210558_GPIO_Interrupt.elf elf32-littlearm)
