ARM GAS  C:\Users\LUISAL~1\AppData\Local\Temp\ccNDWXIu.s 			page 1


   1              		.syntax unified
   2              		.cpu cortex-m3
   3              		.fpu softvfp
   4              		.eabi_attribute 20, 1
   5              		.eabi_attribute 21, 1
   6              		.eabi_attribute 23, 3
   7              		.eabi_attribute 24, 1
   8              		.eabi_attribute 25, 1
   9              		.eabi_attribute 26, 1
  10              		.eabi_attribute 30, 6
  11              		.eabi_attribute 34, 1
  12              		.eabi_attribute 18, 4
  13              		.thumb
  14              		.syntax unified
  15              		.file	"main.c"
  16              		.text
  17              	.Ltext0:
  18              		.cfi_sections	.debug_frame
  19              		.global	keyCodes
  20              		.data
  21              		.align	2
  22              		.type	keyCodes, %object
  23              		.size	keyCodes, 17
  24              	keyCodes:
  25 0000 31323341 		.ascii	"123A456B789C*0#D\000"
  25      34353642 
  25      37383943 
  25      2A302344 
  25      00
  26              		.global	rowDiv
  27 0011 000000   		.align	2
  28              		.type	rowDiv, %object
  29              		.size	rowDiv, 4
  30              	rowDiv:
  31 0014 D6       		.byte	-42
  32 0015 C2       		.byte	-62
  33 0016 AF       		.byte	-81
  34 0017 9E       		.byte	-98
  35              		.global	colDiv
  36              		.align	2
  37              		.type	colDiv, %object
  38              		.size	colDiv, 4
  39              	colDiv:
  40 0018 C6       		.byte	-58
  41 0019 B3       		.byte	-77
  42 001a A1       		.byte	-95
  43 001b 92       		.byte	-110
  44              		.comm	TransmitBuffer,16,4
  45              		.section	.rodata
  46              		.align	2
  47              	.LC0:
  48 0000 434F4D20 		.ascii	"COM Port Open\015\012\000"
  48      506F7274 
  48      204F7065 
  48      6E0D0A00 
  49              		.align	2
  50              	.LC1:
ARM GAS  C:\Users\LUISAL~1\AppData\Local\Temp\ccNDWXIu.s 			page 2


  51 0010 4B657920 		.ascii	"Key pressed: %s\015\012\000"
  51      70726573 
  51      7365643A 
  51      2025730D 
  51      0A00
  52              		.section	.text.main,"ax",%progbits
  53              		.align	2
  54              		.global	main
  55              		.thumb
  56              		.thumb_func
  57              		.type	main, %function
  58              	main:
  59              	.LFB64:
  60              		.file 1 "main.c"
   1:main.c        **** /******************************************************************************
   2:main.c        **** * Project Name		: CE95277 ADC and UART
   3:main.c        **** * File Name			: main.c
   4:main.c        **** * Version 			: **
   5:main.c        **** * Device Used		: CY8C5888LTI-LP097
   6:main.c        **** * Software Used		: PSoC Creator 3.1 SP2
   7:main.c        **** * Compiler    		: ARM GCC 4.8.4, ARM RVDS Generic, ARM MDK Generic
   8:main.c        **** * Related Hardware	: CY8CKIT059 PSoC 5 LP Prototyping Kit 
   9:main.c        **** * Owner				: KLMZ
  10:main.c        **** *
  11:main.c        **** ********************************************************************************
  12:main.c        **** * Copyright (2015), Cypress Semiconductor Corporation. All Rights Reserved.
  13:main.c        **** ********************************************************************************
  14:main.c        **** * This software is owned by Cypress Semiconductor Corporation (Cypress)
  15:main.c        **** * and is protected by and subject to worldwide patent protection (United
  16:main.c        **** * States and foreign), United States copyright laws and international treaty
  17:main.c        **** * provisions. Cypress hereby grants to licensee a personal, non-exclusive,
  18:main.c        **** * non-transferable license to copy, use, modify, create derivative works of,
  19:main.c        **** * and compile the Cypress Source Code and derivative works for the sole
  20:main.c        **** * purpose of creating custom software in support of licensee product to be
  21:main.c        **** * used only in conjunction with a Cypress integrated circuit as specified in
  22:main.c        **** * the applicable agreement. Any reproduction, modification, translation,
  23:main.c        **** * compilation, or representation of this software except as specified above 
  24:main.c        **** * is prohibited without the express written permission of Cypress.
  25:main.c        **** *
  26:main.c        **** * Disclaimer: CYPRESS MAKES NO WARRANTY OF ANY KIND, EXPRESS OR IMPLIED, WITH 
  27:main.c        **** * REGARD TO THIS MATERIAL, INCLUDING, BUT NOT LIMITED TO, THE IMPLIED 
  28:main.c        **** * WARRANTIES OF MERCHANTABILITY AND FITNESS FOR A PARTICULAR PURPOSE.
  29:main.c        **** * Cypress reserves the right to make changes without further notice to the 
  30:main.c        **** * materials described herein. Cypress does not assume any liability arising out 
  31:main.c        **** * of the application or use of any product or circuit described herein. Cypress 
  32:main.c        **** * does not authorize its products for use as critical components in life-support 
  33:main.c        **** * systems where a malfunction or failure may reasonably be expected to result in 
  34:main.c        **** * significant injury to the user. The inclusion of Cypress' product in a life-
  35:main.c        **** * support systems application implies that the manufacturer assumes all risk of 
  36:main.c        **** * such use and in doing so indemnifies Cypress against all charges. 
  37:main.c        **** *
  38:main.c        **** * Use of this Software may be limited by and subject to the applicable Cypress
  39:main.c        **** * software license agreement. 
  40:main.c        **** *******************************************************************************/
  41:main.c        **** 
  42:main.c        **** #include <device.h>
  43:main.c        **** #include "stdio.h"
ARM GAS  C:\Users\LUISAL~1\AppData\Local\Temp\ccNDWXIu.s 			page 3


  44:main.c        **** 
  45:main.c        **** /* Project Defines */
  46:main.c        **** #define FALSE  0
  47:main.c        **** #define TRUE   1
  48:main.c        **** #define TRANSMIT_BUFFER_SIZE  16
  49:main.c        **** #define TONE_DURATION_MS 80 /* Duration of tone in mSec */
  50:main.c        **** #define TONE_SPACE_MS 65 /* Duration of space between tones in mSec */
  51:main.c        **** #define TONE_PAUSE_MS 100 /* Pause caused by invalid code */
  52:main.c        **** 
  53:main.c        **** /* Function prototypes */
  54:main.c        **** void DialNumber( char * number );
  55:main.c        **** void PlayTones( char key );
  56:main.c        **** int8 KeyIndex(char * keyString, char key);
  57:main.c        **** 
  58:main.c        **** char keyCodes[] = "123A456B789C*0#D"; /* Valid character array */
  59:main.c        **** /* The tables below store the dividers loaded into */
  60:main.c        **** /* the counter period register to generate the row */
  61:main.c        **** /* and column tones. */
  62:main.c        **** 
  63:main.c        **** /* Row Tones (Hz) 697  770  852  941      */
  64:main.c        **** uint8 rowDiv[] = {214, 194, 175, 158};
  65:main.c        **** 
  66:main.c        **** /* Col Tones (Hz) 1209  1336  1477  1633  */
  67:main.c        **** uint8 colDiv[] = { 198,  179,  161,  146};
  68:main.c        **** 
  69:main.c        **** /* Transmit Buffer */
  70:main.c        **** char TransmitBuffer[TRANSMIT_BUFFER_SIZE];
  71:main.c        **** 
  72:main.c        **** /*******************************************************************************
  73:main.c        **** * Function Name: main
  74:main.c        **** ********************************************************************************
  75:main.c        **** *
  76:main.c        **** * Summary:
  77:main.c        **** *  main() performs following functions:
  78:main.c        **** *  1: Starts the ADC and UART components.
  79:main.c        **** *  2: Checks for ADC end of conversion.  Stores latest result in output
  80:main.c        **** *     if conversion complete.
  81:main.c        **** *  3: Checks for UART input.
  82:main.c        **** *     On 'C' or 'c' received: transmits the last sample via the UART.
  83:main.c        **** *     On 'S' or 's' received: continuously transmits samples as they are completed.
  84:main.c        **** *     On 'X' or 'x' received: stops continuously transmitting samples.
  85:main.c        **** *     On 'E' or 'e' received: transmits a dummy byte of data.
  86:main.c        **** *
  87:main.c        **** * Parameters:
  88:main.c        **** *  None.
  89:main.c        **** *
  90:main.c        **** * Return:
  91:main.c        **** *  None.
  92:main.c        **** *
  93:main.c        **** *******************************************************************************/
  94:main.c        **** int main()
  95:main.c        **** {
  61              		.loc 1 95 0
  62              		.cfi_startproc
  63              		@ args = 0, pretend = 0, frame = 8
  64              		@ frame_needed = 1, uses_anonymous_args = 0
  65 0000 80B5     		push	{r7, lr}
ARM GAS  C:\Users\LUISAL~1\AppData\Local\Temp\ccNDWXIu.s 			page 4


  66              		.cfi_def_cfa_offset 8
  67              		.cfi_offset 7, -8
  68              		.cfi_offset 14, -4
  69 0002 82B0     		sub	sp, sp, #8
  70              		.cfi_def_cfa_offset 16
  71 0004 00AF     		add	r7, sp, #0
  72              		.cfi_def_cfa_register 7
  96:main.c        ****     /* Variable to store UART received character */
  97:main.c        ****     uint8 Ch;
  98:main.c        ****     
  99:main.c        ****     /* Start the components */
 100:main.c        ****     UART_1_Start();
  73              		.loc 1 100 0
  74 0006 FFF7FEFF 		bl	UART_1_Start
 101:main.c        ****     ToneClock_Stop();
  75              		.loc 1 101 0
  76 000a FFF7FEFF 		bl	ToneClock_Stop
 102:main.c        **** 	Row_Divider_Start();
  77              		.loc 1 102 0
  78 000e FFF7FEFF 		bl	Row_Divider_Start
 103:main.c        **** 	Col_Divider_Start();
  79              		.loc 1 103 0
  80 0012 FFF7FEFF 		bl	Col_Divider_Start
 104:main.c        **** 	Row_Tone_Start();
  81              		.loc 1 104 0
  82 0016 FFF7FEFF 		bl	Row_Tone_Start
 105:main.c        **** 	Col_Tone_Start();
  83              		.loc 1 105 0
  84 001a FFF7FEFF 		bl	Col_Tone_Start
 106:main.c        **** 	DTMF_Buffer_Start();
  85              		.loc 1 106 0
  86 001e FFF7FEFF 		bl	DTMF_Buffer_Start
 107:main.c        ****     
 108:main.c        ****     /* Send message to verify COM port is connected properly */
 109:main.c        ****     UART_1_PutString("COM Port Open\r\n");
  87              		.loc 1 109 0
  88 0022 1348     		ldr	r0, .L10
  89 0024 FFF7FEFF 		bl	UART_1_PutString
  90              	.L7:
 110:main.c        ****     
 111:main.c        ****     for(;;)
 112:main.c        ****     {        
 113:main.c        ****         /* Non-blocking call to get the latest data recieved  */
 114:main.c        ****         Ch = UART_1_GetChar();
  91              		.loc 1 114 0
  92 0028 FFF7FEFF 		bl	UART_1_GetChar
  93 002c 0346     		mov	r3, r0
  94 002e FB71     		strb	r3, [r7, #7]
 115:main.c        ****         
 116:main.c        ****         /* Set flags based on UART command */
 117:main.c        ****         switch(Ch)
  95              		.loc 1 117 0
  96 0030 FB79     		ldrb	r3, [r7, #7]	@ zero_extendqisi2
  97 0032 2A2B     		cmp	r3, #42
  98 0034 09D0     		beq	.L3
  99 0036 2A2B     		cmp	r3, #42
 100 0038 04DC     		bgt	.L4
ARM GAS  C:\Users\LUISAL~1\AppData\Local\Temp\ccNDWXIu.s 			page 5


 101 003a 002B     		cmp	r3, #0
 102 003c 13D0     		beq	.L8
 103 003e 232B     		cmp	r3, #35
 104 0040 03D0     		beq	.L3
 118:main.c        ****         {
 119:main.c        ****             case 0:
 120:main.c        ****                 /* No new data was recieved */
 121:main.c        ****                 break;
 122:main.c        ****             case '0':
 123:main.c        ****             case '1':
 124:main.c        ****             case '2':
 125:main.c        ****             case '3':
 126:main.c        ****             case '4':
 127:main.c        ****             case '5':
 128:main.c        ****             case '6':
 129:main.c        ****             case '7':
 130:main.c        ****             case '8':
 131:main.c        ****             case '9':
 132:main.c        ****             case '*':
 133:main.c        ****             case '#':
 134:main.c        ****                 sprintf(TransmitBuffer, "Key pressed: %s\r\n", (char*)&Ch);
 135:main.c        ****                 UART_1_PutString(TransmitBuffer);
 136:main.c        ****                 DialNumber((char*)&Ch);
 137:main.c        ****                 break;
 138:main.c        ****             default:
 139:main.c        ****                 /* Place error handling code here */
 140:main.c        ****                 break;    
 105              		.loc 1 140 0
 106 0042 12E0     		b	.L9
 107              	.L4:
 117:main.c        ****         {
 108              		.loc 1 117 0
 109 0044 303B     		subs	r3, r3, #48
 110 0046 092B     		cmp	r3, #9
 111 0048 0FD8     		bhi	.L9
 112              	.L3:
 134:main.c        ****                 UART_1_PutString(TransmitBuffer);
 113              		.loc 1 134 0
 114 004a FB1D     		adds	r3, r7, #7
 115 004c 1A46     		mov	r2, r3
 116 004e 0949     		ldr	r1, .L10+4
 117 0050 0948     		ldr	r0, .L10+8
 118 0052 FFF7FEFF 		bl	sprintf
 135:main.c        ****                 DialNumber((char*)&Ch);
 119              		.loc 1 135 0
 120 0056 0848     		ldr	r0, .L10+8
 121 0058 FFF7FEFF 		bl	UART_1_PutString
 136:main.c        ****                 break;
 122              		.loc 1 136 0
 123 005c FB1D     		adds	r3, r7, #7
 124 005e 1846     		mov	r0, r3
 125 0060 FFF7FEFF 		bl	DialNumber
 137:main.c        ****             default:
 126              		.loc 1 137 0
 127 0064 02E0     		b	.L6
 128              	.L8:
 121:main.c        ****             case '0':
ARM GAS  C:\Users\LUISAL~1\AppData\Local\Temp\ccNDWXIu.s 			page 6


 129              		.loc 1 121 0
 130 0066 00BF     		nop
 131 0068 DEE7     		b	.L7
 132              	.L9:
 133              		.loc 1 140 0
 134 006a 00BF     		nop
 135              	.L6:
 141:main.c        ****         }
 142:main.c        ****         
 143:main.c        ****     }
 136              		.loc 1 143 0 discriminator 1
 137 006c DCE7     		b	.L7
 138              	.L11:
 139 006e 00BF     		.align	2
 140              	.L10:
 141 0070 00000000 		.word	.LC0
 142 0074 10000000 		.word	.LC1
 143 0078 00000000 		.word	TransmitBuffer
 144              		.cfi_endproc
 145              	.LFE64:
 146              		.size	main, .-main
 147              		.section	.text.DialNumber,"ax",%progbits
 148              		.align	2
 149              		.global	DialNumber
 150              		.thumb
 151              		.thumb_func
 152              		.type	DialNumber, %function
 153              	DialNumber:
 154              	.LFB65:
 144:main.c        **** }
 145:main.c        **** 
 146:main.c        **** /*******************************************************************************
 147:main.c        **** * Function Name: DialNumber( char * number )
 148:main.c        **** ********************************************************************************
 149:main.c        **** *
 150:main.c        **** * Summary:
 151:main.c        **** * This function dials the number passed to it in a character string. After
 152:main.c        **** * the number has been dialed the funtions returns.
 153:main.c        **** *
 154:main.c        **** * Parameters:
 155:main.c        **** * char * number: Pointer to phone number string.
 156:main.c        **** *
 157:main.c        **** * Return:
 158:main.c        **** * void
 159:main.c        **** *
 160:main.c        **** *******************************************************************************/
 161:main.c        **** void DialNumber( char * number )
 162:main.c        **** {
 155              		.loc 1 162 0
 156              		.cfi_startproc
 157              		@ args = 0, pretend = 0, frame = 16
 158              		@ frame_needed = 1, uses_anonymous_args = 0
 159 0000 80B5     		push	{r7, lr}
 160              		.cfi_def_cfa_offset 8
 161              		.cfi_offset 7, -8
 162              		.cfi_offset 14, -4
 163 0002 84B0     		sub	sp, sp, #16
ARM GAS  C:\Users\LUISAL~1\AppData\Local\Temp\ccNDWXIu.s 			page 7


 164              		.cfi_def_cfa_offset 24
 165 0004 00AF     		add	r7, sp, #0
 166              		.cfi_def_cfa_register 7
 167 0006 7860     		str	r0, [r7, #4]
 163:main.c        ****     uint8 c = 0;
 168              		.loc 1 163 0
 169 0008 0023     		movs	r3, #0
 170 000a FB73     		strb	r3, [r7, #15]
 164:main.c        ****     while( number[c] != 0 ) /* Step through the dial string */
 171              		.loc 1 164 0
 172 000c 0CE0     		b	.L13
 173              	.L14:
 165:main.c        ****     {
 166:main.c        ****         PlayTones( number[c] ); /* Play tone for each digit */
 174              		.loc 1 166 0
 175 000e FB7B     		ldrb	r3, [r7, #15]	@ zero_extendqisi2
 176 0010 7A68     		ldr	r2, [r7, #4]
 177 0012 1344     		add	r3, r3, r2
 178 0014 1B78     		ldrb	r3, [r3]	@ zero_extendqisi2
 179 0016 1846     		mov	r0, r3
 180 0018 FFF7FEFF 		bl	PlayTones
 167:main.c        ****         CyDelay(TONE_SPACE_MS); /* Wait minimum space between tones */
 181              		.loc 1 167 0
 182 001c 4120     		movs	r0, #65
 183 001e FFF7FEFF 		bl	CyDelay
 168:main.c        ****         c++;
 184              		.loc 1 168 0
 185 0022 FB7B     		ldrb	r3, [r7, #15]	@ zero_extendqisi2
 186 0024 0133     		adds	r3, r3, #1
 187 0026 FB73     		strb	r3, [r7, #15]
 188              	.L13:
 164:main.c        ****     {
 189              		.loc 1 164 0
 190 0028 FB7B     		ldrb	r3, [r7, #15]	@ zero_extendqisi2
 191 002a 7A68     		ldr	r2, [r7, #4]
 192 002c 1344     		add	r3, r3, r2
 193 002e 1B78     		ldrb	r3, [r3]	@ zero_extendqisi2
 194 0030 002B     		cmp	r3, #0
 195 0032 ECD1     		bne	.L14
 169:main.c        ****     }
 170:main.c        **** }
 196              		.loc 1 170 0
 197 0034 00BF     		nop
 198 0036 1037     		adds	r7, r7, #16
 199              		.cfi_def_cfa_offset 8
 200 0038 BD46     		mov	sp, r7
 201              		.cfi_def_cfa_register 13
 202              		@ sp needed
 203 003a 80BD     		pop	{r7, pc}
 204              		.cfi_endproc
 205              	.LFE65:
 206              		.size	DialNumber, .-DialNumber
 207              		.section	.rodata
 208 0022 0000     		.align	2
 209              	.LC2:
 210 0024 53746F70 		.ascii	"Stop tone \015\012\000"
 210      20746F6E 
ARM GAS  C:\Users\LUISAL~1\AppData\Local\Temp\ccNDWXIu.s 			page 8


 210      65200D0A 
 210      00
 211              		.section	.text.PlayTones,"ax",%progbits
 212              		.align	2
 213              		.global	PlayTones
 214              		.thumb
 215              		.thumb_func
 216              		.type	PlayTones, %function
 217              	PlayTones:
 218              	.LFB66:
 171:main.c        **** 
 172:main.c        **** /*******************************************************************************
 173:main.c        **** * Function Name: PlayTones( )
 174:main.c        **** ********************************************************************************
 175:main.c        **** *
 176:main.c        **** * Summary:
 177:main.c        **** * Generates the two tones required to dial the given key code. The valid
 178:main.c        **** * dial characters are "1 2 3 4 5 6 7 8 9 0 A B C D * #". Any invalid
 179:main.c        **** * character will generate a pause.
 180:main.c        **** *
 181:main.c        **** * Parameters:
 182:main.c        **** * char key: Keypad character to be dialed.
 183:main.c        **** *
 184:main.c        **** * Return:
 185:main.c        **** * void
 186:main.c        **** *
 187:main.c        **** *******************************************************************************/
 188:main.c        **** void PlayTones( char key )
 189:main.c        **** {
 219              		.loc 1 189 0
 220              		.cfi_startproc
 221              		@ args = 0, pretend = 0, frame = 16
 222              		@ frame_needed = 1, uses_anonymous_args = 0
 223 0000 80B5     		push	{r7, lr}
 224              		.cfi_def_cfa_offset 8
 225              		.cfi_offset 7, -8
 226              		.cfi_offset 14, -4
 227 0002 84B0     		sub	sp, sp, #16
 228              		.cfi_def_cfa_offset 24
 229 0004 00AF     		add	r7, sp, #0
 230              		.cfi_def_cfa_register 7
 231 0006 0346     		mov	r3, r0
 232 0008 FB71     		strb	r3, [r7, #7]
 190:main.c        ****     int8 idx;
 191:main.c        ****     uint8 row_div, col_div;
 192:main.c        **** 
 193:main.c        ****     idx = KeyIndex(keyCodes, key); /* Convert key to "keyCodes" array index */
 233              		.loc 1 193 0
 234 000a FB79     		ldrb	r3, [r7, #7]	@ zero_extendqisi2
 235 000c 1946     		mov	r1, r3
 236 000e 1948     		ldr	r0, .L19
 237 0010 FFF7FEFF 		bl	KeyIndex
 238 0014 0346     		mov	r3, r0
 239 0016 FB73     		strb	r3, [r7, #15]
 194:main.c        ****     if (idx >= 0 ) /* Is key valid */
 240              		.loc 1 194 0
 241 0018 97F90F30 		ldrsb	r3, [r7, #15]
ARM GAS  C:\Users\LUISAL~1\AppData\Local\Temp\ccNDWXIu.s 			page 9


 242 001c 002B     		cmp	r3, #0
 243 001e 22DB     		blt	.L16
 195:main.c        ****     { /* Valid Key */
 196:main.c        ****         col_div = colDiv[(uint8)(idx & 0x03)]; /* Get divider for column tone */
 244              		.loc 1 196 0
 245 0020 FB7B     		ldrb	r3, [r7, #15]	@ zero_extendqisi2
 246 0022 03F00303 		and	r3, r3, #3
 247 0026 144A     		ldr	r2, .L19+4
 248 0028 D35C     		ldrb	r3, [r2, r3]
 249 002a BB73     		strb	r3, [r7, #14]
 197:main.c        ****         row_div = rowDiv[(uint8)((idx >> 2)& 0x03)];/* Get divider for row tone */
 250              		.loc 1 197 0
 251 002c 97F90F30 		ldrsb	r3, [r7, #15]
 252 0030 9B10     		asrs	r3, r3, #2
 253 0032 5BB2     		sxtb	r3, r3
 254 0034 DBB2     		uxtb	r3, r3
 255 0036 03F00303 		and	r3, r3, #3
 256 003a 104A     		ldr	r2, .L19+8
 257 003c D35C     		ldrb	r3, [r2, r3]
 258 003e 7B73     		strb	r3, [r7, #13]
 198:main.c        **** 
 199:main.c        ****         Row_Divider_WritePeriod(row_div);             /* Set both dividers  */
 259              		.loc 1 199 0
 260 0040 7B7B     		ldrb	r3, [r7, #13]	@ zero_extendqisi2
 261 0042 1846     		mov	r0, r3
 262 0044 FFF7FEFF 		bl	Row_Divider_WritePeriod
 200:main.c        ****         Col_Divider_WritePeriod(col_div);
 263              		.loc 1 200 0
 264 0048 BB7B     		ldrb	r3, [r7, #14]	@ zero_extendqisi2
 265 004a 1846     		mov	r0, r3
 266 004c FFF7FEFF 		bl	Col_Divider_WritePeriod
 201:main.c        ****         ToneClock_Start();                            /* Turn on clock */
 267              		.loc 1 201 0
 268 0050 FFF7FEFF 		bl	ToneClock_Start
 202:main.c        ****         CyDelay(TONE_DURATION_MS);                    /* Wait for the tone duration */
 269              		.loc 1 202 0
 270 0054 5020     		movs	r0, #80
 271 0056 FFF7FEFF 		bl	CyDelay
 203:main.c        ****         ToneClock_Stop();                             /* Turn off clock */
 272              		.loc 1 203 0
 273 005a FFF7FEFF 		bl	ToneClock_Stop
 204:main.c        ****         
 205:main.c        ****         UART_1_PutString("Stop tone \r\n");
 274              		.loc 1 205 0
 275 005e 0848     		ldr	r0, .L19+12
 276 0060 FFF7FEFF 		bl	UART_1_PutString
 206:main.c        ****     }
 207:main.c        ****     else /* Invalid key, just pause for set period of time. */
 208:main.c        ****     {
 209:main.c        ****         CyDelay(TONE_PAUSE_MS);
 210:main.c        ****     }
 211:main.c        **** }
 277              		.loc 1 211 0
 278 0064 02E0     		b	.L18
 279              	.L16:
 209:main.c        ****     }
 280              		.loc 1 209 0
ARM GAS  C:\Users\LUISAL~1\AppData\Local\Temp\ccNDWXIu.s 			page 10


 281 0066 6420     		movs	r0, #100
 282 0068 FFF7FEFF 		bl	CyDelay
 283              	.L18:
 284              		.loc 1 211 0
 285 006c 00BF     		nop
 286 006e 1037     		adds	r7, r7, #16
 287              		.cfi_def_cfa_offset 8
 288 0070 BD46     		mov	sp, r7
 289              		.cfi_def_cfa_register 13
 290              		@ sp needed
 291 0072 80BD     		pop	{r7, pc}
 292              	.L20:
 293              		.align	2
 294              	.L19:
 295 0074 00000000 		.word	keyCodes
 296 0078 00000000 		.word	colDiv
 297 007c 00000000 		.word	rowDiv
 298 0080 24000000 		.word	.LC2
 299              		.cfi_endproc
 300              	.LFE66:
 301              		.size	PlayTones, .-PlayTones
 302              		.section	.text.KeyIndex,"ax",%progbits
 303              		.align	2
 304              		.global	KeyIndex
 305              		.thumb
 306              		.thumb_func
 307              		.type	KeyIndex, %function
 308              	KeyIndex:
 309              	.LFB67:
 212:main.c        **** 
 213:main.c        **** /*******************************************************************************
 214:main.c        **** * Function Name: KeyIndex( )
 215:main.c        **** ********************************************************************************
 216:main.c        **** *
 217:main.c        **** * Summary:
 218:main.c        **** * This function finds the location of a character in a string and returns
 219:main.c        **** * the index. If the character is not found a -1 is returned.
 220:main.c        **** *
 221:main.c        **** * Parameters:
 222:main.c        **** * char * keyString: String to search through. This strings should be null
 223:main.c        **** * terminated and less than 255 characters in lenth.
 224:main.c        **** * char key: Character to find in "String".
 225:main.c        **** *
 226:main.c        **** * Return:
 227:main.c        **** * int8: Index of "key" in "keyString". If not found, return -1.
 228:main.c        **** *
 229:main.c        **** *******************************************************************************/
 230:main.c        **** int8 KeyIndex(char * keyString, char key)
 231:main.c        **** {
 310              		.loc 1 231 0
 311              		.cfi_startproc
 312              		@ args = 0, pretend = 0, frame = 16
 313              		@ frame_needed = 1, uses_anonymous_args = 0
 314              		@ link register save eliminated.
 315 0000 80B4     		push	{r7}
 316              		.cfi_def_cfa_offset 4
 317              		.cfi_offset 7, -4
ARM GAS  C:\Users\LUISAL~1\AppData\Local\Temp\ccNDWXIu.s 			page 11


 318 0002 85B0     		sub	sp, sp, #20
 319              		.cfi_def_cfa_offset 24
 320 0004 00AF     		add	r7, sp, #0
 321              		.cfi_def_cfa_register 7
 322 0006 7860     		str	r0, [r7, #4]
 323 0008 0B46     		mov	r3, r1
 324 000a FB70     		strb	r3, [r7, #3]
 232:main.c        ****     int8 i; /* String index */
 233:main.c        ****     int8 charLoc = -1; /* Location of character in string */
 325              		.loc 1 233 0
 326 000c FF23     		movs	r3, #255
 327 000e BB73     		strb	r3, [r7, #14]
 234:main.c        **** 
 235:main.c        ****     /* Search through string for character match */
 236:main.c        ****     for(i=0; (keyString[i] != 0); i++)
 328              		.loc 1 236 0
 329 0010 0023     		movs	r3, #0
 330 0012 FB73     		strb	r3, [r7, #15]
 331 0014 10E0     		b	.L22
 332              	.L25:
 237:main.c        ****     {
 238:main.c        ****         /* If character is found return index in string */
 239:main.c        ****         if (key == keyString[i])
 333              		.loc 1 239 0
 334 0016 97F90F30 		ldrsb	r3, [r7, #15]
 335 001a 7A68     		ldr	r2, [r7, #4]
 336 001c 1344     		add	r3, r3, r2
 337 001e 1B78     		ldrb	r3, [r3]	@ zero_extendqisi2
 338 0020 FA78     		ldrb	r2, [r7, #3]	@ zero_extendqisi2
 339 0022 9A42     		cmp	r2, r3
 340 0024 02D1     		bne	.L23
 240:main.c        ****         {
 241:main.c        ****             charLoc = i;
 341              		.loc 1 241 0
 342 0026 FB7B     		ldrb	r3, [r7, #15]
 343 0028 BB73     		strb	r3, [r7, #14]
 242:main.c        ****             break;
 344              		.loc 1 242 0
 345 002a 0CE0     		b	.L24
 346              	.L23:
 236:main.c        ****     {
 347              		.loc 1 236 0 discriminator 2
 348 002c 97F90F30 		ldrsb	r3, [r7, #15]
 349 0030 DBB2     		uxtb	r3, r3
 350 0032 0133     		adds	r3, r3, #1
 351 0034 DBB2     		uxtb	r3, r3
 352 0036 FB73     		strb	r3, [r7, #15]
 353              	.L22:
 236:main.c        ****     {
 354              		.loc 1 236 0 is_stmt 0 discriminator 1
 355 0038 97F90F30 		ldrsb	r3, [r7, #15]
 356 003c 7A68     		ldr	r2, [r7, #4]
 357 003e 1344     		add	r3, r3, r2
 358 0040 1B78     		ldrb	r3, [r3]	@ zero_extendqisi2
 359 0042 002B     		cmp	r3, #0
 360 0044 E7D1     		bne	.L25
 361              	.L24:
ARM GAS  C:\Users\LUISAL~1\AppData\Local\Temp\ccNDWXIu.s 			page 12


 243:main.c        ****         }
 244:main.c        ****     }
 245:main.c        ****     return charLoc;
 362              		.loc 1 245 0 is_stmt 1
 363 0046 97F90E30 		ldrsb	r3, [r7, #14]
 246:main.c        **** }
 364              		.loc 1 246 0
 365 004a 1846     		mov	r0, r3
 366 004c 1437     		adds	r7, r7, #20
 367              		.cfi_def_cfa_offset 4
 368 004e BD46     		mov	sp, r7
 369              		.cfi_def_cfa_register 13
 370              		@ sp needed
 371 0050 80BC     		pop	{r7}
 372              		.cfi_restore 7
 373              		.cfi_def_cfa_offset 0
 374 0052 7047     		bx	lr
 375              		.cfi_endproc
 376              	.LFE67:
 377              		.size	KeyIndex, .-KeyIndex
 378              		.text
 379              	.Letext0:
 380              		.file 2 "c:\\program files (x86)\\cypress\\psoc creator\\4.1\\psoc creator\\import\\gnu\\arm\\5.4.
 381              		.file 3 "c:\\program files (x86)\\cypress\\psoc creator\\4.1\\psoc creator\\import\\gnu\\arm\\5.4.
 382              		.file 4 "Generated_Source\\PSoC5/cytypes.h"
 383              		.file 5 "Generated_Source\\PSoC5/core_cm3.h"
 384              		.section	.debug_info,"",%progbits
 385              	.Ldebug_info0:
 386 0000 39020000 		.4byte	0x239
 387 0004 0400     		.2byte	0x4
 388 0006 00000000 		.4byte	.Ldebug_abbrev0
 389 000a 04       		.byte	0x4
 390 000b 01       		.uleb128 0x1
 391 000c 00000000 		.4byte	.LASF31
 392 0010 0C       		.byte	0xc
 393 0011 E1010000 		.4byte	.LASF32
 394 0015 BA000000 		.4byte	.LASF33
 395 0019 00000000 		.4byte	.Ldebug_ranges0+0
 396 001d 00000000 		.4byte	0
 397 0021 00000000 		.4byte	.Ldebug_line0
 398 0025 02       		.uleb128 0x2
 399 0026 01       		.byte	0x1
 400 0027 06       		.byte	0x6
 401 0028 12020000 		.4byte	.LASF0
 402 002c 02       		.uleb128 0x2
 403 002d 01       		.byte	0x1
 404 002e 08       		.byte	0x8
 405 002f 07010000 		.4byte	.LASF1
 406 0033 02       		.uleb128 0x2
 407 0034 02       		.byte	0x2
 408 0035 05       		.byte	0x5
 409 0036 ED010000 		.4byte	.LASF2
 410 003a 02       		.uleb128 0x2
 411 003b 02       		.byte	0x2
 412 003c 07       		.byte	0x7
 413 003d 9E000000 		.4byte	.LASF3
 414 0041 03       		.uleb128 0x3
ARM GAS  C:\Users\LUISAL~1\AppData\Local\Temp\ccNDWXIu.s 			page 13


 415 0042 94000000 		.4byte	.LASF9
 416 0046 02       		.byte	0x2
 417 0047 3F       		.byte	0x3f
 418 0048 4C000000 		.4byte	0x4c
 419 004c 02       		.uleb128 0x2
 420 004d 04       		.byte	0x4
 421 004e 05       		.byte	0x5
 422 004f FD010000 		.4byte	.LASF4
 423 0053 02       		.uleb128 0x2
 424 0054 04       		.byte	0x4
 425 0055 07       		.byte	0x7
 426 0056 24010000 		.4byte	.LASF5
 427 005a 02       		.uleb128 0x2
 428 005b 08       		.byte	0x8
 429 005c 05       		.byte	0x5
 430 005d C9010000 		.4byte	.LASF6
 431 0061 02       		.uleb128 0x2
 432 0062 08       		.byte	0x8
 433 0063 07       		.byte	0x7
 434 0064 81010000 		.4byte	.LASF7
 435 0068 04       		.uleb128 0x4
 436 0069 04       		.byte	0x4
 437 006a 05       		.byte	0x5
 438 006b 696E7400 		.ascii	"int\000"
 439 006f 02       		.uleb128 0x2
 440 0070 04       		.byte	0x4
 441 0071 07       		.byte	0x7
 442 0072 74010000 		.4byte	.LASF8
 443 0076 03       		.uleb128 0x3
 444 0077 A9010000 		.4byte	.LASF10
 445 007b 03       		.byte	0x3
 446 007c 2C       		.byte	0x2c
 447 007d 41000000 		.4byte	0x41
 448 0081 05       		.uleb128 0x5
 449 0082 F7010000 		.4byte	.LASF11
 450 0086 04       		.byte	0x4
 451 0087 9201     		.2byte	0x192
 452 0089 2C000000 		.4byte	0x2c
 453 008d 05       		.uleb128 0x5
 454 008e 6A010000 		.4byte	.LASF12
 455 0092 04       		.byte	0x4
 456 0093 9501     		.2byte	0x195
 457 0095 25000000 		.4byte	0x25
 458 0099 02       		.uleb128 0x2
 459 009a 04       		.byte	0x4
 460 009b 04       		.byte	0x4
 461 009c 8E000000 		.4byte	.LASF13
 462 00a0 02       		.uleb128 0x2
 463 00a1 08       		.byte	0x8
 464 00a2 04       		.byte	0x4
 465 00a3 4A010000 		.4byte	.LASF14
 466 00a7 02       		.uleb128 0x2
 467 00a8 01       		.byte	0x1
 468 00a9 08       		.byte	0x8
 469 00aa E8010000 		.4byte	.LASF15
 470 00ae 02       		.uleb128 0x2
 471 00af 08       		.byte	0x8
ARM GAS  C:\Users\LUISAL~1\AppData\Local\Temp\ccNDWXIu.s 			page 14


 472 00b0 04       		.byte	0x4
 473 00b1 06020000 		.4byte	.LASF16
 474 00b5 02       		.uleb128 0x2
 475 00b6 04       		.byte	0x4
 476 00b7 07       		.byte	0x7
 477 00b8 C0010000 		.4byte	.LASF17
 478 00bc 06       		.uleb128 0x6
 479 00bd 04       		.byte	0x4
 480 00be A7000000 		.4byte	0xa7
 481 00c2 07       		.uleb128 0x7
 482 00c3 6F010000 		.4byte	.LASF18
 483 00c7 01       		.byte	0x1
 484 00c8 5E       		.byte	0x5e
 485 00c9 68000000 		.4byte	0x68
 486 00cd 00000000 		.4byte	.LFB64
 487 00d1 7C000000 		.4byte	.LFE64-.LFB64
 488 00d5 01       		.uleb128 0x1
 489 00d6 9C       		.byte	0x9c
 490 00d7 E9000000 		.4byte	0xe9
 491 00db 08       		.uleb128 0x8
 492 00dc 436800   		.ascii	"Ch\000"
 493 00df 01       		.byte	0x1
 494 00e0 61       		.byte	0x61
 495 00e1 81000000 		.4byte	0x81
 496 00e5 02       		.uleb128 0x2
 497 00e6 91       		.byte	0x91
 498 00e7 77       		.sleb128 -9
 499 00e8 00       		.byte	0
 500 00e9 09       		.uleb128 0x9
 501 00ea 1E020000 		.4byte	.LASF19
 502 00ee 01       		.byte	0x1
 503 00ef A1       		.byte	0xa1
 504 00f0 00000000 		.4byte	.LFB65
 505 00f4 3C000000 		.4byte	.LFE65-.LFB65
 506 00f8 01       		.uleb128 0x1
 507 00f9 9C       		.byte	0x9c
 508 00fa 19010000 		.4byte	0x119
 509 00fe 0A       		.uleb128 0xa
 510 00ff A2010000 		.4byte	.LASF21
 511 0103 01       		.byte	0x1
 512 0104 A1       		.byte	0xa1
 513 0105 BC000000 		.4byte	0xbc
 514 0109 02       		.uleb128 0x2
 515 010a 91       		.byte	0x91
 516 010b 6C       		.sleb128 -20
 517 010c 08       		.uleb128 0x8
 518 010d 6300     		.ascii	"c\000"
 519 010f 01       		.byte	0x1
 520 0110 A3       		.byte	0xa3
 521 0111 81000000 		.4byte	0x81
 522 0115 02       		.uleb128 0x2
 523 0116 91       		.byte	0x91
 524 0117 77       		.sleb128 -9
 525 0118 00       		.byte	0
 526 0119 09       		.uleb128 0x9
 527 011a 98010000 		.4byte	.LASF20
 528 011e 01       		.byte	0x1
ARM GAS  C:\Users\LUISAL~1\AppData\Local\Temp\ccNDWXIu.s 			page 15


 529 011f BC       		.byte	0xbc
 530 0120 00000000 		.4byte	.LFB66
 531 0124 84000000 		.4byte	.LFE66-.LFB66
 532 0128 01       		.uleb128 0x1
 533 0129 9C       		.byte	0x9c
 534 012a 67010000 		.4byte	0x167
 535 012e 0B       		.uleb128 0xb
 536 012f 6B657900 		.ascii	"key\000"
 537 0133 01       		.byte	0x1
 538 0134 BC       		.byte	0xbc
 539 0135 A7000000 		.4byte	0xa7
 540 0139 02       		.uleb128 0x2
 541 013a 91       		.byte	0x91
 542 013b 6F       		.sleb128 -17
 543 013c 08       		.uleb128 0x8
 544 013d 69647800 		.ascii	"idx\000"
 545 0141 01       		.byte	0x1
 546 0142 BE       		.byte	0xbe
 547 0143 8D000000 		.4byte	0x8d
 548 0147 02       		.uleb128 0x2
 549 0148 91       		.byte	0x91
 550 0149 77       		.sleb128 -9
 551 014a 0C       		.uleb128 0xc
 552 014b 51010000 		.4byte	.LASF22
 553 014f 01       		.byte	0x1
 554 0150 BF       		.byte	0xbf
 555 0151 81000000 		.4byte	0x81
 556 0155 02       		.uleb128 0x2
 557 0156 91       		.byte	0x91
 558 0157 75       		.sleb128 -11
 559 0158 0C       		.uleb128 0xc
 560 0159 62010000 		.4byte	.LASF23
 561 015d 01       		.byte	0x1
 562 015e BF       		.byte	0xbf
 563 015f 81000000 		.4byte	0x81
 564 0163 02       		.uleb128 0x2
 565 0164 91       		.byte	0x91
 566 0165 76       		.sleb128 -10
 567 0166 00       		.byte	0
 568 0167 0D       		.uleb128 0xd
 569 0168 59010000 		.4byte	.LASF34
 570 016c 01       		.byte	0x1
 571 016d E6       		.byte	0xe6
 572 016e 8D000000 		.4byte	0x8d
 573 0172 00000000 		.4byte	.LFB67
 574 0176 54000000 		.4byte	.LFE67-.LFB67
 575 017a 01       		.uleb128 0x1
 576 017b 9C       		.byte	0x9c
 577 017c B7010000 		.4byte	0x1b7
 578 0180 0A       		.uleb128 0xa
 579 0181 D7010000 		.4byte	.LASF24
 580 0185 01       		.byte	0x1
 581 0186 E6       		.byte	0xe6
 582 0187 BC000000 		.4byte	0xbc
 583 018b 02       		.uleb128 0x2
 584 018c 91       		.byte	0x91
 585 018d 6C       		.sleb128 -20
ARM GAS  C:\Users\LUISAL~1\AppData\Local\Temp\ccNDWXIu.s 			page 16


 586 018e 0B       		.uleb128 0xb
 587 018f 6B657900 		.ascii	"key\000"
 588 0193 01       		.byte	0x1
 589 0194 E6       		.byte	0xe6
 590 0195 A7000000 		.4byte	0xa7
 591 0199 02       		.uleb128 0x2
 592 019a 91       		.byte	0x91
 593 019b 6B       		.sleb128 -21
 594 019c 08       		.uleb128 0x8
 595 019d 6900     		.ascii	"i\000"
 596 019f 01       		.byte	0x1
 597 01a0 E8       		.byte	0xe8
 598 01a1 8D000000 		.4byte	0x8d
 599 01a5 02       		.uleb128 0x2
 600 01a6 91       		.byte	0x91
 601 01a7 77       		.sleb128 -9
 602 01a8 0C       		.uleb128 0xc
 603 01a9 15010000 		.4byte	.LASF25
 604 01ad 01       		.byte	0x1
 605 01ae E9       		.byte	0xe9
 606 01af 8D000000 		.4byte	0x8d
 607 01b3 02       		.uleb128 0x2
 608 01b4 91       		.byte	0x91
 609 01b5 76       		.sleb128 -10
 610 01b6 00       		.byte	0
 611 01b7 0E       		.uleb128 0xe
 612 01b8 3D010000 		.4byte	.LASF26
 613 01bc 05       		.byte	0x5
 614 01bd 1207     		.2byte	0x712
 615 01bf C3010000 		.4byte	0x1c3
 616 01c3 0F       		.uleb128 0xf
 617 01c4 76000000 		.4byte	0x76
 618 01c8 10       		.uleb128 0x10
 619 01c9 A7000000 		.4byte	0xa7
 620 01cd D8010000 		.4byte	0x1d8
 621 01d1 11       		.uleb128 0x11
 622 01d2 B5000000 		.4byte	0xb5
 623 01d6 10       		.byte	0x10
 624 01d7 00       		.byte	0
 625 01d8 12       		.uleb128 0x12
 626 01d9 B1000000 		.4byte	.LASF27
 627 01dd 01       		.byte	0x1
 628 01de 3A       		.byte	0x3a
 629 01df C8010000 		.4byte	0x1c8
 630 01e3 05       		.uleb128 0x5
 631 01e4 03       		.byte	0x3
 632 01e5 00000000 		.4byte	keyCodes
 633 01e9 10       		.uleb128 0x10
 634 01ea 81000000 		.4byte	0x81
 635 01ee F9010000 		.4byte	0x1f9
 636 01f2 11       		.uleb128 0x11
 637 01f3 B5000000 		.4byte	0xb5
 638 01f7 03       		.byte	0x3
 639 01f8 00       		.byte	0
 640 01f9 12       		.uleb128 0x12
 641 01fa 36010000 		.4byte	.LASF28
 642 01fe 01       		.byte	0x1
ARM GAS  C:\Users\LUISAL~1\AppData\Local\Temp\ccNDWXIu.s 			page 17


 643 01ff 40       		.byte	0x40
 644 0200 E9010000 		.4byte	0x1e9
 645 0204 05       		.uleb128 0x5
 646 0205 03       		.byte	0x3
 647 0206 00000000 		.4byte	rowDiv
 648 020a 12       		.uleb128 0x12
 649 020b 1D010000 		.4byte	.LASF29
 650 020f 01       		.byte	0x1
 651 0210 43       		.byte	0x43
 652 0211 E9010000 		.4byte	0x1e9
 653 0215 05       		.uleb128 0x5
 654 0216 03       		.byte	0x3
 655 0217 00000000 		.4byte	colDiv
 656 021b 10       		.uleb128 0x10
 657 021c A7000000 		.4byte	0xa7
 658 0220 2B020000 		.4byte	0x22b
 659 0224 11       		.uleb128 0x11
 660 0225 B5000000 		.4byte	0xb5
 661 0229 0F       		.byte	0xf
 662 022a 00       		.byte	0
 663 022b 12       		.uleb128 0x12
 664 022c B1010000 		.4byte	.LASF30
 665 0230 01       		.byte	0x1
 666 0231 46       		.byte	0x46
 667 0232 1B020000 		.4byte	0x21b
 668 0236 05       		.uleb128 0x5
 669 0237 03       		.byte	0x3
 670 0238 00000000 		.4byte	TransmitBuffer
 671 023c 00       		.byte	0
 672              		.section	.debug_abbrev,"",%progbits
 673              	.Ldebug_abbrev0:
 674 0000 01       		.uleb128 0x1
 675 0001 11       		.uleb128 0x11
 676 0002 01       		.byte	0x1
 677 0003 25       		.uleb128 0x25
 678 0004 0E       		.uleb128 0xe
 679 0005 13       		.uleb128 0x13
 680 0006 0B       		.uleb128 0xb
 681 0007 03       		.uleb128 0x3
 682 0008 0E       		.uleb128 0xe
 683 0009 1B       		.uleb128 0x1b
 684 000a 0E       		.uleb128 0xe
 685 000b 55       		.uleb128 0x55
 686 000c 17       		.uleb128 0x17
 687 000d 11       		.uleb128 0x11
 688 000e 01       		.uleb128 0x1
 689 000f 10       		.uleb128 0x10
 690 0010 17       		.uleb128 0x17
 691 0011 00       		.byte	0
 692 0012 00       		.byte	0
 693 0013 02       		.uleb128 0x2
 694 0014 24       		.uleb128 0x24
 695 0015 00       		.byte	0
 696 0016 0B       		.uleb128 0xb
 697 0017 0B       		.uleb128 0xb
 698 0018 3E       		.uleb128 0x3e
 699 0019 0B       		.uleb128 0xb
ARM GAS  C:\Users\LUISAL~1\AppData\Local\Temp\ccNDWXIu.s 			page 18


 700 001a 03       		.uleb128 0x3
 701 001b 0E       		.uleb128 0xe
 702 001c 00       		.byte	0
 703 001d 00       		.byte	0
 704 001e 03       		.uleb128 0x3
 705 001f 16       		.uleb128 0x16
 706 0020 00       		.byte	0
 707 0021 03       		.uleb128 0x3
 708 0022 0E       		.uleb128 0xe
 709 0023 3A       		.uleb128 0x3a
 710 0024 0B       		.uleb128 0xb
 711 0025 3B       		.uleb128 0x3b
 712 0026 0B       		.uleb128 0xb
 713 0027 49       		.uleb128 0x49
 714 0028 13       		.uleb128 0x13
 715 0029 00       		.byte	0
 716 002a 00       		.byte	0
 717 002b 04       		.uleb128 0x4
 718 002c 24       		.uleb128 0x24
 719 002d 00       		.byte	0
 720 002e 0B       		.uleb128 0xb
 721 002f 0B       		.uleb128 0xb
 722 0030 3E       		.uleb128 0x3e
 723 0031 0B       		.uleb128 0xb
 724 0032 03       		.uleb128 0x3
 725 0033 08       		.uleb128 0x8
 726 0034 00       		.byte	0
 727 0035 00       		.byte	0
 728 0036 05       		.uleb128 0x5
 729 0037 16       		.uleb128 0x16
 730 0038 00       		.byte	0
 731 0039 03       		.uleb128 0x3
 732 003a 0E       		.uleb128 0xe
 733 003b 3A       		.uleb128 0x3a
 734 003c 0B       		.uleb128 0xb
 735 003d 3B       		.uleb128 0x3b
 736 003e 05       		.uleb128 0x5
 737 003f 49       		.uleb128 0x49
 738 0040 13       		.uleb128 0x13
 739 0041 00       		.byte	0
 740 0042 00       		.byte	0
 741 0043 06       		.uleb128 0x6
 742 0044 0F       		.uleb128 0xf
 743 0045 00       		.byte	0
 744 0046 0B       		.uleb128 0xb
 745 0047 0B       		.uleb128 0xb
 746 0048 49       		.uleb128 0x49
 747 0049 13       		.uleb128 0x13
 748 004a 00       		.byte	0
 749 004b 00       		.byte	0
 750 004c 07       		.uleb128 0x7
 751 004d 2E       		.uleb128 0x2e
 752 004e 01       		.byte	0x1
 753 004f 3F       		.uleb128 0x3f
 754 0050 19       		.uleb128 0x19
 755 0051 03       		.uleb128 0x3
 756 0052 0E       		.uleb128 0xe
ARM GAS  C:\Users\LUISAL~1\AppData\Local\Temp\ccNDWXIu.s 			page 19


 757 0053 3A       		.uleb128 0x3a
 758 0054 0B       		.uleb128 0xb
 759 0055 3B       		.uleb128 0x3b
 760 0056 0B       		.uleb128 0xb
 761 0057 49       		.uleb128 0x49
 762 0058 13       		.uleb128 0x13
 763 0059 11       		.uleb128 0x11
 764 005a 01       		.uleb128 0x1
 765 005b 12       		.uleb128 0x12
 766 005c 06       		.uleb128 0x6
 767 005d 40       		.uleb128 0x40
 768 005e 18       		.uleb128 0x18
 769 005f 9642     		.uleb128 0x2116
 770 0061 19       		.uleb128 0x19
 771 0062 01       		.uleb128 0x1
 772 0063 13       		.uleb128 0x13
 773 0064 00       		.byte	0
 774 0065 00       		.byte	0
 775 0066 08       		.uleb128 0x8
 776 0067 34       		.uleb128 0x34
 777 0068 00       		.byte	0
 778 0069 03       		.uleb128 0x3
 779 006a 08       		.uleb128 0x8
 780 006b 3A       		.uleb128 0x3a
 781 006c 0B       		.uleb128 0xb
 782 006d 3B       		.uleb128 0x3b
 783 006e 0B       		.uleb128 0xb
 784 006f 49       		.uleb128 0x49
 785 0070 13       		.uleb128 0x13
 786 0071 02       		.uleb128 0x2
 787 0072 18       		.uleb128 0x18
 788 0073 00       		.byte	0
 789 0074 00       		.byte	0
 790 0075 09       		.uleb128 0x9
 791 0076 2E       		.uleb128 0x2e
 792 0077 01       		.byte	0x1
 793 0078 3F       		.uleb128 0x3f
 794 0079 19       		.uleb128 0x19
 795 007a 03       		.uleb128 0x3
 796 007b 0E       		.uleb128 0xe
 797 007c 3A       		.uleb128 0x3a
 798 007d 0B       		.uleb128 0xb
 799 007e 3B       		.uleb128 0x3b
 800 007f 0B       		.uleb128 0xb
 801 0080 27       		.uleb128 0x27
 802 0081 19       		.uleb128 0x19
 803 0082 11       		.uleb128 0x11
 804 0083 01       		.uleb128 0x1
 805 0084 12       		.uleb128 0x12
 806 0085 06       		.uleb128 0x6
 807 0086 40       		.uleb128 0x40
 808 0087 18       		.uleb128 0x18
 809 0088 9642     		.uleb128 0x2116
 810 008a 19       		.uleb128 0x19
 811 008b 01       		.uleb128 0x1
 812 008c 13       		.uleb128 0x13
 813 008d 00       		.byte	0
ARM GAS  C:\Users\LUISAL~1\AppData\Local\Temp\ccNDWXIu.s 			page 20


 814 008e 00       		.byte	0
 815 008f 0A       		.uleb128 0xa
 816 0090 05       		.uleb128 0x5
 817 0091 00       		.byte	0
 818 0092 03       		.uleb128 0x3
 819 0093 0E       		.uleb128 0xe
 820 0094 3A       		.uleb128 0x3a
 821 0095 0B       		.uleb128 0xb
 822 0096 3B       		.uleb128 0x3b
 823 0097 0B       		.uleb128 0xb
 824 0098 49       		.uleb128 0x49
 825 0099 13       		.uleb128 0x13
 826 009a 02       		.uleb128 0x2
 827 009b 18       		.uleb128 0x18
 828 009c 00       		.byte	0
 829 009d 00       		.byte	0
 830 009e 0B       		.uleb128 0xb
 831 009f 05       		.uleb128 0x5
 832 00a0 00       		.byte	0
 833 00a1 03       		.uleb128 0x3
 834 00a2 08       		.uleb128 0x8
 835 00a3 3A       		.uleb128 0x3a
 836 00a4 0B       		.uleb128 0xb
 837 00a5 3B       		.uleb128 0x3b
 838 00a6 0B       		.uleb128 0xb
 839 00a7 49       		.uleb128 0x49
 840 00a8 13       		.uleb128 0x13
 841 00a9 02       		.uleb128 0x2
 842 00aa 18       		.uleb128 0x18
 843 00ab 00       		.byte	0
 844 00ac 00       		.byte	0
 845 00ad 0C       		.uleb128 0xc
 846 00ae 34       		.uleb128 0x34
 847 00af 00       		.byte	0
 848 00b0 03       		.uleb128 0x3
 849 00b1 0E       		.uleb128 0xe
 850 00b2 3A       		.uleb128 0x3a
 851 00b3 0B       		.uleb128 0xb
 852 00b4 3B       		.uleb128 0x3b
 853 00b5 0B       		.uleb128 0xb
 854 00b6 49       		.uleb128 0x49
 855 00b7 13       		.uleb128 0x13
 856 00b8 02       		.uleb128 0x2
 857 00b9 18       		.uleb128 0x18
 858 00ba 00       		.byte	0
 859 00bb 00       		.byte	0
 860 00bc 0D       		.uleb128 0xd
 861 00bd 2E       		.uleb128 0x2e
 862 00be 01       		.byte	0x1
 863 00bf 3F       		.uleb128 0x3f
 864 00c0 19       		.uleb128 0x19
 865 00c1 03       		.uleb128 0x3
 866 00c2 0E       		.uleb128 0xe
 867 00c3 3A       		.uleb128 0x3a
 868 00c4 0B       		.uleb128 0xb
 869 00c5 3B       		.uleb128 0x3b
 870 00c6 0B       		.uleb128 0xb
ARM GAS  C:\Users\LUISAL~1\AppData\Local\Temp\ccNDWXIu.s 			page 21


 871 00c7 27       		.uleb128 0x27
 872 00c8 19       		.uleb128 0x19
 873 00c9 49       		.uleb128 0x49
 874 00ca 13       		.uleb128 0x13
 875 00cb 11       		.uleb128 0x11
 876 00cc 01       		.uleb128 0x1
 877 00cd 12       		.uleb128 0x12
 878 00ce 06       		.uleb128 0x6
 879 00cf 40       		.uleb128 0x40
 880 00d0 18       		.uleb128 0x18
 881 00d1 9742     		.uleb128 0x2117
 882 00d3 19       		.uleb128 0x19
 883 00d4 01       		.uleb128 0x1
 884 00d5 13       		.uleb128 0x13
 885 00d6 00       		.byte	0
 886 00d7 00       		.byte	0
 887 00d8 0E       		.uleb128 0xe
 888 00d9 34       		.uleb128 0x34
 889 00da 00       		.byte	0
 890 00db 03       		.uleb128 0x3
 891 00dc 0E       		.uleb128 0xe
 892 00dd 3A       		.uleb128 0x3a
 893 00de 0B       		.uleb128 0xb
 894 00df 3B       		.uleb128 0x3b
 895 00e0 05       		.uleb128 0x5
 896 00e1 49       		.uleb128 0x49
 897 00e2 13       		.uleb128 0x13
 898 00e3 3F       		.uleb128 0x3f
 899 00e4 19       		.uleb128 0x19
 900 00e5 3C       		.uleb128 0x3c
 901 00e6 19       		.uleb128 0x19
 902 00e7 00       		.byte	0
 903 00e8 00       		.byte	0
 904 00e9 0F       		.uleb128 0xf
 905 00ea 35       		.uleb128 0x35
 906 00eb 00       		.byte	0
 907 00ec 49       		.uleb128 0x49
 908 00ed 13       		.uleb128 0x13
 909 00ee 00       		.byte	0
 910 00ef 00       		.byte	0
 911 00f0 10       		.uleb128 0x10
 912 00f1 01       		.uleb128 0x1
 913 00f2 01       		.byte	0x1
 914 00f3 49       		.uleb128 0x49
 915 00f4 13       		.uleb128 0x13
 916 00f5 01       		.uleb128 0x1
 917 00f6 13       		.uleb128 0x13
 918 00f7 00       		.byte	0
 919 00f8 00       		.byte	0
 920 00f9 11       		.uleb128 0x11
 921 00fa 21       		.uleb128 0x21
 922 00fb 00       		.byte	0
 923 00fc 49       		.uleb128 0x49
 924 00fd 13       		.uleb128 0x13
 925 00fe 2F       		.uleb128 0x2f
 926 00ff 0B       		.uleb128 0xb
 927 0100 00       		.byte	0
ARM GAS  C:\Users\LUISAL~1\AppData\Local\Temp\ccNDWXIu.s 			page 22


 928 0101 00       		.byte	0
 929 0102 12       		.uleb128 0x12
 930 0103 34       		.uleb128 0x34
 931 0104 00       		.byte	0
 932 0105 03       		.uleb128 0x3
 933 0106 0E       		.uleb128 0xe
 934 0107 3A       		.uleb128 0x3a
 935 0108 0B       		.uleb128 0xb
 936 0109 3B       		.uleb128 0x3b
 937 010a 0B       		.uleb128 0xb
 938 010b 49       		.uleb128 0x49
 939 010c 13       		.uleb128 0x13
 940 010d 3F       		.uleb128 0x3f
 941 010e 19       		.uleb128 0x19
 942 010f 02       		.uleb128 0x2
 943 0110 18       		.uleb128 0x18
 944 0111 00       		.byte	0
 945 0112 00       		.byte	0
 946 0113 00       		.byte	0
 947              		.section	.debug_aranges,"",%progbits
 948 0000 34000000 		.4byte	0x34
 949 0004 0200     		.2byte	0x2
 950 0006 00000000 		.4byte	.Ldebug_info0
 951 000a 04       		.byte	0x4
 952 000b 00       		.byte	0
 953 000c 0000     		.2byte	0
 954 000e 0000     		.2byte	0
 955 0010 00000000 		.4byte	.LFB64
 956 0014 7C000000 		.4byte	.LFE64-.LFB64
 957 0018 00000000 		.4byte	.LFB65
 958 001c 3C000000 		.4byte	.LFE65-.LFB65
 959 0020 00000000 		.4byte	.LFB66
 960 0024 84000000 		.4byte	.LFE66-.LFB66
 961 0028 00000000 		.4byte	.LFB67
 962 002c 54000000 		.4byte	.LFE67-.LFB67
 963 0030 00000000 		.4byte	0
 964 0034 00000000 		.4byte	0
 965              		.section	.debug_ranges,"",%progbits
 966              	.Ldebug_ranges0:
 967 0000 00000000 		.4byte	.LFB64
 968 0004 7C000000 		.4byte	.LFE64
 969 0008 00000000 		.4byte	.LFB65
 970 000c 3C000000 		.4byte	.LFE65
 971 0010 00000000 		.4byte	.LFB66
 972 0014 84000000 		.4byte	.LFE66
 973 0018 00000000 		.4byte	.LFB67
 974 001c 54000000 		.4byte	.LFE67
 975 0020 00000000 		.4byte	0
 976 0024 00000000 		.4byte	0
 977              		.section	.debug_line,"",%progbits
 978              	.Ldebug_line0:
 979 0000 DE010000 		.section	.debug_str,"MS",%progbits,1
 979      02004C01 
 979      00000201 
 979      FB0E0D00 
 979      01010101 
 980              	.LASF31:
ARM GAS  C:\Users\LUISAL~1\AppData\Local\Temp\ccNDWXIu.s 			page 23


 981 0000 474E5520 		.ascii	"GNU C11 5.4.1 20160609 (release) [ARM/embedded-5-br"
 981      43313120 
 981      352E342E 
 981      31203230 
 981      31363036 
 982 0033 616E6368 		.ascii	"anch revision 237715] -mcpu=cortex-m3 -mthumb -g -O"
 982      20726576 
 982      6973696F 
 982      6E203233 
 982      37373135 
 983 0066 30202D66 		.ascii	"0 -ffunction-sections -ffat-lto-objects\000"
 983      66756E63 
 983      74696F6E 
 983      2D736563 
 983      74696F6E 
 984              	.LASF13:
 985 008e 666C6F61 		.ascii	"float\000"
 985      7400
 986              	.LASF9:
 987 0094 5F5F696E 		.ascii	"__int32_t\000"
 987      7433325F 
 987      7400
 988              	.LASF3:
 989 009e 73686F72 		.ascii	"short unsigned int\000"
 989      7420756E 
 989      7369676E 
 989      65642069 
 989      6E7400
 990              	.LASF27:
 991 00b1 6B657943 		.ascii	"keyCodes\000"
 991      6F646573 
 991      00
 992              	.LASF33:
 993 00ba 433A5C55 		.ascii	"C:\\Users\\Luis Alonso Murillo\\Documents\\GitHub\\"
 993      73657273 
 993      5C4C7569 
 993      7320416C 
 993      6F6E736F 
 994 00e8 44544D46 		.ascii	"DTMF\\transmitter\\Encoder.cydsn\000"
 994      5C747261 
 994      6E736D69 
 994      74746572 
 994      5C456E63 
 995              	.LASF1:
 996 0107 756E7369 		.ascii	"unsigned char\000"
 996      676E6564 
 996      20636861 
 996      7200
 997              	.LASF25:
 998 0115 63686172 		.ascii	"charLoc\000"
 998      4C6F6300 
 999              	.LASF29:
 1000 011d 636F6C44 		.ascii	"colDiv\000"
 1000      697600
 1001              	.LASF5:
 1002 0124 6C6F6E67 		.ascii	"long unsigned int\000"
 1002      20756E73 
ARM GAS  C:\Users\LUISAL~1\AppData\Local\Temp\ccNDWXIu.s 			page 24


 1002      69676E65 
 1002      6420696E 
 1002      7400
 1003              	.LASF28:
 1004 0136 726F7744 		.ascii	"rowDiv\000"
 1004      697600
 1005              	.LASF26:
 1006 013d 49544D5F 		.ascii	"ITM_RxBuffer\000"
 1006      52784275 
 1006      66666572 
 1006      00
 1007              	.LASF14:
 1008 014a 646F7562 		.ascii	"double\000"
 1008      6C6500
 1009              	.LASF22:
 1010 0151 726F775F 		.ascii	"row_div\000"
 1010      64697600 
 1011              	.LASF34:
 1012 0159 4B657949 		.ascii	"KeyIndex\000"
 1012      6E646578 
 1012      00
 1013              	.LASF23:
 1014 0162 636F6C5F 		.ascii	"col_div\000"
 1014      64697600 
 1015              	.LASF12:
 1016 016a 696E7438 		.ascii	"int8\000"
 1016      00
 1017              	.LASF18:
 1018 016f 6D61696E 		.ascii	"main\000"
 1018      00
 1019              	.LASF8:
 1020 0174 756E7369 		.ascii	"unsigned int\000"
 1020      676E6564 
 1020      20696E74 
 1020      00
 1021              	.LASF7:
 1022 0181 6C6F6E67 		.ascii	"long long unsigned int\000"
 1022      206C6F6E 
 1022      6720756E 
 1022      7369676E 
 1022      65642069 
 1023              	.LASF20:
 1024 0198 506C6179 		.ascii	"PlayTones\000"
 1024      546F6E65 
 1024      7300
 1025              	.LASF21:
 1026 01a2 6E756D62 		.ascii	"number\000"
 1026      657200
 1027              	.LASF10:
 1028 01a9 696E7433 		.ascii	"int32_t\000"
 1028      325F7400 
 1029              	.LASF30:
 1030 01b1 5472616E 		.ascii	"TransmitBuffer\000"
 1030      736D6974 
 1030      42756666 
 1030      657200
 1031              	.LASF17:
ARM GAS  C:\Users\LUISAL~1\AppData\Local\Temp\ccNDWXIu.s 			page 25


 1032 01c0 73697A65 		.ascii	"sizetype\000"
 1032      74797065 
 1032      00
 1033              	.LASF6:
 1034 01c9 6C6F6E67 		.ascii	"long long int\000"
 1034      206C6F6E 
 1034      6720696E 
 1034      7400
 1035              	.LASF24:
 1036 01d7 6B657953 		.ascii	"keyString\000"
 1036      7472696E 
 1036      6700
 1037              	.LASF32:
 1038 01e1 6D61696E 		.ascii	"main.c\000"
 1038      2E6300
 1039              	.LASF15:
 1040 01e8 63686172 		.ascii	"char\000"
 1040      00
 1041              	.LASF2:
 1042 01ed 73686F72 		.ascii	"short int\000"
 1042      7420696E 
 1042      7400
 1043              	.LASF11:
 1044 01f7 75696E74 		.ascii	"uint8\000"
 1044      3800
 1045              	.LASF4:
 1046 01fd 6C6F6E67 		.ascii	"long int\000"
 1046      20696E74 
 1046      00
 1047              	.LASF16:
 1048 0206 6C6F6E67 		.ascii	"long double\000"
 1048      20646F75 
 1048      626C6500 
 1049              	.LASF0:
 1050 0212 7369676E 		.ascii	"signed char\000"
 1050      65642063 
 1050      68617200 
 1051              	.LASF19:
 1052 021e 4469616C 		.ascii	"DialNumber\000"
 1052      4E756D62 
 1052      657200
 1053              		.ident	"GCC: (GNU Tools for ARM Embedded Processors) 5.4.1 20160609 (release) [ARM/embedded-5-bran
