ARM GAS  C:\Users\LUISAL~1\AppData\Local\Temp\ccEesRCi.s 			page 1


   1              		.syntax unified
   2              		.cpu cortex-m3
   3              		.fpu softvfp
   4              		.eabi_attribute 20, 1
   5              		.eabi_attribute 21, 1
   6              		.eabi_attribute 23, 3
   7              		.eabi_attribute 24, 1
   8              		.eabi_attribute 25, 1
   9              		.eabi_attribute 26, 1
  10              		.eabi_attribute 30, 6
  11              		.eabi_attribute 34, 1
  12              		.eabi_attribute 18, 4
  13              		.thumb
  14              		.syntax unified
  15              		.file	"Row_Tone.c"
  16              		.text
  17              	.Ltext0:
  18              		.cfi_sections	.debug_frame
  19              		.global	Row_Tone_initVar
  20              		.bss
  21              		.type	Row_Tone_initVar, %object
  22              		.size	Row_Tone_initVar, 1
  23              	Row_Tone_initVar:
  24 0000 00       		.space	1
  25              		.global	Row_Tone_wave1
  26              		.section	.rodata
  27              		.align	2
  28              		.type	Row_Tone_wave1, %object
  29              		.size	Row_Tone_wave1, 80
  30              	Row_Tone_wave1:
  31 0000 80       		.byte	-128
  32 0001 8A       		.byte	-118
  33 0002 93       		.byte	-109
  34 0003 9D       		.byte	-99
  35 0004 A7       		.byte	-89
  36 0005 B0       		.byte	-80
  37 0006 B9       		.byte	-71
  38 0007 C2       		.byte	-62
  39 0008 CA       		.byte	-54
  40 0009 D2       		.byte	-46
  41 000a DA       		.byte	-38
  42 000b E0       		.byte	-32
  43 000c E7       		.byte	-25
  44 000d EC       		.byte	-20
  45 000e F1       		.byte	-15
  46 000f F5       		.byte	-11
  47 0010 F9       		.byte	-7
  48 0011 FB       		.byte	-5
  49 0012 FD       		.byte	-3
  50 0013 FF       		.byte	-1
  51 0014 FF       		.byte	-1
  52 0015 FF       		.byte	-1
  53 0016 FD       		.byte	-3
  54 0017 FB       		.byte	-5
  55 0018 F9       		.byte	-7
  56 0019 F5       		.byte	-11
  57 001a F1       		.byte	-15
ARM GAS  C:\Users\LUISAL~1\AppData\Local\Temp\ccEesRCi.s 			page 2


  58 001b EC       		.byte	-20
  59 001c E7       		.byte	-25
  60 001d E0       		.byte	-32
  61 001e DA       		.byte	-38
  62 001f D2       		.byte	-46
  63 0020 CA       		.byte	-54
  64 0021 C2       		.byte	-62
  65 0022 B9       		.byte	-71
  66 0023 B0       		.byte	-80
  67 0024 A7       		.byte	-89
  68 0025 9D       		.byte	-99
  69 0026 93       		.byte	-109
  70 0027 8A       		.byte	-118
  71 0028 80       		.byte	-128
  72 0029 75       		.byte	117
  73 002a 6C       		.byte	108
  74 002b 62       		.byte	98
  75 002c 58       		.byte	88
  76 002d 4F       		.byte	79
  77 002e 46       		.byte	70
  78 002f 3D       		.byte	61
  79 0030 35       		.byte	53
  80 0031 2D       		.byte	45
  81 0032 25       		.byte	37
  82 0033 1F       		.byte	31
  83 0034 18       		.byte	24
  84 0035 13       		.byte	19
  85 0036 0E       		.byte	14
  86 0037 0A       		.byte	10
  87 0038 06       		.byte	6
  88 0039 04       		.byte	4
  89 003a 02       		.byte	2
  90 003b 00       		.byte	0
  91 003c 00       		.byte	0
  92 003d 00       		.byte	0
  93 003e 02       		.byte	2
  94 003f 04       		.byte	4
  95 0040 06       		.byte	6
  96 0041 0A       		.byte	10
  97 0042 0E       		.byte	14
  98 0043 13       		.byte	19
  99 0044 18       		.byte	24
 100 0045 1F       		.byte	31
 101 0046 25       		.byte	37
 102 0047 2D       		.byte	45
 103 0048 35       		.byte	53
 104 0049 3D       		.byte	61
 105 004a 46       		.byte	70
 106 004b 4F       		.byte	79
 107 004c 58       		.byte	88
 108 004d 62       		.byte	98
 109 004e 6C       		.byte	108
 110 004f 75       		.byte	117
 111              		.global	Row_Tone_wave2
 112              		.align	2
 113              		.type	Row_Tone_wave2, %object
 114              		.size	Row_Tone_wave2, 50
ARM GAS  C:\Users\LUISAL~1\AppData\Local\Temp\ccEesRCi.s 			page 3


 115              	Row_Tone_wave2:
 116 0050 80       		.byte	-128
 117 0051 8A       		.byte	-118
 118 0052 94       		.byte	-108
 119 0053 9E       		.byte	-98
 120 0054 A8       		.byte	-88
 121 0055 B2       		.byte	-78
 122 0056 BD       		.byte	-67
 123 0057 C7       		.byte	-57
 124 0058 D1       		.byte	-47
 125 0059 DB       		.byte	-37
 126 005a E6       		.byte	-26
 127 005b F0       		.byte	-16
 128 005c FA       		.byte	-6
 129 005d FA       		.byte	-6
 130 005e F0       		.byte	-16
 131 005f E6       		.byte	-26
 132 0060 DB       		.byte	-37
 133 0061 D1       		.byte	-47
 134 0062 C7       		.byte	-57
 135 0063 BD       		.byte	-67
 136 0064 B2       		.byte	-78
 137 0065 A8       		.byte	-88
 138 0066 9E       		.byte	-98
 139 0067 94       		.byte	-108
 140 0068 8A       		.byte	-118
 141 0069 80       		.byte	-128
 142 006a 75       		.byte	117
 143 006b 6B       		.byte	107
 144 006c 61       		.byte	97
 145 006d 57       		.byte	87
 146 006e 4D       		.byte	77
 147 006f 42       		.byte	66
 148 0070 38       		.byte	56
 149 0071 2E       		.byte	46
 150 0072 24       		.byte	36
 151 0073 1A       		.byte	26
 152 0074 0F       		.byte	15
 153 0075 05       		.byte	5
 154 0076 05       		.byte	5
 155 0077 0F       		.byte	15
 156 0078 1A       		.byte	26
 157 0079 24       		.byte	36
 158 007a 2E       		.byte	46
 159 007b 38       		.byte	56
 160 007c 42       		.byte	66
 161 007d 4D       		.byte	77
 162 007e 57       		.byte	87
 163 007f 61       		.byte	97
 164 0080 6B       		.byte	107
 165 0081 75       		.byte	117
 166              		.bss
 167              	Row_Tone_Wave1Chan:
 168 0001 00       		.space	1
 169              	Row_Tone_Wave2Chan:
 170 0002 00       		.space	1
 171              	Row_Tone_Wave1TD:
ARM GAS  C:\Users\LUISAL~1\AppData\Local\Temp\ccEesRCi.s 			page 4


 172 0003 00       		.space	1
 173              	Row_Tone_Wave2TD:
 174 0004 00       		.space	1
 175              		.section	.text.Row_Tone_Init,"ax",%progbits
 176              		.align	2
 177              		.global	Row_Tone_Init
 178              		.thumb
 179              		.thumb_func
 180              		.type	Row_Tone_Init, %function
 181              	Row_Tone_Init:
 182              	.LFB0:
 183              		.file 1 "Generated_Source\\PSoC5\\Row_Tone.c"
   1:Generated_Source\PSoC5/Row_Tone.c **** /*******************************************************************************
   2:Generated_Source\PSoC5/Row_Tone.c **** * File Name: Row_Tone.c
   3:Generated_Source\PSoC5/Row_Tone.c **** * Version 2.10
   4:Generated_Source\PSoC5/Row_Tone.c **** *
   5:Generated_Source\PSoC5/Row_Tone.c **** * Description:
   6:Generated_Source\PSoC5/Row_Tone.c **** *  This file provides the source code for the 8-bit Waveform DAC 
   7:Generated_Source\PSoC5/Row_Tone.c **** *  (WaveDAC8) Component.
   8:Generated_Source\PSoC5/Row_Tone.c **** *
   9:Generated_Source\PSoC5/Row_Tone.c **** ********************************************************************************
  10:Generated_Source\PSoC5/Row_Tone.c **** * Copyright 2013, Cypress Semiconductor Corporation.  All rights reserved.
  11:Generated_Source\PSoC5/Row_Tone.c **** * You may use this file only in accordance with the license, terms, conditions,
  12:Generated_Source\PSoC5/Row_Tone.c **** * disclaimers, and limitations in the end user license agreement accompanying
  13:Generated_Source\PSoC5/Row_Tone.c **** * the software package with which this file was provided.
  14:Generated_Source\PSoC5/Row_Tone.c **** *******************************************************************************/
  15:Generated_Source\PSoC5/Row_Tone.c **** 
  16:Generated_Source\PSoC5/Row_Tone.c **** #include "Row_Tone.h"
  17:Generated_Source\PSoC5/Row_Tone.c **** 
  18:Generated_Source\PSoC5/Row_Tone.c **** uint8  Row_Tone_initVar = 0u;
  19:Generated_Source\PSoC5/Row_Tone.c **** 
  20:Generated_Source\PSoC5/Row_Tone.c **** const uint8 CYCODE Row_Tone_wave1[Row_Tone_WAVE1_LENGTH] = { 128u,138u,147u,157u,167u,176u,185u,194
  21:Generated_Source\PSoC5/Row_Tone.c **** const uint8 CYCODE Row_Tone_wave2[Row_Tone_WAVE2_LENGTH] = { 128u,138u,148u,158u,168u,178u,189u,199
  22:Generated_Source\PSoC5/Row_Tone.c **** 
  23:Generated_Source\PSoC5/Row_Tone.c **** static uint8  Row_Tone_Wave1Chan;
  24:Generated_Source\PSoC5/Row_Tone.c **** static uint8  Row_Tone_Wave2Chan;
  25:Generated_Source\PSoC5/Row_Tone.c **** static uint8  Row_Tone_Wave1TD;
  26:Generated_Source\PSoC5/Row_Tone.c **** static uint8  Row_Tone_Wave2TD;
  27:Generated_Source\PSoC5/Row_Tone.c **** 
  28:Generated_Source\PSoC5/Row_Tone.c **** 
  29:Generated_Source\PSoC5/Row_Tone.c **** /*******************************************************************************
  30:Generated_Source\PSoC5/Row_Tone.c **** * Function Name: Row_Tone_Init
  31:Generated_Source\PSoC5/Row_Tone.c **** ********************************************************************************
  32:Generated_Source\PSoC5/Row_Tone.c **** *
  33:Generated_Source\PSoC5/Row_Tone.c **** * Summary:
  34:Generated_Source\PSoC5/Row_Tone.c **** *  Initializes component with parameters set in the customizer.
  35:Generated_Source\PSoC5/Row_Tone.c **** *
  36:Generated_Source\PSoC5/Row_Tone.c **** * Parameters:  
  37:Generated_Source\PSoC5/Row_Tone.c **** *  None
  38:Generated_Source\PSoC5/Row_Tone.c **** *
  39:Generated_Source\PSoC5/Row_Tone.c **** * Return: 
  40:Generated_Source\PSoC5/Row_Tone.c **** *  None
  41:Generated_Source\PSoC5/Row_Tone.c **** *
  42:Generated_Source\PSoC5/Row_Tone.c **** *******************************************************************************/
  43:Generated_Source\PSoC5/Row_Tone.c **** void Row_Tone_Init(void) 
  44:Generated_Source\PSoC5/Row_Tone.c **** {
 184              		.loc 1 44 0
ARM GAS  C:\Users\LUISAL~1\AppData\Local\Temp\ccEesRCi.s 			page 5


 185              		.cfi_startproc
 186              		@ args = 0, pretend = 0, frame = 0
 187              		@ frame_needed = 1, uses_anonymous_args = 0
 188 0000 80B5     		push	{r7, lr}
 189              		.cfi_def_cfa_offset 8
 190              		.cfi_offset 7, -8
 191              		.cfi_offset 14, -4
 192 0002 00AF     		add	r7, sp, #0
 193              		.cfi_def_cfa_register 7
  45:Generated_Source\PSoC5/Row_Tone.c **** 	Row_Tone_VDAC8_Init();
 194              		.loc 1 45 0
 195 0004 FFF7FEFF 		bl	Row_Tone_VDAC8_Init
  46:Generated_Source\PSoC5/Row_Tone.c **** 	Row_Tone_VDAC8_SetSpeed(Row_Tone_HIGHSPEED);
 196              		.loc 1 46 0
 197 0008 0220     		movs	r0, #2
 198 000a FFF7FEFF 		bl	Row_Tone_VDAC8_SetSpeed
  47:Generated_Source\PSoC5/Row_Tone.c **** 	Row_Tone_VDAC8_SetRange(Row_Tone_DAC_RANGE);
 199              		.loc 1 47 0
 200 000e 0420     		movs	r0, #4
 201 0010 FFF7FEFF 		bl	Row_Tone_VDAC8_SetRange
  48:Generated_Source\PSoC5/Row_Tone.c **** 
  49:Generated_Source\PSoC5/Row_Tone.c **** 	#if(Row_Tone_DAC_MODE == Row_Tone_CURRENT_MODE)
  50:Generated_Source\PSoC5/Row_Tone.c **** 		Row_Tone_IDAC8_SetPolarity(Row_Tone_DAC_POL);
  51:Generated_Source\PSoC5/Row_Tone.c **** 	#endif /* Row_Tone_DAC_MODE == Row_Tone_CURRENT_MODE */
  52:Generated_Source\PSoC5/Row_Tone.c **** 
  53:Generated_Source\PSoC5/Row_Tone.c **** 	#if(Row_Tone_OUT_MODE == Row_Tone_BUFFER_MODE)
  54:Generated_Source\PSoC5/Row_Tone.c **** 	   Row_Tone_BuffAmp_Init();
  55:Generated_Source\PSoC5/Row_Tone.c **** 	#endif /* Row_Tone_OUT_MODE == Row_Tone_BUFFER_MODE */
  56:Generated_Source\PSoC5/Row_Tone.c **** 
  57:Generated_Source\PSoC5/Row_Tone.c **** 	/* Get the TD Number for the DMA channel 1 and 2   */
  58:Generated_Source\PSoC5/Row_Tone.c **** 	Row_Tone_Wave1TD = CyDmaTdAllocate();
 202              		.loc 1 58 0
 203 0014 FFF7FEFF 		bl	CyDmaTdAllocate
 204 0018 0346     		mov	r3, r0
 205 001a 1A46     		mov	r2, r3
 206 001c 084B     		ldr	r3, .L2
 207 001e 1A70     		strb	r2, [r3]
  59:Generated_Source\PSoC5/Row_Tone.c **** 	Row_Tone_Wave2TD = CyDmaTdAllocate();
 208              		.loc 1 59 0
 209 0020 FFF7FEFF 		bl	CyDmaTdAllocate
 210 0024 0346     		mov	r3, r0
 211 0026 1A46     		mov	r2, r3
 212 0028 064B     		ldr	r3, .L2+4
 213 002a 1A70     		strb	r2, [r3]
  60:Generated_Source\PSoC5/Row_Tone.c **** 	
  61:Generated_Source\PSoC5/Row_Tone.c **** 	/* Initialize waveform pointers  */
  62:Generated_Source\PSoC5/Row_Tone.c **** 	Row_Tone_Wave1Setup(Row_Tone_wave1, Row_Tone_WAVE1_LENGTH) ;
 214              		.loc 1 62 0
 215 002c 5021     		movs	r1, #80
 216 002e 0648     		ldr	r0, .L2+8
 217 0030 FFF7FEFF 		bl	Row_Tone_Wave1Setup
  63:Generated_Source\PSoC5/Row_Tone.c **** 	Row_Tone_Wave2Setup(Row_Tone_wave2, Row_Tone_WAVE2_LENGTH) ;
 218              		.loc 1 63 0
 219 0034 3221     		movs	r1, #50
 220 0036 0548     		ldr	r0, .L2+12
 221 0038 FFF7FEFF 		bl	Row_Tone_Wave2Setup
  64:Generated_Source\PSoC5/Row_Tone.c **** 	
ARM GAS  C:\Users\LUISAL~1\AppData\Local\Temp\ccEesRCi.s 			page 6


  65:Generated_Source\PSoC5/Row_Tone.c **** 	/* Initialize the internal clock if one present  */
  66:Generated_Source\PSoC5/Row_Tone.c **** 	#if defined(Row_Tone_DacClk_PHASE)
  67:Generated_Source\PSoC5/Row_Tone.c **** 	   Row_Tone_DacClk_SetPhase(Row_Tone_CLK_PHASE_0nS);
  68:Generated_Source\PSoC5/Row_Tone.c **** 	#endif /* defined(Row_Tone_DacClk_PHASE) */
  69:Generated_Source\PSoC5/Row_Tone.c **** }
 222              		.loc 1 69 0
 223 003c 00BF     		nop
 224 003e 80BD     		pop	{r7, pc}
 225              	.L3:
 226              		.align	2
 227              	.L2:
 228 0040 03000000 		.word	Row_Tone_Wave1TD
 229 0044 04000000 		.word	Row_Tone_Wave2TD
 230 0048 00000000 		.word	Row_Tone_wave1
 231 004c 00000000 		.word	Row_Tone_wave2
 232              		.cfi_endproc
 233              	.LFE0:
 234              		.size	Row_Tone_Init, .-Row_Tone_Init
 235              		.section	.text.Row_Tone_Enable,"ax",%progbits
 236              		.align	2
 237              		.global	Row_Tone_Enable
 238              		.thumb
 239              		.thumb_func
 240              		.type	Row_Tone_Enable, %function
 241              	Row_Tone_Enable:
 242              	.LFB1:
  70:Generated_Source\PSoC5/Row_Tone.c **** 
  71:Generated_Source\PSoC5/Row_Tone.c **** 
  72:Generated_Source\PSoC5/Row_Tone.c **** /*******************************************************************************
  73:Generated_Source\PSoC5/Row_Tone.c **** * Function Name: Row_Tone_Enable
  74:Generated_Source\PSoC5/Row_Tone.c **** ********************************************************************************
  75:Generated_Source\PSoC5/Row_Tone.c **** *  
  76:Generated_Source\PSoC5/Row_Tone.c **** * Summary: 
  77:Generated_Source\PSoC5/Row_Tone.c **** *  Enables the DAC block and DMA operation.
  78:Generated_Source\PSoC5/Row_Tone.c **** *
  79:Generated_Source\PSoC5/Row_Tone.c **** * Parameters:  
  80:Generated_Source\PSoC5/Row_Tone.c **** *  None
  81:Generated_Source\PSoC5/Row_Tone.c **** *
  82:Generated_Source\PSoC5/Row_Tone.c **** * Return: 
  83:Generated_Source\PSoC5/Row_Tone.c **** *  None
  84:Generated_Source\PSoC5/Row_Tone.c **** *
  85:Generated_Source\PSoC5/Row_Tone.c **** *******************************************************************************/
  86:Generated_Source\PSoC5/Row_Tone.c **** void Row_Tone_Enable(void) 
  87:Generated_Source\PSoC5/Row_Tone.c **** {
 243              		.loc 1 87 0
 244              		.cfi_startproc
 245              		@ args = 0, pretend = 0, frame = 0
 246              		@ frame_needed = 1, uses_anonymous_args = 0
 247 0000 80B5     		push	{r7, lr}
 248              		.cfi_def_cfa_offset 8
 249              		.cfi_offset 7, -8
 250              		.cfi_offset 14, -4
 251 0002 00AF     		add	r7, sp, #0
 252              		.cfi_def_cfa_register 7
  88:Generated_Source\PSoC5/Row_Tone.c **** 	Row_Tone_VDAC8_Enable();
 253              		.loc 1 88 0
 254 0004 FFF7FEFF 		bl	Row_Tone_VDAC8_Enable
ARM GAS  C:\Users\LUISAL~1\AppData\Local\Temp\ccEesRCi.s 			page 7


  89:Generated_Source\PSoC5/Row_Tone.c **** 
  90:Generated_Source\PSoC5/Row_Tone.c **** 	#if(Row_Tone_OUT_MODE == Row_Tone_BUFFER_MODE)
  91:Generated_Source\PSoC5/Row_Tone.c **** 	   Row_Tone_BuffAmp_Enable();
  92:Generated_Source\PSoC5/Row_Tone.c **** 	#endif /* Row_Tone_OUT_MODE == Row_Tone_BUFFER_MODE */
  93:Generated_Source\PSoC5/Row_Tone.c **** 
  94:Generated_Source\PSoC5/Row_Tone.c **** 	/* 
  95:Generated_Source\PSoC5/Row_Tone.c **** 	* Enable the channel. It is configured to remember the TD value so that
  96:Generated_Source\PSoC5/Row_Tone.c **** 	* it can be restored from the place where it has been stopped.
  97:Generated_Source\PSoC5/Row_Tone.c **** 	*/
  98:Generated_Source\PSoC5/Row_Tone.c **** 	(void)CyDmaChEnable(Row_Tone_Wave1Chan, 1u);
 255              		.loc 1 98 0
 256 0008 084B     		ldr	r3, .L5
 257 000a 1B78     		ldrb	r3, [r3]	@ zero_extendqisi2
 258 000c 0121     		movs	r1, #1
 259 000e 1846     		mov	r0, r3
 260 0010 FFF7FEFF 		bl	CyDmaChEnable
  99:Generated_Source\PSoC5/Row_Tone.c **** 	(void)CyDmaChEnable(Row_Tone_Wave2Chan, 1u);
 261              		.loc 1 99 0
 262 0014 064B     		ldr	r3, .L5+4
 263 0016 1B78     		ldrb	r3, [r3]	@ zero_extendqisi2
 264 0018 0121     		movs	r1, #1
 265 001a 1846     		mov	r0, r3
 266 001c FFF7FEFF 		bl	CyDmaChEnable
 100:Generated_Source\PSoC5/Row_Tone.c **** 	
 101:Generated_Source\PSoC5/Row_Tone.c **** 	/* set the initial value */
 102:Generated_Source\PSoC5/Row_Tone.c **** 	Row_Tone_SetValue(0u);
 267              		.loc 1 102 0
 268 0020 0020     		movs	r0, #0
 269 0022 FFF7FEFF 		bl	Row_Tone_VDAC8_SetValue
 103:Generated_Source\PSoC5/Row_Tone.c **** 	
 104:Generated_Source\PSoC5/Row_Tone.c **** 	#if(Row_Tone_CLOCK_SRC == Row_Tone_CLOCK_INT)  	
 105:Generated_Source\PSoC5/Row_Tone.c **** 	   Row_Tone_DacClk_Start();
 106:Generated_Source\PSoC5/Row_Tone.c **** 	#endif /* Row_Tone_CLOCK_SRC == Row_Tone_CLOCK_INT */
 107:Generated_Source\PSoC5/Row_Tone.c **** }
 270              		.loc 1 107 0
 271 0026 00BF     		nop
 272 0028 80BD     		pop	{r7, pc}
 273              	.L6:
 274 002a 00BF     		.align	2
 275              	.L5:
 276 002c 01000000 		.word	Row_Tone_Wave1Chan
 277 0030 02000000 		.word	Row_Tone_Wave2Chan
 278              		.cfi_endproc
 279              	.LFE1:
 280              		.size	Row_Tone_Enable, .-Row_Tone_Enable
 281              		.section	.text.Row_Tone_Start,"ax",%progbits
 282              		.align	2
 283              		.global	Row_Tone_Start
 284              		.thumb
 285              		.thumb_func
 286              		.type	Row_Tone_Start, %function
 287              	Row_Tone_Start:
 288              	.LFB2:
 108:Generated_Source\PSoC5/Row_Tone.c **** 
 109:Generated_Source\PSoC5/Row_Tone.c **** 
 110:Generated_Source\PSoC5/Row_Tone.c **** /*******************************************************************************
 111:Generated_Source\PSoC5/Row_Tone.c **** * Function Name: Row_Tone_Start
ARM GAS  C:\Users\LUISAL~1\AppData\Local\Temp\ccEesRCi.s 			page 8


 112:Generated_Source\PSoC5/Row_Tone.c **** ********************************************************************************
 113:Generated_Source\PSoC5/Row_Tone.c **** *
 114:Generated_Source\PSoC5/Row_Tone.c **** * Summary:
 115:Generated_Source\PSoC5/Row_Tone.c **** *  The start function initializes the voltage DAC with the default values, 
 116:Generated_Source\PSoC5/Row_Tone.c **** *  and sets the power to the given level.  A power level of 0, is the same as 
 117:Generated_Source\PSoC5/Row_Tone.c **** *  executing the stop function.
 118:Generated_Source\PSoC5/Row_Tone.c **** *
 119:Generated_Source\PSoC5/Row_Tone.c **** * Parameters:  
 120:Generated_Source\PSoC5/Row_Tone.c **** *  None
 121:Generated_Source\PSoC5/Row_Tone.c **** *
 122:Generated_Source\PSoC5/Row_Tone.c **** * Return: 
 123:Generated_Source\PSoC5/Row_Tone.c **** *  None
 124:Generated_Source\PSoC5/Row_Tone.c **** *
 125:Generated_Source\PSoC5/Row_Tone.c **** * Reentrant:
 126:Generated_Source\PSoC5/Row_Tone.c **** *  No
 127:Generated_Source\PSoC5/Row_Tone.c **** *
 128:Generated_Source\PSoC5/Row_Tone.c **** *******************************************************************************/
 129:Generated_Source\PSoC5/Row_Tone.c **** void Row_Tone_Start(void) 
 130:Generated_Source\PSoC5/Row_Tone.c **** {
 289              		.loc 1 130 0
 290              		.cfi_startproc
 291              		@ args = 0, pretend = 0, frame = 0
 292              		@ frame_needed = 1, uses_anonymous_args = 0
 293 0000 80B5     		push	{r7, lr}
 294              		.cfi_def_cfa_offset 8
 295              		.cfi_offset 7, -8
 296              		.cfi_offset 14, -4
 297 0002 00AF     		add	r7, sp, #0
 298              		.cfi_def_cfa_register 7
 131:Generated_Source\PSoC5/Row_Tone.c **** 	/* If not Initialized then initialize all required hardware and software */
 132:Generated_Source\PSoC5/Row_Tone.c **** 	if(Row_Tone_initVar == 0u)
 299              		.loc 1 132 0
 300 0004 064B     		ldr	r3, .L9
 301 0006 1B78     		ldrb	r3, [r3]	@ zero_extendqisi2
 302 0008 002B     		cmp	r3, #0
 303 000a 04D1     		bne	.L8
 133:Generated_Source\PSoC5/Row_Tone.c **** 	{
 134:Generated_Source\PSoC5/Row_Tone.c **** 		Row_Tone_Init();
 304              		.loc 1 134 0
 305 000c FFF7FEFF 		bl	Row_Tone_Init
 135:Generated_Source\PSoC5/Row_Tone.c **** 		Row_Tone_initVar = 1u;
 306              		.loc 1 135 0
 307 0010 034B     		ldr	r3, .L9
 308 0012 0122     		movs	r2, #1
 309 0014 1A70     		strb	r2, [r3]
 310              	.L8:
 136:Generated_Source\PSoC5/Row_Tone.c **** 	}
 137:Generated_Source\PSoC5/Row_Tone.c **** 	
 138:Generated_Source\PSoC5/Row_Tone.c **** 	Row_Tone_Enable();
 311              		.loc 1 138 0
 312 0016 FFF7FEFF 		bl	Row_Tone_Enable
 139:Generated_Source\PSoC5/Row_Tone.c **** }
 313              		.loc 1 139 0
 314 001a 00BF     		nop
 315 001c 80BD     		pop	{r7, pc}
 316              	.L10:
 317 001e 00BF     		.align	2
ARM GAS  C:\Users\LUISAL~1\AppData\Local\Temp\ccEesRCi.s 			page 9


 318              	.L9:
 319 0020 00000000 		.word	Row_Tone_initVar
 320              		.cfi_endproc
 321              	.LFE2:
 322              		.size	Row_Tone_Start, .-Row_Tone_Start
 323              		.section	.text.Row_Tone_StartEx,"ax",%progbits
 324              		.align	2
 325              		.global	Row_Tone_StartEx
 326              		.thumb
 327              		.thumb_func
 328              		.type	Row_Tone_StartEx, %function
 329              	Row_Tone_StartEx:
 330              	.LFB3:
 140:Generated_Source\PSoC5/Row_Tone.c **** 
 141:Generated_Source\PSoC5/Row_Tone.c **** 
 142:Generated_Source\PSoC5/Row_Tone.c **** /*******************************************************************************
 143:Generated_Source\PSoC5/Row_Tone.c **** * Function Name: Row_Tone_StartEx
 144:Generated_Source\PSoC5/Row_Tone.c **** ********************************************************************************
 145:Generated_Source\PSoC5/Row_Tone.c **** *
 146:Generated_Source\PSoC5/Row_Tone.c **** * Summary:
 147:Generated_Source\PSoC5/Row_Tone.c **** *  The StartEx function sets pointers and sizes for both waveforms
 148:Generated_Source\PSoC5/Row_Tone.c **** *  and then starts the component.
 149:Generated_Source\PSoC5/Row_Tone.c **** *
 150:Generated_Source\PSoC5/Row_Tone.c **** * Parameters:  
 151:Generated_Source\PSoC5/Row_Tone.c **** *   uint8 * wavePtr1:     Pointer to the waveform 1 array.
 152:Generated_Source\PSoC5/Row_Tone.c **** *   uint16  sampleSize1:  The amount of samples in the waveform 1.
 153:Generated_Source\PSoC5/Row_Tone.c **** *   uint8 * wavePtr2:     Pointer to the waveform 2 array.
 154:Generated_Source\PSoC5/Row_Tone.c **** *   uint16  sampleSize2:  The amount of samples in the waveform 2.
 155:Generated_Source\PSoC5/Row_Tone.c **** *
 156:Generated_Source\PSoC5/Row_Tone.c **** * Return: 
 157:Generated_Source\PSoC5/Row_Tone.c **** *  None
 158:Generated_Source\PSoC5/Row_Tone.c **** *
 159:Generated_Source\PSoC5/Row_Tone.c **** * Reentrant:
 160:Generated_Source\PSoC5/Row_Tone.c **** *  No
 161:Generated_Source\PSoC5/Row_Tone.c **** *
 162:Generated_Source\PSoC5/Row_Tone.c **** *******************************************************************************/
 163:Generated_Source\PSoC5/Row_Tone.c **** void Row_Tone_StartEx(const uint8 * wavePtr1, uint16 sampleSize1, const uint8 * wavePtr2, uint16 sa
 164:Generated_Source\PSoC5/Row_Tone.c **** 
 165:Generated_Source\PSoC5/Row_Tone.c **** {
 331              		.loc 1 165 0
 332              		.cfi_startproc
 333              		@ args = 0, pretend = 0, frame = 16
 334              		@ frame_needed = 1, uses_anonymous_args = 0
 335 0000 80B5     		push	{r7, lr}
 336              		.cfi_def_cfa_offset 8
 337              		.cfi_offset 7, -8
 338              		.cfi_offset 14, -4
 339 0002 84B0     		sub	sp, sp, #16
 340              		.cfi_def_cfa_offset 24
 341 0004 00AF     		add	r7, sp, #0
 342              		.cfi_def_cfa_register 7
 343 0006 F860     		str	r0, [r7, #12]
 344 0008 7A60     		str	r2, [r7, #4]
 345 000a 1A46     		mov	r2, r3
 346 000c 0B46     		mov	r3, r1	@ movhi
 347 000e 7B81     		strh	r3, [r7, #10]	@ movhi
 348 0010 1346     		mov	r3, r2	@ movhi
ARM GAS  C:\Users\LUISAL~1\AppData\Local\Temp\ccEesRCi.s 			page 10


 349 0012 3B81     		strh	r3, [r7, #8]	@ movhi
 166:Generated_Source\PSoC5/Row_Tone.c **** 	Row_Tone_Wave1Setup(wavePtr1, sampleSize1);
 350              		.loc 1 166 0
 351 0014 7B89     		ldrh	r3, [r7, #10]
 352 0016 1946     		mov	r1, r3
 353 0018 F868     		ldr	r0, [r7, #12]
 354 001a FFF7FEFF 		bl	Row_Tone_Wave1Setup
 167:Generated_Source\PSoC5/Row_Tone.c **** 	Row_Tone_Wave2Setup(wavePtr2, sampleSize2);
 355              		.loc 1 167 0
 356 001e 3B89     		ldrh	r3, [r7, #8]
 357 0020 1946     		mov	r1, r3
 358 0022 7868     		ldr	r0, [r7, #4]
 359 0024 FFF7FEFF 		bl	Row_Tone_Wave2Setup
 168:Generated_Source\PSoC5/Row_Tone.c **** 	Row_Tone_Start();
 360              		.loc 1 168 0
 361 0028 FFF7FEFF 		bl	Row_Tone_Start
 169:Generated_Source\PSoC5/Row_Tone.c **** }
 362              		.loc 1 169 0
 363 002c 00BF     		nop
 364 002e 1037     		adds	r7, r7, #16
 365              		.cfi_def_cfa_offset 8
 366 0030 BD46     		mov	sp, r7
 367              		.cfi_def_cfa_register 13
 368              		@ sp needed
 369 0032 80BD     		pop	{r7, pc}
 370              		.cfi_endproc
 371              	.LFE3:
 372              		.size	Row_Tone_StartEx, .-Row_Tone_StartEx
 373              		.section	.text.Row_Tone_Stop,"ax",%progbits
 374              		.align	2
 375              		.global	Row_Tone_Stop
 376              		.thumb
 377              		.thumb_func
 378              		.type	Row_Tone_Stop, %function
 379              	Row_Tone_Stop:
 380              	.LFB4:
 170:Generated_Source\PSoC5/Row_Tone.c **** 
 171:Generated_Source\PSoC5/Row_Tone.c **** 
 172:Generated_Source\PSoC5/Row_Tone.c **** /*******************************************************************************
 173:Generated_Source\PSoC5/Row_Tone.c **** * Function Name: Row_Tone_Stop
 174:Generated_Source\PSoC5/Row_Tone.c **** ********************************************************************************
 175:Generated_Source\PSoC5/Row_Tone.c **** *
 176:Generated_Source\PSoC5/Row_Tone.c **** * Summary:
 177:Generated_Source\PSoC5/Row_Tone.c **** *  Stops the clock (if internal), disables the DMA channels
 178:Generated_Source\PSoC5/Row_Tone.c **** *  and powers down the DAC.
 179:Generated_Source\PSoC5/Row_Tone.c **** *
 180:Generated_Source\PSoC5/Row_Tone.c **** * Parameters:  
 181:Generated_Source\PSoC5/Row_Tone.c **** *  None  
 182:Generated_Source\PSoC5/Row_Tone.c **** *
 183:Generated_Source\PSoC5/Row_Tone.c **** * Return: 
 184:Generated_Source\PSoC5/Row_Tone.c **** *  None
 185:Generated_Source\PSoC5/Row_Tone.c **** *
 186:Generated_Source\PSoC5/Row_Tone.c **** *******************************************************************************/
 187:Generated_Source\PSoC5/Row_Tone.c **** void Row_Tone_Stop(void) 
 188:Generated_Source\PSoC5/Row_Tone.c **** {
 381              		.loc 1 188 0
 382              		.cfi_startproc
ARM GAS  C:\Users\LUISAL~1\AppData\Local\Temp\ccEesRCi.s 			page 11


 383              		@ args = 0, pretend = 0, frame = 0
 384              		@ frame_needed = 1, uses_anonymous_args = 0
 385 0000 80B5     		push	{r7, lr}
 386              		.cfi_def_cfa_offset 8
 387              		.cfi_offset 7, -8
 388              		.cfi_offset 14, -4
 389 0002 00AF     		add	r7, sp, #0
 390              		.cfi_def_cfa_register 7
 189:Generated_Source\PSoC5/Row_Tone.c **** 	/* Turn off internal clock, if one present */
 190:Generated_Source\PSoC5/Row_Tone.c **** 	#if(Row_Tone_CLOCK_SRC == Row_Tone_CLOCK_INT)  	
 191:Generated_Source\PSoC5/Row_Tone.c **** 	   Row_Tone_DacClk_Stop();
 192:Generated_Source\PSoC5/Row_Tone.c **** 	#endif /* Row_Tone_CLOCK_SRC == Row_Tone_CLOCK_INT */
 193:Generated_Source\PSoC5/Row_Tone.c **** 	
 194:Generated_Source\PSoC5/Row_Tone.c **** 	/* Disble DMA channels */
 195:Generated_Source\PSoC5/Row_Tone.c **** 	(void)CyDmaChDisable(Row_Tone_Wave1Chan);
 391              		.loc 1 195 0
 392 0004 064B     		ldr	r3, .L13
 393 0006 1B78     		ldrb	r3, [r3]	@ zero_extendqisi2
 394 0008 1846     		mov	r0, r3
 395 000a FFF7FEFF 		bl	CyDmaChDisable
 196:Generated_Source\PSoC5/Row_Tone.c **** 	(void)CyDmaChDisable(Row_Tone_Wave2Chan);
 396              		.loc 1 196 0
 397 000e 054B     		ldr	r3, .L13+4
 398 0010 1B78     		ldrb	r3, [r3]	@ zero_extendqisi2
 399 0012 1846     		mov	r0, r3
 400 0014 FFF7FEFF 		bl	CyDmaChDisable
 197:Generated_Source\PSoC5/Row_Tone.c **** 
 198:Generated_Source\PSoC5/Row_Tone.c **** 	/* Disable power to DAC */
 199:Generated_Source\PSoC5/Row_Tone.c **** 	Row_Tone_VDAC8_Stop();
 401              		.loc 1 199 0
 402 0018 FFF7FEFF 		bl	Row_Tone_VDAC8_Stop
 200:Generated_Source\PSoC5/Row_Tone.c **** }
 403              		.loc 1 200 0
 404 001c 00BF     		nop
 405 001e 80BD     		pop	{r7, pc}
 406              	.L14:
 407              		.align	2
 408              	.L13:
 409 0020 01000000 		.word	Row_Tone_Wave1Chan
 410 0024 02000000 		.word	Row_Tone_Wave2Chan
 411              		.cfi_endproc
 412              	.LFE4:
 413              		.size	Row_Tone_Stop, .-Row_Tone_Stop
 414              		.section	.text.Row_Tone_Wave1Setup,"ax",%progbits
 415              		.align	2
 416              		.global	Row_Tone_Wave1Setup
 417              		.thumb
 418              		.thumb_func
 419              		.type	Row_Tone_Wave1Setup, %function
 420              	Row_Tone_Wave1Setup:
 421              	.LFB5:
 201:Generated_Source\PSoC5/Row_Tone.c **** 
 202:Generated_Source\PSoC5/Row_Tone.c **** 
 203:Generated_Source\PSoC5/Row_Tone.c **** /*******************************************************************************
 204:Generated_Source\PSoC5/Row_Tone.c **** * Function Name: Row_Tone_Wave1Setup
 205:Generated_Source\PSoC5/Row_Tone.c **** ********************************************************************************
 206:Generated_Source\PSoC5/Row_Tone.c **** *
ARM GAS  C:\Users\LUISAL~1\AppData\Local\Temp\ccEesRCi.s 			page 12


 207:Generated_Source\PSoC5/Row_Tone.c **** * Summary:
 208:Generated_Source\PSoC5/Row_Tone.c **** *  Sets pointer and size for waveform 1.                                    
 209:Generated_Source\PSoC5/Row_Tone.c **** *
 210:Generated_Source\PSoC5/Row_Tone.c **** * Parameters:  
 211:Generated_Source\PSoC5/Row_Tone.c **** *  uint8 * WavePtr:     Pointer to the waveform array.
 212:Generated_Source\PSoC5/Row_Tone.c **** *  uint16  SampleSize:  The amount of samples in the waveform.
 213:Generated_Source\PSoC5/Row_Tone.c **** *
 214:Generated_Source\PSoC5/Row_Tone.c **** * Return: 
 215:Generated_Source\PSoC5/Row_Tone.c **** *  None 
 216:Generated_Source\PSoC5/Row_Tone.c **** *
 217:Generated_Source\PSoC5/Row_Tone.c **** *******************************************************************************/
 218:Generated_Source\PSoC5/Row_Tone.c **** void Row_Tone_Wave1Setup(const uint8 * wavePtr, uint16 sampleSize)
 219:Generated_Source\PSoC5/Row_Tone.c **** 
 220:Generated_Source\PSoC5/Row_Tone.c **** {
 422              		.loc 1 220 0
 423              		.cfi_startproc
 424              		@ args = 0, pretend = 0, frame = 8
 425              		@ frame_needed = 1, uses_anonymous_args = 0
 426 0000 80B5     		push	{r7, lr}
 427              		.cfi_def_cfa_offset 8
 428              		.cfi_offset 7, -8
 429              		.cfi_offset 14, -4
 430 0002 82B0     		sub	sp, sp, #8
 431              		.cfi_def_cfa_offset 16
 432 0004 00AF     		add	r7, sp, #0
 433              		.cfi_def_cfa_register 7
 434 0006 7860     		str	r0, [r7, #4]
 435 0008 0B46     		mov	r3, r1
 436 000a 7B80     		strh	r3, [r7, #2]	@ movhi
 221:Generated_Source\PSoC5/Row_Tone.c **** 	#if (CY_PSOC3)
 222:Generated_Source\PSoC5/Row_Tone.c **** 		uint16 memoryType; /* determining the source memory type */
 223:Generated_Source\PSoC5/Row_Tone.c **** 		memoryType = (Row_Tone_HI16FLASHPTR == HI16(wavePtr)) ? HI16(CYDEV_FLS_BASE) : HI16(CYDEV_SRAM_BA
 224:Generated_Source\PSoC5/Row_Tone.c **** 		
 225:Generated_Source\PSoC5/Row_Tone.c **** 		Row_Tone_Wave1Chan = Row_Tone_Wave1_DMA_DmaInitialize(
 226:Generated_Source\PSoC5/Row_Tone.c **** 		Row_Tone_Wave1_DMA_BYTES_PER_BURST, Row_Tone_Wave1_DMA_REQUEST_PER_BURST,
 227:Generated_Source\PSoC5/Row_Tone.c **** 		memoryType, HI16(CYDEV_PERIPH_BASE));
 228:Generated_Source\PSoC5/Row_Tone.c **** 	#else /* PSoC 5 */
 229:Generated_Source\PSoC5/Row_Tone.c **** 		Row_Tone_Wave1Chan = Row_Tone_Wave1_DMA_DmaInitialize(
 230:Generated_Source\PSoC5/Row_Tone.c **** 		Row_Tone_Wave1_DMA_BYTES_PER_BURST, Row_Tone_Wave1_DMA_REQUEST_PER_BURST,
 231:Generated_Source\PSoC5/Row_Tone.c **** 		HI16(wavePtr), HI16(Row_Tone_DAC8__D));
 437              		.loc 1 231 0
 438 000c 7B68     		ldr	r3, [r7, #4]
 439 000e 1B0C     		lsrs	r3, r3, #16
 229:Generated_Source\PSoC5/Row_Tone.c **** 		Row_Tone_Wave1_DMA_BYTES_PER_BURST, Row_Tone_Wave1_DMA_REQUEST_PER_BURST,
 440              		.loc 1 229 0
 441 0010 9AB2     		uxth	r2, r3
 442 0012 4FF48043 		mov	r3, #16384
 443 0016 0121     		movs	r1, #1
 444 0018 0120     		movs	r0, #1
 445 001a FFF7FEFF 		bl	Row_Tone_Wave1_DMA_DmaInitialize
 446 001e 0346     		mov	r3, r0
 447 0020 1A46     		mov	r2, r3
 448 0022 0F4B     		ldr	r3, .L16
 449 0024 1A70     		strb	r2, [r3]
 232:Generated_Source\PSoC5/Row_Tone.c **** 	#endif /* CY_PSOC3 */
 233:Generated_Source\PSoC5/Row_Tone.c **** 	
 234:Generated_Source\PSoC5/Row_Tone.c **** 	/*
ARM GAS  C:\Users\LUISAL~1\AppData\Local\Temp\ccEesRCi.s 			page 13


 235:Generated_Source\PSoC5/Row_Tone.c **** 	* TD is looping on itself. 
 236:Generated_Source\PSoC5/Row_Tone.c ****     * Increment the source address, but not the destination address. 
 237:Generated_Source\PSoC5/Row_Tone.c **** 	*/
 238:Generated_Source\PSoC5/Row_Tone.c **** 	(void)CyDmaTdSetConfiguration(Row_Tone_Wave1TD, sampleSize, Row_Tone_Wave1TD, 
 450              		.loc 1 238 0
 451 0026 0F4B     		ldr	r3, .L16+4
 452 0028 1878     		ldrb	r0, [r3]	@ zero_extendqisi2
 453 002a 0E4B     		ldr	r3, .L16+4
 454 002c 1A78     		ldrb	r2, [r3]	@ zero_extendqisi2
 455 002e 7988     		ldrh	r1, [r7, #2]
 456 0030 0123     		movs	r3, #1
 457 0032 FFF7FEFF 		bl	CyDmaTdSetConfiguration
 239:Generated_Source\PSoC5/Row_Tone.c ****                                     (uint8)CY_DMA_TD_INC_SRC_ADR | (uint8)Row_Tone_Wave1_DMA__TD_TE
 240:Generated_Source\PSoC5/Row_Tone.c **** 	
 241:Generated_Source\PSoC5/Row_Tone.c **** 	/* Set the TD source and destination address */
 242:Generated_Source\PSoC5/Row_Tone.c **** 	(void)CyDmaTdSetAddress(Row_Tone_Wave1TD, LO16((uint32)wavePtr), LO16(Row_Tone_DAC8__D));
 458              		.loc 1 242 0
 459 0036 0B4B     		ldr	r3, .L16+4
 460 0038 1B78     		ldrb	r3, [r3]	@ zero_extendqisi2
 461 003a 7A68     		ldr	r2, [r7, #4]
 462 003c 91B2     		uxth	r1, r2
 463 003e 45F68332 		movw	r2, #23427
 464 0042 1846     		mov	r0, r3
 465 0044 FFF7FEFF 		bl	CyDmaTdSetAddress
 243:Generated_Source\PSoC5/Row_Tone.c **** 	
 244:Generated_Source\PSoC5/Row_Tone.c **** 	/* Associate the TD with the channel */
 245:Generated_Source\PSoC5/Row_Tone.c **** 	(void)CyDmaChSetInitialTd(Row_Tone_Wave1Chan, Row_Tone_Wave1TD);
 466              		.loc 1 245 0
 467 0048 054B     		ldr	r3, .L16
 468 004a 1A78     		ldrb	r2, [r3]	@ zero_extendqisi2
 469 004c 054B     		ldr	r3, .L16+4
 470 004e 1B78     		ldrb	r3, [r3]	@ zero_extendqisi2
 471 0050 1946     		mov	r1, r3
 472 0052 1046     		mov	r0, r2
 473 0054 FFF7FEFF 		bl	CyDmaChSetInitialTd
 246:Generated_Source\PSoC5/Row_Tone.c **** }
 474              		.loc 1 246 0
 475 0058 00BF     		nop
 476 005a 0837     		adds	r7, r7, #8
 477              		.cfi_def_cfa_offset 8
 478 005c BD46     		mov	sp, r7
 479              		.cfi_def_cfa_register 13
 480              		@ sp needed
 481 005e 80BD     		pop	{r7, pc}
 482              	.L17:
 483              		.align	2
 484              	.L16:
 485 0060 01000000 		.word	Row_Tone_Wave1Chan
 486 0064 03000000 		.word	Row_Tone_Wave1TD
 487              		.cfi_endproc
 488              	.LFE5:
 489              		.size	Row_Tone_Wave1Setup, .-Row_Tone_Wave1Setup
 490              		.section	.text.Row_Tone_Wave2Setup,"ax",%progbits
 491              		.align	2
 492              		.global	Row_Tone_Wave2Setup
 493              		.thumb
 494              		.thumb_func
ARM GAS  C:\Users\LUISAL~1\AppData\Local\Temp\ccEesRCi.s 			page 14


 495              		.type	Row_Tone_Wave2Setup, %function
 496              	Row_Tone_Wave2Setup:
 497              	.LFB6:
 247:Generated_Source\PSoC5/Row_Tone.c **** 
 248:Generated_Source\PSoC5/Row_Tone.c **** 
 249:Generated_Source\PSoC5/Row_Tone.c **** /*******************************************************************************
 250:Generated_Source\PSoC5/Row_Tone.c **** * Function Name: Row_Tone_Wave2Setup
 251:Generated_Source\PSoC5/Row_Tone.c **** ********************************************************************************
 252:Generated_Source\PSoC5/Row_Tone.c **** *
 253:Generated_Source\PSoC5/Row_Tone.c **** * Summary:
 254:Generated_Source\PSoC5/Row_Tone.c **** *  Sets pointer and size for waveform 2.                                    
 255:Generated_Source\PSoC5/Row_Tone.c **** *
 256:Generated_Source\PSoC5/Row_Tone.c **** * Parameters:  
 257:Generated_Source\PSoC5/Row_Tone.c **** *  uint8 * WavePtr:     Pointer to the waveform array.
 258:Generated_Source\PSoC5/Row_Tone.c **** *  uint16  SampleSize:  The amount of samples in the waveform.
 259:Generated_Source\PSoC5/Row_Tone.c **** *
 260:Generated_Source\PSoC5/Row_Tone.c **** * Return: 
 261:Generated_Source\PSoC5/Row_Tone.c **** *  None
 262:Generated_Source\PSoC5/Row_Tone.c **** *
 263:Generated_Source\PSoC5/Row_Tone.c **** *******************************************************************************/
 264:Generated_Source\PSoC5/Row_Tone.c **** void Row_Tone_Wave2Setup(const uint8 * wavePtr, uint16 sampleSize)
 265:Generated_Source\PSoC5/Row_Tone.c ****  
 266:Generated_Source\PSoC5/Row_Tone.c **** {
 498              		.loc 1 266 0
 499              		.cfi_startproc
 500              		@ args = 0, pretend = 0, frame = 8
 501              		@ frame_needed = 1, uses_anonymous_args = 0
 502 0000 80B5     		push	{r7, lr}
 503              		.cfi_def_cfa_offset 8
 504              		.cfi_offset 7, -8
 505              		.cfi_offset 14, -4
 506 0002 82B0     		sub	sp, sp, #8
 507              		.cfi_def_cfa_offset 16
 508 0004 00AF     		add	r7, sp, #0
 509              		.cfi_def_cfa_register 7
 510 0006 7860     		str	r0, [r7, #4]
 511 0008 0B46     		mov	r3, r1
 512 000a 7B80     		strh	r3, [r7, #2]	@ movhi
 267:Generated_Source\PSoC5/Row_Tone.c **** 	#if (CY_PSOC3)
 268:Generated_Source\PSoC5/Row_Tone.c **** 		uint16 memoryType; /* determining the source memory type */
 269:Generated_Source\PSoC5/Row_Tone.c **** 		memoryType = (Row_Tone_HI16FLASHPTR == HI16(wavePtr)) ? HI16(CYDEV_FLS_BASE) : HI16(CYDEV_SRAM_BA
 270:Generated_Source\PSoC5/Row_Tone.c **** 			
 271:Generated_Source\PSoC5/Row_Tone.c **** 		Row_Tone_Wave2Chan = Row_Tone_Wave2_DMA_DmaInitialize(
 272:Generated_Source\PSoC5/Row_Tone.c **** 		Row_Tone_Wave2_DMA_BYTES_PER_BURST, Row_Tone_Wave2_DMA_REQUEST_PER_BURST,
 273:Generated_Source\PSoC5/Row_Tone.c **** 		memoryType, HI16(CYDEV_PERIPH_BASE));
 274:Generated_Source\PSoC5/Row_Tone.c **** 	#else /* PSoC 5 */
 275:Generated_Source\PSoC5/Row_Tone.c **** 		Row_Tone_Wave2Chan = Row_Tone_Wave2_DMA_DmaInitialize(
 276:Generated_Source\PSoC5/Row_Tone.c **** 		Row_Tone_Wave2_DMA_BYTES_PER_BURST, Row_Tone_Wave2_DMA_REQUEST_PER_BURST,
 277:Generated_Source\PSoC5/Row_Tone.c **** 		HI16(wavePtr), HI16(Row_Tone_DAC8__D));
 513              		.loc 1 277 0
 514 000c 7B68     		ldr	r3, [r7, #4]
 515 000e 1B0C     		lsrs	r3, r3, #16
 275:Generated_Source\PSoC5/Row_Tone.c **** 		Row_Tone_Wave2_DMA_BYTES_PER_BURST, Row_Tone_Wave2_DMA_REQUEST_PER_BURST,
 516              		.loc 1 275 0
 517 0010 9AB2     		uxth	r2, r3
 518 0012 4FF48043 		mov	r3, #16384
 519 0016 0121     		movs	r1, #1
ARM GAS  C:\Users\LUISAL~1\AppData\Local\Temp\ccEesRCi.s 			page 15


 520 0018 0120     		movs	r0, #1
 521 001a FFF7FEFF 		bl	Row_Tone_Wave2_DMA_DmaInitialize
 522 001e 0346     		mov	r3, r0
 523 0020 1A46     		mov	r2, r3
 524 0022 0F4B     		ldr	r3, .L19
 525 0024 1A70     		strb	r2, [r3]
 278:Generated_Source\PSoC5/Row_Tone.c **** 	#endif /* CY_PSOC3 */
 279:Generated_Source\PSoC5/Row_Tone.c **** 	
 280:Generated_Source\PSoC5/Row_Tone.c **** 	/*
 281:Generated_Source\PSoC5/Row_Tone.c **** 	* TD is looping on itself. 
 282:Generated_Source\PSoC5/Row_Tone.c **** 	* Increment the source address, but not the destination address. 
 283:Generated_Source\PSoC5/Row_Tone.c **** 	*/
 284:Generated_Source\PSoC5/Row_Tone.c **** 	(void)CyDmaTdSetConfiguration(Row_Tone_Wave2TD, sampleSize, Row_Tone_Wave2TD, 
 526              		.loc 1 284 0
 527 0026 0F4B     		ldr	r3, .L19+4
 528 0028 1878     		ldrb	r0, [r3]	@ zero_extendqisi2
 529 002a 0E4B     		ldr	r3, .L19+4
 530 002c 1A78     		ldrb	r2, [r3]	@ zero_extendqisi2
 531 002e 7988     		ldrh	r1, [r7, #2]
 532 0030 0123     		movs	r3, #1
 533 0032 FFF7FEFF 		bl	CyDmaTdSetConfiguration
 285:Generated_Source\PSoC5/Row_Tone.c ****                                     (uint8)CY_DMA_TD_INC_SRC_ADR | (uint8)Row_Tone_Wave2_DMA__TD_TE
 286:Generated_Source\PSoC5/Row_Tone.c **** 	
 287:Generated_Source\PSoC5/Row_Tone.c **** 	/* Set the TD source and destination address */
 288:Generated_Source\PSoC5/Row_Tone.c **** 	(void)CyDmaTdSetAddress(Row_Tone_Wave2TD, LO16((uint32)wavePtr), LO16(Row_Tone_DAC8__D));
 534              		.loc 1 288 0
 535 0036 0B4B     		ldr	r3, .L19+4
 536 0038 1B78     		ldrb	r3, [r3]	@ zero_extendqisi2
 537 003a 7A68     		ldr	r2, [r7, #4]
 538 003c 91B2     		uxth	r1, r2
 539 003e 45F68332 		movw	r2, #23427
 540 0042 1846     		mov	r0, r3
 541 0044 FFF7FEFF 		bl	CyDmaTdSetAddress
 289:Generated_Source\PSoC5/Row_Tone.c **** 	
 290:Generated_Source\PSoC5/Row_Tone.c **** 	/* Associate the TD with the channel */
 291:Generated_Source\PSoC5/Row_Tone.c **** 	(void)CyDmaChSetInitialTd(Row_Tone_Wave2Chan, Row_Tone_Wave2TD);
 542              		.loc 1 291 0
 543 0048 054B     		ldr	r3, .L19
 544 004a 1A78     		ldrb	r2, [r3]	@ zero_extendqisi2
 545 004c 054B     		ldr	r3, .L19+4
 546 004e 1B78     		ldrb	r3, [r3]	@ zero_extendqisi2
 547 0050 1946     		mov	r1, r3
 548 0052 1046     		mov	r0, r2
 549 0054 FFF7FEFF 		bl	CyDmaChSetInitialTd
 292:Generated_Source\PSoC5/Row_Tone.c **** }
 550              		.loc 1 292 0
 551 0058 00BF     		nop
 552 005a 0837     		adds	r7, r7, #8
 553              		.cfi_def_cfa_offset 8
 554 005c BD46     		mov	sp, r7
 555              		.cfi_def_cfa_register 13
 556              		@ sp needed
 557 005e 80BD     		pop	{r7, pc}
 558              	.L20:
 559              		.align	2
 560              	.L19:
 561 0060 02000000 		.word	Row_Tone_Wave2Chan
ARM GAS  C:\Users\LUISAL~1\AppData\Local\Temp\ccEesRCi.s 			page 16


 562 0064 04000000 		.word	Row_Tone_Wave2TD
 563              		.cfi_endproc
 564              	.LFE6:
 565              		.size	Row_Tone_Wave2Setup, .-Row_Tone_Wave2Setup
 566              		.text
 567              	.Letext0:
 568              		.file 2 "Generated_Source\\PSoC5\\cytypes.h"
 569              		.section	.debug_info,"",%progbits
 570              	.Ldebug_info0:
 571 0000 54020000 		.4byte	0x254
 572 0004 0400     		.2byte	0x4
 573 0006 00000000 		.4byte	.Ldebug_abbrev0
 574 000a 04       		.byte	0x4
 575 000b 01       		.uleb128 0x1
 576 000c 14000000 		.4byte	.LASF37
 577 0010 0C       		.byte	0xc
 578 0011 02020000 		.4byte	.LASF38
 579 0015 0F010000 		.4byte	.LASF39
 580 0019 00000000 		.4byte	.Ldebug_ranges0+0
 581 001d 00000000 		.4byte	0
 582 0021 00000000 		.4byte	.Ldebug_line0
 583 0025 02       		.uleb128 0x2
 584 0026 01       		.byte	0x1
 585 0027 06       		.byte	0x6
 586 0028 C7020000 		.4byte	.LASF0
 587 002c 02       		.uleb128 0x2
 588 002d 01       		.byte	0x1
 589 002e 08       		.byte	0x8
 590 002f D2010000 		.4byte	.LASF1
 591 0033 02       		.uleb128 0x2
 592 0034 02       		.byte	0x2
 593 0035 05       		.byte	0x5
 594 0036 95020000 		.4byte	.LASF2
 595 003a 02       		.uleb128 0x2
 596 003b 02       		.byte	0x2
 597 003c 07       		.byte	0x7
 598 003d BF000000 		.4byte	.LASF3
 599 0041 02       		.uleb128 0x2
 600 0042 04       		.byte	0x4
 601 0043 05       		.byte	0x5
 602 0044 B2020000 		.4byte	.LASF4
 603 0048 02       		.uleb128 0x2
 604 0049 04       		.byte	0x4
 605 004a 07       		.byte	0x7
 606 004b 9A010000 		.4byte	.LASF5
 607 004f 02       		.uleb128 0x2
 608 0050 08       		.byte	0x8
 609 0051 05       		.byte	0x5
 610 0052 64020000 		.4byte	.LASF6
 611 0056 02       		.uleb128 0x2
 612 0057 08       		.byte	0x8
 613 0058 07       		.byte	0x7
 614 0059 24020000 		.4byte	.LASF7
 615 005d 03       		.uleb128 0x3
 616 005e 04       		.byte	0x4
 617 005f 05       		.byte	0x5
 618 0060 696E7400 		.ascii	"int\000"
ARM GAS  C:\Users\LUISAL~1\AppData\Local\Temp\ccEesRCi.s 			page 17


 619 0064 02       		.uleb128 0x2
 620 0065 04       		.byte	0x4
 621 0066 07       		.byte	0x7
 622 0067 F5010000 		.4byte	.LASF8
 623 006b 04       		.uleb128 0x4
 624 006c B4010000 		.4byte	.LASF9
 625 0070 02       		.byte	0x2
 626 0071 9201     		.2byte	0x192
 627 0073 2C000000 		.4byte	0x2c
 628 0077 04       		.uleb128 0x4
 629 0078 E7010000 		.4byte	.LASF10
 630 007c 02       		.byte	0x2
 631 007d 9301     		.2byte	0x193
 632 007f 3A000000 		.4byte	0x3a
 633 0083 04       		.uleb128 0x4
 634 0084 EE010000 		.4byte	.LASF11
 635 0088 02       		.byte	0x2
 636 0089 9401     		.2byte	0x194
 637 008b 48000000 		.4byte	0x48
 638 008f 02       		.uleb128 0x2
 639 0090 04       		.byte	0x4
 640 0091 04       		.byte	0x4
 641 0092 09010000 		.4byte	.LASF12
 642 0096 02       		.uleb128 0x2
 643 0097 08       		.byte	0x8
 644 0098 04       		.byte	0x4
 645 0099 E0010000 		.4byte	.LASF13
 646 009d 02       		.uleb128 0x2
 647 009e 01       		.byte	0x1
 648 009f 08       		.byte	0x8
 649 00a0 72020000 		.4byte	.LASF14
 650 00a4 02       		.uleb128 0x2
 651 00a5 08       		.byte	0x8
 652 00a6 04       		.byte	0x4
 653 00a7 BB020000 		.4byte	.LASF15
 654 00ab 02       		.uleb128 0x2
 655 00ac 04       		.byte	0x4
 656 00ad 07       		.byte	0x7
 657 00ae 5B020000 		.4byte	.LASF16
 658 00b2 05       		.uleb128 0x5
 659 00b3 87020000 		.4byte	.LASF17
 660 00b7 01       		.byte	0x1
 661 00b8 2B       		.byte	0x2b
 662 00b9 00000000 		.4byte	.LFB0
 663 00bd 50000000 		.4byte	.LFE0-.LFB0
 664 00c1 01       		.uleb128 0x1
 665 00c2 9C       		.byte	0x9c
 666 00c3 05       		.uleb128 0x5
 667 00c4 77020000 		.4byte	.LASF18
 668 00c8 01       		.byte	0x1
 669 00c9 56       		.byte	0x56
 670 00ca 00000000 		.4byte	.LFB1
 671 00ce 34000000 		.4byte	.LFE1-.LFB1
 672 00d2 01       		.uleb128 0x1
 673 00d3 9C       		.byte	0x9c
 674 00d4 05       		.uleb128 0x5
 675 00d5 4C020000 		.4byte	.LASF19
ARM GAS  C:\Users\LUISAL~1\AppData\Local\Temp\ccEesRCi.s 			page 18


 676 00d9 01       		.byte	0x1
 677 00da 81       		.byte	0x81
 678 00db 00000000 		.4byte	.LFB2
 679 00df 24000000 		.4byte	.LFE2-.LFB2
 680 00e3 01       		.uleb128 0x1
 681 00e4 9C       		.byte	0x9c
 682 00e5 06       		.uleb128 0x6
 683 00e6 76010000 		.4byte	.LASF25
 684 00ea 01       		.byte	0x1
 685 00eb A3       		.byte	0xa3
 686 00ec 00000000 		.4byte	.LFB3
 687 00f0 34000000 		.4byte	.LFE3-.LFB3
 688 00f4 01       		.uleb128 0x1
 689 00f5 9C       		.byte	0x9c
 690 00f6 33010000 		.4byte	0x133
 691 00fa 07       		.uleb128 0x7
 692 00fb D2000000 		.4byte	.LASF20
 693 00ff 01       		.byte	0x1
 694 0100 A3       		.byte	0xa3
 695 0101 33010000 		.4byte	0x133
 696 0105 02       		.uleb128 0x2
 697 0106 91       		.byte	0x91
 698 0107 74       		.sleb128 -12
 699 0108 07       		.uleb128 0x7
 700 0109 BA010000 		.4byte	.LASF21
 701 010d 01       		.byte	0x1
 702 010e A3       		.byte	0xa3
 703 010f 77000000 		.4byte	0x77
 704 0113 02       		.uleb128 0x2
 705 0114 91       		.byte	0x91
 706 0115 72       		.sleb128 -14
 707 0116 07       		.uleb128 0x7
 708 0117 DB000000 		.4byte	.LASF22
 709 011b 01       		.byte	0x1
 710 011c A3       		.byte	0xa3
 711 011d 33010000 		.4byte	0x133
 712 0121 02       		.uleb128 0x2
 713 0122 91       		.byte	0x91
 714 0123 6C       		.sleb128 -20
 715 0124 07       		.uleb128 0x7
 716 0125 C6010000 		.4byte	.LASF23
 717 0129 01       		.byte	0x1
 718 012a A3       		.byte	0xa3
 719 012b 77000000 		.4byte	0x77
 720 012f 02       		.uleb128 0x2
 721 0130 91       		.byte	0x91
 722 0131 70       		.sleb128 -16
 723 0132 00       		.byte	0
 724 0133 08       		.uleb128 0x8
 725 0134 04       		.byte	0x4
 726 0135 39010000 		.4byte	0x139
 727 0139 09       		.uleb128 0x9
 728 013a 6B000000 		.4byte	0x6b
 729 013e 05       		.uleb128 0x5
 730 013f B1000000 		.4byte	.LASF24
 731 0143 01       		.byte	0x1
 732 0144 BB       		.byte	0xbb
ARM GAS  C:\Users\LUISAL~1\AppData\Local\Temp\ccEesRCi.s 			page 19


 733 0145 00000000 		.4byte	.LFB4
 734 0149 28000000 		.4byte	.LFE4-.LFB4
 735 014d 01       		.uleb128 0x1
 736 014e 9C       		.byte	0x9c
 737 014f 06       		.uleb128 0x6
 738 0150 00000000 		.4byte	.LASF26
 739 0154 01       		.byte	0x1
 740 0155 DA       		.byte	0xda
 741 0156 00000000 		.4byte	.LFB5
 742 015a 68000000 		.4byte	.LFE5-.LFB5
 743 015e 01       		.uleb128 0x1
 744 015f 9C       		.byte	0x9c
 745 0160 81010000 		.4byte	0x181
 746 0164 07       		.uleb128 0x7
 747 0165 AC010000 		.4byte	.LASF27
 748 0169 01       		.byte	0x1
 749 016a DA       		.byte	0xda
 750 016b 33010000 		.4byte	0x133
 751 016f 02       		.uleb128 0x2
 752 0170 91       		.byte	0x91
 753 0171 74       		.sleb128 -12
 754 0172 07       		.uleb128 0x7
 755 0173 6B010000 		.4byte	.LASF28
 756 0177 01       		.byte	0x1
 757 0178 DA       		.byte	0xda
 758 0179 77000000 		.4byte	0x77
 759 017d 02       		.uleb128 0x2
 760 017e 91       		.byte	0x91
 761 017f 72       		.sleb128 -14
 762 0180 00       		.byte	0
 763 0181 0A       		.uleb128 0xa
 764 0182 E4000000 		.4byte	.LASF29
 765 0186 01       		.byte	0x1
 766 0187 0801     		.2byte	0x108
 767 0189 00000000 		.4byte	.LFB6
 768 018d 68000000 		.4byte	.LFE6-.LFB6
 769 0191 01       		.uleb128 0x1
 770 0192 9C       		.byte	0x9c
 771 0193 B6010000 		.4byte	0x1b6
 772 0197 0B       		.uleb128 0xb
 773 0198 AC010000 		.4byte	.LASF27
 774 019c 01       		.byte	0x1
 775 019d 0801     		.2byte	0x108
 776 019f 33010000 		.4byte	0x133
 777 01a3 02       		.uleb128 0x2
 778 01a4 91       		.byte	0x91
 779 01a5 74       		.sleb128 -12
 780 01a6 0B       		.uleb128 0xb
 781 01a7 6B010000 		.4byte	.LASF28
 782 01ab 01       		.byte	0x1
 783 01ac 0801     		.2byte	0x108
 784 01ae 77000000 		.4byte	0x77
 785 01b2 02       		.uleb128 0x2
 786 01b3 91       		.byte	0x91
 787 01b4 72       		.sleb128 -14
 788 01b5 00       		.byte	0
 789 01b6 0C       		.uleb128 0xc
ARM GAS  C:\Users\LUISAL~1\AppData\Local\Temp\ccEesRCi.s 			page 20


 790 01b7 87010000 		.4byte	.LASF30
 791 01bb 01       		.byte	0x1
 792 01bc 17       		.byte	0x17
 793 01bd 6B000000 		.4byte	0x6b
 794 01c1 05       		.uleb128 0x5
 795 01c2 03       		.byte	0x3
 796 01c3 01000000 		.4byte	Row_Tone_Wave1Chan
 797 01c7 0C       		.uleb128 0xc
 798 01c8 9F020000 		.4byte	.LASF31
 799 01cc 01       		.byte	0x1
 800 01cd 18       		.byte	0x18
 801 01ce 6B000000 		.4byte	0x6b
 802 01d2 05       		.uleb128 0x5
 803 01d3 03       		.byte	0x3
 804 01d4 02000000 		.4byte	Row_Tone_Wave2Chan
 805 01d8 0C       		.uleb128 0xc
 806 01d9 F8000000 		.4byte	.LASF32
 807 01dd 01       		.byte	0x1
 808 01de 19       		.byte	0x19
 809 01df 6B000000 		.4byte	0x6b
 810 01e3 05       		.uleb128 0x5
 811 01e4 03       		.byte	0x3
 812 01e5 03000000 		.4byte	Row_Tone_Wave1TD
 813 01e9 0C       		.uleb128 0xc
 814 01ea 3B020000 		.4byte	.LASF33
 815 01ee 01       		.byte	0x1
 816 01ef 1A       		.byte	0x1a
 817 01f0 6B000000 		.4byte	0x6b
 818 01f4 05       		.uleb128 0x5
 819 01f5 03       		.byte	0x3
 820 01f6 04000000 		.4byte	Row_Tone_Wave2TD
 821 01fa 0D       		.uleb128 0xd
 822 01fb D3020000 		.4byte	.LASF34
 823 01ff 01       		.byte	0x1
 824 0200 12       		.byte	0x12
 825 0201 6B000000 		.4byte	0x6b
 826 0205 05       		.uleb128 0x5
 827 0206 03       		.byte	0x3
 828 0207 00000000 		.4byte	Row_Tone_initVar
 829 020b 0E       		.uleb128 0xe
 830 020c 39010000 		.4byte	0x139
 831 0210 1B020000 		.4byte	0x21b
 832 0214 0F       		.uleb128 0xf
 833 0215 AB000000 		.4byte	0xab
 834 0219 4F       		.byte	0x4f
 835 021a 00       		.byte	0
 836 021b 0D       		.uleb128 0xd
 837 021c 5C010000 		.4byte	.LASF35
 838 0220 01       		.byte	0x1
 839 0221 14       		.byte	0x14
 840 0222 2C020000 		.4byte	0x22c
 841 0226 05       		.uleb128 0x5
 842 0227 03       		.byte	0x3
 843 0228 00000000 		.4byte	Row_Tone_wave1
 844 022c 09       		.uleb128 0x9
 845 022d 0B020000 		.4byte	0x20b
 846 0231 0E       		.uleb128 0xe
ARM GAS  C:\Users\LUISAL~1\AppData\Local\Temp\ccEesRCi.s 			page 21


 847 0232 39010000 		.4byte	0x139
 848 0236 41020000 		.4byte	0x241
 849 023a 0F       		.uleb128 0xf
 850 023b AB000000 		.4byte	0xab
 851 023f 31       		.byte	0x31
 852 0240 00       		.byte	0
 853 0241 0D       		.uleb128 0xd
 854 0242 A2000000 		.4byte	.LASF36
 855 0246 01       		.byte	0x1
 856 0247 15       		.byte	0x15
 857 0248 52020000 		.4byte	0x252
 858 024c 05       		.uleb128 0x5
 859 024d 03       		.byte	0x3
 860 024e 00000000 		.4byte	Row_Tone_wave2
 861 0252 09       		.uleb128 0x9
 862 0253 31020000 		.4byte	0x231
 863 0257 00       		.byte	0
 864              		.section	.debug_abbrev,"",%progbits
 865              	.Ldebug_abbrev0:
 866 0000 01       		.uleb128 0x1
 867 0001 11       		.uleb128 0x11
 868 0002 01       		.byte	0x1
 869 0003 25       		.uleb128 0x25
 870 0004 0E       		.uleb128 0xe
 871 0005 13       		.uleb128 0x13
 872 0006 0B       		.uleb128 0xb
 873 0007 03       		.uleb128 0x3
 874 0008 0E       		.uleb128 0xe
 875 0009 1B       		.uleb128 0x1b
 876 000a 0E       		.uleb128 0xe
 877 000b 55       		.uleb128 0x55
 878 000c 17       		.uleb128 0x17
 879 000d 11       		.uleb128 0x11
 880 000e 01       		.uleb128 0x1
 881 000f 10       		.uleb128 0x10
 882 0010 17       		.uleb128 0x17
 883 0011 00       		.byte	0
 884 0012 00       		.byte	0
 885 0013 02       		.uleb128 0x2
 886 0014 24       		.uleb128 0x24
 887 0015 00       		.byte	0
 888 0016 0B       		.uleb128 0xb
 889 0017 0B       		.uleb128 0xb
 890 0018 3E       		.uleb128 0x3e
 891 0019 0B       		.uleb128 0xb
 892 001a 03       		.uleb128 0x3
 893 001b 0E       		.uleb128 0xe
 894 001c 00       		.byte	0
 895 001d 00       		.byte	0
 896 001e 03       		.uleb128 0x3
 897 001f 24       		.uleb128 0x24
 898 0020 00       		.byte	0
 899 0021 0B       		.uleb128 0xb
 900 0022 0B       		.uleb128 0xb
 901 0023 3E       		.uleb128 0x3e
 902 0024 0B       		.uleb128 0xb
 903 0025 03       		.uleb128 0x3
ARM GAS  C:\Users\LUISAL~1\AppData\Local\Temp\ccEesRCi.s 			page 22


 904 0026 08       		.uleb128 0x8
 905 0027 00       		.byte	0
 906 0028 00       		.byte	0
 907 0029 04       		.uleb128 0x4
 908 002a 16       		.uleb128 0x16
 909 002b 00       		.byte	0
 910 002c 03       		.uleb128 0x3
 911 002d 0E       		.uleb128 0xe
 912 002e 3A       		.uleb128 0x3a
 913 002f 0B       		.uleb128 0xb
 914 0030 3B       		.uleb128 0x3b
 915 0031 05       		.uleb128 0x5
 916 0032 49       		.uleb128 0x49
 917 0033 13       		.uleb128 0x13
 918 0034 00       		.byte	0
 919 0035 00       		.byte	0
 920 0036 05       		.uleb128 0x5
 921 0037 2E       		.uleb128 0x2e
 922 0038 00       		.byte	0
 923 0039 3F       		.uleb128 0x3f
 924 003a 19       		.uleb128 0x19
 925 003b 03       		.uleb128 0x3
 926 003c 0E       		.uleb128 0xe
 927 003d 3A       		.uleb128 0x3a
 928 003e 0B       		.uleb128 0xb
 929 003f 3B       		.uleb128 0x3b
 930 0040 0B       		.uleb128 0xb
 931 0041 27       		.uleb128 0x27
 932 0042 19       		.uleb128 0x19
 933 0043 11       		.uleb128 0x11
 934 0044 01       		.uleb128 0x1
 935 0045 12       		.uleb128 0x12
 936 0046 06       		.uleb128 0x6
 937 0047 40       		.uleb128 0x40
 938 0048 18       		.uleb128 0x18
 939 0049 9642     		.uleb128 0x2116
 940 004b 19       		.uleb128 0x19
 941 004c 00       		.byte	0
 942 004d 00       		.byte	0
 943 004e 06       		.uleb128 0x6
 944 004f 2E       		.uleb128 0x2e
 945 0050 01       		.byte	0x1
 946 0051 3F       		.uleb128 0x3f
 947 0052 19       		.uleb128 0x19
 948 0053 03       		.uleb128 0x3
 949 0054 0E       		.uleb128 0xe
 950 0055 3A       		.uleb128 0x3a
 951 0056 0B       		.uleb128 0xb
 952 0057 3B       		.uleb128 0x3b
 953 0058 0B       		.uleb128 0xb
 954 0059 27       		.uleb128 0x27
 955 005a 19       		.uleb128 0x19
 956 005b 11       		.uleb128 0x11
 957 005c 01       		.uleb128 0x1
 958 005d 12       		.uleb128 0x12
 959 005e 06       		.uleb128 0x6
 960 005f 40       		.uleb128 0x40
ARM GAS  C:\Users\LUISAL~1\AppData\Local\Temp\ccEesRCi.s 			page 23


 961 0060 18       		.uleb128 0x18
 962 0061 9642     		.uleb128 0x2116
 963 0063 19       		.uleb128 0x19
 964 0064 01       		.uleb128 0x1
 965 0065 13       		.uleb128 0x13
 966 0066 00       		.byte	0
 967 0067 00       		.byte	0
 968 0068 07       		.uleb128 0x7
 969 0069 05       		.uleb128 0x5
 970 006a 00       		.byte	0
 971 006b 03       		.uleb128 0x3
 972 006c 0E       		.uleb128 0xe
 973 006d 3A       		.uleb128 0x3a
 974 006e 0B       		.uleb128 0xb
 975 006f 3B       		.uleb128 0x3b
 976 0070 0B       		.uleb128 0xb
 977 0071 49       		.uleb128 0x49
 978 0072 13       		.uleb128 0x13
 979 0073 02       		.uleb128 0x2
 980 0074 18       		.uleb128 0x18
 981 0075 00       		.byte	0
 982 0076 00       		.byte	0
 983 0077 08       		.uleb128 0x8
 984 0078 0F       		.uleb128 0xf
 985 0079 00       		.byte	0
 986 007a 0B       		.uleb128 0xb
 987 007b 0B       		.uleb128 0xb
 988 007c 49       		.uleb128 0x49
 989 007d 13       		.uleb128 0x13
 990 007e 00       		.byte	0
 991 007f 00       		.byte	0
 992 0080 09       		.uleb128 0x9
 993 0081 26       		.uleb128 0x26
 994 0082 00       		.byte	0
 995 0083 49       		.uleb128 0x49
 996 0084 13       		.uleb128 0x13
 997 0085 00       		.byte	0
 998 0086 00       		.byte	0
 999 0087 0A       		.uleb128 0xa
 1000 0088 2E       		.uleb128 0x2e
 1001 0089 01       		.byte	0x1
 1002 008a 3F       		.uleb128 0x3f
 1003 008b 19       		.uleb128 0x19
 1004 008c 03       		.uleb128 0x3
 1005 008d 0E       		.uleb128 0xe
 1006 008e 3A       		.uleb128 0x3a
 1007 008f 0B       		.uleb128 0xb
 1008 0090 3B       		.uleb128 0x3b
 1009 0091 05       		.uleb128 0x5
 1010 0092 27       		.uleb128 0x27
 1011 0093 19       		.uleb128 0x19
 1012 0094 11       		.uleb128 0x11
 1013 0095 01       		.uleb128 0x1
 1014 0096 12       		.uleb128 0x12
 1015 0097 06       		.uleb128 0x6
 1016 0098 40       		.uleb128 0x40
 1017 0099 18       		.uleb128 0x18
ARM GAS  C:\Users\LUISAL~1\AppData\Local\Temp\ccEesRCi.s 			page 24


 1018 009a 9642     		.uleb128 0x2116
 1019 009c 19       		.uleb128 0x19
 1020 009d 01       		.uleb128 0x1
 1021 009e 13       		.uleb128 0x13
 1022 009f 00       		.byte	0
 1023 00a0 00       		.byte	0
 1024 00a1 0B       		.uleb128 0xb
 1025 00a2 05       		.uleb128 0x5
 1026 00a3 00       		.byte	0
 1027 00a4 03       		.uleb128 0x3
 1028 00a5 0E       		.uleb128 0xe
 1029 00a6 3A       		.uleb128 0x3a
 1030 00a7 0B       		.uleb128 0xb
 1031 00a8 3B       		.uleb128 0x3b
 1032 00a9 05       		.uleb128 0x5
 1033 00aa 49       		.uleb128 0x49
 1034 00ab 13       		.uleb128 0x13
 1035 00ac 02       		.uleb128 0x2
 1036 00ad 18       		.uleb128 0x18
 1037 00ae 00       		.byte	0
 1038 00af 00       		.byte	0
 1039 00b0 0C       		.uleb128 0xc
 1040 00b1 34       		.uleb128 0x34
 1041 00b2 00       		.byte	0
 1042 00b3 03       		.uleb128 0x3
 1043 00b4 0E       		.uleb128 0xe
 1044 00b5 3A       		.uleb128 0x3a
 1045 00b6 0B       		.uleb128 0xb
 1046 00b7 3B       		.uleb128 0x3b
 1047 00b8 0B       		.uleb128 0xb
 1048 00b9 49       		.uleb128 0x49
 1049 00ba 13       		.uleb128 0x13
 1050 00bb 02       		.uleb128 0x2
 1051 00bc 18       		.uleb128 0x18
 1052 00bd 00       		.byte	0
 1053 00be 00       		.byte	0
 1054 00bf 0D       		.uleb128 0xd
 1055 00c0 34       		.uleb128 0x34
 1056 00c1 00       		.byte	0
 1057 00c2 03       		.uleb128 0x3
 1058 00c3 0E       		.uleb128 0xe
 1059 00c4 3A       		.uleb128 0x3a
 1060 00c5 0B       		.uleb128 0xb
 1061 00c6 3B       		.uleb128 0x3b
 1062 00c7 0B       		.uleb128 0xb
 1063 00c8 49       		.uleb128 0x49
 1064 00c9 13       		.uleb128 0x13
 1065 00ca 3F       		.uleb128 0x3f
 1066 00cb 19       		.uleb128 0x19
 1067 00cc 02       		.uleb128 0x2
 1068 00cd 18       		.uleb128 0x18
 1069 00ce 00       		.byte	0
 1070 00cf 00       		.byte	0
 1071 00d0 0E       		.uleb128 0xe
 1072 00d1 01       		.uleb128 0x1
 1073 00d2 01       		.byte	0x1
 1074 00d3 49       		.uleb128 0x49
ARM GAS  C:\Users\LUISAL~1\AppData\Local\Temp\ccEesRCi.s 			page 25


 1075 00d4 13       		.uleb128 0x13
 1076 00d5 01       		.uleb128 0x1
 1077 00d6 13       		.uleb128 0x13
 1078 00d7 00       		.byte	0
 1079 00d8 00       		.byte	0
 1080 00d9 0F       		.uleb128 0xf
 1081 00da 21       		.uleb128 0x21
 1082 00db 00       		.byte	0
 1083 00dc 49       		.uleb128 0x49
 1084 00dd 13       		.uleb128 0x13
 1085 00de 2F       		.uleb128 0x2f
 1086 00df 0B       		.uleb128 0xb
 1087 00e0 00       		.byte	0
 1088 00e1 00       		.byte	0
 1089 00e2 00       		.byte	0
 1090              		.section	.debug_aranges,"",%progbits
 1091 0000 4C000000 		.4byte	0x4c
 1092 0004 0200     		.2byte	0x2
 1093 0006 00000000 		.4byte	.Ldebug_info0
 1094 000a 04       		.byte	0x4
 1095 000b 00       		.byte	0
 1096 000c 0000     		.2byte	0
 1097 000e 0000     		.2byte	0
 1098 0010 00000000 		.4byte	.LFB0
 1099 0014 50000000 		.4byte	.LFE0-.LFB0
 1100 0018 00000000 		.4byte	.LFB1
 1101 001c 34000000 		.4byte	.LFE1-.LFB1
 1102 0020 00000000 		.4byte	.LFB2
 1103 0024 24000000 		.4byte	.LFE2-.LFB2
 1104 0028 00000000 		.4byte	.LFB3
 1105 002c 34000000 		.4byte	.LFE3-.LFB3
 1106 0030 00000000 		.4byte	.LFB4
 1107 0034 28000000 		.4byte	.LFE4-.LFB4
 1108 0038 00000000 		.4byte	.LFB5
 1109 003c 68000000 		.4byte	.LFE5-.LFB5
 1110 0040 00000000 		.4byte	.LFB6
 1111 0044 68000000 		.4byte	.LFE6-.LFB6
 1112 0048 00000000 		.4byte	0
 1113 004c 00000000 		.4byte	0
 1114              		.section	.debug_ranges,"",%progbits
 1115              	.Ldebug_ranges0:
 1116 0000 00000000 		.4byte	.LFB0
 1117 0004 50000000 		.4byte	.LFE0
 1118 0008 00000000 		.4byte	.LFB1
 1119 000c 34000000 		.4byte	.LFE1
 1120 0010 00000000 		.4byte	.LFB2
 1121 0014 24000000 		.4byte	.LFE2
 1122 0018 00000000 		.4byte	.LFB3
 1123 001c 34000000 		.4byte	.LFE3
 1124 0020 00000000 		.4byte	.LFB4
 1125 0024 28000000 		.4byte	.LFE4
 1126 0028 00000000 		.4byte	.LFB5
 1127 002c 68000000 		.4byte	.LFE5
 1128 0030 00000000 		.4byte	.LFB6
 1129 0034 68000000 		.4byte	.LFE6
 1130 0038 00000000 		.4byte	0
 1131 003c 00000000 		.4byte	0
ARM GAS  C:\Users\LUISAL~1\AppData\Local\Temp\ccEesRCi.s 			page 26


 1132              		.section	.debug_line,"",%progbits
 1133              	.Ldebug_line0:
 1134 0000 EC000000 		.section	.debug_str,"MS",%progbits,1
 1134      02004500 
 1134      00000201 
 1134      FB0E0D00 
 1134      01010101 
 1135              	.LASF26:
 1136 0000 526F775F 		.ascii	"Row_Tone_Wave1Setup\000"
 1136      546F6E65 
 1136      5F576176 
 1136      65315365 
 1136      74757000 
 1137              	.LASF37:
 1138 0014 474E5520 		.ascii	"GNU C11 5.4.1 20160609 (release) [ARM/embedded-5-br"
 1138      43313120 
 1138      352E342E 
 1138      31203230 
 1138      31363036 
 1139 0047 616E6368 		.ascii	"anch revision 237715] -mcpu=cortex-m3 -mthumb -g -O"
 1139      20726576 
 1139      6973696F 
 1139      6E203233 
 1139      37373135 
 1140 007a 30202D66 		.ascii	"0 -ffunction-sections -ffat-lto-objects\000"
 1140      66756E63 
 1140      74696F6E 
 1140      2D736563 
 1140      74696F6E 
 1141              	.LASF36:
 1142 00a2 526F775F 		.ascii	"Row_Tone_wave2\000"
 1142      546F6E65 
 1142      5F776176 
 1142      653200
 1143              	.LASF24:
 1144 00b1 526F775F 		.ascii	"Row_Tone_Stop\000"
 1144      546F6E65 
 1144      5F53746F 
 1144      7000
 1145              	.LASF3:
 1146 00bf 73686F72 		.ascii	"short unsigned int\000"
 1146      7420756E 
 1146      7369676E 
 1146      65642069 
 1146      6E7400
 1147              	.LASF20:
 1148 00d2 77617665 		.ascii	"wavePtr1\000"
 1148      50747231 
 1148      00
 1149              	.LASF22:
 1150 00db 77617665 		.ascii	"wavePtr2\000"
 1150      50747232 
 1150      00
 1151              	.LASF29:
 1152 00e4 526F775F 		.ascii	"Row_Tone_Wave2Setup\000"
 1152      546F6E65 
 1152      5F576176 
ARM GAS  C:\Users\LUISAL~1\AppData\Local\Temp\ccEesRCi.s 			page 27


 1152      65325365 
 1152      74757000 
 1153              	.LASF32:
 1154 00f8 526F775F 		.ascii	"Row_Tone_Wave1TD\000"
 1154      546F6E65 
 1154      5F576176 
 1154      65315444 
 1154      00
 1155              	.LASF12:
 1156 0109 666C6F61 		.ascii	"float\000"
 1156      7400
 1157              	.LASF39:
 1158 010f 433A5C55 		.ascii	"C:\\Users\\Luis Alonso Murillo\\Documents\\GitHub\\"
 1158      73657273 
 1158      5C4C7569 
 1158      7320416C 
 1158      6F6E736F 
 1159 013d 44544D46 		.ascii	"DTMF\\transmitter\\Encoder.cydsn\000"
 1159      5C747261 
 1159      6E736D69 
 1159      74746572 
 1159      5C456E63 
 1160              	.LASF35:
 1161 015c 526F775F 		.ascii	"Row_Tone_wave1\000"
 1161      546F6E65 
 1161      5F776176 
 1161      653100
 1162              	.LASF28:
 1163 016b 73616D70 		.ascii	"sampleSize\000"
 1163      6C655369 
 1163      7A6500
 1164              	.LASF25:
 1165 0176 526F775F 		.ascii	"Row_Tone_StartEx\000"
 1165      546F6E65 
 1165      5F537461 
 1165      72744578 
 1165      00
 1166              	.LASF30:
 1167 0187 526F775F 		.ascii	"Row_Tone_Wave1Chan\000"
 1167      546F6E65 
 1167      5F576176 
 1167      65314368 
 1167      616E00
 1168              	.LASF5:
 1169 019a 6C6F6E67 		.ascii	"long unsigned int\000"
 1169      20756E73 
 1169      69676E65 
 1169      6420696E 
 1169      7400
 1170              	.LASF27:
 1171 01ac 77617665 		.ascii	"wavePtr\000"
 1171      50747200 
 1172              	.LASF9:
 1173 01b4 75696E74 		.ascii	"uint8\000"
 1173      3800
 1174              	.LASF21:
 1175 01ba 73616D70 		.ascii	"sampleSize1\000"
ARM GAS  C:\Users\LUISAL~1\AppData\Local\Temp\ccEesRCi.s 			page 28


 1175      6C655369 
 1175      7A653100 
 1176              	.LASF23:
 1177 01c6 73616D70 		.ascii	"sampleSize2\000"
 1177      6C655369 
 1177      7A653200 
 1178              	.LASF1:
 1179 01d2 756E7369 		.ascii	"unsigned char\000"
 1179      676E6564 
 1179      20636861 
 1179      7200
 1180              	.LASF13:
 1181 01e0 646F7562 		.ascii	"double\000"
 1181      6C6500
 1182              	.LASF10:
 1183 01e7 75696E74 		.ascii	"uint16\000"
 1183      313600
 1184              	.LASF11:
 1185 01ee 75696E74 		.ascii	"uint32\000"
 1185      333200
 1186              	.LASF8:
 1187 01f5 756E7369 		.ascii	"unsigned int\000"
 1187      676E6564 
 1187      20696E74 
 1187      00
 1188              	.LASF38:
 1189 0202 47656E65 		.ascii	"Generated_Source\\PSoC5\\Row_Tone.c\000"
 1189      72617465 
 1189      645F536F 
 1189      75726365 
 1189      5C50536F 
 1190              	.LASF7:
 1191 0224 6C6F6E67 		.ascii	"long long unsigned int\000"
 1191      206C6F6E 
 1191      6720756E 
 1191      7369676E 
 1191      65642069 
 1192              	.LASF33:
 1193 023b 526F775F 		.ascii	"Row_Tone_Wave2TD\000"
 1193      546F6E65 
 1193      5F576176 
 1193      65325444 
 1193      00
 1194              	.LASF19:
 1195 024c 526F775F 		.ascii	"Row_Tone_Start\000"
 1195      546F6E65 
 1195      5F537461 
 1195      727400
 1196              	.LASF16:
 1197 025b 73697A65 		.ascii	"sizetype\000"
 1197      74797065 
 1197      00
 1198              	.LASF6:
 1199 0264 6C6F6E67 		.ascii	"long long int\000"
 1199      206C6F6E 
 1199      6720696E 
 1199      7400
ARM GAS  C:\Users\LUISAL~1\AppData\Local\Temp\ccEesRCi.s 			page 29


 1200              	.LASF14:
 1201 0272 63686172 		.ascii	"char\000"
 1201      00
 1202              	.LASF18:
 1203 0277 526F775F 		.ascii	"Row_Tone_Enable\000"
 1203      546F6E65 
 1203      5F456E61 
 1203      626C6500 
 1204              	.LASF17:
 1205 0287 526F775F 		.ascii	"Row_Tone_Init\000"
 1205      546F6E65 
 1205      5F496E69 
 1205      7400
 1206              	.LASF2:
 1207 0295 73686F72 		.ascii	"short int\000"
 1207      7420696E 
 1207      7400
 1208              	.LASF31:
 1209 029f 526F775F 		.ascii	"Row_Tone_Wave2Chan\000"
 1209      546F6E65 
 1209      5F576176 
 1209      65324368 
 1209      616E00
 1210              	.LASF4:
 1211 02b2 6C6F6E67 		.ascii	"long int\000"
 1211      20696E74 
 1211      00
 1212              	.LASF15:
 1213 02bb 6C6F6E67 		.ascii	"long double\000"
 1213      20646F75 
 1213      626C6500 
 1214              	.LASF0:
 1215 02c7 7369676E 		.ascii	"signed char\000"
 1215      65642063 
 1215      68617200 
 1216              	.LASF34:
 1217 02d3 526F775F 		.ascii	"Row_Tone_initVar\000"
 1217      546F6E65 
 1217      5F696E69 
 1217      74566172 
 1217      00
 1218              		.ident	"GCC: (GNU Tools for ARM Embedded Processors) 5.4.1 20160609 (release) [ARM/embedded-5-bran
