Archive member included to satisfy reference by file (symbol)

.\CortexM0\ARM_GCC_541\Debug\CE210558_GPIO_Interrupt.a(CyLib.o)
                              .\CortexM0\ARM_GCC_541\Debug\cyfitter_cfg.o (CySysClkWriteImoFreq)
.\CortexM0\ARM_GCC_541\Debug\CE210558_GPIO_Interrupt.a(Rows.o)
                              .\CortexM0\ARM_GCC_541\Debug\InterruptRoutine.o (Rows_Read)
.\CortexM0\ARM_GCC_541\Debug\CE210558_GPIO_Interrupt.a(isr_rows.o)
                              .\CortexM0\ARM_GCC_541\Debug\main.o (isr_rows_StartEx)
.\CortexM0\ARM_GCC_541\Debug\CE210558_GPIO_Interrupt.a(isr_columns.o)
                              .\CortexM0\ARM_GCC_541\Debug\main.o (isr_columns_StartEx)
.\CortexM0\ARM_GCC_541\Debug\CE210558_GPIO_Interrupt.a(Columns.o)
                              .\CortexM0\ARM_GCC_541\Debug\InterruptRoutine.o (Columns_Read)
.\CortexM0\ARM_GCC_541\Debug\CE210558_GPIO_Interrupt.a(Notification.o)
                              .\CortexM0\ARM_GCC_541\Debug\InterruptRoutine.o (Notification_Write)
.\CortexM0\ARM_GCC_541\Debug\CE210558_GPIO_Interrupt.a(CyBootAsmGnu.o)
                              .\CortexM0\ARM_GCC_541\Debug\CE210558_GPIO_Interrupt.a(CyLib.o) (CyDelayCycles)
c:/program files (x86)/cypress/psoc creator/4.2/psoc creator/import/gnu/arm/5.4.1/bin/../lib/gcc/arm-none-eabi/5.4.1/armv6-m\libgcc.a(_udivsi3.o)
                              .\CortexM0\ARM_GCC_541\Debug\CE210558_GPIO_Interrupt.a(CyLib.o) (__aeabi_uidiv)
c:/program files (x86)/cypress/psoc creator/4.2/psoc creator/import/gnu/arm/5.4.1/bin/../lib/gcc/arm-none-eabi/5.4.1/armv6-m\libgcc.a(_dvmd_tls.o)
                              c:/program files (x86)/cypress/psoc creator/4.2/psoc creator/import/gnu/arm/5.4.1/bin/../lib/gcc/arm-none-eabi/5.4.1/armv6-m\libgcc.a(_udivsi3.o) (__aeabi_idiv0)
c:/program files (x86)/cypress/psoc creator/4.2/psoc creator/import/gnu/arm/5.4.1/bin/../lib/gcc/arm-none-eabi/5.4.1/../../../../arm-none-eabi/lib/armv6-m\libg_nano.a(lib_a-errno.o)
                              .\CortexM0\ARM_GCC_541\Debug\Cm0Start.o (__errno)
c:/program files (x86)/cypress/psoc creator/4.2/psoc creator/import/gnu/arm/5.4.1/bin/../lib/gcc/arm-none-eabi/5.4.1/../../../../arm-none-eabi/lib/armv6-m\libg_nano.a(lib_a-exit.o)
                              c:/program files (x86)/cypress/psoc creator/4.2/psoc creator/import/gnu/arm/5.4.1/bin/../lib/gcc/arm-none-eabi/5.4.1/../../../../arm-none-eabi/lib/armv6-m/crt0.o (exit)
c:/program files (x86)/cypress/psoc creator/4.2/psoc creator/import/gnu/arm/5.4.1/bin/../lib/gcc/arm-none-eabi/5.4.1/../../../../arm-none-eabi/lib/armv6-m\libg_nano.a(lib_a-impure.o)
                              c:/program files (x86)/cypress/psoc creator/4.2/psoc creator/import/gnu/arm/5.4.1/bin/../lib/gcc/arm-none-eabi/5.4.1/../../../../arm-none-eabi/lib/armv6-m\libg_nano.a(lib_a-exit.o) (_global_impure_ptr)
c:/program files (x86)/cypress/psoc creator/4.2/psoc creator/import/gnu/arm/5.4.1/bin/../lib/gcc/arm-none-eabi/5.4.1/../../../../arm-none-eabi/lib/armv6-m\libg_nano.a(lib_a-init.o)
                              c:/program files (x86)/cypress/psoc creator/4.2/psoc creator/import/gnu/arm/5.4.1/bin/../lib/gcc/arm-none-eabi/5.4.1/../../../../arm-none-eabi/lib/armv6-m/crt0.o (__libc_init_array)
c:/program files (x86)/cypress/psoc creator/4.2/psoc creator/import/gnu/arm/5.4.1/bin/../lib/gcc/arm-none-eabi/5.4.1/../../../../arm-none-eabi/lib/armv6-m\libg_nano.a(lib_a-memcpy-stub.o)
                              .\CortexM0\ARM_GCC_541\Debug\cyfitter_cfg.o (memcpy)
c:/program files (x86)/cypress/psoc creator/4.2/psoc creator/import/gnu/arm/5.4.1/bin/../lib/gcc/arm-none-eabi/5.4.1/../../../../arm-none-eabi/lib/armv6-m\libg_nano.a(lib_a-memset.o)
                              c:/program files (x86)/cypress/psoc creator/4.2/psoc creator/import/gnu/arm/5.4.1/bin/../lib/gcc/arm-none-eabi/5.4.1/../../../../arm-none-eabi/lib/armv6-m/crt0.o (memset)

Discarded input sections

 .text          0x00000000        0x0 c:/program files (x86)/cypress/psoc creator/4.2/psoc creator/import/gnu/arm/5.4.1/bin/../lib/gcc/arm-none-eabi/5.4.1/armv6-m/crti.o
 .data          0x00000000        0x0 c:/program files (x86)/cypress/psoc creator/4.2/psoc creator/import/gnu/arm/5.4.1/bin/../lib/gcc/arm-none-eabi/5.4.1/armv6-m/crti.o
 .bss           0x00000000        0x0 c:/program files (x86)/cypress/psoc creator/4.2/psoc creator/import/gnu/arm/5.4.1/bin/../lib/gcc/arm-none-eabi/5.4.1/armv6-m/crti.o
 .data          0x00000000        0x4 c:/program files (x86)/cypress/psoc creator/4.2/psoc creator/import/gnu/arm/5.4.1/bin/../lib/gcc/arm-none-eabi/5.4.1/armv6-m/crtbegin.o
 .text          0x00000000       0x78 c:/program files (x86)/cypress/psoc creator/4.2/psoc creator/import/gnu/arm/5.4.1/bin/../lib/gcc/arm-none-eabi/5.4.1/../../../../arm-none-eabi/lib/armv6-m/crt0.o
 .data          0x00000000        0x0 c:/program files (x86)/cypress/psoc creator/4.2/psoc creator/import/gnu/arm/5.4.1/bin/../lib/gcc/arm-none-eabi/5.4.1/../../../../arm-none-eabi/lib/armv6-m/crt0.o
 .bss           0x00000000        0x0 c:/program files (x86)/cypress/psoc creator/4.2/psoc creator/import/gnu/arm/5.4.1/bin/../lib/gcc/arm-none-eabi/5.4.1/../../../../arm-none-eabi/lib/armv6-m/crt0.o
 .ARM.extab     0x00000000        0x0 c:/program files (x86)/cypress/psoc creator/4.2/psoc creator/import/gnu/arm/5.4.1/bin/../lib/gcc/arm-none-eabi/5.4.1/../../../../arm-none-eabi/lib/armv6-m/crt0.o
 .ARM.exidx     0x00000000        0x8 c:/program files (x86)/cypress/psoc creator/4.2/psoc creator/import/gnu/arm/5.4.1/bin/../lib/gcc/arm-none-eabi/5.4.1/../../../../arm-none-eabi/lib/armv6-m/crt0.o
 .text          0x00000000        0x0 .\CortexM0\ARM_GCC_541\Debug\main.o
 .data          0x00000000        0x0 .\CortexM0\ARM_GCC_541\Debug\main.o
 .bss           0x00000000        0x0 .\CortexM0\ARM_GCC_541\Debug\main.o
 .text          0x00000000        0x0 .\CortexM0\ARM_GCC_541\Debug\InterruptRoutine.o
 .data          0x00000000        0x0 .\CortexM0\ARM_GCC_541\Debug\InterruptRoutine.o
 .bss           0x00000000        0x0 .\CortexM0\ARM_GCC_541\Debug\InterruptRoutine.o
 .text          0x00000000        0x0 .\CortexM0\ARM_GCC_541\Debug\cyfitter_cfg.o
 .data          0x00000000        0x0 .\CortexM0\ARM_GCC_541\Debug\cyfitter_cfg.o
 .bss           0x00000000        0x0 .\CortexM0\ARM_GCC_541\Debug\cyfitter_cfg.o
 .text.CYCONFIGCPY
                0x00000000       0x20 .\CortexM0\ARM_GCC_541\Debug\cyfitter_cfg.o
 .text.CYCONFIGCPYCODE
                0x00000000       0x20 .\CortexM0\ARM_GCC_541\Debug\cyfitter_cfg.o
 .text          0x00000000        0x0 .\CortexM0\ARM_GCC_541\Debug\cymetadata.o
 .data          0x00000000        0x0 .\CortexM0\ARM_GCC_541\Debug\cymetadata.o
 .bss           0x00000000        0x0 .\CortexM0\ARM_GCC_541\Debug\cymetadata.o
 .text          0x00000000        0x0 .\CortexM0\ARM_GCC_541\Debug\Cm0Start.o
 .data          0x00000000        0x4 .\CortexM0\ARM_GCC_541\Debug\Cm0Start.o
 .bss           0x00000000        0x0 .\CortexM0\ARM_GCC_541\Debug\Cm0Start.o
 .text._exit    0x00000000       0x14 .\CortexM0\ARM_GCC_541\Debug\Cm0Start.o
 .text._sbrk    0x00000000       0x50 .\CortexM0\ARM_GCC_541\Debug\Cm0Start.o
 .text          0x00000000        0x0 .\CortexM0\ARM_GCC_541\Debug\CE210558_GPIO_Interrupt.a(CyLib.o)
 .bss           0x00000000       0x18 .\CortexM0\ARM_GCC_541\Debug\CE210558_GPIO_Interrupt.a(CyLib.o)
 .text.CySysClkImoStart
                0x00000000       0x1c .\CortexM0\ARM_GCC_541\Debug\CE210558_GPIO_Interrupt.a(CyLib.o)
 .text.CySysClkImoStop
                0x00000000       0x1c .\CortexM0\ARM_GCC_541\Debug\CE210558_GPIO_Interrupt.a(CyLib.o)
 .text.CySysClkWriteHfclkDirect
                0x00000000       0x48 .\CortexM0\ARM_GCC_541\Debug\CE210558_GPIO_Interrupt.a(CyLib.o)
 .text.CySysClkGetSysclkSource
                0x00000000       0x34 .\CortexM0\ARM_GCC_541\Debug\CE210558_GPIO_Interrupt.a(CyLib.o)
 .text.CySysClkWriteSysclkDiv
                0x00000000       0x48 .\CortexM0\ARM_GCC_541\Debug\CE210558_GPIO_Interrupt.a(CyLib.o)
 .text.CySysLvdEnable
                0x00000000       0x64 .\CortexM0\ARM_GCC_541\Debug\CE210558_GPIO_Interrupt.a(CyLib.o)
 .text.CySysLvdDisable
                0x00000000       0x2c .\CortexM0\ARM_GCC_541\Debug\CE210558_GPIO_Interrupt.a(CyLib.o)
 .text.CySysLvdGetInterruptSource
                0x00000000       0x18 .\CortexM0\ARM_GCC_541\Debug\CE210558_GPIO_Interrupt.a(CyLib.o)
 .text.CySysLvdClearInterrupt
                0x00000000       0x14 .\CortexM0\ARM_GCC_541\Debug\CE210558_GPIO_Interrupt.a(CyLib.o)
 .text.CySysGetResetReason
                0x00000000       0x30 .\CortexM0\ARM_GCC_541\Debug\CE210558_GPIO_Interrupt.a(CyLib.o)
 .text.CyDisableInts
                0x00000000       0x24 .\CortexM0\ARM_GCC_541\Debug\CE210558_GPIO_Interrupt.a(CyLib.o)
 .text.CyEnableInts
                0x00000000       0x1c .\CortexM0\ARM_GCC_541\Debug\CE210558_GPIO_Interrupt.a(CyLib.o)
 .text.CyIntSetSysVector
                0x00000000       0x48 .\CortexM0\ARM_GCC_541\Debug\CE210558_GPIO_Interrupt.a(CyLib.o)
 .text.CyIntGetSysVector
                0x00000000       0x34 .\CortexM0\ARM_GCC_541\Debug\CE210558_GPIO_Interrupt.a(CyLib.o)
 .text.CyIntSetVector
                0x00000000       0x4c .\CortexM0\ARM_GCC_541\Debug\CE210558_GPIO_Interrupt.a(CyLib.o)
 .text.CyIntGetVector
                0x00000000       0x38 .\CortexM0\ARM_GCC_541\Debug\CE210558_GPIO_Interrupt.a(CyLib.o)
 .text.CyIntSetPriority
                0x00000000       0xa8 .\CortexM0\ARM_GCC_541\Debug\CE210558_GPIO_Interrupt.a(CyLib.o)
 .text.CyIntGetPriority
                0x00000000       0x58 .\CortexM0\ARM_GCC_541\Debug\CE210558_GPIO_Interrupt.a(CyLib.o)
 .text.CyIntEnable
                0x00000000       0x2c .\CortexM0\ARM_GCC_541\Debug\CE210558_GPIO_Interrupt.a(CyLib.o)
 .text.CyIntGetState
                0x00000000       0x30 .\CortexM0\ARM_GCC_541\Debug\CE210558_GPIO_Interrupt.a(CyLib.o)
 .text.CyIntDisable
                0x00000000       0x2c .\CortexM0\ARM_GCC_541\Debug\CE210558_GPIO_Interrupt.a(CyLib.o)
 .text.CyIntSetPending
                0x00000000       0x2c .\CortexM0\ARM_GCC_541\Debug\CE210558_GPIO_Interrupt.a(CyLib.o)
 .text.CyIntClearPending
                0x00000000       0x2c .\CortexM0\ARM_GCC_541\Debug\CE210558_GPIO_Interrupt.a(CyLib.o)
 .text.CySoftwareReset
                0x00000000       0x24 .\CortexM0\ARM_GCC_541\Debug\CE210558_GPIO_Interrupt.a(CyLib.o)
 .text.CyDelay  0x00000000       0x4c .\CortexM0\ARM_GCC_541\Debug\CE210558_GPIO_Interrupt.a(CyLib.o)
 .text.CyDelayFreq
                0x00000000       0x84 .\CortexM0\ARM_GCC_541\Debug\CE210558_GPIO_Interrupt.a(CyLib.o)
 .text.CySysTickStart
                0x00000000       0x24 .\CortexM0\ARM_GCC_541\Debug\CE210558_GPIO_Interrupt.a(CyLib.o)
 .text.CySysTickInit
                0x00000000       0x60 .\CortexM0\ARM_GCC_541\Debug\CE210558_GPIO_Interrupt.a(CyLib.o)
 .text.CySysTickEnable
                0x00000000       0x20 .\CortexM0\ARM_GCC_541\Debug\CE210558_GPIO_Interrupt.a(CyLib.o)
 .text.CySysTickStop
                0x00000000       0x1c .\CortexM0\ARM_GCC_541\Debug\CE210558_GPIO_Interrupt.a(CyLib.o)
 .text.CySysTickEnableInterrupt
                0x00000000       0x1c .\CortexM0\ARM_GCC_541\Debug\CE210558_GPIO_Interrupt.a(CyLib.o)
 .text.CySysTickDisableInterrupt
                0x00000000       0x1c .\CortexM0\ARM_GCC_541\Debug\CE210558_GPIO_Interrupt.a(CyLib.o)
 .text.CySysTickSetReload
                0x00000000       0x20 .\CortexM0\ARM_GCC_541\Debug\CE210558_GPIO_Interrupt.a(CyLib.o)
 .text.CySysTickGetReload
                0x00000000       0x18 .\CortexM0\ARM_GCC_541\Debug\CE210558_GPIO_Interrupt.a(CyLib.o)
 .text.CySysTickGetValue
                0x00000000       0x18 .\CortexM0\ARM_GCC_541\Debug\CE210558_GPIO_Interrupt.a(CyLib.o)
 .text.CySysTickGetCountFlag
                0x00000000       0x18 .\CortexM0\ARM_GCC_541\Debug\CE210558_GPIO_Interrupt.a(CyLib.o)
 .text.CySysTickClear
                0x00000000       0x14 .\CortexM0\ARM_GCC_541\Debug\CE210558_GPIO_Interrupt.a(CyLib.o)
 .text.CySysTickSetCallback
                0x00000000       0x2c .\CortexM0\ARM_GCC_541\Debug\CE210558_GPIO_Interrupt.a(CyLib.o)
 .text.CySysTickGetCallback
                0x00000000       0x1c .\CortexM0\ARM_GCC_541\Debug\CE210558_GPIO_Interrupt.a(CyLib.o)
 .text.CySysTickServiceCallbacks
                0x00000000       0x44 .\CortexM0\ARM_GCC_541\Debug\CE210558_GPIO_Interrupt.a(CyLib.o)
 .text.CyGetUniqueId
                0x00000000       0xc0 .\CortexM0\ARM_GCC_541\Debug\CE210558_GPIO_Interrupt.a(CyLib.o)
 .text          0x00000000        0x0 .\CortexM0\ARM_GCC_541\Debug\CE210558_GPIO_Interrupt.a(Rows.o)
 .data          0x00000000        0x0 .\CortexM0\ARM_GCC_541\Debug\CE210558_GPIO_Interrupt.a(Rows.o)
 .bss           0x00000000        0x0 .\CortexM0\ARM_GCC_541\Debug\CE210558_GPIO_Interrupt.a(Rows.o)
 .text.Rows_SetDriveMode
                0x00000000       0x74 .\CortexM0\ARM_GCC_541\Debug\CE210558_GPIO_Interrupt.a(Rows.o)
 .text.Rows_Write
                0x00000000       0x4c .\CortexM0\ARM_GCC_541\Debug\CE210558_GPIO_Interrupt.a(Rows.o)
 .text.Rows_ReadDataReg
                0x00000000       0x1c .\CortexM0\ARM_GCC_541\Debug\CE210558_GPIO_Interrupt.a(Rows.o)
 .text.Rows_SetInterruptMode
                0x00000000       0x44 .\CortexM0\ARM_GCC_541\Debug\CE210558_GPIO_Interrupt.a(Rows.o)
 .text.Rows_ClearInterrupt
                0x00000000       0x2c .\CortexM0\ARM_GCC_541\Debug\CE210558_GPIO_Interrupt.a(Rows.o)
 .text          0x00000000        0x0 .\CortexM0\ARM_GCC_541\Debug\CE210558_GPIO_Interrupt.a(isr_rows.o)
 .data          0x00000000        0x0 .\CortexM0\ARM_GCC_541\Debug\CE210558_GPIO_Interrupt.a(isr_rows.o)
 .bss           0x00000000        0x0 .\CortexM0\ARM_GCC_541\Debug\CE210558_GPIO_Interrupt.a(isr_rows.o)
 .text.isr_rows_Start
                0x00000000       0x24 .\CortexM0\ARM_GCC_541\Debug\CE210558_GPIO_Interrupt.a(isr_rows.o)
 .text.isr_rows_Stop
                0x00000000       0x1c .\CortexM0\ARM_GCC_541\Debug\CE210558_GPIO_Interrupt.a(isr_rows.o)
 .text.isr_rows_Interrupt
                0x00000000        0xc .\CortexM0\ARM_GCC_541\Debug\CE210558_GPIO_Interrupt.a(isr_rows.o)
 .text.isr_rows_GetVector
                0x00000000       0x14 .\CortexM0\ARM_GCC_541\Debug\CE210558_GPIO_Interrupt.a(isr_rows.o)
 .text.isr_rows_GetPriority
                0x00000000       0x2c .\CortexM0\ARM_GCC_541\Debug\CE210558_GPIO_Interrupt.a(isr_rows.o)
 .text.isr_rows_GetState
                0x00000000       0x1c .\CortexM0\ARM_GCC_541\Debug\CE210558_GPIO_Interrupt.a(isr_rows.o)
 .text.isr_rows_SetPending
                0x00000000       0x14 .\CortexM0\ARM_GCC_541\Debug\CE210558_GPIO_Interrupt.a(isr_rows.o)
 .text.isr_rows_ClearPending
                0x00000000       0x14 .\CortexM0\ARM_GCC_541\Debug\CE210558_GPIO_Interrupt.a(isr_rows.o)
 .text          0x00000000        0x0 .\CortexM0\ARM_GCC_541\Debug\CE210558_GPIO_Interrupt.a(isr_columns.o)
 .data          0x00000000        0x0 .\CortexM0\ARM_GCC_541\Debug\CE210558_GPIO_Interrupt.a(isr_columns.o)
 .bss           0x00000000        0x0 .\CortexM0\ARM_GCC_541\Debug\CE210558_GPIO_Interrupt.a(isr_columns.o)
 .text.isr_columns_Start
                0x00000000       0x24 .\CortexM0\ARM_GCC_541\Debug\CE210558_GPIO_Interrupt.a(isr_columns.o)
 .text.isr_columns_Stop
                0x00000000       0x1c .\CortexM0\ARM_GCC_541\Debug\CE210558_GPIO_Interrupt.a(isr_columns.o)
 .text.isr_columns_Interrupt
                0x00000000        0xc .\CortexM0\ARM_GCC_541\Debug\CE210558_GPIO_Interrupt.a(isr_columns.o)
 .text.isr_columns_GetVector
                0x00000000       0x14 .\CortexM0\ARM_GCC_541\Debug\CE210558_GPIO_Interrupt.a(isr_columns.o)
 .text.isr_columns_GetPriority
                0x00000000       0x2c .\CortexM0\ARM_GCC_541\Debug\CE210558_GPIO_Interrupt.a(isr_columns.o)
 .text.isr_columns_GetState
                0x00000000       0x20 .\CortexM0\ARM_GCC_541\Debug\CE210558_GPIO_Interrupt.a(isr_columns.o)
 .text.isr_columns_SetPending
                0x00000000       0x14 .\CortexM0\ARM_GCC_541\Debug\CE210558_GPIO_Interrupt.a(isr_columns.o)
 .text.isr_columns_ClearPending
                0x00000000       0x14 .\CortexM0\ARM_GCC_541\Debug\CE210558_GPIO_Interrupt.a(isr_columns.o)
 .text          0x00000000        0x0 .\CortexM0\ARM_GCC_541\Debug\CE210558_GPIO_Interrupt.a(Columns.o)
 .data          0x00000000        0x0 .\CortexM0\ARM_GCC_541\Debug\CE210558_GPIO_Interrupt.a(Columns.o)
 .bss           0x00000000        0x0 .\CortexM0\ARM_GCC_541\Debug\CE210558_GPIO_Interrupt.a(Columns.o)
 .text.Columns_SetDriveMode
                0x00000000       0x78 .\CortexM0\ARM_GCC_541\Debug\CE210558_GPIO_Interrupt.a(Columns.o)
 .text.Columns_Write
                0x00000000       0x48 .\CortexM0\ARM_GCC_541\Debug\CE210558_GPIO_Interrupt.a(Columns.o)
 .text.Columns_ReadDataReg
                0x00000000       0x1c .\CortexM0\ARM_GCC_541\Debug\CE210558_GPIO_Interrupt.a(Columns.o)
 .text.Columns_SetInterruptMode
                0x00000000       0x44 .\CortexM0\ARM_GCC_541\Debug\CE210558_GPIO_Interrupt.a(Columns.o)
 .text.Columns_ClearInterrupt
                0x00000000       0x30 .\CortexM0\ARM_GCC_541\Debug\CE210558_GPIO_Interrupt.a(Columns.o)
 .text          0x00000000        0x0 .\CortexM0\ARM_GCC_541\Debug\CE210558_GPIO_Interrupt.a(Notification.o)
 .data          0x00000000        0x0 .\CortexM0\ARM_GCC_541\Debug\CE210558_GPIO_Interrupt.a(Notification.o)
 .bss           0x00000000        0x0 .\CortexM0\ARM_GCC_541\Debug\CE210558_GPIO_Interrupt.a(Notification.o)
 .text.Notification_SetDriveMode
                0x00000000       0x30 .\CortexM0\ARM_GCC_541\Debug\CE210558_GPIO_Interrupt.a(Notification.o)
 .text.Notification_Read
                0x00000000       0x1c .\CortexM0\ARM_GCC_541\Debug\CE210558_GPIO_Interrupt.a(Notification.o)
 .text.Notification_ReadDataReg
                0x00000000       0x1c .\CortexM0\ARM_GCC_541\Debug\CE210558_GPIO_Interrupt.a(Notification.o)
 .text.Notification_SetInterruptMode
                0x00000000       0x44 .\CortexM0\ARM_GCC_541\Debug\CE210558_GPIO_Interrupt.a(Notification.o)
 .text.Notification_ClearInterrupt
                0x00000000       0x30 .\CortexM0\ARM_GCC_541\Debug\CE210558_GPIO_Interrupt.a(Notification.o)
 .data          0x00000000        0x0 .\CortexM0\ARM_GCC_541\Debug\CE210558_GPIO_Interrupt.a(CyBootAsmGnu.o)
 .bss           0x00000000        0x0 .\CortexM0\ARM_GCC_541\Debug\CE210558_GPIO_Interrupt.a(CyBootAsmGnu.o)
 .text          0x00000000      0x114 c:/program files (x86)/cypress/psoc creator/4.2/psoc creator/import/gnu/arm/5.4.1/bin/../lib/gcc/arm-none-eabi/5.4.1/armv6-m\libgcc.a(_udivsi3.o)
 .data          0x00000000        0x0 c:/program files (x86)/cypress/psoc creator/4.2/psoc creator/import/gnu/arm/5.4.1/bin/../lib/gcc/arm-none-eabi/5.4.1/armv6-m\libgcc.a(_udivsi3.o)
 .bss           0x00000000        0x0 c:/program files (x86)/cypress/psoc creator/4.2/psoc creator/import/gnu/arm/5.4.1/bin/../lib/gcc/arm-none-eabi/5.4.1/armv6-m\libgcc.a(_udivsi3.o)
 .text          0x00000000        0x4 c:/program files (x86)/cypress/psoc creator/4.2/psoc creator/import/gnu/arm/5.4.1/bin/../lib/gcc/arm-none-eabi/5.4.1/armv6-m\libgcc.a(_dvmd_tls.o)
 .data          0x00000000        0x0 c:/program files (x86)/cypress/psoc creator/4.2/psoc creator/import/gnu/arm/5.4.1/bin/../lib/gcc/arm-none-eabi/5.4.1/armv6-m\libgcc.a(_dvmd_tls.o)
 .bss           0x00000000        0x0 c:/program files (x86)/cypress/psoc creator/4.2/psoc creator/import/gnu/arm/5.4.1/bin/../lib/gcc/arm-none-eabi/5.4.1/armv6-m\libgcc.a(_dvmd_tls.o)
 .text          0x00000000        0x0 c:/program files (x86)/cypress/psoc creator/4.2/psoc creator/import/gnu/arm/5.4.1/bin/../lib/gcc/arm-none-eabi/5.4.1/../../../../arm-none-eabi/lib/armv6-m\libg_nano.a(lib_a-errno.o)
 .data          0x00000000        0x0 c:/program files (x86)/cypress/psoc creator/4.2/psoc creator/import/gnu/arm/5.4.1/bin/../lib/gcc/arm-none-eabi/5.4.1/../../../../arm-none-eabi/lib/armv6-m\libg_nano.a(lib_a-errno.o)
 .bss           0x00000000        0x0 c:/program files (x86)/cypress/psoc creator/4.2/psoc creator/import/gnu/arm/5.4.1/bin/../lib/gcc/arm-none-eabi/5.4.1/../../../../arm-none-eabi/lib/armv6-m\libg_nano.a(lib_a-errno.o)
 .text.__errno  0x00000000        0xc c:/program files (x86)/cypress/psoc creator/4.2/psoc creator/import/gnu/arm/5.4.1/bin/../lib/gcc/arm-none-eabi/5.4.1/../../../../arm-none-eabi/lib/armv6-m\libg_nano.a(lib_a-errno.o)
 .text          0x00000000        0x0 c:/program files (x86)/cypress/psoc creator/4.2/psoc creator/import/gnu/arm/5.4.1/bin/../lib/gcc/arm-none-eabi/5.4.1/../../../../arm-none-eabi/lib/armv6-m\libg_nano.a(lib_a-exit.o)
 .data          0x00000000        0x0 c:/program files (x86)/cypress/psoc creator/4.2/psoc creator/import/gnu/arm/5.4.1/bin/../lib/gcc/arm-none-eabi/5.4.1/../../../../arm-none-eabi/lib/armv6-m\libg_nano.a(lib_a-exit.o)
 .bss           0x00000000        0x0 c:/program files (x86)/cypress/psoc creator/4.2/psoc creator/import/gnu/arm/5.4.1/bin/../lib/gcc/arm-none-eabi/5.4.1/../../../../arm-none-eabi/lib/armv6-m\libg_nano.a(lib_a-exit.o)
 .text.exit     0x00000000       0x2c c:/program files (x86)/cypress/psoc creator/4.2/psoc creator/import/gnu/arm/5.4.1/bin/../lib/gcc/arm-none-eabi/5.4.1/../../../../arm-none-eabi/lib/armv6-m\libg_nano.a(lib_a-exit.o)
 .text          0x00000000        0x0 c:/program files (x86)/cypress/psoc creator/4.2/psoc creator/import/gnu/arm/5.4.1/bin/../lib/gcc/arm-none-eabi/5.4.1/../../../../arm-none-eabi/lib/armv6-m\libg_nano.a(lib_a-impure.o)
 .data          0x00000000        0x0 c:/program files (x86)/cypress/psoc creator/4.2/psoc creator/import/gnu/arm/5.4.1/bin/../lib/gcc/arm-none-eabi/5.4.1/../../../../arm-none-eabi/lib/armv6-m\libg_nano.a(lib_a-impure.o)
 .bss           0x00000000        0x0 c:/program files (x86)/cypress/psoc creator/4.2/psoc creator/import/gnu/arm/5.4.1/bin/../lib/gcc/arm-none-eabi/5.4.1/../../../../arm-none-eabi/lib/armv6-m\libg_nano.a(lib_a-impure.o)
 .data.impure_data
                0x00000000       0x60 c:/program files (x86)/cypress/psoc creator/4.2/psoc creator/import/gnu/arm/5.4.1/bin/../lib/gcc/arm-none-eabi/5.4.1/../../../../arm-none-eabi/lib/armv6-m\libg_nano.a(lib_a-impure.o)
 .data._impure_ptr
                0x00000000        0x4 c:/program files (x86)/cypress/psoc creator/4.2/psoc creator/import/gnu/arm/5.4.1/bin/../lib/gcc/arm-none-eabi/5.4.1/../../../../arm-none-eabi/lib/armv6-m\libg_nano.a(lib_a-impure.o)
 .rodata.str1.1
                0x00000000        0x2 c:/program files (x86)/cypress/psoc creator/4.2/psoc creator/import/gnu/arm/5.4.1/bin/../lib/gcc/arm-none-eabi/5.4.1/../../../../arm-none-eabi/lib/armv6-m\libg_nano.a(lib_a-impure.o)
 .rodata._global_impure_ptr
                0x00000000        0x4 c:/program files (x86)/cypress/psoc creator/4.2/psoc creator/import/gnu/arm/5.4.1/bin/../lib/gcc/arm-none-eabi/5.4.1/../../../../arm-none-eabi/lib/armv6-m\libg_nano.a(lib_a-impure.o)
 .text          0x00000000        0x0 c:/program files (x86)/cypress/psoc creator/4.2/psoc creator/import/gnu/arm/5.4.1/bin/../lib/gcc/arm-none-eabi/5.4.1/../../../../arm-none-eabi/lib/armv6-m\libg_nano.a(lib_a-init.o)
 .data          0x00000000        0x0 c:/program files (x86)/cypress/psoc creator/4.2/psoc creator/import/gnu/arm/5.4.1/bin/../lib/gcc/arm-none-eabi/5.4.1/../../../../arm-none-eabi/lib/armv6-m\libg_nano.a(lib_a-init.o)
 .bss           0x00000000        0x0 c:/program files (x86)/cypress/psoc creator/4.2/psoc creator/import/gnu/arm/5.4.1/bin/../lib/gcc/arm-none-eabi/5.4.1/../../../../arm-none-eabi/lib/armv6-m\libg_nano.a(lib_a-init.o)
 .text          0x00000000        0x0 c:/program files (x86)/cypress/psoc creator/4.2/psoc creator/import/gnu/arm/5.4.1/bin/../lib/gcc/arm-none-eabi/5.4.1/../../../../arm-none-eabi/lib/armv6-m\libg_nano.a(lib_a-memcpy-stub.o)
 .data          0x00000000        0x0 c:/program files (x86)/cypress/psoc creator/4.2/psoc creator/import/gnu/arm/5.4.1/bin/../lib/gcc/arm-none-eabi/5.4.1/../../../../arm-none-eabi/lib/armv6-m\libg_nano.a(lib_a-memcpy-stub.o)
 .bss           0x00000000        0x0 c:/program files (x86)/cypress/psoc creator/4.2/psoc creator/import/gnu/arm/5.4.1/bin/../lib/gcc/arm-none-eabi/5.4.1/../../../../arm-none-eabi/lib/armv6-m\libg_nano.a(lib_a-memcpy-stub.o)
 .text.memcpy   0x00000000       0x12 c:/program files (x86)/cypress/psoc creator/4.2/psoc creator/import/gnu/arm/5.4.1/bin/../lib/gcc/arm-none-eabi/5.4.1/../../../../arm-none-eabi/lib/armv6-m\libg_nano.a(lib_a-memcpy-stub.o)
 .text          0x00000000        0x0 c:/program files (x86)/cypress/psoc creator/4.2/psoc creator/import/gnu/arm/5.4.1/bin/../lib/gcc/arm-none-eabi/5.4.1/../../../../arm-none-eabi/lib/armv6-m\libg_nano.a(lib_a-memset.o)
 .data          0x00000000        0x0 c:/program files (x86)/cypress/psoc creator/4.2/psoc creator/import/gnu/arm/5.4.1/bin/../lib/gcc/arm-none-eabi/5.4.1/../../../../arm-none-eabi/lib/armv6-m\libg_nano.a(lib_a-memset.o)
 .bss           0x00000000        0x0 c:/program files (x86)/cypress/psoc creator/4.2/psoc creator/import/gnu/arm/5.4.1/bin/../lib/gcc/arm-none-eabi/5.4.1/../../../../arm-none-eabi/lib/armv6-m\libg_nano.a(lib_a-memset.o)
 .text          0x00000000        0x0 c:/program files (x86)/cypress/psoc creator/4.2/psoc creator/import/gnu/arm/5.4.1/bin/../lib/gcc/arm-none-eabi/5.4.1/armv6-m/crtend.o
 .data          0x00000000        0x0 c:/program files (x86)/cypress/psoc creator/4.2/psoc creator/import/gnu/arm/5.4.1/bin/../lib/gcc/arm-none-eabi/5.4.1/armv6-m/crtend.o
 .bss           0x00000000        0x0 c:/program files (x86)/cypress/psoc creator/4.2/psoc creator/import/gnu/arm/5.4.1/bin/../lib/gcc/arm-none-eabi/5.4.1/armv6-m/crtend.o
 .text          0x00000000        0x0 c:/program files (x86)/cypress/psoc creator/4.2/psoc creator/import/gnu/arm/5.4.1/bin/../lib/gcc/arm-none-eabi/5.4.1/armv6-m/crtn.o
 .data          0x00000000        0x0 c:/program files (x86)/cypress/psoc creator/4.2/psoc creator/import/gnu/arm/5.4.1/bin/../lib/gcc/arm-none-eabi/5.4.1/armv6-m/crtn.o
 .bss           0x00000000        0x0 c:/program files (x86)/cypress/psoc creator/4.2/psoc creator/import/gnu/arm/5.4.1/bin/../lib/gcc/arm-none-eabi/5.4.1/armv6-m/crtn.o

Memory Configuration

Name             Origin             Length             Attributes
rom              0x00000000         0x00008000         xr
ram              0x20000000         0x00001000         xrw
*default*        0x00000000         0xffffffff

Linker script and memory map

LOAD c:/program files (x86)/cypress/psoc creator/4.2/psoc creator/import/gnu/arm/5.4.1/bin/../lib/gcc/arm-none-eabi/5.4.1/armv6-m/crti.o
LOAD c:/program files (x86)/cypress/psoc creator/4.2/psoc creator/import/gnu/arm/5.4.1/bin/../lib/gcc/arm-none-eabi/5.4.1/armv6-m/crtbegin.o
LOAD c:/program files (x86)/cypress/psoc creator/4.2/psoc creator/import/gnu/arm/5.4.1/bin/../lib/gcc/arm-none-eabi/5.4.1/../../../../arm-none-eabi/lib/armv6-m/crt0.o
START GROUP
LOAD .\CortexM0\ARM_GCC_541\Debug\main.o
LOAD .\CortexM0\ARM_GCC_541\Debug\InterruptRoutine.o
LOAD .\CortexM0\ARM_GCC_541\Debug\cyfitter_cfg.o
LOAD .\CortexM0\ARM_GCC_541\Debug\cymetadata.o
LOAD .\CortexM0\ARM_GCC_541\Debug\Cm0Start.o
LOAD .\CortexM0\ARM_GCC_541\Debug\CE210558_GPIO_Interrupt.a
END GROUP
START GROUP
LOAD c:/program files (x86)/cypress/psoc creator/4.2/psoc creator/import/gnu/arm/5.4.1/bin/../lib/gcc/arm-none-eabi/5.4.1/armv6-m\libgcc.a
LOAD c:/program files (x86)/cypress/psoc creator/4.2/psoc creator/import/gnu/arm/5.4.1/bin/../lib/gcc/arm-none-eabi/5.4.1/../../../../arm-none-eabi/lib/armv6-m\libg_nano.a
LOAD c:/program files (x86)/cypress/psoc creator/4.2/psoc creator/import/gnu/arm/5.4.1/bin/../lib/gcc/arm-none-eabi/5.4.1/../../../../arm-none-eabi/lib/armv6-m\libc_nano.a
END GROUP
START GROUP
LOAD c:/program files (x86)/cypress/psoc creator/4.2/psoc creator/import/gnu/arm/5.4.1/bin/../lib/gcc/arm-none-eabi/5.4.1/armv6-m\libgcc.a
LOAD c:/program files (x86)/cypress/psoc creator/4.2/psoc creator/import/gnu/arm/5.4.1/bin/../lib/gcc/arm-none-eabi/5.4.1/../../../../arm-none-eabi/lib/armv6-m\libc_nano.a
END GROUP
LOAD c:/program files (x86)/cypress/psoc creator/4.2/psoc creator/import/gnu/arm/5.4.1/bin/../lib/gcc/arm-none-eabi/5.4.1/armv6-m/crtend.o
LOAD c:/program files (x86)/cypress/psoc creator/4.2/psoc creator/import/gnu/arm/5.4.1/bin/../lib/gcc/arm-none-eabi/5.4.1/armv6-m/crtn.o
START GROUP
LOAD c:/program files (x86)/cypress/psoc creator/4.2/psoc creator/import/gnu/arm/5.4.1/bin/../lib/gcc/arm-none-eabi/5.4.1/armv6-m\libgcc.a
LOAD c:/program files (x86)/cypress/psoc creator/4.2/psoc creator/import/gnu/arm/5.4.1/bin/../lib/gcc/arm-none-eabi/5.4.1/../../../../arm-none-eabi/lib/armv6-m\libc.a
LOAD c:/program files (x86)/cypress/psoc creator/4.2/psoc creator/import/gnu/arm/5.4.1/bin/../lib/gcc/arm-none-eabi/5.4.1/../../../../arm-none-eabi/lib/armv6-m\libnosys.a
END GROUP
                0x00000000                CY_APPL_ORIGIN = 0x0
                0x00000080                CY_FLASH_ROW_SIZE = 0x80
                0x00000001                CY_APPL_NUM = 0x1
                0x00000001                CY_APPL_MAX = 0x1
                0x00000040                CY_METADATA_SIZE = 0x40
                0x00000000                CY_APPL_LOADABLE = 0x0
                0x00000000                CY_CHECKSUM_EXCLUDE_SIZE = ALIGN (0x0, CY_FLASH_ROW_SIZE)
                0x00000000                CY_APP_FOR_STACK_AND_COPIER = 0x0
                [!provide]                PROVIDE (__cy_heap_start, _end)
                0x00000001                PROVIDE (__cy_region_num, ((__cy_regions_end - __cy_regions) / 0x10))
                0x20001000                PROVIDE (__cy_stack, (ORIGIN (ram) + LENGTH (ram)))
                [!provide]                PROVIDE (__cy_heap_end, (__cy_stack - 0x400))

.cybootloader   0x00000000        0x0
 *(.cybootloader)
                0x00000000                appl1_start = CY_APPL_ORIGIN?CY_APPL_ORIGIN:ALIGN (CY_FLASH_ROW_SIZE)
                0x00003f80                appl2_start = (appl1_start + ALIGN ((((LENGTH (rom) - appl1_start) - (0x2 * CY_FLASH_ROW_SIZE)) / 0x2), CY_FLASH_ROW_SIZE))
                0x00000000                appl_start = (CY_APPL_NUM == 0x1)?appl1_start:appl2_start
                0x00000001                cy_project_type_bootloader = (appl_start == 0x0)?0x1:0x0
                0x00000000                cy_project_type_app_for_stack_and_copier = (CY_APP_FOR_STACK_AND_COPIER == 0x1)?0x1:0x0

.text           0x00000000      0x808
 CREATE_OBJECT_SYMBOLS
                0x00000000                PROVIDE (__cy_interrupt_vector, RomVectors)
 *(.romvectors)
 .romvectors    0x00000000       0x10 .\CortexM0\ARM_GCC_541\Debug\Cm0Start.o
                0x00000000                RomVectors
                0x00000001                ASSERT ((. != __cy_interrupt_vector), No interrupt vector)
                0x00000001                ASSERT (CY_APPL_ORIGIN?(SIZEOF (.cybootloader) <= CY_APPL_ORIGIN):0x1, Wrong image location)
                0x00000010                PROVIDE (__cy_reset, Reset)
 *(.text.Reset)
 .text.Reset    0x00000010        0x8 .\CortexM0\ARM_GCC_541\Debug\Cm0Start.o
                0x00000010                Reset
                0x00000001                ASSERT ((. != __cy_reset), No reset code)
 *(.psocinit)
 .psocinit      0x00000018      0x154 .\CortexM0\ARM_GCC_541\Debug\cyfitter_cfg.o
                0x00000074                cyfitter_cfg
                0x0000016c                . = MAX (., 0x100)
 *(.text .text.* .gnu.linkonce.t.*)
 .text          0x0000016c       0x60 c:/program files (x86)/cypress/psoc creator/4.2/psoc creator/import/gnu/arm/5.4.1/bin/../lib/gcc/arm-none-eabi/5.4.1/armv6-m/crtbegin.o
 .text.main     0x000001cc       0x1c .\CortexM0\ARM_GCC_541\Debug\main.o
                0x000001cc                main
 .text.GPIO_ISR
                0x000001e8       0x40 .\CortexM0\ARM_GCC_541\Debug\InterruptRoutine.o
                0x000001e8                GPIO_ISR
 .text.CYMEMZERO
                0x00000228       0x20 .\CortexM0\ARM_GCC_541\Debug\cyfitter_cfg.o
 .text.AnalogSetDefault
                0x00000248        0xc .\CortexM0\ARM_GCC_541\Debug\cyfitter_cfg.o
 .text.IntDefaultHandler
                0x00000254        0x8 .\CortexM0\ARM_GCC_541\Debug\Cm0Start.o
                0x00000254                IntDefaultHandler
 .text.Start_c  0x0000025c       0x98 .\CortexM0\ARM_GCC_541\Debug\Cm0Start.o
                0x0000025c                Start_c
 .text.initialize_psoc
                0x000002f4       0x64 .\CortexM0\ARM_GCC_541\Debug\Cm0Start.o
                0x000002f4                initialize_psoc
 .text.CySysClkWriteImoFreq
                0x00000358      0x1ec .\CortexM0\ARM_GCC_541\Debug\CE210558_GPIO_Interrupt.a(CyLib.o)
                0x00000358                CySysClkWriteImoFreq
 .text.CyHalt   0x00000544       0x18 .\CortexM0\ARM_GCC_541\Debug\CE210558_GPIO_Interrupt.a(CyLib.o)
                0x00000544                CyHalt
 .text.CyDelayUs
                0x0000055c       0x28 .\CortexM0\ARM_GCC_541\Debug\CE210558_GPIO_Interrupt.a(CyLib.o)
                0x0000055c                CyDelayUs
 .text.Rows_Read
                0x00000584       0x1c .\CortexM0\ARM_GCC_541\Debug\CE210558_GPIO_Interrupt.a(Rows.o)
                0x00000584                Rows_Read
 .text.isr_rows_StartEx
                0x000005a0       0x28 .\CortexM0\ARM_GCC_541\Debug\CE210558_GPIO_Interrupt.a(isr_rows.o)
                0x000005a0                isr_rows_StartEx
 .text.isr_rows_SetVector
                0x000005c8       0x1c .\CortexM0\ARM_GCC_541\Debug\CE210558_GPIO_Interrupt.a(isr_rows.o)
                0x000005c8                isr_rows_SetVector
 .text.isr_rows_SetPriority
                0x000005e4       0x50 .\CortexM0\ARM_GCC_541\Debug\CE210558_GPIO_Interrupt.a(isr_rows.o)
                0x000005e4                isr_rows_SetPriority
 .text.isr_rows_Enable
                0x00000634       0x14 .\CortexM0\ARM_GCC_541\Debug\CE210558_GPIO_Interrupt.a(isr_rows.o)
                0x00000634                isr_rows_Enable
 .text.isr_rows_Disable
                0x00000648       0x14 .\CortexM0\ARM_GCC_541\Debug\CE210558_GPIO_Interrupt.a(isr_rows.o)
                0x00000648                isr_rows_Disable
 .text.isr_columns_StartEx
                0x0000065c       0x28 .\CortexM0\ARM_GCC_541\Debug\CE210558_GPIO_Interrupt.a(isr_columns.o)
                0x0000065c                isr_columns_StartEx
 .text.isr_columns_SetVector
                0x00000684       0x1c .\CortexM0\ARM_GCC_541\Debug\CE210558_GPIO_Interrupt.a(isr_columns.o)
                0x00000684                isr_columns_SetVector
 .text.isr_columns_SetPriority
                0x000006a0       0x50 .\CortexM0\ARM_GCC_541\Debug\CE210558_GPIO_Interrupt.a(isr_columns.o)
                0x000006a0                isr_columns_SetPriority
 .text.isr_columns_Enable
                0x000006f0       0x14 .\CortexM0\ARM_GCC_541\Debug\CE210558_GPIO_Interrupt.a(isr_columns.o)
                0x000006f0                isr_columns_Enable
 .text.isr_columns_Disable
                0x00000704       0x14 .\CortexM0\ARM_GCC_541\Debug\CE210558_GPIO_Interrupt.a(isr_columns.o)
                0x00000704                isr_columns_Disable
 .text.Columns_Read
                0x00000718       0x1c .\CortexM0\ARM_GCC_541\Debug\CE210558_GPIO_Interrupt.a(Columns.o)
                0x00000718                Columns_Read
 .text.Notification_Write
                0x00000734       0x50 .\CortexM0\ARM_GCC_541\Debug\CE210558_GPIO_Interrupt.a(Notification.o)
                0x00000734                Notification_Write
 *fill*         0x00000784        0x4 
 .text          0x00000788       0x24 .\CortexM0\ARM_GCC_541\Debug\CE210558_GPIO_Interrupt.a(CyBootAsmGnu.o)
                0x00000788                CyDelayCycles
                0x0000079c                CyEnterCriticalSection
                0x000007a4                CyExitCriticalSection
 .text.__libc_init_array
                0x000007ac       0x4c c:/program files (x86)/cypress/psoc creator/4.2/psoc creator/import/gnu/arm/5.4.1/bin/../lib/gcc/arm-none-eabi/5.4.1/../../../../arm-none-eabi/lib/armv6-m\libg_nano.a(lib_a-init.o)
                0x000007ac                __libc_init_array
 .text.memset   0x000007f8       0x10 c:/program files (x86)/cypress/psoc creator/4.2/psoc creator/import/gnu/arm/5.4.1/bin/../lib/gcc/arm-none-eabi/5.4.1/../../../../arm-none-eabi/lib/armv6-m\libg_nano.a(lib_a-memset.o)
                0x000007f8                memset
 *(.plt)
 *(.gnu.warning)
 *(.glue_7t)
 .glue_7t       0x00000808        0x0 linker stubs
 *(.glue_7)
 .glue_7        0x00000808        0x0 linker stubs
 *(.vfp11_veneer)
 .vfp11_veneer  0x00000808        0x0 linker stubs
 *(.bootloader)
 *(.ARM.extab* .gnu.linkonce.armextab.*)
 *(.gcc_except_table)

.v4_bx          0x00000808        0x0
 .v4_bx         0x00000808        0x0 linker stubs

.iplt           0x00000808        0x0
 .iplt          0x00000808        0x0 c:/program files (x86)/cypress/psoc creator/4.2/psoc creator/import/gnu/arm/5.4.1/bin/../lib/gcc/arm-none-eabi/5.4.1/armv6-m/crtbegin.o

.eh_frame_hdr
 *(.eh_frame_hdr)

.eh_frame       0x00000808        0x4
 *(.eh_frame)
 .eh_frame      0x00000808        0x0 c:/program files (x86)/cypress/psoc creator/4.2/psoc creator/import/gnu/arm/5.4.1/bin/../lib/gcc/arm-none-eabi/5.4.1/armv6-m/crtbegin.o
 .eh_frame      0x00000808        0x4 c:/program files (x86)/cypress/psoc creator/4.2/psoc creator/import/gnu/arm/5.4.1/bin/../lib/gcc/arm-none-eabi/5.4.1/armv6-m/crtend.o
                [!provide]                PROVIDE (__exidx_start, .)

.ARM.exidx
 *(.ARM.exidx* .gnu.linkonce.armexidx.*)
                0x0000080c                __exidx_end = .

.rodata         0x0000080c       0x74
 *(.rodata .rodata.* .gnu.linkonce.r.*)
 .rodata        0x0000080c        0xc .\CortexM0\ARM_GCC_541\Debug\cyfitter_cfg.o
 .rodata        0x00000818       0x2e .\CortexM0\ARM_GCC_541\Debug\CE210558_GPIO_Interrupt.a(CyLib.o)
                0x00000818                cyImoFreqMhz2Reg
                0x00000848                . = ALIGN (0x4)
 *fill*         0x00000846        0x2 
 *(.init)
 .init          0x00000848        0x4 c:/program files (x86)/cypress/psoc creator/4.2/psoc creator/import/gnu/arm/5.4.1/bin/../lib/gcc/arm-none-eabi/5.4.1/armv6-m/crti.o
                0x00000848                _init
 .init          0x0000084c        0x8 c:/program files (x86)/cypress/psoc creator/4.2/psoc creator/import/gnu/arm/5.4.1/bin/../lib/gcc/arm-none-eabi/5.4.1/armv6-m/crtn.o
                0x00000854                . = ALIGN (0x4)
                0x00000854                __preinit_array_start = .
 *(.preinit_array)
                0x00000854                __preinit_array_end = .
                0x00000854                . = ALIGN (0x4)
                0x00000854                __init_array_start = .
 *(SORT(.init_array.*))
 *(.init_array)
 .init_array    0x00000854        0x4 c:/program files (x86)/cypress/psoc creator/4.2/psoc creator/import/gnu/arm/5.4.1/bin/../lib/gcc/arm-none-eabi/5.4.1/armv6-m/crtbegin.o
 .init_array    0x00000858        0x4 .\CortexM0\ARM_GCC_541\Debug\Cm0Start.o
                0x0000085c                __init_array_end = .
                0x0000085c                . = ALIGN (0x4)
 *(.fini)
 .fini          0x0000085c        0x4 c:/program files (x86)/cypress/psoc creator/4.2/psoc creator/import/gnu/arm/5.4.1/bin/../lib/gcc/arm-none-eabi/5.4.1/armv6-m/crti.o
                0x0000085c                _fini
 .fini          0x00000860        0x8 c:/program files (x86)/cypress/psoc creator/4.2/psoc creator/import/gnu/arm/5.4.1/bin/../lib/gcc/arm-none-eabi/5.4.1/armv6-m/crtn.o
                0x00000868                . = ALIGN (0x4)
                0x00000868                __fini_array_start = .
 *(.fini_array)
 .fini_array    0x00000868        0x4 c:/program files (x86)/cypress/psoc creator/4.2/psoc creator/import/gnu/arm/5.4.1/bin/../lib/gcc/arm-none-eabi/5.4.1/armv6-m/crtbegin.o
 *(SORT(.fini_array.*))
                0x0000086c                __fini_array_end = .
                0x0000086c                . = ALIGN (0x4)
 *crtbegin.o(.ctors)
 *(EXCLUDE_FILE(*crtend.o) .ctors)
 *(SORT(.ctors.*))
 *crtend.o(.ctors)
                0x0000086c                . = ALIGN (0x4)
 *crtbegin.o(.dtors)
 *(EXCLUDE_FILE(*crtend.o) .dtors)
 *(SORT(.dtors.*))
 *crtend.o(.dtors)
                0x0000086c                . = ALIGN (0x4)
                0x0000086c                __cy_regions = .
                0x0000086c        0x4 LONG 0x880 __cy_region_init_ram
                0x00000870        0x4 LONG 0x200000c8 __cy_region_start_data
                0x00000874        0x4 LONG 0x18 __cy_region_init_size_ram
                0x00000878        0x4 LONG 0x20 __cy_region_zero_size_ram
                0x0000087c                __cy_regions_end = .
                0x00000880                . = ALIGN (0x8)
 *fill*         0x0000087c        0x4 
                0x00000880                _etext = .

.cy_checksum_exclude
                0x00000880        0x0
 *(.cy_checksum_exclude)

.ramvectors     0x20000000       0xc0
                0x20000000                __cy_region_start_ram = .
 *(.ramvectors)
 .ramvectors    0x20000000       0xc0 .\CortexM0\ARM_GCC_541\Debug\Cm0Start.o
                0x20000000                CyRamVectors

.noinit         0x200000c0        0x4
 *(.noinit)
 .noinit        0x200000c0        0x4 .\CortexM0\ARM_GCC_541\Debug\Cm0Start.o

.data           0x200000c8       0x18 load address 0x00000880
                0x200000c8                __cy_region_start_data = .
 *(.jcr)
 .jcr           0x200000c8        0x0 c:/program files (x86)/cypress/psoc creator/4.2/psoc creator/import/gnu/arm/5.4.1/bin/../lib/gcc/arm-none-eabi/5.4.1/armv6-m/crtbegin.o
 .jcr           0x200000c8        0x4 c:/program files (x86)/cypress/psoc creator/4.2/psoc creator/import/gnu/arm/5.4.1/bin/../lib/gcc/arm-none-eabi/5.4.1/armv6-m/crtend.o
 *(.got.plt)
 *(.got)
 *(.shdata)
 *(.data .data.* .gnu.linkonce.d.*)
 .data          0x200000cc       0x10 .\CortexM0\ARM_GCC_541\Debug\CE210558_GPIO_Interrupt.a(CyLib.o)
                0x200000cc                cydelayFreqHz
                0x200000d0                cydelayFreqKhz
                0x200000d4                cydelayFreqMhz
                0x200000d8                cydelay32kMs
                0x200000e0                . = ALIGN (0x8)
 *fill*         0x200000dc        0x4 
 *(.ram)
                0x200000e0                _edata = .

.igot.plt       0x200000e0        0x0 load address 0x00000898
 .igot.plt      0x200000e0        0x0 c:/program files (x86)/cypress/psoc creator/4.2/psoc creator/import/gnu/arm/5.4.1/bin/../lib/gcc/arm-none-eabi/5.4.1/armv6-m/crtbegin.o

.bss            0x200000e0       0x20 load address 0x00000898
                0x200000e0                PROVIDE (__bss_start__, .)
 *(.shbss)
 *(.bss .bss.* .gnu.linkonce.b.*)
 .bss           0x200000e0       0x1c c:/program files (x86)/cypress/psoc creator/4.2/psoc creator/import/gnu/arm/5.4.1/bin/../lib/gcc/arm-none-eabi/5.4.1/armv6-m/crtbegin.o
 *(COMMON)
                0x20000100                . = ALIGN (0x8)
 *fill*         0x200000fc        0x4 
 *(.ram.b)
                0x20000100                _end = .
                0x20000100                __end = .
                0x20000100                PROVIDE (end, .)
                0x20000100                PROVIDE (__bss_end__, .)
                0x00000880                __cy_region_init_ram = LOADADDR (.data)
                0x00000018                __cy_region_init_size_ram = (_edata - ADDR (.data))
                0x00000020                __cy_region_zero_size_ram = (_end - _edata)

.heap           0x20000100       0x80 load address 0x00000898
                0x20000100                . = _end
                0x20000180                . = (. + 0x80)
 *fill*         0x20000100       0x80 
                0x20000180                __cy_heap_limit = .

.stack          0x20000c00      0x400
                0x20000c00                __cy_stack_limit = .
                0x20001000                . = (. + 0x400)
 *fill*         0x20000c00      0x400 
                0x00000001                ASSERT ((__cy_stack_limit >= __cy_heap_limit), region RAM overflowed with stack)
                0x00000000                cy_checksum_exclude_size = (CY_APPL_LOADABLE == 0x1)?SIZEOF (.cy_checksum_exclude):0x0
                0x00000001                ASSERT ((cy_checksum_exclude_size <= CY_CHECKSUM_EXCLUDE_SIZE), CY_BOOT: Section .cy_checksum_exclude size exceedes specified limit.)
                0x00007fc0                cyloadermeta_start = (cy_project_type_bootloader || cy_project_type_app_for_stack_and_copier)?(LENGTH (rom) - CY_METADATA_SIZE):0xf0000000

.cyloadermeta
 *(.cyloadermeta)
                0x00007fc0                cyloadablemeta_start = cy_project_type_app_for_stack_and_copier?((LENGTH (rom) - CY_FLASH_ROW_SIZE) - CY_METADATA_SIZE):((LENGTH (rom) - (CY_FLASH_ROW_SIZE * (CY_APPL_NUM - 0x1))) - CY_METADATA_SIZE)

.cyloadablemeta
 *(.cyloadablemeta)

.cyflashprotect
                0x90400000       0x20
 *(.cyflashprotect)
 .cyflashprotect
                0x90400000       0x20 .\CortexM0\ARM_GCC_541\Debug\cymetadata.o
                0x90400000                cy_meta_flashprotect

.cymeta         0x90500000        0xc
 *(.cymeta)
 .cymeta        0x90500000        0xc .\CortexM0\ARM_GCC_541\Debug\cymetadata.o
                0x90500000                cy_metadata

.cychipprotect  0x90600000        0x1
 *(.cychipprotect)
 .cychipprotect
                0x90600000        0x1 .\CortexM0\ARM_GCC_541\Debug\cymetadata.o
                0x90600000                cy_meta_chipprotect

.rel.dyn        0x00000898        0x0 load address 0x90600004
 .rel.iplt      0x00000898        0x0 c:/program files (x86)/cypress/psoc creator/4.2/psoc creator/import/gnu/arm/5.4.1/bin/../lib/gcc/arm-none-eabi/5.4.1/armv6-m/crtbegin.o

.stab
 *(.stab)

.stabstr
 *(.stabstr)

.debug
 *(.debug)

.line
 *(.line)

.debug_srcinfo
 *(.debug_srcinfo)

.debug_sfnames
 *(.debug_sfnames)

.debug_aranges  0x00000000      0x458
 *(.debug_aranges)
 .debug_aranges
                0x00000000       0x20 .\CortexM0\ARM_GCC_541\Debug\main.o
 .debug_aranges
                0x00000020       0x20 .\CortexM0\ARM_GCC_541\Debug\InterruptRoutine.o
 .debug_aranges
                0x00000040       0x48 .\CortexM0\ARM_GCC_541\Debug\cyfitter_cfg.o
 .debug_aranges
                0x00000088       0x18 .\CortexM0\ARM_GCC_541\Debug\cymetadata.o
 .debug_aranges
                0x000000a0       0x48 .\CortexM0\ARM_GCC_541\Debug\Cm0Start.o
 .debug_aranges
                0x000000e8      0x178 .\CortexM0\ARM_GCC_541\Debug\CE210558_GPIO_Interrupt.a(CyLib.o)
 .debug_aranges
                0x00000260       0x48 .\CortexM0\ARM_GCC_541\Debug\CE210558_GPIO_Interrupt.a(Rows.o)
 .debug_aranges
                0x000002a8       0x80 .\CortexM0\ARM_GCC_541\Debug\CE210558_GPIO_Interrupt.a(isr_rows.o)
 .debug_aranges
                0x00000328       0x80 .\CortexM0\ARM_GCC_541\Debug\CE210558_GPIO_Interrupt.a(isr_columns.o)
 .debug_aranges
                0x000003a8       0x48 .\CortexM0\ARM_GCC_541\Debug\CE210558_GPIO_Interrupt.a(Columns.o)
 .debug_aranges
                0x000003f0       0x48 .\CortexM0\ARM_GCC_541\Debug\CE210558_GPIO_Interrupt.a(Notification.o)
 .debug_aranges
                0x00000438       0x20 .\CortexM0\ARM_GCC_541\Debug\CE210558_GPIO_Interrupt.a(CyBootAsmGnu.o)

.debug_pubnames
 *(.debug_pubnames)

.debug_info     0x00000000     0x1a68
 *(.debug_info .gnu.linkonce.wi.*)
 .debug_info    0x00000000       0xa4 .\CortexM0\ARM_GCC_541\Debug\main.o
 .debug_info    0x000000a4       0xc9 .\CortexM0\ARM_GCC_541\Debug\InterruptRoutine.o
 .debug_info    0x0000016d      0x252 .\CortexM0\ARM_GCC_541\Debug\cyfitter_cfg.o
 .debug_info    0x000003bf       0xf8 .\CortexM0\ARM_GCC_541\Debug\cymetadata.o
 .debug_info    0x000004b7      0x30e .\CortexM0\ARM_GCC_541\Debug\Cm0Start.o
 .debug_info    0x000007c5      0x8b8 .\CortexM0\ARM_GCC_541\Debug\CE210558_GPIO_Interrupt.a(CyLib.o)
 .debug_info    0x0000107d      0x19a .\CortexM0\ARM_GCC_541\Debug\CE210558_GPIO_Interrupt.a(Rows.o)
 .debug_info    0x00001217      0x24d .\CortexM0\ARM_GCC_541\Debug\CE210558_GPIO_Interrupt.a(isr_rows.o)
 .debug_info    0x00001464      0x24d .\CortexM0\ARM_GCC_541\Debug\CE210558_GPIO_Interrupt.a(isr_columns.o)
 .debug_info    0x000016b1      0x19a .\CortexM0\ARM_GCC_541\Debug\CE210558_GPIO_Interrupt.a(Columns.o)
 .debug_info    0x0000184b      0x19a .\CortexM0\ARM_GCC_541\Debug\CE210558_GPIO_Interrupt.a(Notification.o)
 .debug_info    0x000019e5       0x83 .\CortexM0\ARM_GCC_541\Debug\CE210558_GPIO_Interrupt.a(CyBootAsmGnu.o)

.debug_abbrev   0x00000000      0xa6b
 *(.debug_abbrev)
 .debug_abbrev  0x00000000       0x42 .\CortexM0\ARM_GCC_541\Debug\main.o
 .debug_abbrev  0x00000042       0x5e .\CortexM0\ARM_GCC_541\Debug\InterruptRoutine.o
 .debug_abbrev  0x000000a0      0x145 .\CortexM0\ARM_GCC_541\Debug\cyfitter_cfg.o
 .debug_abbrev  0x000001e5       0x5d .\CortexM0\ARM_GCC_541\Debug\cymetadata.o
 .debug_abbrev  0x00000242      0x19c .\CortexM0\ARM_GCC_541\Debug\Cm0Start.o
 .debug_abbrev  0x000003de      0x1a7 .\CortexM0\ARM_GCC_541\Debug\CE210558_GPIO_Interrupt.a(CyLib.o)
 .debug_abbrev  0x00000585       0xaa .\CortexM0\ARM_GCC_541\Debug\CE210558_GPIO_Interrupt.a(Rows.o)
 .debug_abbrev  0x0000062f      0x16a .\CortexM0\ARM_GCC_541\Debug\CE210558_GPIO_Interrupt.a(isr_rows.o)
 .debug_abbrev  0x00000799      0x16a .\CortexM0\ARM_GCC_541\Debug\CE210558_GPIO_Interrupt.a(isr_columns.o)
 .debug_abbrev  0x00000903       0xaa .\CortexM0\ARM_GCC_541\Debug\CE210558_GPIO_Interrupt.a(Columns.o)
 .debug_abbrev  0x000009ad       0xaa .\CortexM0\ARM_GCC_541\Debug\CE210558_GPIO_Interrupt.a(Notification.o)
 .debug_abbrev  0x00000a57       0x14 .\CortexM0\ARM_GCC_541\Debug\CE210558_GPIO_Interrupt.a(CyBootAsmGnu.o)

.debug_line     0x00000000      0xec6
 *(.debug_line)
 .debug_line    0x00000000       0x3e .\CortexM0\ARM_GCC_541\Debug\main.o
 .debug_line    0x0000003e       0x75 .\CortexM0\ARM_GCC_541\Debug\InterruptRoutine.o
 .debug_line    0x000000b3      0x15f .\CortexM0\ARM_GCC_541\Debug\cyfitter_cfg.o
 .debug_line    0x00000212      0x141 .\CortexM0\ARM_GCC_541\Debug\cymetadata.o
 .debug_line    0x00000353      0x1c7 .\CortexM0\ARM_GCC_541\Debug\Cm0Start.o
 .debug_line    0x0000051a      0x45f .\CortexM0\ARM_GCC_541\Debug\CE210558_GPIO_Interrupt.a(CyLib.o)
 .debug_line    0x00000979       0xbf .\CortexM0\ARM_GCC_541\Debug\CE210558_GPIO_Interrupt.a(Rows.o)
 .debug_line    0x00000a38      0x147 .\CortexM0\ARM_GCC_541\Debug\CE210558_GPIO_Interrupt.a(isr_rows.o)
 .debug_line    0x00000b7f      0x15a .\CortexM0\ARM_GCC_541\Debug\CE210558_GPIO_Interrupt.a(isr_columns.o)
 .debug_line    0x00000cd9       0xc2 .\CortexM0\ARM_GCC_541\Debug\CE210558_GPIO_Interrupt.a(Columns.o)
 .debug_line    0x00000d9b       0xc4 .\CortexM0\ARM_GCC_541\Debug\CE210558_GPIO_Interrupt.a(Notification.o)
 .debug_line    0x00000e5f       0x67 .\CortexM0\ARM_GCC_541\Debug\CE210558_GPIO_Interrupt.a(CyBootAsmGnu.o)

.debug_frame    0x00000000      0xdac
 *(.debug_frame)
 .debug_frame   0x00000000       0x2c .\CortexM0\ARM_GCC_541\Debug\main.o
 .debug_frame   0x0000002c       0x34 .\CortexM0\ARM_GCC_541\Debug\InterruptRoutine.o
 .debug_frame   0x00000060       0xc8 .\CortexM0\ARM_GCC_541\Debug\cyfitter_cfg.o
 .debug_frame   0x00000128       0xc8 .\CortexM0\ARM_GCC_541\Debug\Cm0Start.o
 .debug_frame   0x000001f0      0x568 .\CortexM0\ARM_GCC_541\Debug\CE210558_GPIO_Interrupt.a(CyLib.o)
 .debug_frame   0x00000758       0xc8 .\CortexM0\ARM_GCC_541\Debug\CE210558_GPIO_Interrupt.a(Rows.o)
 .debug_frame   0x00000820      0x190 .\CortexM0\ARM_GCC_541\Debug\CE210558_GPIO_Interrupt.a(isr_rows.o)
 .debug_frame   0x000009b0      0x190 .\CortexM0\ARM_GCC_541\Debug\CE210558_GPIO_Interrupt.a(isr_columns.o)
 .debug_frame   0x00000b40       0xc8 .\CortexM0\ARM_GCC_541\Debug\CE210558_GPIO_Interrupt.a(Columns.o)
 .debug_frame   0x00000c08       0xc8 .\CortexM0\ARM_GCC_541\Debug\CE210558_GPIO_Interrupt.a(Notification.o)
 .debug_frame   0x00000cd0       0x20 c:/program files (x86)/cypress/psoc creator/4.2/psoc creator/import/gnu/arm/5.4.1/bin/../lib/gcc/arm-none-eabi/5.4.1/armv6-m\libgcc.a(_udivsi3.o)
 .debug_frame   0x00000cf0       0x20 c:/program files (x86)/cypress/psoc creator/4.2/psoc creator/import/gnu/arm/5.4.1/bin/../lib/gcc/arm-none-eabi/5.4.1/../../../../arm-none-eabi/lib/armv6-m\libg_nano.a(lib_a-errno.o)
 .debug_frame   0x00000d10       0x28 c:/program files (x86)/cypress/psoc creator/4.2/psoc creator/import/gnu/arm/5.4.1/bin/../lib/gcc/arm-none-eabi/5.4.1/../../../../arm-none-eabi/lib/armv6-m\libg_nano.a(lib_a-exit.o)
 .debug_frame   0x00000d38       0x2c c:/program files (x86)/cypress/psoc creator/4.2/psoc creator/import/gnu/arm/5.4.1/bin/../lib/gcc/arm-none-eabi/5.4.1/../../../../arm-none-eabi/lib/armv6-m\libg_nano.a(lib_a-init.o)
 .debug_frame   0x00000d64       0x28 c:/program files (x86)/cypress/psoc creator/4.2/psoc creator/import/gnu/arm/5.4.1/bin/../lib/gcc/arm-none-eabi/5.4.1/../../../../arm-none-eabi/lib/armv6-m\libg_nano.a(lib_a-memcpy-stub.o)
 .debug_frame   0x00000d8c       0x20 c:/program files (x86)/cypress/psoc creator/4.2/psoc creator/import/gnu/arm/5.4.1/bin/../lib/gcc/arm-none-eabi/5.4.1/../../../../arm-none-eabi/lib/armv6-m\libg_nano.a(lib_a-memset.o)

.debug_str      0x00000000      0xca9
 *(.debug_str)
 .debug_str     0x00000000      0x13a .\CortexM0\ARM_GCC_541\Debug\main.o
                                0x17a (size before relaxing)
 .debug_str     0x0000013a       0x35 .\CortexM0\ARM_GCC_541\Debug\InterruptRoutine.o
                                0x1a3 (size before relaxing)
 .debug_str     0x0000016f       0xb7 .\CortexM0\ARM_GCC_541\Debug\cyfitter_cfg.o
                                0x238 (size before relaxing)
 .debug_str     0x00000226       0x63 .\CortexM0\ARM_GCC_541\Debug\cymetadata.o
                                0x1bb (size before relaxing)
 .debug_str     0x00000289      0x126 .\CortexM0\ARM_GCC_541\Debug\Cm0Start.o
                                0x2c1 (size before relaxing)
 .debug_str     0x000003af      0x4ab .\CortexM0\ARM_GCC_541\Debug\CE210558_GPIO_Interrupt.a(CyLib.o)
                                0x64d (size before relaxing)
 .debug_str     0x0000085a       0xa9 .\CortexM0\ARM_GCC_541\Debug\CE210558_GPIO_Interrupt.a(Rows.o)
                                0x222 (size before relaxing)
 .debug_str     0x00000903      0x11f .\CortexM0\ARM_GCC_541\Debug\CE210558_GPIO_Interrupt.a(isr_rows.o)
                                0x2da (size before relaxing)
 .debug_str     0x00000a22      0x13a .\CortexM0\ARM_GCC_541\Debug\CE210558_GPIO_Interrupt.a(isr_columns.o)
                                0x304 (size before relaxing)
 .debug_str     0x00000b5c       0x95 .\CortexM0\ARM_GCC_541\Debug\CE210558_GPIO_Interrupt.a(Columns.o)
                                0x237 (size before relaxing)
 .debug_str     0x00000bf1       0xb8 .\CortexM0\ARM_GCC_541\Debug\CE210558_GPIO_Interrupt.a(Notification.o)
                                0x25a (size before relaxing)

.debug_loc
 *(.debug_loc)

.debug_macinfo
 *(.debug_macinfo)

.debug_ranges   0x00000000      0x380
 *(.debug_ranges)
 .debug_ranges  0x00000000       0x10 .\CortexM0\ARM_GCC_541\Debug\main.o
 .debug_ranges  0x00000010       0x10 .\CortexM0\ARM_GCC_541\Debug\InterruptRoutine.o
 .debug_ranges  0x00000020       0x38 .\CortexM0\ARM_GCC_541\Debug\cyfitter_cfg.o
 .debug_ranges  0x00000058       0x38 .\CortexM0\ARM_GCC_541\Debug\Cm0Start.o
 .debug_ranges  0x00000090      0x168 .\CortexM0\ARM_GCC_541\Debug\CE210558_GPIO_Interrupt.a(CyLib.o)
 .debug_ranges  0x000001f8       0x38 .\CortexM0\ARM_GCC_541\Debug\CE210558_GPIO_Interrupt.a(Rows.o)
 .debug_ranges  0x00000230       0x70 .\CortexM0\ARM_GCC_541\Debug\CE210558_GPIO_Interrupt.a(isr_rows.o)
 .debug_ranges  0x000002a0       0x70 .\CortexM0\ARM_GCC_541\Debug\CE210558_GPIO_Interrupt.a(isr_columns.o)
 .debug_ranges  0x00000310       0x38 .\CortexM0\ARM_GCC_541\Debug\CE210558_GPIO_Interrupt.a(Columns.o)
 .debug_ranges  0x00000348       0x38 .\CortexM0\ARM_GCC_541\Debug\CE210558_GPIO_Interrupt.a(Notification.o)

.comment        0x00000000       0x6e
 .comment       0x00000000       0x6e .\CortexM0\ARM_GCC_541\Debug\main.o
                                 0x6f (size before relaxing)
 .comment       0x0000006e       0x6f .\CortexM0\ARM_GCC_541\Debug\InterruptRoutine.o
 .comment       0x0000006e       0x6f .\CortexM0\ARM_GCC_541\Debug\cyfitter_cfg.o
 .comment       0x0000006e       0x6f .\CortexM0\ARM_GCC_541\Debug\cymetadata.o
 .comment       0x0000006e       0x6f .\CortexM0\ARM_GCC_541\Debug\Cm0Start.o
 .comment       0x0000006e       0x6f .\CortexM0\ARM_GCC_541\Debug\CE210558_GPIO_Interrupt.a(CyLib.o)
 .comment       0x0000006e       0x6f .\CortexM0\ARM_GCC_541\Debug\CE210558_GPIO_Interrupt.a(Rows.o)
 .comment       0x0000006e       0x6f .\CortexM0\ARM_GCC_541\Debug\CE210558_GPIO_Interrupt.a(isr_rows.o)
 .comment       0x0000006e       0x6f .\CortexM0\ARM_GCC_541\Debug\CE210558_GPIO_Interrupt.a(isr_columns.o)
 .comment       0x0000006e       0x6f .\CortexM0\ARM_GCC_541\Debug\CE210558_GPIO_Interrupt.a(Columns.o)
 .comment       0x0000006e       0x6f .\CortexM0\ARM_GCC_541\Debug\CE210558_GPIO_Interrupt.a(Notification.o)

.debug_weaknames
 *(.debug_weaknames)

.debug_funcnames
 *(.debug_funcnames)

.debug_typenames
 *(.debug_typenames)

.debug_varnames
 *(.debug_varnames)

.note.gnu.arm.ident
 *(.note.gnu.arm.ident)

.ARM.attributes
                0x00000000       0x28
 *(.ARM.attributes)
 .ARM.attributes
                0x00000000       0x1e c:/program files (x86)/cypress/psoc creator/4.2/psoc creator/import/gnu/arm/5.4.1/bin/../lib/gcc/arm-none-eabi/5.4.1/armv6-m/crti.o
 .ARM.attributes
                0x0000001e       0x2c c:/program files (x86)/cypress/psoc creator/4.2/psoc creator/import/gnu/arm/5.4.1/bin/../lib/gcc/arm-none-eabi/5.4.1/armv6-m/crtbegin.o
 .ARM.attributes
                0x0000004a       0x1b c:/program files (x86)/cypress/psoc creator/4.2/psoc creator/import/gnu/arm/5.4.1/bin/../lib/gcc/arm-none-eabi/5.4.1/../../../../arm-none-eabi/lib/armv6-m/crt0.o
 .ARM.attributes
                0x00000065       0x31 .\CortexM0\ARM_GCC_541\Debug\main.o
 .ARM.attributes
                0x00000096       0x31 .\CortexM0\ARM_GCC_541\Debug\InterruptRoutine.o
 .ARM.attributes
                0x000000c7       0x31 .\CortexM0\ARM_GCC_541\Debug\cyfitter_cfg.o
 .ARM.attributes
                0x000000f8       0x31 .\CortexM0\ARM_GCC_541\Debug\cymetadata.o
 .ARM.attributes
                0x00000129       0x31 .\CortexM0\ARM_GCC_541\Debug\Cm0Start.o
 .ARM.attributes
                0x0000015a       0x31 .\CortexM0\ARM_GCC_541\Debug\CE210558_GPIO_Interrupt.a(CyLib.o)
 .ARM.attributes
                0x0000018b       0x31 .\CortexM0\ARM_GCC_541\Debug\CE210558_GPIO_Interrupt.a(Rows.o)
 .ARM.attributes
                0x000001bc       0x31 .\CortexM0\ARM_GCC_541\Debug\CE210558_GPIO_Interrupt.a(isr_rows.o)
 .ARM.attributes
                0x000001ed       0x31 .\CortexM0\ARM_GCC_541\Debug\CE210558_GPIO_Interrupt.a(isr_columns.o)
 .ARM.attributes
                0x0000021e       0x31 .\CortexM0\ARM_GCC_541\Debug\CE210558_GPIO_Interrupt.a(Columns.o)
 .ARM.attributes
                0x0000024f       0x31 .\CortexM0\ARM_GCC_541\Debug\CE210558_GPIO_Interrupt.a(Notification.o)
 .ARM.attributes
                0x00000280       0x21 .\CortexM0\ARM_GCC_541\Debug\CE210558_GPIO_Interrupt.a(CyBootAsmGnu.o)
 .ARM.attributes
                0x000002a1       0x1e c:/program files (x86)/cypress/psoc creator/4.2/psoc creator/import/gnu/arm/5.4.1/bin/../lib/gcc/arm-none-eabi/5.4.1/armv6-m\libgcc.a(_udivsi3.o)
 .ARM.attributes
                0x000002bf       0x1e c:/program files (x86)/cypress/psoc creator/4.2/psoc creator/import/gnu/arm/5.4.1/bin/../lib/gcc/arm-none-eabi/5.4.1/armv6-m\libgcc.a(_dvmd_tls.o)
 .ARM.attributes
                0x000002dd       0x2c c:/program files (x86)/cypress/psoc creator/4.2/psoc creator/import/gnu/arm/5.4.1/bin/../lib/gcc/arm-none-eabi/5.4.1/../../../../arm-none-eabi/lib/armv6-m\libg_nano.a(lib_a-errno.o)
 .ARM.attributes
                0x00000309       0x2c c:/program files (x86)/cypress/psoc creator/4.2/psoc creator/import/gnu/arm/5.4.1/bin/../lib/gcc/arm-none-eabi/5.4.1/../../../../arm-none-eabi/lib/armv6-m\libg_nano.a(lib_a-exit.o)
 .ARM.attributes
                0x00000335       0x2c c:/program files (x86)/cypress/psoc creator/4.2/psoc creator/import/gnu/arm/5.4.1/bin/../lib/gcc/arm-none-eabi/5.4.1/../../../../arm-none-eabi/lib/armv6-m\libg_nano.a(lib_a-impure.o)
 .ARM.attributes
                0x00000361       0x2c c:/program files (x86)/cypress/psoc creator/4.2/psoc creator/import/gnu/arm/5.4.1/bin/../lib/gcc/arm-none-eabi/5.4.1/../../../../arm-none-eabi/lib/armv6-m\libg_nano.a(lib_a-init.o)
 .ARM.attributes
                0x0000038d       0x2c c:/program files (x86)/cypress/psoc creator/4.2/psoc creator/import/gnu/arm/5.4.1/bin/../lib/gcc/arm-none-eabi/5.4.1/../../../../arm-none-eabi/lib/armv6-m\libg_nano.a(lib_a-memcpy-stub.o)
 .ARM.attributes
                0x000003b9       0x2c c:/program files (x86)/cypress/psoc creator/4.2/psoc creator/import/gnu/arm/5.4.1/bin/../lib/gcc/arm-none-eabi/5.4.1/../../../../arm-none-eabi/lib/armv6-m\libg_nano.a(lib_a-memset.o)
 .ARM.attributes
                0x000003e5       0x2c c:/program files (x86)/cypress/psoc creator/4.2/psoc creator/import/gnu/arm/5.4.1/bin/../lib/gcc/arm-none-eabi/5.4.1/armv6-m/crtend.o
 .ARM.attributes
                0x00000411       0x1e c:/program files (x86)/cypress/psoc creator/4.2/psoc creator/import/gnu/arm/5.4.1/bin/../lib/gcc/arm-none-eabi/5.4.1/armv6-m/crtn.o

/DISCARD/
 *(.note.GNU-stack)
OUTPUT(C:\Users\fabis\Desktop\CE210558_GPIO_Interrupt.cydsn\CortexM0\ARM_GCC_541\Debug\CE210558_GPIO_Interrupt.elf elf32-littlearm)
