ARM GAS  C:\Users\fabis\AppData\Local\Temp\ccoXfuuK.s 			page 1


   1              		.syntax unified
   2              		.cpu cortex-m0
   3              		.fpu softvfp
   4              		.eabi_attribute 20, 1
   5              		.eabi_attribute 21, 1
   6              		.eabi_attribute 23, 3
   7              		.eabi_attribute 24, 1
   8              		.eabi_attribute 25, 1
   9              		.eabi_attribute 26, 1
  10              		.eabi_attribute 30, 6
  11              		.eabi_attribute 34, 0
  12              		.eabi_attribute 18, 4
  13              		.thumb
  14              		.syntax unified
  15              		.file	"main.c"
  16              		.text
  17              	.Ltext0:
  18              		.cfi_sections	.debug_frame
  19              		.section	.text.main,"ax",%progbits
  20              		.align	2
  21              		.global	main
  22              		.code	16
  23              		.thumb_func
  24              		.type	main, %function
  25              	main:
  26              	.LFB34:
  27              		.file 1 "main.c"
   1:main.c        **** /*****************************************************************************
   2:main.c        **** * File Name: main.c
   3:main.c        **** *
   4:main.c        **** * Version: 1.0
   5:main.c        **** *
   6:main.c        **** * Description:
   7:main.c        **** * In this project, custom ISR is created for the GPIO interrupt. The file -  
   8:main.c        **** * "InterruptRoutine.c" contains user ISR for the interrupt. Pin P0[0] is  
   9:main.c        **** * configured with rising edge interrupt and P0[1] is configured with falling 
  10:main.c        **** * edge interrupt. In the ISR, Logic 0  is written at LED pin (port P0[2]) on 
  11:main.c        **** * the rising edge interrupt and Logic 1 is written on falling edge interrupt. 
  12:main.c        **** * For testing purposes, both the interrupt pins - P0[0] and P0[1] can be shorted 
  13:main.c        **** * externally and driven with the same signal.
  14:main.c        **** *
  15:main.c        **** * Related Document: Code example CE210558
  16:main.c        **** *
  17:main.c        **** * Hardware Dependency: See code example CE210558
  18:main.c        **** *
  19:main.c        **** ******************************************************************************
  20:main.c        **** * Copyright (2015), Cypress Semiconductor Corporation.
  21:main.c        **** ******************************************************************************
  22:main.c        **** * This software is owned by Cypress Semiconductor Corporation (Cypress) and is
  23:main.c        **** * protected by and subject to worldwide patent protection (United States and
  24:main.c        **** * foreign), United States copyright laws and international treaty provisions.
  25:main.c        **** * Cypress hereby grants to licensee a personal, non-exclusive, non-transferable
  26:main.c        **** * license to copy, use, modify, create derivative works of, and compile the
  27:main.c        **** * Cypress Source Code and derivative works for the sole purpose of creating
  28:main.c        **** * custom software in support of licensee product to be used only in conjunction
  29:main.c        **** * with a Cypress integrated circuit as specified in the applicable agreement.
  30:main.c        **** * Any reproduction, modification, translation, compilation, or representation of
ARM GAS  C:\Users\fabis\AppData\Local\Temp\ccoXfuuK.s 			page 2


  31:main.c        **** * this software except as specified above is prohibited without the express
  32:main.c        **** * written permission of Cypress.
  33:main.c        **** *
  34:main.c        **** * Disclaimer: CYPRESS MAKES NO WARRANTY OF ANY KIND, EXPRESS OR IMPLIED, WITH
  35:main.c        **** * REGARD TO THIS MATERIAL, INCLUDING, BUT NOT LIMITED TO, THE IMPLIED
  36:main.c        **** * WARRANTIES OF MERCHANTABILITY AND FITNESS FOR A PARTICULAR PURPOSE.
  37:main.c        **** * Cypress reserves the right to make changes without further notice to the
  38:main.c        **** * materials described herein. Cypress does not assume any liability arising out
  39:main.c        **** * of the application or use of any product or circuit described herein. Cypress
  40:main.c        **** * does not authorize its products for use as critical components in life-support
  41:main.c        **** * systems where a malfunction or failure may reasonably be expected to result in
  42:main.c        **** * significant injury to the user. The inclusion of Cypress' product in a life-
  43:main.c        **** * support systems application implies that the manufacturer assumes all risk of
  44:main.c        **** * such use and in doing so indemnifies Cypress against all charges. Use may be
  45:main.c        **** * limited by and subject to the applicable Cypress software license agreement.
  46:main.c        **** *****************************************************************************/
  47:main.c        **** 
  48:main.c        **** #include <device.h>
  49:main.c        **** #include "InterruptRoutine.h"
  50:main.c        **** 
  51:main.c        **** CY_ISR_PROTO(GPIO_ISR);
  52:main.c        **** 
  53:main.c        **** int main()
  54:main.c        **** {	
  28              		.loc 1 54 0
  29              		.cfi_startproc
  30              		@ args = 0, pretend = 0, frame = 0
  31              		@ frame_needed = 1, uses_anonymous_args = 0
  32 0000 80B5     		push	{r7, lr}
  33              		.cfi_def_cfa_offset 8
  34              		.cfi_offset 7, -8
  35              		.cfi_offset 14, -4
  36 0002 00AF     		add	r7, sp, #0
  37              		.cfi_def_cfa_register 7
  55:main.c        ****     /* Initialize the custom defined ISR */
  56:main.c        **** 	/* GPIO_ISR is written in InterruptRoutine.c file */
  57:main.c        ****     //isr_Pins_StartEx(GPIO_ISR);
  58:main.c        ****     isr_columns_StartEx(GPIO_ISR);
  38              		.loc 1 58 0
  39 0004 044B     		ldr	r3, .L3
  40 0006 1800     		movs	r0, r3
  41 0008 FFF7FEFF 		bl	isr_columns_StartEx
  59:main.c        ****     isr_rows_StartEx(GPIO_ISR);
  42              		.loc 1 59 0
  43 000c 024B     		ldr	r3, .L3
  44 000e 1800     		movs	r0, r3
  45 0010 FFF7FEFF 		bl	isr_rows_StartEx
  60:main.c        **** 
  61:main.c        **** 	/* Enable global interrupt */
  62:main.c        ****     CyGlobalIntEnable;
  46              		.loc 1 62 0
  47              		.syntax divided
  48              	@ 62 "main.c" 1
  49 0014 62B6     		CPSIE   i
  50              	@ 0 "" 2
  51              		.thumb
  52              		.syntax unified
ARM GAS  C:\Users\fabis\AppData\Local\Temp\ccoXfuuK.s 			page 3


  53              	.L2:
  63:main.c        **** 
  64:main.c        ****     for(;;)
  65:main.c        ****     {
  66:main.c        **** 		/* wait here */
  67:main.c        ****     }
  54              		.loc 1 67 0 discriminator 1
  55 0016 FEE7     		b	.L2
  56              	.L4:
  57              		.align	2
  58              	.L3:
  59 0018 00000000 		.word	GPIO_ISR
  60              		.cfi_endproc
  61              	.LFE34:
  62              		.size	main, .-main
  63              		.text
  64              	.Letext0:
  65              		.section	.debug_info,"",%progbits
  66              	.Ldebug_info0:
  67 0000 A0000000 		.4byte	0xa0
  68 0004 0400     		.2byte	0x4
  69 0006 00000000 		.4byte	.Ldebug_abbrev0
  70 000a 04       		.byte	0x4
  71 000b 01       		.uleb128 0x1
  72 000c E3000000 		.4byte	.LASF14
  73 0010 0C       		.byte	0xc
  74 0011 1B000000 		.4byte	.LASF15
  75 0015 56000000 		.4byte	.LASF16
  76 0019 00000000 		.4byte	.Ldebug_ranges0+0
  77 001d 00000000 		.4byte	0
  78 0021 00000000 		.4byte	.Ldebug_line0
  79 0025 02       		.uleb128 0x2
  80 0026 01       		.byte	0x1
  81 0027 06       		.byte	0x6
  82 0028 C1000000 		.4byte	.LASF0
  83 002c 02       		.uleb128 0x2
  84 002d 01       		.byte	0x1
  85 002e 08       		.byte	0x8
  86 002f 8B000000 		.4byte	.LASF1
  87 0033 02       		.uleb128 0x2
  88 0034 02       		.byte	0x2
  89 0035 05       		.byte	0x5
  90 0036 D9000000 		.4byte	.LASF2
  91 003a 02       		.uleb128 0x2
  92 003b 02       		.byte	0x2
  93 003c 07       		.byte	0x7
  94 003d AE000000 		.4byte	.LASF3
  95 0041 02       		.uleb128 0x2
  96 0042 04       		.byte	0x4
  97 0043 05       		.byte	0x5
  98 0044 9E000000 		.4byte	.LASF4
  99 0048 02       		.uleb128 0x2
 100 0049 04       		.byte	0x4
 101 004a 07       		.byte	0x7
 102 004b 27000000 		.4byte	.LASF5
 103 004f 02       		.uleb128 0x2
 104 0050 08       		.byte	0x8
ARM GAS  C:\Users\fabis\AppData\Local\Temp\ccoXfuuK.s 			page 4


 105 0051 05       		.byte	0x5
 106 0052 00000000 		.4byte	.LASF6
 107 0056 02       		.uleb128 0x2
 108 0057 08       		.byte	0x8
 109 0058 07       		.byte	0x7
 110 0059 39000000 		.4byte	.LASF7
 111 005d 03       		.uleb128 0x3
 112 005e 04       		.byte	0x4
 113 005f 05       		.byte	0x5
 114 0060 696E7400 		.ascii	"int\000"
 115 0064 02       		.uleb128 0x2
 116 0065 04       		.byte	0x4
 117 0066 07       		.byte	0x7
 118 0067 0E000000 		.4byte	.LASF8
 119 006b 02       		.uleb128 0x2
 120 006c 04       		.byte	0x4
 121 006d 04       		.byte	0x4
 122 006e 50000000 		.4byte	.LASF9
 123 0072 02       		.uleb128 0x2
 124 0073 08       		.byte	0x8
 125 0074 04       		.byte	0x4
 126 0075 A7000000 		.4byte	.LASF10
 127 0079 02       		.uleb128 0x2
 128 007a 01       		.byte	0x1
 129 007b 08       		.byte	0x8
 130 007c 99000000 		.4byte	.LASF11
 131 0080 02       		.uleb128 0x2
 132 0081 04       		.byte	0x4
 133 0082 07       		.byte	0x7
 134 0083 71010000 		.4byte	.LASF12
 135 0087 02       		.uleb128 0x2
 136 0088 08       		.byte	0x8
 137 0089 04       		.byte	0x4
 138 008a CD000000 		.4byte	.LASF13
 139 008e 04       		.uleb128 0x4
 140 008f 22000000 		.4byte	.LASF17
 141 0093 01       		.byte	0x1
 142 0094 35       		.byte	0x35
 143 0095 5D000000 		.4byte	0x5d
 144 0099 00000000 		.4byte	.LFB34
 145 009d 1C000000 		.4byte	.LFE34-.LFB34
 146 00a1 01       		.uleb128 0x1
 147 00a2 9C       		.byte	0x9c
 148 00a3 00       		.byte	0
 149              		.section	.debug_abbrev,"",%progbits
 150              	.Ldebug_abbrev0:
 151 0000 01       		.uleb128 0x1
 152 0001 11       		.uleb128 0x11
 153 0002 01       		.byte	0x1
 154 0003 25       		.uleb128 0x25
 155 0004 0E       		.uleb128 0xe
 156 0005 13       		.uleb128 0x13
 157 0006 0B       		.uleb128 0xb
 158 0007 03       		.uleb128 0x3
 159 0008 0E       		.uleb128 0xe
 160 0009 1B       		.uleb128 0x1b
 161 000a 0E       		.uleb128 0xe
ARM GAS  C:\Users\fabis\AppData\Local\Temp\ccoXfuuK.s 			page 5


 162 000b 55       		.uleb128 0x55
 163 000c 17       		.uleb128 0x17
 164 000d 11       		.uleb128 0x11
 165 000e 01       		.uleb128 0x1
 166 000f 10       		.uleb128 0x10
 167 0010 17       		.uleb128 0x17
 168 0011 00       		.byte	0
 169 0012 00       		.byte	0
 170 0013 02       		.uleb128 0x2
 171 0014 24       		.uleb128 0x24
 172 0015 00       		.byte	0
 173 0016 0B       		.uleb128 0xb
 174 0017 0B       		.uleb128 0xb
 175 0018 3E       		.uleb128 0x3e
 176 0019 0B       		.uleb128 0xb
 177 001a 03       		.uleb128 0x3
 178 001b 0E       		.uleb128 0xe
 179 001c 00       		.byte	0
 180 001d 00       		.byte	0
 181 001e 03       		.uleb128 0x3
 182 001f 24       		.uleb128 0x24
 183 0020 00       		.byte	0
 184 0021 0B       		.uleb128 0xb
 185 0022 0B       		.uleb128 0xb
 186 0023 3E       		.uleb128 0x3e
 187 0024 0B       		.uleb128 0xb
 188 0025 03       		.uleb128 0x3
 189 0026 08       		.uleb128 0x8
 190 0027 00       		.byte	0
 191 0028 00       		.byte	0
 192 0029 04       		.uleb128 0x4
 193 002a 2E       		.uleb128 0x2e
 194 002b 00       		.byte	0
 195 002c 3F       		.uleb128 0x3f
 196 002d 19       		.uleb128 0x19
 197 002e 03       		.uleb128 0x3
 198 002f 0E       		.uleb128 0xe
 199 0030 3A       		.uleb128 0x3a
 200 0031 0B       		.uleb128 0xb
 201 0032 3B       		.uleb128 0x3b
 202 0033 0B       		.uleb128 0xb
 203 0034 49       		.uleb128 0x49
 204 0035 13       		.uleb128 0x13
 205 0036 11       		.uleb128 0x11
 206 0037 01       		.uleb128 0x1
 207 0038 12       		.uleb128 0x12
 208 0039 06       		.uleb128 0x6
 209 003a 40       		.uleb128 0x40
 210 003b 18       		.uleb128 0x18
 211 003c 9642     		.uleb128 0x2116
 212 003e 19       		.uleb128 0x19
 213 003f 00       		.byte	0
 214 0040 00       		.byte	0
 215 0041 00       		.byte	0
 216              		.section	.debug_aranges,"",%progbits
 217 0000 1C000000 		.4byte	0x1c
 218 0004 0200     		.2byte	0x2
ARM GAS  C:\Users\fabis\AppData\Local\Temp\ccoXfuuK.s 			page 6


 219 0006 00000000 		.4byte	.Ldebug_info0
 220 000a 04       		.byte	0x4
 221 000b 00       		.byte	0
 222 000c 0000     		.2byte	0
 223 000e 0000     		.2byte	0
 224 0010 00000000 		.4byte	.LFB34
 225 0014 1C000000 		.4byte	.LFE34-.LFB34
 226 0018 00000000 		.4byte	0
 227 001c 00000000 		.4byte	0
 228              		.section	.debug_ranges,"",%progbits
 229              	.Ldebug_ranges0:
 230 0000 00000000 		.4byte	.LFB34
 231 0004 1C000000 		.4byte	.LFE34
 232 0008 00000000 		.4byte	0
 233 000c 00000000 		.4byte	0
 234              		.section	.debug_line,"",%progbits
 235              	.Ldebug_line0:
 236 0000 3A000000 		.section	.debug_str,"MS",%progbits,1
 236      02001D00 
 236      00000201 
 236      FB0E0D00 
 236      01010101 
 237              	.LASF6:
 238 0000 6C6F6E67 		.ascii	"long long int\000"
 238      206C6F6E 
 238      6720696E 
 238      7400
 239              	.LASF8:
 240 000e 756E7369 		.ascii	"unsigned int\000"
 240      676E6564 
 240      20696E74 
 240      00
 241              	.LASF15:
 242 001b 6D61696E 		.ascii	"main.c\000"
 242      2E6300
 243              	.LASF17:
 244 0022 6D61696E 		.ascii	"main\000"
 244      00
 245              	.LASF5:
 246 0027 6C6F6E67 		.ascii	"long unsigned int\000"
 246      20756E73 
 246      69676E65 
 246      6420696E 
 246      7400
 247              	.LASF7:
 248 0039 6C6F6E67 		.ascii	"long long unsigned int\000"
 248      206C6F6E 
 248      6720756E 
 248      7369676E 
 248      65642069 
 249              	.LASF9:
 250 0050 666C6F61 		.ascii	"float\000"
 250      7400
 251              	.LASF16:
 252 0056 433A5C55 		.ascii	"C:\\Users\\fabis\\Desktop\\CE210558_GPIO_Interrupt."
 252      73657273 
 252      5C666162 
ARM GAS  C:\Users\fabis\AppData\Local\Temp\ccoXfuuK.s 			page 7


 252      69735C44 
 252      65736B74 
 253 0085 63796473 		.ascii	"cydsn\000"
 253      6E00
 254              	.LASF1:
 255 008b 756E7369 		.ascii	"unsigned char\000"
 255      676E6564 
 255      20636861 
 255      7200
 256              	.LASF11:
 257 0099 63686172 		.ascii	"char\000"
 257      00
 258              	.LASF4:
 259 009e 6C6F6E67 		.ascii	"long int\000"
 259      20696E74 
 259      00
 260              	.LASF10:
 261 00a7 646F7562 		.ascii	"double\000"
 261      6C6500
 262              	.LASF3:
 263 00ae 73686F72 		.ascii	"short unsigned int\000"
 263      7420756E 
 263      7369676E 
 263      65642069 
 263      6E7400
 264              	.LASF0:
 265 00c1 7369676E 		.ascii	"signed char\000"
 265      65642063 
 265      68617200 
 266              	.LASF13:
 267 00cd 6C6F6E67 		.ascii	"long double\000"
 267      20646F75 
 267      626C6500 
 268              	.LASF2:
 269 00d9 73686F72 		.ascii	"short int\000"
 269      7420696E 
 269      7400
 270              	.LASF14:
 271 00e3 474E5520 		.ascii	"GNU C11 5.4.1 20160609 (release) [ARM/embedded-5-br"
 271      43313120 
 271      352E342E 
 271      31203230 
 271      31363036 
 272 0116 616E6368 		.ascii	"anch revision 237715] -mcpu=cortex-m0 -mthumb -g -O"
 272      20726576 
 272      6973696F 
 272      6E203233 
 272      37373135 
 273 0149 30202D66 		.ascii	"0 -ffunction-sections -ffat-lto-objects\000"
 273      66756E63 
 273      74696F6E 
 273      2D736563 
 273      74696F6E 
 274              	.LASF12:
 275 0171 73697A65 		.ascii	"sizetype\000"
 275      74797065 
 275      00
ARM GAS  C:\Users\fabis\AppData\Local\Temp\ccoXfuuK.s 			page 8


 276              		.ident	"GCC: (GNU Tools for ARM Embedded Processors) 5.4.1 20160609 (release) [ARM/embedded-5-bran
